merged_log_run_id=20260215_120956
[swarm_manager.log] 2026-02-15 12:09:56,342 - SwarmManager - INFO - Swarm monitoring started
[system_20260215_120956.log] 2026-02-15 12:09:56,342 - Main - INFO - Swarm created with 5 drones
[system_20260215_120956.log] 2026-02-15 12:09:56,342 - Main - INFO - Leader elected: Drone 1
[system_20260215_120956.log] 2026-02-15 12:09:56,342 - Main - INFO - Starting GUI...
[swarm_manager.log] 2026-02-15 12:10:14,382 - SwarmManager - WARNING - Failed to append runtime CSV: [Errno 13] Permission denied: 'performance_graphs\\runtime_latency_vs_drones_20260215_120956.csv'
[ml_system.log] 2026-02-15 12:10:16,550 - PhysicalMLTrainer_Drone4 - INFO - Physical ML model trained drone=4 samples=501 degree=2 alpha=0.0 val_mse=0.000000
[ml_system.log] 2026-02-15 12:10:16,550 - PhysicalMLTrainer_Drone2 - INFO - Physical ML model trained drone=2 samples=501 degree=2 alpha=0.0 val_mse=0.000000
[ml_system.log] 2026-02-15 12:10:16,552 - PhysicalMLTrainer_Drone1 - INFO - Physical ML model trained drone=1 samples=451 degree=2 alpha=0.0 val_mse=0.000000
[ml_system.log] 2026-02-15 12:10:16,553 - PhysicalMLTrainer_Drone3 - INFO - Physical ML model trained drone=3 samples=501 degree=2 alpha=0.0 val_mse=0.000000
[ml_system.log] 2026-02-15 12:10:16,553 - PhysicalMLTrainer_Drone5 - INFO - Physical ML model trained drone=5 samples=501 degree=2 alpha=0.0 val_mse=0.000000
[system_20260215_120956.log] 2026-02-15 12:10:16,550 - PhysicalMLTrainer_Drone2 - INFO - Physical ML model trained drone=2 samples=501 degree=2 alpha=0.0 val_mse=0.000000
[system_20260215_120956.log] 2026-02-15 12:10:16,550 - PhysicalMLTrainer_Drone4 - INFO - Physical ML model trained drone=4 samples=501 degree=2 alpha=0.0 val_mse=0.000000
[system_20260215_120956.log] 2026-02-15 12:10:16,552 - PhysicalMLTrainer_Drone1 - INFO - Physical ML model trained drone=1 samples=451 degree=2 alpha=0.0 val_mse=0.000000
[system_20260215_120956.log] 2026-02-15 12:10:16,553 - PhysicalMLTrainer_Drone3 - INFO - Physical ML model trained drone=3 samples=501 degree=2 alpha=0.0 val_mse=0.000000
[system_20260215_120956.log] 2026-02-15 12:10:16,553 - PhysicalMLTrainer_Drone5 - INFO - Physical ML model trained drone=5 samples=501 degree=2 alpha=0.0 val_mse=0.000000
[swarm_manager.log] 2026-02-15 12:10:24,123 - SwarmManager - INFO - Leader-follow enabled=False
[swarm_manager.log] 2026-02-15 12:10:24,125 - SwarmManager - INFO - Leader command received: TAKEOFF by drone=1
[system_20260215_120956.log] 2026-02-15 12:10:23,374 - Drone_1 - INFO - Drone 1: Armed
[system_20260215_120956.log] 2026-02-15 12:10:23,376 - Drone_2 - INFO - Drone 2: Armed
[system_20260215_120956.log] 2026-02-15 12:10:23,377 - Drone_3 - INFO - Drone 3: Armed
[system_20260215_120956.log] 2026-02-15 12:10:23,378 - Drone_4 - INFO - Drone 4: Armed
[system_20260215_120956.log] 2026-02-15 12:10:23,379 - Drone_5 - INFO - Drone 5: Armed
[system_20260215_120956.log] 2026-02-15 12:10:24,125 - Drone_1 - INFO - Drone 1: Taking off
[system_20260215_120956.log] 2026-02-15 12:10:24,126 - DroneStateManager - INFO - Drone 1 state transition IDLE -> TAKEOFF
[system_20260215_120956.log] 2026-02-15 12:10:24,126 - Drone_2 - INFO - Drone 2: Taking off
[system_20260215_120956.log] 2026-02-15 12:10:24,126 - DroneStateManager - INFO - Drone 2 state transition IDLE -> TAKEOFF
[system_20260215_120956.log] 2026-02-15 12:10:24,127 - Drone_3 - INFO - Drone 3: Taking off
[system_20260215_120956.log] 2026-02-15 12:10:24,127 - DroneStateManager - INFO - Drone 3 state transition IDLE -> TAKEOFF
[system_20260215_120956.log] 2026-02-15 12:10:24,127 - Drone_4 - INFO - Drone 4: Taking off
[system_20260215_120956.log] 2026-02-15 12:10:24,128 - DroneStateManager - INFO - Drone 4 state transition IDLE -> TAKEOFF
[system_20260215_120956.log] 2026-02-15 12:10:24,128 - Drone_5 - INFO - Drone 5: Taking off
[system_20260215_120956.log] 2026-02-15 12:10:24,128 - DroneStateManager - INFO - Drone 5 state transition IDLE -> TAKEOFF
[swarm_manager.log] 2026-02-15 12:10:24,961 - SwarmManager - INFO - Leader command received: MOVE_TO_TARGET by drone=1
[system_20260215_120956.log] 2026-02-15 12:10:25,408 - DroneStateManager - INFO - Drone 2 state transition TAKEOFF -> WAITING_FOR_COMMAND
[system_20260215_120956.log] 2026-02-15 12:10:25,408 - DroneStateManager - INFO - Drone 3 state transition TAKEOFF -> WAITING_FOR_COMMAND
[system_20260215_120956.log] 2026-02-15 12:10:25,408 - DroneStateManager - INFO - Drone 4 state transition TAKEOFF -> WAITING_FOR_COMMAND
[system_20260215_120956.log] 2026-02-15 12:10:25,409 - DroneStateManager - INFO - Drone 5 state transition TAKEOFF -> WAITING_FOR_COMMAND
[swarm_manager.log] 2026-02-15 12:10:27,210 - SwarmManager - INFO - Leader command received: MOVE_TO_TARGET by drone=1
[system_20260215_120956.log] 2026-02-15 12:10:27,211 - Drone_1 - INFO - Drone 1: Flying to {'x': 2585.0, 'y': 2580.0, 'z': 60.0}
[system_20260215_120956.log] 2026-02-15 12:10:27,211 - DroneStateManager - INFO - Drone 1 state transition TAKEOFF -> MOVING_TO_TARGET
[system_20260215_120956.log] 2026-02-15 12:10:27,212 - Drone_2 - INFO - Drone 2: Flying to {'x': 2553.9057647468726, 'y': 2622.797543233282, 'z': 60.0}
[system_20260215_120956.log] 2026-02-15 12:10:27,212 - DroneStateManager - INFO - Drone 2 state transition WAITING_FOR_COMMAND -> MOVING_TO_TARGET
[system_20260215_120956.log] 2026-02-15 12:10:27,212 - Drone_3 - INFO - Drone 3: Flying to {'x': 2503.5942352531274, 'y': 2606.450336353161, 'z': 60.0}
[system_20260215_120956.log] 2026-02-15 12:10:27,213 - DroneStateManager - INFO - Drone 3 state transition WAITING_FOR_COMMAND -> MOVING_TO_TARGET
[system_20260215_120956.log] 2026-02-15 12:10:27,213 - Drone_4 - INFO - Drone 4: Flying to {'x': 2503.5942352531274, 'y': 2553.549663646839, 'z': 60.0}
[system_20260215_120956.log] 2026-02-15 12:10:27,213 - DroneStateManager - INFO - Drone 4 state transition WAITING_FOR_COMMAND -> MOVING_TO_TARGET
[system_20260215_120956.log] 2026-02-15 12:10:27,213 - Drone_5 - INFO - Drone 5: Flying to {'x': 2553.9057647468726, 'y': 2537.202456766718, 'z': 60.0}
[system_20260215_120956.log] 2026-02-15 12:10:27,213 - DroneStateManager - INFO - Drone 5 state transition WAITING_FOR_COMMAND -> MOVING_TO_TARGET
[ml_system.log] 2026-02-15 12:10:36,692 - PhysicalMLTrainer_Drone5 - INFO - Physical ML model trained drone=5 samples=701 degree=2 alpha=0.0 val_mse=0.207966
[ml_system.log] 2026-02-15 12:10:36,693 - PhysicalMLTrainer_Drone3 - INFO - Physical ML model trained drone=3 samples=701 degree=2 alpha=0.0 val_mse=0.222531
[ml_system.log] 2026-02-15 12:10:36,693 - PhysicalMLTrainer_Drone2 - INFO - Physical ML model trained drone=2 samples=701 degree=2 alpha=0.0 val_mse=0.234729
[ml_system.log] 2026-02-15 12:10:36,694 - PhysicalMLTrainer_Drone4 - INFO - Physical ML model trained drone=4 samples=701 degree=2 alpha=0.0 val_mse=0.231734
[ml_system.log] 2026-02-15 12:10:36,694 - PhysicalMLTrainer_Drone1 - INFO - Physical ML model trained drone=1 samples=651 degree=2 alpha=0.0 val_mse=0.243069
[system_20260215_120956.log] 2026-02-15 12:10:36,692 - PhysicalMLTrainer_Drone5 - INFO - Physical ML model trained drone=5 samples=701 degree=2 alpha=0.0 val_mse=0.207966
[system_20260215_120956.log] 2026-02-15 12:10:36,693 - PhysicalMLTrainer_Drone3 - INFO - Physical ML model trained drone=3 samples=701 degree=2 alpha=0.0 val_mse=0.222531
[system_20260215_120956.log] 2026-02-15 12:10:36,693 - PhysicalMLTrainer_Drone2 - INFO - Physical ML model trained drone=2 samples=701 degree=2 alpha=0.0 val_mse=0.234729
[system_20260215_120956.log] 2026-02-15 12:10:36,694 - PhysicalMLTrainer_Drone4 - INFO - Physical ML model trained drone=4 samples=701 degree=2 alpha=0.0 val_mse=0.231734
[system_20260215_120956.log] 2026-02-15 12:10:36,694 - PhysicalMLTrainer_Drone1 - INFO - Physical ML model trained drone=1 samples=651 degree=2 alpha=0.0 val_mse=0.243069
[system_20260215_120956.log] 2026-02-15 12:10:40,825 - ObstacleManager - INFO - Dynamic obstacle added id=29 type=linear start=(250.0, 250.0) vel=(0.0, 0.0)
[swarm_manager.log] 2026-02-15 12:10:49,523 - SwarmManager - INFO - Dynamic obstacle avoidance drone=1 prob=0.55 cone=0.00 conf=0.58 target=(320.9, 280.7, 8.4)
[swarm_manager.log] 2026-02-15 12:10:50,528 - SwarmManager - INFO - Dynamic obstacle avoidance drone=1 prob=0.48 cone=0.00 conf=0.58 target=(334.2, 287.9, 8.2)
[system_20260215_120956.log] 2026-02-15 12:10:49,521 - Drone_1 - INFO - Drone 1: Flying to {'x': 320.91602106574976, 'y': 280.7355913880881, 'z': 8.405691195983783}
[system_20260215_120956.log] 2026-02-15 12:10:49,526 - DroneStateManager - INFO - Drone 1 state transition MOVING_TO_TARGET -> AVOIDING_DYNAMIC_OBSTACLE
[system_20260215_120956.log] 2026-02-15 12:10:50,527 - Drone_1 - INFO - Drone 1: Flying to {'x': 334.2353676935015, 'y': 287.862054626009, 'z': 8.191222021412393}
[system_20260215_120956.log] 2026-02-15 12:10:51,537 - DroneStateManager - INFO - Drone 1 state transition AVOIDING_DYNAMIC_OBSTACLE -> MOVING_TO_TARGET
[ml_system.log] 2026-02-15 12:10:56,848 - PhysicalMLTrainer_Drone1 - INFO - Physical ML model trained drone=1 samples=851 degree=2 alpha=0.0 val_mse=0.012936
[ml_system.log] 2026-02-15 12:10:56,849 - PhysicalMLTrainer_Drone2 - INFO - Physical ML model trained drone=2 samples=901 degree=2 alpha=0.0 val_mse=0.002023
[ml_system.log] 2026-02-15 12:10:56,849 - PhysicalMLTrainer_Drone5 - INFO - Physical ML model trained drone=5 samples=901 degree=2 alpha=0.0 val_mse=0.001179
[ml_system.log] 2026-02-15 12:10:56,849 - PhysicalMLTrainer_Drone3 - INFO - Physical ML model trained drone=3 samples=901 degree=2 alpha=0.0 val_mse=0.000704
[ml_system.log] 2026-02-15 12:10:56,850 - PhysicalMLTrainer_Drone4 - INFO - Physical ML model trained drone=4 samples=901 degree=2 alpha=0.0 val_mse=0.000925
[system_20260215_120956.log] 2026-02-15 12:10:56,823 - Drone_1 - INFO - Drone 1: Reached target position
[system_20260215_120956.log] 2026-02-15 12:10:56,848 - PhysicalMLTrainer_Drone1 - INFO - Physical ML model trained drone=1 samples=851 degree=2 alpha=0.0 val_mse=0.012936
[system_20260215_120956.log] 2026-02-15 12:10:56,849 - PhysicalMLTrainer_Drone2 - INFO - Physical ML model trained drone=2 samples=901 degree=2 alpha=0.0 val_mse=0.002023
[system_20260215_120956.log] 2026-02-15 12:10:56,849 - PhysicalMLTrainer_Drone5 - INFO - Physical ML model trained drone=5 samples=901 degree=2 alpha=0.0 val_mse=0.001179
[system_20260215_120956.log] 2026-02-15 12:10:56,849 - PhysicalMLTrainer_Drone3 - INFO - Physical ML model trained drone=3 samples=901 degree=2 alpha=0.0 val_mse=0.000704
[system_20260215_120956.log] 2026-02-15 12:10:56,850 - PhysicalMLTrainer_Drone4 - INFO - Physical ML model trained drone=4 samples=901 degree=2 alpha=0.0 val_mse=0.000925
[system_20260215_120956.log] 2026-02-15 12:10:57,566 - Drone_1 - INFO - Drone 1: Flying to {'x': 2585.0, 'y': 2580.0, 'z': 60.0}
[ml_system.log] 2026-02-15 12:11:16,976 - PhysicalMLTrainer_Drone1 - INFO - Physical ML model trained drone=1 samples=1051 degree=2 alpha=0.0 val_mse=0.002161
[ml_system.log] 2026-02-15 12:11:17,001 - PhysicalMLTrainer_Drone4 - INFO - Physical ML model trained drone=4 samples=1101 degree=2 alpha=0.0 val_mse=0.001842
[ml_system.log] 2026-02-15 12:11:17,002 - PhysicalMLTrainer_Drone3 - INFO - Physical ML model trained drone=3 samples=1101 degree=2 alpha=0.0 val_mse=0.001444
[ml_system.log] 2026-02-15 12:11:17,002 - PhysicalMLTrainer_Drone5 - INFO - Physical ML model trained drone=5 samples=1101 degree=2 alpha=0.0 val_mse=0.002373
[ml_system.log] 2026-02-15 12:11:17,003 - PhysicalMLTrainer_Drone2 - INFO - Physical ML model trained drone=2 samples=1101 degree=2 alpha=1.0 val_mse=0.003444
[system_20260215_120956.log] 2026-02-15 12:11:16,976 - PhysicalMLTrainer_Drone1 - INFO - Physical ML model trained drone=1 samples=1051 degree=2 alpha=0.0 val_mse=0.002161
[system_20260215_120956.log] 2026-02-15 12:11:17,001 - PhysicalMLTrainer_Drone4 - INFO - Physical ML model trained drone=4 samples=1101 degree=2 alpha=0.0 val_mse=0.001842
[system_20260215_120956.log] 2026-02-15 12:11:17,002 - PhysicalMLTrainer_Drone3 - INFO - Physical ML model trained drone=3 samples=1101 degree=2 alpha=0.0 val_mse=0.001444
[system_20260215_120956.log] 2026-02-15 12:11:17,002 - PhysicalMLTrainer_Drone5 - INFO - Physical ML model trained drone=5 samples=1101 degree=2 alpha=0.0 val_mse=0.002373
[system_20260215_120956.log] 2026-02-15 12:11:17,003 - PhysicalMLTrainer_Drone2 - INFO - Physical ML model trained drone=2 samples=1101 degree=2 alpha=1.0 val_mse=0.003444
[ml_system.log] 2026-02-15 12:11:37,117 - PhysicalMLTrainer_Drone1 - INFO - Physical ML model trained drone=1 samples=1251 degree=2 alpha=0.0 val_mse=0.002946
[ml_system.log] 2026-02-15 12:11:37,143 - PhysicalMLTrainer_Drone3 - INFO - Physical ML model trained drone=3 samples=1301 degree=2 alpha=0.0 val_mse=0.002076
[ml_system.log] 2026-02-15 12:11:37,143 - PhysicalMLTrainer_Drone4 - INFO - Physical ML model trained drone=4 samples=1301 degree=2 alpha=0.0 val_mse=0.002468
[ml_system.log] 2026-02-15 12:11:37,147 - PhysicalMLTrainer_Drone5 - INFO - Physical ML model trained drone=5 samples=1301 degree=2 alpha=0.0 val_mse=0.002868
[ml_system.log] 2026-02-15 12:11:37,148 - PhysicalMLTrainer_Drone2 - INFO - Physical ML model trained drone=2 samples=1301 degree=2 alpha=0.0 val_mse=0.003392
[system_20260215_120956.log] 2026-02-15 12:11:37,117 - PhysicalMLTrainer_Drone1 - INFO - Physical ML model trained drone=1 samples=1251 degree=2 alpha=0.0 val_mse=0.002946
[system_20260215_120956.log] 2026-02-15 12:11:37,143 - PhysicalMLTrainer_Drone4 - INFO - Physical ML model trained drone=4 samples=1301 degree=2 alpha=0.0 val_mse=0.002468
[system_20260215_120956.log] 2026-02-15 12:11:37,143 - PhysicalMLTrainer_Drone3 - INFO - Physical ML model trained drone=3 samples=1301 degree=2 alpha=0.0 val_mse=0.002076
[system_20260215_120956.log] 2026-02-15 12:11:37,147 - PhysicalMLTrainer_Drone5 - INFO - Physical ML model trained drone=5 samples=1301 degree=2 alpha=0.0 val_mse=0.002868
[system_20260215_120956.log] 2026-02-15 12:11:37,148 - PhysicalMLTrainer_Drone2 - INFO - Physical ML model trained drone=2 samples=1301 degree=2 alpha=0.0 val_mse=0.003392
[ml_system.log] 2026-02-15 12:11:57,245 - PhysicalMLTrainer_Drone1 - INFO - Physical ML model trained drone=1 samples=1451 degree=2 alpha=0.0 val_mse=0.002489
[ml_system.log] 2026-02-15 12:11:57,276 - PhysicalMLTrainer_Drone3 - INFO - Physical ML model trained drone=3 samples=1501 degree=2 alpha=0.0 val_mse=0.002164
[ml_system.log] 2026-02-15 12:11:57,277 - PhysicalMLTrainer_Drone2 - INFO - Physical ML model trained drone=2 samples=1501 degree=2 alpha=0.0 val_mse=0.002275
[ml_system.log] 2026-02-15 12:11:57,301 - PhysicalMLTrainer_Drone5 - INFO - Physical ML model trained drone=5 samples=1501 degree=2 alpha=0.0 val_mse=0.002402
[ml_system.log] 2026-02-15 12:11:57,302 - PhysicalMLTrainer_Drone4 - INFO - Physical ML model trained drone=4 samples=1501 degree=2 alpha=0.0 val_mse=0.002338
[system_20260215_120956.log] 2026-02-15 12:11:57,245 - PhysicalMLTrainer_Drone1 - INFO - Physical ML model trained drone=1 samples=1451 degree=2 alpha=0.0 val_mse=0.002489
[system_20260215_120956.log] 2026-02-15 12:11:57,276 - PhysicalMLTrainer_Drone3 - INFO - Physical ML model trained drone=3 samples=1501 degree=2 alpha=0.0 val_mse=0.002164
[system_20260215_120956.log] 2026-02-15 12:11:57,277 - PhysicalMLTrainer_Drone2 - INFO - Physical ML model trained drone=2 samples=1501 degree=2 alpha=0.0 val_mse=0.002275
[system_20260215_120956.log] 2026-02-15 12:11:57,301 - PhysicalMLTrainer_Drone5 - INFO - Physical ML model trained drone=5 samples=1501 degree=2 alpha=0.0 val_mse=0.002402
[system_20260215_120956.log] 2026-02-15 12:11:57,302 - PhysicalMLTrainer_Drone4 - INFO - Physical ML model trained drone=4 samples=1501 degree=2 alpha=0.0 val_mse=0.002338
[ml_system.log] 2026-02-15 12:12:17,368 - PhysicalMLTrainer_Drone1 - INFO - Physical ML model trained drone=1 samples=1651 degree=2 alpha=0.0 val_mse=0.001735
[ml_system.log] 2026-02-15 12:12:17,411 - PhysicalMLTrainer_Drone2 - INFO - Physical ML model trained drone=2 samples=1701 degree=2 alpha=0.0 val_mse=0.001449
[ml_system.log] 2026-02-15 12:12:17,411 - PhysicalMLTrainer_Drone3 - INFO - Physical ML model trained drone=3 samples=1701 degree=2 alpha=0.0 val_mse=0.001826
[ml_system.log] 2026-02-15 12:12:17,448 - PhysicalMLTrainer_Drone5 - INFO - Physical ML model trained drone=5 samples=1701 degree=2 alpha=0.0 val_mse=0.001717
[ml_system.log] 2026-02-15 12:12:17,449 - PhysicalMLTrainer_Drone4 - INFO - Physical ML model trained drone=4 samples=1701 degree=2 alpha=0.0 val_mse=0.001808
[system_20260215_120956.log] 2026-02-15 12:12:17,368 - PhysicalMLTrainer_Drone1 - INFO - Physical ML model trained drone=1 samples=1651 degree=2 alpha=0.0 val_mse=0.001735
[system_20260215_120956.log] 2026-02-15 12:12:17,411 - PhysicalMLTrainer_Drone2 - INFO - Physical ML model trained drone=2 samples=1701 degree=2 alpha=0.0 val_mse=0.001449
[system_20260215_120956.log] 2026-02-15 12:12:17,411 - PhysicalMLTrainer_Drone3 - INFO - Physical ML model trained drone=3 samples=1701 degree=2 alpha=0.0 val_mse=0.001826
[system_20260215_120956.log] 2026-02-15 12:12:17,448 - PhysicalMLTrainer_Drone5 - INFO - Physical ML model trained drone=5 samples=1701 degree=2 alpha=0.0 val_mse=0.001717
[system_20260215_120956.log] 2026-02-15 12:12:17,449 - PhysicalMLTrainer_Drone4 - INFO - Physical ML model trained drone=4 samples=1701 degree=2 alpha=0.0 val_mse=0.001808
[ml_system.log] 2026-02-15 12:12:37,500 - PhysicalMLTrainer_Drone1 - INFO - Physical ML model trained drone=1 samples=1851 degree=2 alpha=0.0 val_mse=0.001176
[ml_system.log] 2026-02-15 12:12:37,545 - PhysicalMLTrainer_Drone3 - INFO - Physical ML model trained drone=3 samples=1901 degree=2 alpha=0.0 val_mse=0.001394
[ml_system.log] 2026-02-15 12:12:37,546 - PhysicalMLTrainer_Drone2 - INFO - Physical ML model trained drone=2 samples=1901 degree=2 alpha=0.0 val_mse=0.001006
[ml_system.log] 2026-02-15 12:12:37,600 - PhysicalMLTrainer_Drone4 - INFO - Physical ML model trained drone=4 samples=1901 degree=2 alpha=0.0 val_mse=0.001295
[ml_system.log] 2026-02-15 12:12:37,602 - PhysicalMLTrainer_Drone5 - INFO - Physical ML model trained drone=5 samples=1901 degree=2 alpha=0.0 val_mse=0.001213
[system_20260215_120956.log] 2026-02-15 12:12:37,500 - PhysicalMLTrainer_Drone1 - INFO - Physical ML model trained drone=1 samples=1851 degree=2 alpha=0.0 val_mse=0.001176
[system_20260215_120956.log] 2026-02-15 12:12:37,545 - PhysicalMLTrainer_Drone3 - INFO - Physical ML model trained drone=3 samples=1901 degree=2 alpha=0.0 val_mse=0.001394
[system_20260215_120956.log] 2026-02-15 12:12:37,546 - PhysicalMLTrainer_Drone2 - INFO - Physical ML model trained drone=2 samples=1901 degree=2 alpha=0.0 val_mse=0.001006
[system_20260215_120956.log] 2026-02-15 12:12:37,600 - PhysicalMLTrainer_Drone4 - INFO - Physical ML model trained drone=4 samples=1901 degree=2 alpha=0.0 val_mse=0.001295
[system_20260215_120956.log] 2026-02-15 12:12:37,602 - PhysicalMLTrainer_Drone5 - INFO - Physical ML model trained drone=5 samples=1901 degree=2 alpha=0.0 val_mse=0.001213
[ml_system.log] 2026-02-15 12:12:57,640 - PhysicalMLTrainer_Drone1 - INFO - Physical ML model trained drone=1 samples=2051 degree=2 alpha=0.0 val_mse=0.000850
[ml_system.log] 2026-02-15 12:12:57,676 - PhysicalMLTrainer_Drone2 - INFO - Physical ML model trained drone=2 samples=2101 degree=2 alpha=0.0 val_mse=0.000786
[ml_system.log] 2026-02-15 12:12:57,678 - PhysicalMLTrainer_Drone3 - INFO - Physical ML model trained drone=3 samples=2101 degree=2 alpha=0.0 val_mse=0.001041
[ml_system.log] 2026-02-15 12:12:57,742 - PhysicalMLTrainer_Drone4 - INFO - Physical ML model trained drone=4 samples=2101 degree=2 alpha=0.0 val_mse=0.000933
[ml_system.log] 2026-02-15 12:12:57,743 - PhysicalMLTrainer_Drone5 - INFO - Physical ML model trained drone=5 samples=2101 degree=2 alpha=0.0 val_mse=0.000910
[system_20260215_120956.log] 2026-02-15 12:12:57,640 - PhysicalMLTrainer_Drone1 - INFO - Physical ML model trained drone=1 samples=2051 degree=2 alpha=0.0 val_mse=0.000850
[system_20260215_120956.log] 2026-02-15 12:12:57,676 - PhysicalMLTrainer_Drone2 - INFO - Physical ML model trained drone=2 samples=2101 degree=2 alpha=0.0 val_mse=0.000786
[system_20260215_120956.log] 2026-02-15 12:12:57,678 - PhysicalMLTrainer_Drone3 - INFO - Physical ML model trained drone=3 samples=2101 degree=2 alpha=0.0 val_mse=0.001041
[system_20260215_120956.log] 2026-02-15 12:12:57,742 - PhysicalMLTrainer_Drone4 - INFO - Physical ML model trained drone=4 samples=2101 degree=2 alpha=0.0 val_mse=0.000933
[system_20260215_120956.log] 2026-02-15 12:12:57,743 - PhysicalMLTrainer_Drone5 - INFO - Physical ML model trained drone=5 samples=2101 degree=2 alpha=0.0 val_mse=0.000910
[ml_system.log] 2026-02-15 12:13:17,768 - PhysicalMLTrainer_Drone1 - INFO - Physical ML model trained drone=1 samples=2251 degree=2 alpha=0.0 val_mse=0.000676
[ml_system.log] 2026-02-15 12:13:17,822 - PhysicalMLTrainer_Drone3 - INFO - Physical ML model trained drone=3 samples=2301 degree=2 alpha=0.0 val_mse=0.000798
[ml_system.log] 2026-02-15 12:13:17,822 - PhysicalMLTrainer_Drone2 - INFO - Physical ML model trained drone=2 samples=2301 degree=2 alpha=0.0 val_mse=0.000678
[ml_system.log] 2026-02-15 12:13:17,874 - PhysicalMLTrainer_Drone4 - INFO - Physical ML model trained drone=4 samples=2301 degree=2 alpha=0.0 val_mse=0.000704
[ml_system.log] 2026-02-15 12:13:17,875 - PhysicalMLTrainer_Drone5 - INFO - Physical ML model trained drone=5 samples=2301 degree=2 alpha=0.0 val_mse=0.000743
[system_20260215_120956.log] 2026-02-15 12:13:17,768 - PhysicalMLTrainer_Drone1 - INFO - Physical ML model trained drone=1 samples=2251 degree=2 alpha=0.0 val_mse=0.000676
[system_20260215_120956.log] 2026-02-15 12:13:17,822 - PhysicalMLTrainer_Drone3 - INFO - Physical ML model trained drone=3 samples=2301 degree=2 alpha=0.0 val_mse=0.000798
[system_20260215_120956.log] 2026-02-15 12:13:17,822 - PhysicalMLTrainer_Drone2 - INFO - Physical ML model trained drone=2 samples=2301 degree=2 alpha=0.0 val_mse=0.000678
[system_20260215_120956.log] 2026-02-15 12:13:17,874 - PhysicalMLTrainer_Drone4 - INFO - Physical ML model trained drone=4 samples=2301 degree=2 alpha=0.0 val_mse=0.000704
[system_20260215_120956.log] 2026-02-15 12:13:17,875 - PhysicalMLTrainer_Drone5 - INFO - Physical ML model trained drone=5 samples=2301 degree=2 alpha=0.0 val_mse=0.000743
[swarm_manager.log] 2026-02-15 12:13:26,361 - SwarmManager - INFO - MISSION_COMPLETE: Drone 2 reached destination (x=2553.9, y=2622.8, z=60.0)
[swarm_manager.log] 2026-02-15 12:13:26,362 - SwarmManager - INFO - MISSION_COMPLETE received from Drone 2 target={'x': 2553.9057647468726, 'y': 2622.797543233282, 'z': 60.0} -> leader broadcasting RETURN_TO_HOME
[swarm_manager.log] 2026-02-15 12:13:26,362 - SwarmManager - INFO - Leader command received: RETURN_TO_HOME by drone=1
[system_20260215_120956.log] 2026-02-15 12:13:26,361 - DroneStateManager - INFO - Drone 2 state transition MOVING_TO_TARGET -> MISSION_COMPLETE
[system_20260215_120956.log] 2026-02-15 12:13:26,362 - Drone_1 - INFO - Drone 1: Returning to home - Leader broadcast RETURN_TO_HOME
[system_20260215_120956.log] 2026-02-15 12:13:26,362 - DroneStateManager - INFO - Drone 1 state transition MOVING_TO_TARGET -> RETURNING_HOME
[system_20260215_120956.log] 2026-02-15 12:13:26,362 - Drone_2 - INFO - Drone 2: Returning to home - Leader broadcast RETURN_TO_HOME
[system_20260215_120956.log] 2026-02-15 12:13:26,362 - DroneStateManager - INFO - Drone 2 state transition MISSION_COMPLETE -> RETURNING_HOME
[system_20260215_120956.log] 2026-02-15 12:13:26,362 - Drone_3 - INFO - Drone 3: Returning to home - Leader broadcast RETURN_TO_HOME
[system_20260215_120956.log] 2026-02-15 12:13:26,363 - DroneStateManager - INFO - Drone 3 state transition MOVING_TO_TARGET -> RETURNING_HOME
[system_20260215_120956.log] 2026-02-15 12:13:26,363 - Drone_4 - INFO - Drone 4: Returning to home - Leader broadcast RETURN_TO_HOME
[system_20260215_120956.log] 2026-02-15 12:13:26,363 - DroneStateManager - INFO - Drone 4 state transition MOVING_TO_TARGET -> RETURNING_HOME
[system_20260215_120956.log] 2026-02-15 12:13:26,363 - Drone_5 - INFO - Drone 5: Returning to home - Leader broadcast RETURN_TO_HOME
[system_20260215_120956.log] 2026-02-15 12:13:26,363 - DroneStateManager - INFO - Drone 5 state transition MOVING_TO_TARGET -> RETURNING_HOME
[ml_system.log] 2026-02-15 12:13:37,890 - PhysicalMLTrainer_Drone1 - INFO - Physical ML model trained drone=1 samples=2451 degree=2 alpha=1.0 val_mse=0.139414
[ml_system.log] 2026-02-15 12:13:37,948 - PhysicalMLTrainer_Drone3 - INFO - Physical ML model trained drone=3 samples=2501 degree=2 alpha=1.0 val_mse=0.122286
[ml_system.log] 2026-02-15 12:13:37,957 - PhysicalMLTrainer_Drone2 - INFO - Physical ML model trained drone=2 samples=2501 degree=2 alpha=1.0 val_mse=0.155464
[ml_system.log] 2026-02-15 12:13:37,996 - PhysicalMLTrainer_Drone5 - INFO - Physical ML model trained drone=5 samples=2501 degree=2 alpha=1.0 val_mse=0.101146
[ml_system.log] 2026-02-15 12:13:37,996 - PhysicalMLTrainer_Drone4 - INFO - Physical ML model trained drone=4 samples=2501 degree=2 alpha=1.0 val_mse=0.073657
[system_20260215_120956.log] 2026-02-15 12:13:37,890 - PhysicalMLTrainer_Drone1 - INFO - Physical ML model trained drone=1 samples=2451 degree=2 alpha=1.0 val_mse=0.139414
[system_20260215_120956.log] 2026-02-15 12:13:37,948 - PhysicalMLTrainer_Drone3 - INFO - Physical ML model trained drone=3 samples=2501 degree=2 alpha=1.0 val_mse=0.122286
[system_20260215_120956.log] 2026-02-15 12:13:37,957 - PhysicalMLTrainer_Drone2 - INFO - Physical ML model trained drone=2 samples=2501 degree=2 alpha=1.0 val_mse=0.155464
[system_20260215_120956.log] 2026-02-15 12:13:37,996 - PhysicalMLTrainer_Drone5 - INFO - Physical ML model trained drone=5 samples=2501 degree=2 alpha=1.0 val_mse=0.101146
[system_20260215_120956.log] 2026-02-15 12:13:37,996 - PhysicalMLTrainer_Drone4 - INFO - Physical ML model trained drone=4 samples=2501 degree=2 alpha=1.0 val_mse=0.073657
[system_20260215_120956.log] 2026-02-15 12:13:56,554 - Drone_3 - ERROR - Drone 3: Motor 0 failed!
[system_20260215_120956.log] 2026-02-15 12:13:56,556 - Drone_3 - WARNING - Drone 3: Degraded return active - Motor failure simulation: return to home with degraded control
[ml_system.log] 2026-02-15 12:13:58,027 - PhysicalMLTrainer_Drone1 - INFO - Physical ML model trained drone=1 samples=2651 degree=2 alpha=1.0 val_mse=0.327862
[ml_system.log] 2026-02-15 12:13:58,075 - PhysicalMLTrainer_Drone3 - INFO - Physical ML model trained drone=3 samples=2701 degree=2 alpha=1.0 val_mse=0.277738
[ml_system.log] 2026-02-15 12:13:58,092 - PhysicalMLTrainer_Drone2 - INFO - Physical ML model trained drone=2 samples=2701 degree=2 alpha=1.0 val_mse=0.361356
[ml_system.log] 2026-02-15 12:13:58,133 - PhysicalMLTrainer_Drone5 - INFO - Physical ML model trained drone=5 samples=2701 degree=2 alpha=1.0 val_mse=0.228703
[ml_system.log] 2026-02-15 12:13:58,135 - PhysicalMLTrainer_Drone4 - INFO - Physical ML model trained drone=4 samples=2701 degree=2 alpha=1.0 val_mse=0.164932
[system_20260215_120956.log] 2026-02-15 12:13:58,027 - PhysicalMLTrainer_Drone1 - INFO - Physical ML model trained drone=1 samples=2651 degree=2 alpha=1.0 val_mse=0.327862
[system_20260215_120956.log] 2026-02-15 12:13:58,075 - PhysicalMLTrainer_Drone3 - INFO - Physical ML model trained drone=3 samples=2701 degree=2 alpha=1.0 val_mse=0.277738
[system_20260215_120956.log] 2026-02-15 12:13:58,092 - PhysicalMLTrainer_Drone2 - INFO - Physical ML model trained drone=2 samples=2701 degree=2 alpha=1.0 val_mse=0.361356
[system_20260215_120956.log] 2026-02-15 12:13:58,133 - PhysicalMLTrainer_Drone5 - INFO - Physical ML model trained drone=5 samples=2701 degree=2 alpha=1.0 val_mse=0.228703
[system_20260215_120956.log] 2026-02-15 12:13:58,135 - PhysicalMLTrainer_Drone4 - INFO - Physical ML model trained drone=4 samples=2701 degree=2 alpha=1.0 val_mse=0.164932
[swarm_manager.log] 2026-02-15 12:14:09,485 - SwarmManager - WARNING - Leader drone 1 no longer operational
[swarm_manager.log] 2026-02-15 12:14:09,486 - SwarmManager - ERROR - Handling failure of drone 1: Leader failure
[swarm_manager.log] 2026-02-15 12:14:09,487 - SwarmManager - WARNING - Leader drone 1 failed - initiating leader election
[swarm_manager.log] 2026-02-15 12:14:09,688 - SwarmManager - INFO - Starting leader election...
[swarm_manager.log] 2026-02-15 12:14:09,689 - SwarmManager - INFO -   Drone 2: suitability score = 98.19
[swarm_manager.log] 2026-02-15 12:14:09,690 - SwarmManager - INFO -   Drone 4: suitability score = 98.19
[swarm_manager.log] 2026-02-15 12:14:09,690 - SwarmManager - INFO -   Drone 5: suitability score = 98.19
[swarm_manager.log] 2026-02-15 12:14:09,698 - SwarmManager - INFO - Drone 4 elected as new LEADER (score: 98.19)
[swarm_manager.log] 2026-02-15 12:14:09,698 - SwarmManager - ERROR - Drone 1 crashed
[swarm_manager.log] 2026-02-15 12:14:09,698 - SwarmManager - ERROR - Handling failure of drone 1: Crashed
[system_20260215_120956.log] 2026-02-15 12:14:09,691 - Drone_1 - INFO - Drone 1: Role changed from leader to follower
[system_20260215_120956.log] 2026-02-15 12:14:09,691 - Drone_2 - INFO - Drone 2: Role changed from follower to follower
[system_20260215_120956.log] 2026-02-15 12:14:09,694 - Drone_3 - INFO - Drone 3: Role changed from emergency to follower
[system_20260215_120956.log] 2026-02-15 12:14:09,695 - Drone_4 - INFO - Drone 4: Role changed from follower to leader
[system_20260215_120956.log] 2026-02-15 12:14:09,696 - Drone_5 - INFO - Drone 5: Role changed from follower to follower
[swarm_manager.log] 2026-02-15 12:14:13,711 - SwarmManager - ERROR - Drone 1 heartbeat timeout
[swarm_manager.log] 2026-02-15 12:14:13,711 - SwarmManager - ERROR - Handling failure of drone 1: Heartbeat timeout
[swarm_manager.log] 2026-02-15 12:14:14,717 - SwarmManager - ERROR - Drone 1 heartbeat timeout
[swarm_manager.log] 2026-02-15 12:14:14,717 - SwarmManager - ERROR - Handling failure of drone 1: Heartbeat timeout
[swarm_manager.log] 2026-02-15 12:14:15,718 - SwarmManager - ERROR - Drone 1 heartbeat timeout
[swarm_manager.log] 2026-02-15 12:14:15,718 - SwarmManager - ERROR - Handling failure of drone 1: Heartbeat timeout
[swarm_manager.log] 2026-02-15 12:14:16,721 - SwarmManager - ERROR - Drone 1 heartbeat timeout
[swarm_manager.log] 2026-02-15 12:14:16,721 - SwarmManager - ERROR - Handling failure of drone 1: Heartbeat timeout
[swarm_manager.log] 2026-02-15 12:14:17,722 - SwarmManager - ERROR - Drone 1 heartbeat timeout
[swarm_manager.log] 2026-02-15 12:14:17,723 - SwarmManager - ERROR - Handling failure of drone 1: Heartbeat timeout
[swarm_manager.log] 2026-02-15 12:14:18,727 - SwarmManager - ERROR - Drone 1 heartbeat timeout
[swarm_manager.log] 2026-02-15 12:14:18,727 - SwarmManager - ERROR - Handling failure of drone 1: Heartbeat timeout
[swarm_manager.log] 2026-02-15 12:14:19,728 - SwarmManager - ERROR - Drone 1 heartbeat timeout
[swarm_manager.log] 2026-02-15 12:14:19,729 - SwarmManager - ERROR - Handling failure of drone 1: Heartbeat timeout
[ml_system.log] 2026-02-15 12:14:18,225 - PhysicalMLTrainer_Drone3 - INFO - Physical ML model trained drone=3 samples=2901 degree=2 alpha=1.0 val_mse=0.306489
[ml_system.log] 2026-02-15 12:14:18,225 - PhysicalMLTrainer_Drone2 - INFO - Physical ML model trained drone=2 samples=2901 degree=2 alpha=1.0 val_mse=0.509417
[ml_system.log] 2026-02-15 12:14:18,273 - PhysicalMLTrainer_Drone4 - INFO - Physical ML model trained drone=4 samples=2901 degree=2 alpha=1.0 val_mse=0.225182
[ml_system.log] 2026-02-15 12:14:18,274 - PhysicalMLTrainer_Drone5 - INFO - Physical ML model trained drone=5 samples=2901 degree=2 alpha=1.0 val_mse=0.314996
[system_20260215_120956.log] 2026-02-15 12:14:18,225 - PhysicalMLTrainer_Drone2 - INFO - Physical ML model trained drone=2 samples=2901 degree=2 alpha=1.0 val_mse=0.509417
[system_20260215_120956.log] 2026-02-15 12:14:18,225 - PhysicalMLTrainer_Drone3 - INFO - Physical ML model trained drone=3 samples=2901 degree=2 alpha=1.0 val_mse=0.306489
[system_20260215_120956.log] 2026-02-15 12:14:18,273 - PhysicalMLTrainer_Drone4 - INFO - Physical ML model trained drone=4 samples=2901 degree=2 alpha=1.0 val_mse=0.225182
[system_20260215_120956.log] 2026-02-15 12:14:18,274 - PhysicalMLTrainer_Drone5 - INFO - Physical ML model trained drone=5 samples=2901 degree=2 alpha=1.0 val_mse=0.314996
[swarm_manager.log] 2026-02-15 12:14:20,732 - SwarmManager - ERROR - Drone 1 heartbeat timeout
[swarm_manager.log] 2026-02-15 12:14:20,732 - SwarmManager - ERROR - Handling failure of drone 1: Heartbeat timeout
[swarm_manager.log] 2026-02-15 12:14:21,733 - SwarmManager - ERROR - Drone 1 heartbeat timeout
[swarm_manager.log] 2026-02-15 12:14:21,734 - SwarmManager - ERROR - Handling failure of drone 1: Heartbeat timeout
[swarm_manager.log] 2026-02-15 12:14:22,737 - SwarmManager - ERROR - Drone 1 heartbeat timeout
[swarm_manager.log] 2026-02-15 12:14:22,737 - SwarmManager - ERROR - Handling failure of drone 1: Heartbeat timeout
[swarm_manager.log] 2026-02-15 12:14:23,738 - SwarmManager - ERROR - Drone 1 heartbeat timeout
[swarm_manager.log] 2026-02-15 12:14:23,738 - SwarmManager - ERROR - Handling failure of drone 1: Heartbeat timeout
[swarm_manager.log] 2026-02-15 12:14:24,741 - SwarmManager - ERROR - Drone 1 heartbeat timeout
[swarm_manager.log] 2026-02-15 12:14:24,741 - SwarmManager - ERROR - Handling failure of drone 1: Heartbeat timeout
[swarm_manager.log] 2026-02-15 12:14:25,742 - SwarmManager - ERROR - Drone 1 heartbeat timeout
[swarm_manager.log] 2026-02-15 12:14:25,743 - SwarmManager - ERROR - Handling failure of drone 1: Heartbeat timeout
[swarm_manager.log] 2026-02-15 12:14:26,746 - SwarmManager - ERROR - Drone 1 heartbeat timeout
[swarm_manager.log] 2026-02-15 12:14:26,746 - SwarmManager - ERROR - Handling failure of drone 1: Heartbeat timeout
[swarm_manager.log] 2026-02-15 12:14:27,752 - SwarmManager - ERROR - Drone 1 heartbeat timeout
[swarm_manager.log] 2026-02-15 12:14:27,752 - SwarmManager - ERROR - Handling failure of drone 1: Heartbeat timeout
[swarm_manager.log] 2026-02-15 12:14:28,756 - SwarmManager - ERROR - Drone 1 heartbeat timeout
[swarm_manager.log] 2026-02-15 12:14:28,757 - SwarmManager - ERROR - Handling failure of drone 1: Heartbeat timeout
[swarm_manager.log] 2026-02-15 12:14:29,758 - SwarmManager - ERROR - Drone 1 heartbeat timeout
[swarm_manager.log] 2026-02-15 12:14:29,759 - SwarmManager - ERROR - Handling failure of drone 1: Heartbeat timeout
[swarm_manager.log] 2026-02-15 12:14:30,761 - SwarmManager - ERROR - Drone 1 heartbeat timeout
[swarm_manager.log] 2026-02-15 12:14:30,761 - SwarmManager - ERROR - Handling failure of drone 1: Heartbeat timeout
[swarm_manager.log] 2026-02-15 12:14:31,762 - SwarmManager - ERROR - Drone 1 heartbeat timeout
[swarm_manager.log] 2026-02-15 12:14:31,762 - SwarmManager - ERROR - Handling failure of drone 1: Heartbeat timeout
[swarm_manager.log] 2026-02-15 12:14:32,765 - SwarmManager - ERROR - Drone 1 heartbeat timeout
[swarm_manager.log] 2026-02-15 12:14:32,766 - SwarmManager - ERROR - Handling failure of drone 1: Heartbeat timeout
[swarm_manager.log] 2026-02-15 12:14:33,767 - SwarmManager - ERROR - Drone 1 heartbeat timeout
[swarm_manager.log] 2026-02-15 12:14:33,767 - SwarmManager - ERROR - Handling failure of drone 1: Heartbeat timeout
[swarm_manager.log] 2026-02-15 12:14:34,771 - SwarmManager - ERROR - Drone 1 heartbeat timeout
[swarm_manager.log] 2026-02-15 12:14:34,771 - SwarmManager - ERROR - Handling failure of drone 1: Heartbeat timeout
[swarm_manager.log] 2026-02-15 12:14:35,772 - SwarmManager - ERROR - Drone 1 heartbeat timeout
[swarm_manager.log] 2026-02-15 12:14:35,773 - SwarmManager - ERROR - Handling failure of drone 1: Heartbeat timeout
[swarm_manager.log] 2026-02-15 12:14:36,775 - SwarmManager - ERROR - Drone 1 heartbeat timeout
[swarm_manager.log] 2026-02-15 12:14:36,775 - SwarmManager - ERROR - Handling failure of drone 1: Heartbeat timeout
[swarm_manager.log] 2026-02-15 12:14:37,776 - SwarmManager - ERROR - Drone 1 heartbeat timeout
[swarm_manager.log] 2026-02-15 12:14:37,776 - SwarmManager - ERROR - Handling failure of drone 1: Heartbeat timeout
[swarm_manager.log] 2026-02-15 12:14:38,780 - SwarmManager - ERROR - Drone 1 heartbeat timeout
[swarm_manager.log] 2026-02-15 12:14:38,780 - SwarmManager - ERROR - Handling failure of drone 1: Heartbeat timeout
[swarm_manager.log] 2026-02-15 12:14:39,781 - SwarmManager - ERROR - Drone 1 heartbeat timeout
[swarm_manager.log] 2026-02-15 12:14:39,781 - SwarmManager - ERROR - Handling failure of drone 1: Heartbeat timeout
[ml_system.log] 2026-02-15 12:14:38,333 - PhysicalMLTrainer_Drone3 - INFO - Physical ML model trained drone=3 samples=3101 degree=2 alpha=0.0 val_mse=0.001599
[ml_system.log] 2026-02-15 12:14:38,337 - PhysicalMLTrainer_Drone2 - INFO - Physical ML model trained drone=2 samples=3101 degree=2 alpha=0.0 val_mse=0.004116
[ml_system.log] 2026-02-15 12:14:38,405 - PhysicalMLTrainer_Drone5 - INFO - Physical ML model trained drone=5 samples=3101 degree=2 alpha=0.0 val_mse=0.011734
[ml_system.log] 2026-02-15 12:14:38,406 - PhysicalMLTrainer_Drone4 - INFO - Physical ML model trained drone=4 samples=3101 degree=2 alpha=0.0 val_mse=0.012630
[system_20260215_120956.log] 2026-02-15 12:14:38,333 - PhysicalMLTrainer_Drone3 - INFO - Physical ML model trained drone=3 samples=3101 degree=2 alpha=0.0 val_mse=0.001599
[system_20260215_120956.log] 2026-02-15 12:14:38,337 - PhysicalMLTrainer_Drone2 - INFO - Physical ML model trained drone=2 samples=3101 degree=2 alpha=0.0 val_mse=0.004116
[system_20260215_120956.log] 2026-02-15 12:14:38,405 - PhysicalMLTrainer_Drone5 - INFO - Physical ML model trained drone=5 samples=3101 degree=2 alpha=0.0 val_mse=0.011734
[system_20260215_120956.log] 2026-02-15 12:14:38,406 - PhysicalMLTrainer_Drone4 - INFO - Physical ML model trained drone=4 samples=3101 degree=2 alpha=0.0 val_mse=0.012630
[swarm_manager.log] 2026-02-15 12:14:40,791 - SwarmManager - ERROR - Drone 1 heartbeat timeout
[swarm_manager.log] 2026-02-15 12:14:40,791 - SwarmManager - ERROR - Handling failure of drone 1: Heartbeat timeout
[swarm_manager.log] 2026-02-15 12:14:41,792 - SwarmManager - ERROR - Drone 1 heartbeat timeout
[swarm_manager.log] 2026-02-15 12:14:41,792 - SwarmManager - ERROR - Handling failure of drone 1: Heartbeat timeout
[swarm_manager.log] 2026-02-15 12:14:42,794 - SwarmManager - ERROR - Drone 1 heartbeat timeout
[swarm_manager.log] 2026-02-15 12:14:42,794 - SwarmManager - ERROR - Handling failure of drone 1: Heartbeat timeout
[swarm_manager.log] 2026-02-15 12:14:43,795 - SwarmManager - ERROR - Drone 1 heartbeat timeout
[swarm_manager.log] 2026-02-15 12:14:43,795 - SwarmManager - ERROR - Handling failure of drone 1: Heartbeat timeout
[swarm_manager.log] 2026-02-15 12:14:44,799 - SwarmManager - ERROR - Drone 1 heartbeat timeout
[swarm_manager.log] 2026-02-15 12:14:44,799 - SwarmManager - ERROR - Handling failure of drone 1: Heartbeat timeout
[swarm_manager.log] 2026-02-15 12:14:45,800 - SwarmManager - ERROR - Drone 1 heartbeat timeout
[swarm_manager.log] 2026-02-15 12:14:45,800 - SwarmManager - ERROR - Handling failure of drone 1: Heartbeat timeout
[swarm_manager.log] 2026-02-15 12:14:46,806 - SwarmManager - ERROR - Drone 1 heartbeat timeout
[swarm_manager.log] 2026-02-15 12:14:46,807 - SwarmManager - ERROR - Handling failure of drone 1: Heartbeat timeout
[swarm_manager.log] 2026-02-15 12:14:47,808 - SwarmManager - ERROR - Drone 1 heartbeat timeout
[swarm_manager.log] 2026-02-15 12:14:47,808 - SwarmManager - ERROR - Handling failure of drone 1: Heartbeat timeout
[swarm_manager.log] 2026-02-15 12:14:48,811 - SwarmManager - ERROR - Drone 1 heartbeat timeout
[swarm_manager.log] 2026-02-15 12:14:48,811 - SwarmManager - ERROR - Handling failure of drone 1: Heartbeat timeout
[swarm_manager.log] 2026-02-15 12:14:49,812 - SwarmManager - ERROR - Drone 1 heartbeat timeout
[swarm_manager.log] 2026-02-15 12:14:49,812 - SwarmManager - ERROR - Handling failure of drone 1: Heartbeat timeout
[swarm_manager.log] 2026-02-15 12:14:50,815 - SwarmManager - ERROR - Drone 1 heartbeat timeout
[swarm_manager.log] 2026-02-15 12:14:50,815 - SwarmManager - ERROR - Handling failure of drone 1: Heartbeat timeout
[swarm_manager.log] 2026-02-15 12:14:51,816 - SwarmManager - ERROR - Drone 1 heartbeat timeout
[swarm_manager.log] 2026-02-15 12:14:51,817 - SwarmManager - ERROR - Handling failure of drone 1: Heartbeat timeout
[swarm_manager.log] 2026-02-15 12:14:52,820 - SwarmManager - ERROR - Drone 1 heartbeat timeout
[swarm_manager.log] 2026-02-15 12:14:52,820 - SwarmManager - ERROR - Handling failure of drone 1: Heartbeat timeout
[swarm_manager.log] 2026-02-15 12:14:53,821 - SwarmManager - ERROR - Drone 1 heartbeat timeout
[swarm_manager.log] 2026-02-15 12:14:53,821 - SwarmManager - ERROR - Handling failure of drone 1: Heartbeat timeout
[swarm_manager.log] 2026-02-15 12:14:54,824 - SwarmManager - ERROR - Drone 1 heartbeat timeout
[swarm_manager.log] 2026-02-15 12:14:54,824 - SwarmManager - ERROR - Handling failure of drone 1: Heartbeat timeout
[swarm_manager.log] 2026-02-15 12:14:55,825 - SwarmManager - ERROR - Drone 1 heartbeat timeout
[swarm_manager.log] 2026-02-15 12:14:55,825 - SwarmManager - ERROR - Handling failure of drone 1: Heartbeat timeout
[swarm_manager.log] 2026-02-15 12:14:56,828 - SwarmManager - ERROR - Drone 1 heartbeat timeout
[swarm_manager.log] 2026-02-15 12:14:56,828 - SwarmManager - ERROR - Handling failure of drone 1: Heartbeat timeout
[swarm_manager.log] 2026-02-15 12:14:57,829 - SwarmManager - ERROR - Drone 1 heartbeat timeout
[swarm_manager.log] 2026-02-15 12:14:57,829 - SwarmManager - ERROR - Handling failure of drone 1: Heartbeat timeout
[swarm_manager.log] 2026-02-15 12:14:58,832 - SwarmManager - ERROR - Drone 1 heartbeat timeout
[swarm_manager.log] 2026-02-15 12:14:58,832 - SwarmManager - ERROR - Handling failure of drone 1: Heartbeat timeout
[swarm_manager.log] 2026-02-15 12:14:59,836 - SwarmManager - ERROR - Drone 1 heartbeat timeout
[swarm_manager.log] 2026-02-15 12:14:59,836 - SwarmManager - ERROR - Handling failure of drone 1: Heartbeat timeout
[ml_system.log] 2026-02-15 12:14:58,443 - PhysicalMLTrainer_Drone3 - INFO - Physical ML model trained drone=3 samples=3301 degree=2 alpha=0.0 val_mse=0.001559
[ml_system.log] 2026-02-15 12:14:58,444 - PhysicalMLTrainer_Drone2 - INFO - Physical ML model trained drone=2 samples=3301 degree=2 alpha=0.0 val_mse=0.006285
[ml_system.log] 2026-02-15 12:14:58,522 - PhysicalMLTrainer_Drone4 - INFO - Physical ML model trained drone=4 samples=3301 degree=2 alpha=0.0 val_mse=0.011795
[ml_system.log] 2026-02-15 12:14:58,523 - PhysicalMLTrainer_Drone5 - INFO - Physical ML model trained drone=5 samples=3301 degree=2 alpha=0.0 val_mse=0.016033
[system_20260215_120956.log] 2026-02-15 12:14:58,443 - PhysicalMLTrainer_Drone3 - INFO - Physical ML model trained drone=3 samples=3301 degree=2 alpha=0.0 val_mse=0.001559
[system_20260215_120956.log] 2026-02-15 12:14:58,444 - PhysicalMLTrainer_Drone2 - INFO - Physical ML model trained drone=2 samples=3301 degree=2 alpha=0.0 val_mse=0.006285
[system_20260215_120956.log] 2026-02-15 12:14:58,522 - PhysicalMLTrainer_Drone4 - INFO - Physical ML model trained drone=4 samples=3301 degree=2 alpha=0.0 val_mse=0.011795
[system_20260215_120956.log] 2026-02-15 12:14:58,523 - PhysicalMLTrainer_Drone5 - INFO - Physical ML model trained drone=5 samples=3301 degree=2 alpha=0.0 val_mse=0.016033
[swarm_manager.log] 2026-02-15 12:15:00,844 - SwarmManager - ERROR - Drone 1 heartbeat timeout
[swarm_manager.log] 2026-02-15 12:15:00,844 - SwarmManager - ERROR - Handling failure of drone 1: Heartbeat timeout
[swarm_manager.log] 2026-02-15 12:15:01,845 - SwarmManager - ERROR - Drone 1 heartbeat timeout
[swarm_manager.log] 2026-02-15 12:15:01,845 - SwarmManager - ERROR - Handling failure of drone 1: Heartbeat timeout
[swarm_manager.log] 2026-02-15 12:15:02,848 - SwarmManager - ERROR - Drone 1 heartbeat timeout
[swarm_manager.log] 2026-02-15 12:15:02,848 - SwarmManager - ERROR - Handling failure of drone 1: Heartbeat timeout
[swarm_manager.log] 2026-02-15 12:15:03,849 - SwarmManager - ERROR - Drone 1 heartbeat timeout
[swarm_manager.log] 2026-02-15 12:15:03,849 - SwarmManager - ERROR - Handling failure of drone 1: Heartbeat timeout
[swarm_manager.log] 2026-02-15 12:15:04,852 - SwarmManager - ERROR - Drone 1 heartbeat timeout
[swarm_manager.log] 2026-02-15 12:15:04,852 - SwarmManager - ERROR - Handling failure of drone 1: Heartbeat timeout
[swarm_manager.log] 2026-02-15 12:15:05,853 - SwarmManager - ERROR - Drone 1 heartbeat timeout
[swarm_manager.log] 2026-02-15 12:15:05,853 - SwarmManager - ERROR - Handling failure of drone 1: Heartbeat timeout
[swarm_manager.log] 2026-02-15 12:15:06,856 - SwarmManager - ERROR - Drone 1 heartbeat timeout
[swarm_manager.log] 2026-02-15 12:15:06,856 - SwarmManager - ERROR - Handling failure of drone 1: Heartbeat timeout
[swarm_manager.log] 2026-02-15 12:15:07,857 - SwarmManager - ERROR - Drone 1 heartbeat timeout
[swarm_manager.log] 2026-02-15 12:15:07,857 - SwarmManager - ERROR - Handling failure of drone 1: Heartbeat timeout
[swarm_manager.log] 2026-02-15 12:15:08,860 - SwarmManager - ERROR - Drone 1 heartbeat timeout
[swarm_manager.log] 2026-02-15 12:15:08,860 - SwarmManager - ERROR - Handling failure of drone 1: Heartbeat timeout
[swarm_manager.log] 2026-02-15 12:15:09,861 - SwarmManager - ERROR - Drone 1 heartbeat timeout
[swarm_manager.log] 2026-02-15 12:15:09,861 - SwarmManager - ERROR - Handling failure of drone 1: Heartbeat timeout
[swarm_manager.log] 2026-02-15 12:15:10,864 - SwarmManager - ERROR - Drone 1 heartbeat timeout
[swarm_manager.log] 2026-02-15 12:15:10,865 - SwarmManager - ERROR - Handling failure of drone 1: Heartbeat timeout
[swarm_manager.log] 2026-02-15 12:15:11,865 - SwarmManager - ERROR - Drone 1 heartbeat timeout
[swarm_manager.log] 2026-02-15 12:15:11,866 - SwarmManager - ERROR - Handling failure of drone 1: Heartbeat timeout
[swarm_manager.log] 2026-02-15 12:15:12,869 - SwarmManager - ERROR - Drone 1 heartbeat timeout
[swarm_manager.log] 2026-02-15 12:15:12,869 - SwarmManager - ERROR - Handling failure of drone 1: Heartbeat timeout
[swarm_manager.log] 2026-02-15 12:15:13,870 - SwarmManager - ERROR - Drone 1 heartbeat timeout
[swarm_manager.log] 2026-02-15 12:15:13,870 - SwarmManager - ERROR - Handling failure of drone 1: Heartbeat timeout
[swarm_manager.log] 2026-02-15 12:15:14,873 - SwarmManager - ERROR - Drone 1 heartbeat timeout
[swarm_manager.log] 2026-02-15 12:15:14,874 - SwarmManager - ERROR - Handling failure of drone 1: Heartbeat timeout
[swarm_manager.log] 2026-02-15 12:15:15,874 - SwarmManager - ERROR - Drone 1 heartbeat timeout
[swarm_manager.log] 2026-02-15 12:15:15,875 - SwarmManager - ERROR - Handling failure of drone 1: Heartbeat timeout
[swarm_manager.log] 2026-02-15 12:15:16,877 - SwarmManager - ERROR - Drone 1 heartbeat timeout
[swarm_manager.log] 2026-02-15 12:15:16,878 - SwarmManager - ERROR - Handling failure of drone 1: Heartbeat timeout
[swarm_manager.log] 2026-02-15 12:15:17,879 - SwarmManager - ERROR - Drone 1 heartbeat timeout
[swarm_manager.log] 2026-02-15 12:15:17,879 - SwarmManager - ERROR - Handling failure of drone 1: Heartbeat timeout
[swarm_manager.log] 2026-02-15 12:15:18,884 - SwarmManager - ERROR - Drone 1 heartbeat timeout
[swarm_manager.log] 2026-02-15 12:15:18,884 - SwarmManager - ERROR - Handling failure of drone 1: Heartbeat timeout
[swarm_manager.log] 2026-02-15 12:15:19,885 - SwarmManager - ERROR - Drone 1 heartbeat timeout
[swarm_manager.log] 2026-02-15 12:15:19,885 - SwarmManager - ERROR - Handling failure of drone 1: Heartbeat timeout
[ml_system.log] 2026-02-15 12:15:18,556 - PhysicalMLTrainer_Drone2 - INFO - Physical ML model trained drone=2 samples=3501 degree=2 alpha=0.0 val_mse=0.004497
[ml_system.log] 2026-02-15 12:15:18,558 - PhysicalMLTrainer_Drone3 - INFO - Physical ML model trained drone=3 samples=3501 degree=2 alpha=0.0 val_mse=0.002018
[ml_system.log] 2026-02-15 12:15:18,637 - PhysicalMLTrainer_Drone4 - INFO - Physical ML model trained drone=4 samples=3501 degree=2 alpha=0.0 val_mse=0.003416
[ml_system.log] 2026-02-15 12:15:18,638 - PhysicalMLTrainer_Drone5 - INFO - Physical ML model trained drone=5 samples=3501 degree=2 alpha=0.0 val_mse=0.007678
[system_20260215_120956.log] 2026-02-15 12:15:18,556 - PhysicalMLTrainer_Drone2 - INFO - Physical ML model trained drone=2 samples=3501 degree=2 alpha=0.0 val_mse=0.004497
[system_20260215_120956.log] 2026-02-15 12:15:18,558 - PhysicalMLTrainer_Drone3 - INFO - Physical ML model trained drone=3 samples=3501 degree=2 alpha=0.0 val_mse=0.002018
[system_20260215_120956.log] 2026-02-15 12:15:18,637 - PhysicalMLTrainer_Drone4 - INFO - Physical ML model trained drone=4 samples=3501 degree=2 alpha=0.0 val_mse=0.003416
[system_20260215_120956.log] 2026-02-15 12:15:18,638 - PhysicalMLTrainer_Drone5 - INFO - Physical ML model trained drone=5 samples=3501 degree=2 alpha=0.0 val_mse=0.007678
[swarm_manager.log] 2026-02-15 12:15:20,889 - SwarmManager - ERROR - Drone 1 heartbeat timeout
[swarm_manager.log] 2026-02-15 12:15:20,889 - SwarmManager - ERROR - Handling failure of drone 1: Heartbeat timeout
[swarm_manager.log] 2026-02-15 12:15:21,890 - SwarmManager - ERROR - Drone 1 heartbeat timeout
[swarm_manager.log] 2026-02-15 12:15:21,890 - SwarmManager - ERROR - Handling failure of drone 1: Heartbeat timeout
[swarm_manager.log] 2026-02-15 12:15:22,893 - SwarmManager - ERROR - Drone 1 heartbeat timeout
[swarm_manager.log] 2026-02-15 12:15:22,894 - SwarmManager - ERROR - Handling failure of drone 1: Heartbeat timeout
[swarm_manager.log] 2026-02-15 12:15:23,894 - SwarmManager - ERROR - Drone 1 heartbeat timeout
[swarm_manager.log] 2026-02-15 12:15:23,895 - SwarmManager - ERROR - Handling failure of drone 1: Heartbeat timeout
[swarm_manager.log] 2026-02-15 12:15:24,898 - SwarmManager - ERROR - Drone 1 heartbeat timeout
[swarm_manager.log] 2026-02-15 12:15:24,898 - SwarmManager - ERROR - Handling failure of drone 1: Heartbeat timeout
[swarm_manager.log] 2026-02-15 12:15:25,899 - SwarmManager - ERROR - Drone 1 heartbeat timeout
[swarm_manager.log] 2026-02-15 12:15:25,899 - SwarmManager - ERROR - Handling failure of drone 1: Heartbeat timeout
[swarm_manager.log] 2026-02-15 12:15:26,903 - SwarmManager - ERROR - Drone 1 heartbeat timeout
[swarm_manager.log] 2026-02-15 12:15:26,904 - SwarmManager - ERROR - Handling failure of drone 1: Heartbeat timeout
[swarm_manager.log] 2026-02-15 12:15:27,904 - SwarmManager - ERROR - Drone 1 heartbeat timeout
[swarm_manager.log] 2026-02-15 12:15:27,905 - SwarmManager - ERROR - Handling failure of drone 1: Heartbeat timeout
[swarm_manager.log] 2026-02-15 12:15:28,908 - SwarmManager - ERROR - Drone 1 heartbeat timeout
[swarm_manager.log] 2026-02-15 12:15:28,908 - SwarmManager - ERROR - Handling failure of drone 1: Heartbeat timeout
[swarm_manager.log] 2026-02-15 12:15:29,909 - SwarmManager - ERROR - Drone 1 heartbeat timeout
[swarm_manager.log] 2026-02-15 12:15:29,909 - SwarmManager - ERROR - Handling failure of drone 1: Heartbeat timeout
[swarm_manager.log] 2026-02-15 12:15:30,912 - SwarmManager - ERROR - Drone 1 heartbeat timeout
[swarm_manager.log] 2026-02-15 12:15:30,912 - SwarmManager - ERROR - Handling failure of drone 1: Heartbeat timeout
[swarm_manager.log] 2026-02-15 12:15:31,913 - SwarmManager - ERROR - Drone 1 heartbeat timeout
[swarm_manager.log] 2026-02-15 12:15:31,913 - SwarmManager - ERROR - Handling failure of drone 1: Heartbeat timeout
[swarm_manager.log] 2026-02-15 12:15:32,916 - SwarmManager - ERROR - Drone 1 heartbeat timeout
[swarm_manager.log] 2026-02-15 12:15:32,916 - SwarmManager - ERROR - Handling failure of drone 1: Heartbeat timeout
[swarm_manager.log] 2026-02-15 12:15:33,917 - SwarmManager - ERROR - Drone 1 heartbeat timeout
[swarm_manager.log] 2026-02-15 12:15:33,917 - SwarmManager - ERROR - Handling failure of drone 1: Heartbeat timeout
[swarm_manager.log] 2026-02-15 12:15:34,920 - SwarmManager - ERROR - Drone 1 heartbeat timeout
[swarm_manager.log] 2026-02-15 12:15:34,920 - SwarmManager - ERROR - Handling failure of drone 1: Heartbeat timeout
[swarm_manager.log] 2026-02-15 12:15:35,922 - SwarmManager - ERROR - Drone 1 heartbeat timeout
[swarm_manager.log] 2026-02-15 12:15:35,922 - SwarmManager - ERROR - Handling failure of drone 1: Heartbeat timeout
[swarm_manager.log] 2026-02-15 12:15:36,925 - SwarmManager - ERROR - Drone 1 heartbeat timeout
[swarm_manager.log] 2026-02-15 12:15:36,925 - SwarmManager - ERROR - Handling failure of drone 1: Heartbeat timeout
[swarm_manager.log] 2026-02-15 12:15:37,926 - SwarmManager - ERROR - Drone 1 heartbeat timeout
[swarm_manager.log] 2026-02-15 12:15:37,926 - SwarmManager - ERROR - Handling failure of drone 1: Heartbeat timeout
[swarm_manager.log] 2026-02-15 12:15:38,929 - SwarmManager - ERROR - Drone 1 heartbeat timeout
[swarm_manager.log] 2026-02-15 12:15:38,929 - SwarmManager - ERROR - Handling failure of drone 1: Heartbeat timeout
[swarm_manager.log] 2026-02-15 12:15:39,930 - SwarmManager - ERROR - Drone 1 heartbeat timeout
[swarm_manager.log] 2026-02-15 12:15:39,931 - SwarmManager - ERROR - Handling failure of drone 1: Heartbeat timeout
[ml_system.log] 2026-02-15 12:15:38,687 - PhysicalMLTrainer_Drone3 - INFO - Physical ML model trained drone=3 samples=3701 degree=2 alpha=0.0 val_mse=0.002354
[ml_system.log] 2026-02-15 12:15:38,688 - PhysicalMLTrainer_Drone2 - INFO - Physical ML model trained drone=2 samples=3701 degree=2 alpha=0.0 val_mse=0.001824
[ml_system.log] 2026-02-15 12:15:38,747 - PhysicalMLTrainer_Drone5 - INFO - Physical ML model trained drone=5 samples=3701 degree=2 alpha=0.0 val_mse=0.002062
[ml_system.log] 2026-02-15 12:15:38,748 - PhysicalMLTrainer_Drone4 - INFO - Physical ML model trained drone=4 samples=3701 degree=2 alpha=0.0 val_mse=0.000703
[system_20260215_120956.log] 2026-02-15 12:15:38,687 - PhysicalMLTrainer_Drone3 - INFO - Physical ML model trained drone=3 samples=3701 degree=2 alpha=0.0 val_mse=0.002354
[system_20260215_120956.log] 2026-02-15 12:15:38,688 - PhysicalMLTrainer_Drone2 - INFO - Physical ML model trained drone=2 samples=3701 degree=2 alpha=0.0 val_mse=0.001824
[system_20260215_120956.log] 2026-02-15 12:15:38,747 - PhysicalMLTrainer_Drone5 - INFO - Physical ML model trained drone=5 samples=3701 degree=2 alpha=0.0 val_mse=0.002062
[system_20260215_120956.log] 2026-02-15 12:15:38,748 - PhysicalMLTrainer_Drone4 - INFO - Physical ML model trained drone=4 samples=3701 degree=2 alpha=0.0 val_mse=0.000703
[swarm_manager.log] 2026-02-15 12:15:40,935 - SwarmManager - ERROR - Drone 1 heartbeat timeout
[swarm_manager.log] 2026-02-15 12:15:40,936 - SwarmManager - ERROR - Handling failure of drone 1: Heartbeat timeout
[swarm_manager.log] 2026-02-15 12:15:41,937 - SwarmManager - ERROR - Drone 1 heartbeat timeout
[swarm_manager.log] 2026-02-15 12:15:41,937 - SwarmManager - ERROR - Handling failure of drone 1: Heartbeat timeout
[swarm_manager.log] 2026-02-15 12:15:42,940 - SwarmManager - ERROR - Drone 1 heartbeat timeout
[swarm_manager.log] 2026-02-15 12:15:42,940 - SwarmManager - ERROR - Handling failure of drone 1: Heartbeat timeout
[swarm_manager.log] 2026-02-15 12:15:43,941 - SwarmManager - ERROR - Drone 1 heartbeat timeout
[swarm_manager.log] 2026-02-15 12:15:43,941 - SwarmManager - ERROR - Handling failure of drone 1: Heartbeat timeout
[swarm_manager.log] 2026-02-15 12:15:44,944 - SwarmManager - ERROR - Drone 1 heartbeat timeout
[swarm_manager.log] 2026-02-15 12:15:44,944 - SwarmManager - ERROR - Handling failure of drone 1: Heartbeat timeout
[swarm_manager.log] 2026-02-15 12:15:45,945 - SwarmManager - ERROR - Drone 1 heartbeat timeout
[swarm_manager.log] 2026-02-15 12:15:45,945 - SwarmManager - ERROR - Handling failure of drone 1: Heartbeat timeout
[swarm_manager.log] 2026-02-15 12:15:46,949 - SwarmManager - ERROR - Drone 1 heartbeat timeout
[swarm_manager.log] 2026-02-15 12:15:46,949 - SwarmManager - ERROR - Handling failure of drone 1: Heartbeat timeout
[swarm_manager.log] 2026-02-15 12:15:47,950 - SwarmManager - ERROR - Drone 1 heartbeat timeout
[swarm_manager.log] 2026-02-15 12:15:47,950 - SwarmManager - ERROR - Handling failure of drone 1: Heartbeat timeout
[swarm_manager.log] 2026-02-15 12:15:48,953 - SwarmManager - ERROR - Drone 1 heartbeat timeout
[swarm_manager.log] 2026-02-15 12:15:48,954 - SwarmManager - ERROR - Handling failure of drone 1: Heartbeat timeout
[swarm_manager.log] 2026-02-15 12:15:49,955 - SwarmManager - ERROR - Drone 1 heartbeat timeout
[swarm_manager.log] 2026-02-15 12:15:49,955 - SwarmManager - ERROR - Handling failure of drone 1: Heartbeat timeout
[swarm_manager.log] 2026-02-15 12:15:50,958 - SwarmManager - ERROR - Drone 1 heartbeat timeout
[swarm_manager.log] 2026-02-15 12:15:50,959 - SwarmManager - ERROR - Handling failure of drone 1: Heartbeat timeout
[swarm_manager.log] 2026-02-15 12:15:51,960 - SwarmManager - ERROR - Drone 1 heartbeat timeout
[swarm_manager.log] 2026-02-15 12:15:51,960 - SwarmManager - ERROR - Handling failure of drone 1: Heartbeat timeout
[swarm_manager.log] 2026-02-15 12:15:52,963 - SwarmManager - ERROR - Drone 1 heartbeat timeout
[swarm_manager.log] 2026-02-15 12:15:52,963 - SwarmManager - ERROR - Handling failure of drone 1: Heartbeat timeout
[swarm_manager.log] 2026-02-15 12:15:53,964 - SwarmManager - ERROR - Drone 1 heartbeat timeout
[swarm_manager.log] 2026-02-15 12:15:53,964 - SwarmManager - ERROR - Handling failure of drone 1: Heartbeat timeout
[swarm_manager.log] 2026-02-15 12:15:54,967 - SwarmManager - ERROR - Drone 1 heartbeat timeout
[swarm_manager.log] 2026-02-15 12:15:54,967 - SwarmManager - ERROR - Handling failure of drone 1: Heartbeat timeout
[swarm_manager.log] 2026-02-15 12:15:55,968 - SwarmManager - ERROR - Drone 1 heartbeat timeout
[swarm_manager.log] 2026-02-15 12:15:55,969 - SwarmManager - ERROR - Handling failure of drone 1: Heartbeat timeout
[swarm_manager.log] 2026-02-15 12:15:56,972 - SwarmManager - ERROR - Drone 1 heartbeat timeout
[swarm_manager.log] 2026-02-15 12:15:56,972 - SwarmManager - ERROR - Handling failure of drone 1: Heartbeat timeout
[swarm_manager.log] 2026-02-15 12:15:57,973 - SwarmManager - ERROR - Drone 1 heartbeat timeout
[swarm_manager.log] 2026-02-15 12:15:57,973 - SwarmManager - ERROR - Handling failure of drone 1: Heartbeat timeout
[swarm_manager.log] 2026-02-15 12:15:58,976 - SwarmManager - ERROR - Drone 1 heartbeat timeout
[swarm_manager.log] 2026-02-15 12:15:58,976 - SwarmManager - ERROR - Handling failure of drone 1: Heartbeat timeout
[swarm_manager.log] 2026-02-15 12:15:59,977 - SwarmManager - ERROR - Drone 1 heartbeat timeout
[swarm_manager.log] 2026-02-15 12:15:59,977 - SwarmManager - ERROR - Handling failure of drone 1: Heartbeat timeout
[ml_system.log] 2026-02-15 12:15:58,814 - PhysicalMLTrainer_Drone2 - INFO - Physical ML model trained drone=2 samples=3901 degree=2 alpha=0.0 val_mse=0.000594
[ml_system.log] 2026-02-15 12:15:58,815 - PhysicalMLTrainer_Drone3 - INFO - Physical ML model trained drone=3 samples=3901 degree=2 alpha=0.0 val_mse=0.001422
[ml_system.log] 2026-02-15 12:15:58,875 - PhysicalMLTrainer_Drone4 - INFO - Physical ML model trained drone=4 samples=3901 degree=2 alpha=1.0 val_mse=0.000695
[ml_system.log] 2026-02-15 12:15:58,875 - PhysicalMLTrainer_Drone5 - INFO - Physical ML model trained drone=5 samples=3901 degree=2 alpha=0.0 val_mse=0.000610
[system_20260215_120956.log] 2026-02-15 12:15:58,814 - PhysicalMLTrainer_Drone2 - INFO - Physical ML model trained drone=2 samples=3901 degree=2 alpha=0.0 val_mse=0.000594
[system_20260215_120956.log] 2026-02-15 12:15:58,815 - PhysicalMLTrainer_Drone3 - INFO - Physical ML model trained drone=3 samples=3901 degree=2 alpha=0.0 val_mse=0.001422
[system_20260215_120956.log] 2026-02-15 12:15:58,875 - PhysicalMLTrainer_Drone4 - INFO - Physical ML model trained drone=4 samples=3901 degree=2 alpha=1.0 val_mse=0.000695
[system_20260215_120956.log] 2026-02-15 12:15:58,875 - PhysicalMLTrainer_Drone5 - INFO - Physical ML model trained drone=5 samples=3901 degree=2 alpha=0.0 val_mse=0.000610
[swarm_manager.log] 2026-02-15 12:16:00,984 - SwarmManager - ERROR - Drone 1 heartbeat timeout
[swarm_manager.log] 2026-02-15 12:16:00,984 - SwarmManager - ERROR - Handling failure of drone 1: Heartbeat timeout
[swarm_manager.log] 2026-02-15 12:16:01,985 - SwarmManager - ERROR - Drone 1 heartbeat timeout
[swarm_manager.log] 2026-02-15 12:16:01,985 - SwarmManager - ERROR - Handling failure of drone 1: Heartbeat timeout
[swarm_manager.log] 2026-02-15 12:16:02,989 - SwarmManager - ERROR - Drone 1 heartbeat timeout
[swarm_manager.log] 2026-02-15 12:16:02,989 - SwarmManager - ERROR - Handling failure of drone 1: Heartbeat timeout
[swarm_manager.log] 2026-02-15 12:16:03,990 - SwarmManager - ERROR - Drone 1 heartbeat timeout
[swarm_manager.log] 2026-02-15 12:16:03,990 - SwarmManager - ERROR - Handling failure of drone 1: Heartbeat timeout
[swarm_manager.log] 2026-02-15 12:16:04,993 - SwarmManager - ERROR - Drone 1 heartbeat timeout
[swarm_manager.log] 2026-02-15 12:16:04,993 - SwarmManager - ERROR - Handling failure of drone 1: Heartbeat timeout
[swarm_manager.log] 2026-02-15 12:16:05,994 - SwarmManager - ERROR - Drone 1 heartbeat timeout
[swarm_manager.log] 2026-02-15 12:16:05,995 - SwarmManager - ERROR - Handling failure of drone 1: Heartbeat timeout
[swarm_manager.log] 2026-02-15 12:16:06,998 - SwarmManager - ERROR - Drone 1 heartbeat timeout
[swarm_manager.log] 2026-02-15 12:16:06,998 - SwarmManager - ERROR - Handling failure of drone 1: Heartbeat timeout
[swarm_manager.log] 2026-02-15 12:16:07,999 - SwarmManager - ERROR - Drone 1 heartbeat timeout
[swarm_manager.log] 2026-02-15 12:16:07,999 - SwarmManager - ERROR - Handling failure of drone 1: Heartbeat timeout
[swarm_manager.log] 2026-02-15 12:16:09,002 - SwarmManager - ERROR - Drone 1 heartbeat timeout
[swarm_manager.log] 2026-02-15 12:16:09,002 - SwarmManager - ERROR - Handling failure of drone 1: Heartbeat timeout
[swarm_manager.log] 2026-02-15 12:16:10,003 - SwarmManager - ERROR - Drone 1 heartbeat timeout
[swarm_manager.log] 2026-02-15 12:16:10,003 - SwarmManager - ERROR - Handling failure of drone 1: Heartbeat timeout
[swarm_manager.log] 2026-02-15 12:16:11,006 - SwarmManager - ERROR - Drone 1 heartbeat timeout
[swarm_manager.log] 2026-02-15 12:16:11,006 - SwarmManager - ERROR - Handling failure of drone 1: Heartbeat timeout
[swarm_manager.log] 2026-02-15 12:16:12,007 - SwarmManager - ERROR - Drone 1 heartbeat timeout
[swarm_manager.log] 2026-02-15 12:16:12,007 - SwarmManager - ERROR - Handling failure of drone 1: Heartbeat timeout
[swarm_manager.log] 2026-02-15 12:16:13,011 - SwarmManager - ERROR - Drone 1 heartbeat timeout
[swarm_manager.log] 2026-02-15 12:16:13,011 - SwarmManager - ERROR - Handling failure of drone 1: Heartbeat timeout
[swarm_manager.log] 2026-02-15 12:16:14,011 - SwarmManager - ERROR - Drone 1 heartbeat timeout
[swarm_manager.log] 2026-02-15 12:16:14,012 - SwarmManager - ERROR - Handling failure of drone 1: Heartbeat timeout
[swarm_manager.log] 2026-02-15 12:16:15,015 - SwarmManager - ERROR - Drone 1 heartbeat timeout
[swarm_manager.log] 2026-02-15 12:16:15,015 - SwarmManager - ERROR - Handling failure of drone 1: Heartbeat timeout
[swarm_manager.log] 2026-02-15 12:16:16,015 - SwarmManager - ERROR - Drone 1 heartbeat timeout
[swarm_manager.log] 2026-02-15 12:16:16,016 - SwarmManager - ERROR - Handling failure of drone 1: Heartbeat timeout
[swarm_manager.log] 2026-02-15 12:16:17,019 - SwarmManager - ERROR - Drone 1 heartbeat timeout
[swarm_manager.log] 2026-02-15 12:16:17,019 - SwarmManager - ERROR - Handling failure of drone 1: Heartbeat timeout
[swarm_manager.log] 2026-02-15 12:16:18,020 - SwarmManager - ERROR - Drone 1 heartbeat timeout
[swarm_manager.log] 2026-02-15 12:16:18,021 - SwarmManager - ERROR - Handling failure of drone 1: Heartbeat timeout
[swarm_manager.log] 2026-02-15 12:16:19,024 - SwarmManager - ERROR - Drone 1 heartbeat timeout
[swarm_manager.log] 2026-02-15 12:16:19,024 - SwarmManager - ERROR - Handling failure of drone 1: Heartbeat timeout
[swarm_manager.log] 2026-02-15 12:16:20,025 - SwarmManager - ERROR - Drone 1 heartbeat timeout
[swarm_manager.log] 2026-02-15 12:16:20,025 - SwarmManager - ERROR - Handling failure of drone 1: Heartbeat timeout
[ml_system.log] 2026-02-15 12:16:18,950 - PhysicalMLTrainer_Drone3 - INFO - Physical ML model trained drone=3 samples=4101 degree=2 alpha=0.0 val_mse=0.000527
[ml_system.log] 2026-02-15 12:16:18,950 - PhysicalMLTrainer_Drone2 - INFO - Physical ML model trained drone=2 samples=4101 degree=2 alpha=0.1 val_mse=0.000496
[ml_system.log] 2026-02-15 12:16:18,988 - PhysicalMLTrainer_Drone5 - INFO - Physical ML model trained drone=5 samples=4101 degree=2 alpha=1.0 val_mse=0.000633
[ml_system.log] 2026-02-15 12:16:18,989 - PhysicalMLTrainer_Drone4 - INFO - Physical ML model trained drone=4 samples=4101 degree=2 alpha=1.0 val_mse=0.000213
[system_20260215_120956.log] 2026-02-15 12:16:18,950 - PhysicalMLTrainer_Drone3 - INFO - Physical ML model trained drone=3 samples=4101 degree=2 alpha=0.0 val_mse=0.000527
[system_20260215_120956.log] 2026-02-15 12:16:18,950 - PhysicalMLTrainer_Drone2 - INFO - Physical ML model trained drone=2 samples=4101 degree=2 alpha=0.1 val_mse=0.000496
[system_20260215_120956.log] 2026-02-15 12:16:18,988 - PhysicalMLTrainer_Drone5 - INFO - Physical ML model trained drone=5 samples=4101 degree=2 alpha=1.0 val_mse=0.000633
[system_20260215_120956.log] 2026-02-15 12:16:18,989 - PhysicalMLTrainer_Drone4 - INFO - Physical ML model trained drone=4 samples=4101 degree=2 alpha=1.0 val_mse=0.000213
[swarm_manager.log] 2026-02-15 12:16:21,029 - SwarmManager - ERROR - Drone 1 heartbeat timeout
[swarm_manager.log] 2026-02-15 12:16:21,029 - SwarmManager - ERROR - Handling failure of drone 1: Heartbeat timeout
[swarm_manager.log] 2026-02-15 12:16:22,030 - SwarmManager - ERROR - Drone 1 heartbeat timeout
[swarm_manager.log] 2026-02-15 12:16:22,030 - SwarmManager - ERROR - Handling failure of drone 1: Heartbeat timeout
[swarm_manager.log] 2026-02-15 12:16:23,034 - SwarmManager - ERROR - Drone 1 heartbeat timeout
[swarm_manager.log] 2026-02-15 12:16:23,034 - SwarmManager - ERROR - Handling failure of drone 1: Heartbeat timeout
[swarm_manager.log] 2026-02-15 12:16:24,035 - SwarmManager - ERROR - Drone 1 heartbeat timeout
[swarm_manager.log] 2026-02-15 12:16:24,035 - SwarmManager - ERROR - Handling failure of drone 1: Heartbeat timeout
[swarm_manager.log] 2026-02-15 12:16:25,038 - SwarmManager - ERROR - Drone 1 heartbeat timeout
[swarm_manager.log] 2026-02-15 12:16:25,038 - SwarmManager - ERROR - Handling failure of drone 1: Heartbeat timeout
[swarm_manager.log] 2026-02-15 12:16:26,039 - SwarmManager - ERROR - Drone 1 heartbeat timeout
[swarm_manager.log] 2026-02-15 12:16:26,039 - SwarmManager - ERROR - Handling failure of drone 1: Heartbeat timeout
[system_20260215_120956.log] 2026-02-15 12:16:25,378 - Drone_2 - INFO - Drone 2: Reached home position
[system_20260215_120956.log] 2026-02-15 12:16:25,379 - Drone_2 - INFO - Drone 2: Landing initiated
[system_20260215_120956.log] 2026-02-15 12:16:25,523 - Drone_4 - INFO - Drone 4: Reached home position
[system_20260215_120956.log] 2026-02-15 12:16:25,524 - Drone_4 - INFO - Drone 4: Landing initiated
[system_20260215_120956.log] 2026-02-15 12:16:25,527 - Drone_5 - INFO - Drone 5: Reached home position
[system_20260215_120956.log] 2026-02-15 12:16:25,527 - Drone_5 - INFO - Drone 5: Landing initiated
[system_20260215_120956.log] 2026-02-15 12:16:25,882 - Drone_2 - INFO - Drone 2: Landed safely
[system_20260215_120956.log] 2026-02-15 12:16:26,026 - Drone_4 - INFO - Drone 4: Landed safely
[system_20260215_120956.log] 2026-02-15 12:16:26,030 - Drone_5 - INFO - Drone 5: Landed safely
[swarm_manager.log] 2026-02-15 12:16:27,044 - SwarmManager - ERROR - Drone 1 heartbeat timeout
[swarm_manager.log] 2026-02-15 12:16:27,044 - SwarmManager - ERROR - Handling failure of drone 1: Heartbeat timeout
[swarm_manager.log] 2026-02-15 12:16:28,045 - SwarmManager - ERROR - Drone 1 heartbeat timeout
[swarm_manager.log] 2026-02-15 12:16:28,046 - SwarmManager - ERROR - Handling failure of drone 1: Heartbeat timeout
[system_20260215_120956.log] 2026-02-15 12:16:26,043 - DroneStateManager - INFO - Drone 2 state transition RETURNING_HOME -> IDLE
[system_20260215_120956.log] 2026-02-15 12:16:26,043 - DroneStateManager - INFO - Drone 4 state transition RETURNING_HOME -> IDLE
[system_20260215_120956.log] 2026-02-15 12:16:26,043 - DroneStateManager - INFO - Drone 5 state transition RETURNING_HOME -> IDLE
[swarm_manager.log] 2026-02-15 12:16:29,053 - SwarmManager - ERROR - Drone 1 heartbeat timeout
[swarm_manager.log] 2026-02-15 12:16:29,053 - SwarmManager - ERROR - Handling failure of drone 1: Heartbeat timeout
[swarm_manager.log] 2026-02-15 12:16:30,054 - SwarmManager - ERROR - Drone 1 heartbeat timeout
[swarm_manager.log] 2026-02-15 12:16:30,054 - SwarmManager - ERROR - Handling failure of drone 1: Heartbeat timeout
[swarm_manager.log] 2026-02-15 12:16:31,057 - SwarmManager - ERROR - Drone 1 heartbeat timeout
[swarm_manager.log] 2026-02-15 12:16:31,057 - SwarmManager - ERROR - Handling failure of drone 1: Heartbeat timeout
[swarm_manager.log] 2026-02-15 12:16:32,058 - SwarmManager - ERROR - Drone 1 heartbeat timeout
[swarm_manager.log] 2026-02-15 12:16:32,058 - SwarmManager - ERROR - Handling failure of drone 1: Heartbeat timeout
[swarm_manager.log] 2026-02-15 12:16:33,062 - SwarmManager - ERROR - Drone 1 heartbeat timeout
[swarm_manager.log] 2026-02-15 12:16:33,062 - SwarmManager - ERROR - Handling failure of drone 1: Heartbeat timeout
[swarm_manager.log] 2026-02-15 12:16:34,063 - SwarmManager - ERROR - Drone 1 heartbeat timeout
[swarm_manager.log] 2026-02-15 12:16:34,063 - SwarmManager - ERROR - Handling failure of drone 1: Heartbeat timeout
[swarm_manager.log] 2026-02-15 12:16:35,066 - SwarmManager - ERROR - Drone 1 heartbeat timeout
[swarm_manager.log] 2026-02-15 12:16:35,066 - SwarmManager - ERROR - Handling failure of drone 1: Heartbeat timeout
[swarm_manager.log] 2026-02-15 12:16:36,067 - SwarmManager - ERROR - Drone 1 heartbeat timeout
[swarm_manager.log] 2026-02-15 12:16:36,067 - SwarmManager - ERROR - Handling failure of drone 1: Heartbeat timeout
[swarm_manager.log] 2026-02-15 12:16:37,070 - SwarmManager - ERROR - Drone 1 heartbeat timeout
[swarm_manager.log] 2026-02-15 12:16:37,070 - SwarmManager - ERROR - Handling failure of drone 1: Heartbeat timeout
[swarm_manager.log] 2026-02-15 12:16:38,071 - SwarmManager - ERROR - Drone 1 heartbeat timeout
[swarm_manager.log] 2026-02-15 12:16:38,071 - SwarmManager - ERROR - Handling failure of drone 1: Heartbeat timeout
[swarm_manager.log] 2026-02-15 12:16:39,074 - SwarmManager - ERROR - Drone 1 heartbeat timeout
[swarm_manager.log] 2026-02-15 12:16:39,074 - SwarmManager - ERROR - Handling failure of drone 1: Heartbeat timeout
[swarm_manager.log] 2026-02-15 12:16:40,076 - SwarmManager - ERROR - Drone 1 heartbeat timeout
[swarm_manager.log] 2026-02-15 12:16:40,076 - SwarmManager - ERROR - Handling failure of drone 1: Heartbeat timeout
[ml_system.log] 2026-02-15 12:16:39,063 - PhysicalMLTrainer_Drone2 - INFO - Physical ML model trained drone=2 samples=4301 degree=2 alpha=1.0 val_mse=0.000683
[ml_system.log] 2026-02-15 12:16:39,064 - PhysicalMLTrainer_Drone3 - INFO - Physical ML model trained drone=3 samples=4301 degree=2 alpha=0.0 val_mse=0.000118
[ml_system.log] 2026-02-15 12:16:39,112 - PhysicalMLTrainer_Drone4 - INFO - Physical ML model trained drone=4 samples=4301 degree=2 alpha=0.1 val_mse=0.000240
[ml_system.log] 2026-02-15 12:16:39,117 - PhysicalMLTrainer_Drone5 - INFO - Physical ML model trained drone=5 samples=4301 degree=2 alpha=1.0 val_mse=0.000206
[system_20260215_120956.log] 2026-02-15 12:16:39,063 - PhysicalMLTrainer_Drone2 - INFO - Physical ML model trained drone=2 samples=4301 degree=2 alpha=1.0 val_mse=0.000683
[system_20260215_120956.log] 2026-02-15 12:16:39,064 - PhysicalMLTrainer_Drone3 - INFO - Physical ML model trained drone=3 samples=4301 degree=2 alpha=0.0 val_mse=0.000118
[system_20260215_120956.log] 2026-02-15 12:16:39,112 - PhysicalMLTrainer_Drone4 - INFO - Physical ML model trained drone=4 samples=4301 degree=2 alpha=0.1 val_mse=0.000240
[system_20260215_120956.log] 2026-02-15 12:16:39,117 - PhysicalMLTrainer_Drone5 - INFO - Physical ML model trained drone=5 samples=4301 degree=2 alpha=1.0 val_mse=0.000206
[swarm_manager.log] 2026-02-15 12:16:41,079 - SwarmManager - ERROR - Drone 1 heartbeat timeout
[swarm_manager.log] 2026-02-15 12:16:41,080 - SwarmManager - ERROR - Handling failure of drone 1: Heartbeat timeout
[swarm_manager.log] 2026-02-15 12:16:42,080 - SwarmManager - ERROR - Drone 1 heartbeat timeout
[swarm_manager.log] 2026-02-15 12:16:42,081 - SwarmManager - ERROR - Handling failure of drone 1: Heartbeat timeout
[swarm_manager.log] 2026-02-15 12:16:43,085 - SwarmManager - ERROR - Drone 1 heartbeat timeout
[swarm_manager.log] 2026-02-15 12:16:43,086 - SwarmManager - ERROR - Handling failure of drone 1: Heartbeat timeout
[swarm_manager.log] 2026-02-15 12:16:44,087 - SwarmManager - ERROR - Drone 1 heartbeat timeout
[swarm_manager.log] 2026-02-15 12:16:44,087 - SwarmManager - ERROR - Handling failure of drone 1: Heartbeat timeout
[swarm_manager.log] 2026-02-15 12:16:45,090 - SwarmManager - ERROR - Drone 1 heartbeat timeout
[swarm_manager.log] 2026-02-15 12:16:45,090 - SwarmManager - ERROR - Handling failure of drone 1: Heartbeat timeout
[swarm_manager.log] 2026-02-15 12:16:46,091 - SwarmManager - ERROR - Drone 1 heartbeat timeout
[swarm_manager.log] 2026-02-15 12:16:46,091 - SwarmManager - ERROR - Handling failure of drone 1: Heartbeat timeout
[swarm_manager.log] 2026-02-15 12:16:47,095 - SwarmManager - ERROR - Drone 1 heartbeat timeout
[swarm_manager.log] 2026-02-15 12:16:47,095 - SwarmManager - ERROR - Handling failure of drone 1: Heartbeat timeout
[swarm_manager.log] 2026-02-15 12:16:48,096 - SwarmManager - ERROR - Drone 1 heartbeat timeout
[swarm_manager.log] 2026-02-15 12:16:48,097 - SwarmManager - ERROR - Handling failure of drone 1: Heartbeat timeout
[swarm_manager.log] 2026-02-15 12:16:49,100 - SwarmManager - ERROR - Drone 1 heartbeat timeout
[swarm_manager.log] 2026-02-15 12:16:49,100 - SwarmManager - ERROR - Handling failure of drone 1: Heartbeat timeout
[swarm_manager.log] 2026-02-15 12:16:50,101 - SwarmManager - ERROR - Drone 1 heartbeat timeout
[swarm_manager.log] 2026-02-15 12:16:50,101 - SwarmManager - ERROR - Handling failure of drone 1: Heartbeat timeout
[swarm_manager.log] 2026-02-15 12:16:51,104 - SwarmManager - ERROR - Drone 1 heartbeat timeout
[swarm_manager.log] 2026-02-15 12:16:51,104 - SwarmManager - ERROR - Handling failure of drone 1: Heartbeat timeout
[swarm_manager.log] 2026-02-15 12:16:52,105 - SwarmManager - ERROR - Drone 1 heartbeat timeout
[swarm_manager.log] 2026-02-15 12:16:52,106 - SwarmManager - ERROR - Handling failure of drone 1: Heartbeat timeout
[swarm_manager.log] 2026-02-15 12:16:53,109 - SwarmManager - ERROR - Drone 1 heartbeat timeout
[swarm_manager.log] 2026-02-15 12:16:53,110 - SwarmManager - ERROR - Handling failure of drone 1: Heartbeat timeout
[swarm_manager.log] 2026-02-15 12:16:54,110 - SwarmManager - ERROR - Drone 1 heartbeat timeout
[swarm_manager.log] 2026-02-15 12:16:54,110 - SwarmManager - ERROR - Handling failure of drone 1: Heartbeat timeout
[swarm_manager.log] 2026-02-15 12:16:55,114 - SwarmManager - ERROR - Drone 1 heartbeat timeout
[swarm_manager.log] 2026-02-15 12:16:55,114 - SwarmManager - ERROR - Handling failure of drone 1: Heartbeat timeout
[swarm_manager.log] 2026-02-15 12:16:56,115 - SwarmManager - ERROR - Drone 1 heartbeat timeout
[swarm_manager.log] 2026-02-15 12:16:56,115 - SwarmManager - ERROR - Handling failure of drone 1: Heartbeat timeout
[swarm_manager.log] 2026-02-15 12:16:57,118 - SwarmManager - ERROR - Drone 1 heartbeat timeout
[swarm_manager.log] 2026-02-15 12:16:57,118 - SwarmManager - ERROR - Handling failure of drone 1: Heartbeat timeout
[swarm_manager.log] 2026-02-15 12:16:58,120 - SwarmManager - ERROR - Drone 1 heartbeat timeout
[swarm_manager.log] 2026-02-15 12:16:58,120 - SwarmManager - ERROR - Handling failure of drone 1: Heartbeat timeout
[swarm_manager.log] 2026-02-15 12:16:59,127 - SwarmManager - ERROR - Drone 1 heartbeat timeout
[swarm_manager.log] 2026-02-15 12:16:59,127 - SwarmManager - ERROR - Handling failure of drone 1: Heartbeat timeout
[swarm_manager.log] 2026-02-15 12:17:00,128 - SwarmManager - ERROR - Drone 1 heartbeat timeout
[swarm_manager.log] 2026-02-15 12:17:00,128 - SwarmManager - ERROR - Handling failure of drone 1: Heartbeat timeout
[ml_system.log] 2026-02-15 12:16:59,191 - PhysicalMLTrainer_Drone3 - INFO - Physical ML model trained drone=3 samples=4501 degree=2 alpha=0.0 val_mse=0.000098
[ml_system.log] 2026-02-15 12:16:59,192 - PhysicalMLTrainer_Drone2 - INFO - Physical ML model trained drone=2 samples=4501 degree=2 alpha=0.1 val_mse=0.000361
[ml_system.log] 2026-02-15 12:16:59,212 - PhysicalMLTrainer_Drone4 - INFO - Physical ML model trained drone=4 samples=4501 degree=2 alpha=0.01 val_mse=0.000176
[ml_system.log] 2026-02-15 12:16:59,231 - PhysicalMLTrainer_Drone5 - INFO - Physical ML model trained drone=5 samples=4501 degree=2 alpha=0.01 val_mse=0.000148
[system_20260215_120956.log] 2026-02-15 12:16:59,191 - PhysicalMLTrainer_Drone3 - INFO - Physical ML model trained drone=3 samples=4501 degree=2 alpha=0.0 val_mse=0.000098
[system_20260215_120956.log] 2026-02-15 12:16:59,192 - PhysicalMLTrainer_Drone2 - INFO - Physical ML model trained drone=2 samples=4501 degree=2 alpha=0.1 val_mse=0.000361
[system_20260215_120956.log] 2026-02-15 12:16:59,212 - PhysicalMLTrainer_Drone4 - INFO - Physical ML model trained drone=4 samples=4501 degree=2 alpha=0.01 val_mse=0.000176
[system_20260215_120956.log] 2026-02-15 12:16:59,231 - PhysicalMLTrainer_Drone5 - INFO - Physical ML model trained drone=5 samples=4501 degree=2 alpha=0.01 val_mse=0.000148
[swarm_manager.log] 2026-02-15 12:17:01,137 - SwarmManager - ERROR - Drone 1 heartbeat timeout
[swarm_manager.log] 2026-02-15 12:17:01,137 - SwarmManager - ERROR - Handling failure of drone 1: Heartbeat timeout
[swarm_manager.log] 2026-02-15 12:17:02,138 - SwarmManager - ERROR - Drone 1 heartbeat timeout
[swarm_manager.log] 2026-02-15 12:17:02,138 - SwarmManager - ERROR - Handling failure of drone 1: Heartbeat timeout
[swarm_manager.log] 2026-02-15 12:17:03,141 - SwarmManager - ERROR - Drone 1 heartbeat timeout
[swarm_manager.log] 2026-02-15 12:17:03,142 - SwarmManager - ERROR - Handling failure of drone 1: Heartbeat timeout
[swarm_manager.log] 2026-02-15 12:17:04,143 - SwarmManager - ERROR - Drone 1 heartbeat timeout
[swarm_manager.log] 2026-02-15 12:17:04,143 - SwarmManager - ERROR - Handling failure of drone 1: Heartbeat timeout
[swarm_manager.log] 2026-02-15 12:17:05,145 - SwarmManager - ERROR - Drone 1 heartbeat timeout
[swarm_manager.log] 2026-02-15 12:17:05,146 - SwarmManager - ERROR - Handling failure of drone 1: Heartbeat timeout
[swarm_manager.log] 2026-02-15 12:17:06,147 - SwarmManager - ERROR - Drone 1 heartbeat timeout
[swarm_manager.log] 2026-02-15 12:17:06,148 - SwarmManager - ERROR - Handling failure of drone 1: Heartbeat timeout
[swarm_manager.log] 2026-02-15 12:17:07,151 - SwarmManager - ERROR - Drone 1 heartbeat timeout
[swarm_manager.log] 2026-02-15 12:17:07,151 - SwarmManager - ERROR - Handling failure of drone 1: Heartbeat timeout
[swarm_manager.log] 2026-02-15 12:17:08,152 - SwarmManager - ERROR - Drone 1 heartbeat timeout
[swarm_manager.log] 2026-02-15 12:17:08,152 - SwarmManager - ERROR - Handling failure of drone 1: Heartbeat timeout
[swarm_manager.log] 2026-02-15 12:17:09,155 - SwarmManager - ERROR - Drone 1 heartbeat timeout
[swarm_manager.log] 2026-02-15 12:17:09,157 - SwarmManager - ERROR - Handling failure of drone 1: Heartbeat timeout
[swarm_manager.log] 2026-02-15 12:17:10,157 - SwarmManager - ERROR - Drone 1 heartbeat timeout
[swarm_manager.log] 2026-02-15 12:17:10,158 - SwarmManager - ERROR - Handling failure of drone 1: Heartbeat timeout
[swarm_manager.log] 2026-02-15 12:17:11,161 - SwarmManager - ERROR - Drone 1 heartbeat timeout
[swarm_manager.log] 2026-02-15 12:17:11,161 - SwarmManager - ERROR - Handling failure of drone 1: Heartbeat timeout
[swarm_manager.log] 2026-02-15 12:17:12,162 - SwarmManager - ERROR - Drone 1 heartbeat timeout
[swarm_manager.log] 2026-02-15 12:17:12,162 - SwarmManager - ERROR - Handling failure of drone 1: Heartbeat timeout
[swarm_manager.log] 2026-02-15 12:17:13,166 - SwarmManager - ERROR - Drone 1 heartbeat timeout
[swarm_manager.log] 2026-02-15 12:17:13,166 - SwarmManager - ERROR - Handling failure of drone 1: Heartbeat timeout
[swarm_manager.log] 2026-02-15 12:17:14,168 - SwarmManager - ERROR - Drone 1 heartbeat timeout
[swarm_manager.log] 2026-02-15 12:17:14,168 - SwarmManager - ERROR - Handling failure of drone 1: Heartbeat timeout
[swarm_manager.log] 2026-02-15 12:17:15,171 - SwarmManager - ERROR - Drone 1 heartbeat timeout
[swarm_manager.log] 2026-02-15 12:17:15,171 - SwarmManager - ERROR - Handling failure of drone 1: Heartbeat timeout
[swarm_manager.log] 2026-02-15 12:17:16,172 - SwarmManager - ERROR - Drone 1 heartbeat timeout
[swarm_manager.log] 2026-02-15 12:17:16,172 - SwarmManager - ERROR - Handling failure of drone 1: Heartbeat timeout
[swarm_manager.log] 2026-02-15 12:17:17,175 - SwarmManager - ERROR - Drone 1 heartbeat timeout
[swarm_manager.log] 2026-02-15 12:17:17,176 - SwarmManager - ERROR - Handling failure of drone 1: Heartbeat timeout
[swarm_manager.log] 2026-02-15 12:17:18,176 - SwarmManager - ERROR - Drone 1 heartbeat timeout
[swarm_manager.log] 2026-02-15 12:17:18,177 - SwarmManager - ERROR - Handling failure of drone 1: Heartbeat timeout
[swarm_manager.log] 2026-02-15 12:17:19,180 - SwarmManager - ERROR - Drone 1 heartbeat timeout
[swarm_manager.log] 2026-02-15 12:17:19,180 - SwarmManager - ERROR - Handling failure of drone 1: Heartbeat timeout
[swarm_manager.log] 2026-02-15 12:17:20,181 - SwarmManager - ERROR - Drone 1 heartbeat timeout
[swarm_manager.log] 2026-02-15 12:17:20,181 - SwarmManager - ERROR - Handling failure of drone 1: Heartbeat timeout
[ml_system.log] 2026-02-15 12:17:19,338 - PhysicalMLTrainer_Drone2 - INFO - Physical ML model trained drone=2 samples=4701 degree=2 alpha=0.0 val_mse=0.000117
[ml_system.log] 2026-02-15 12:17:19,338 - PhysicalMLTrainer_Drone4 - INFO - Physical ML model trained drone=4 samples=4701 degree=2 alpha=0.0 val_mse=0.000132
[ml_system.log] 2026-02-15 12:17:19,339 - PhysicalMLTrainer_Drone3 - INFO - Physical ML model trained drone=3 samples=4701 degree=2 alpha=0.0 val_mse=0.000132
[ml_system.log] 2026-02-15 12:17:19,358 - PhysicalMLTrainer_Drone5 - INFO - Physical ML model trained drone=5 samples=4701 degree=2 alpha=0.01 val_mse=0.000102
[system_20260215_120956.log] 2026-02-15 12:17:19,338 - PhysicalMLTrainer_Drone2 - INFO - Physical ML model trained drone=2 samples=4701 degree=2 alpha=0.0 val_mse=0.000117
[system_20260215_120956.log] 2026-02-15 12:17:19,338 - PhysicalMLTrainer_Drone4 - INFO - Physical ML model trained drone=4 samples=4701 degree=2 alpha=0.0 val_mse=0.000132
[system_20260215_120956.log] 2026-02-15 12:17:19,339 - PhysicalMLTrainer_Drone3 - INFO - Physical ML model trained drone=3 samples=4701 degree=2 alpha=0.0 val_mse=0.000132
[system_20260215_120956.log] 2026-02-15 12:17:19,358 - PhysicalMLTrainer_Drone5 - INFO - Physical ML model trained drone=5 samples=4701 degree=2 alpha=0.01 val_mse=0.000102
[swarm_manager.log] 2026-02-15 12:17:21,186 - SwarmManager - ERROR - Drone 1 heartbeat timeout
[swarm_manager.log] 2026-02-15 12:17:21,186 - SwarmManager - ERROR - Handling failure of drone 1: Heartbeat timeout
[swarm_manager.log] 2026-02-15 12:17:22,186 - SwarmManager - ERROR - Drone 1 heartbeat timeout
[swarm_manager.log] 2026-02-15 12:17:22,187 - SwarmManager - ERROR - Handling failure of drone 1: Heartbeat timeout
[swarm_manager.log] 2026-02-15 12:17:23,189 - SwarmManager - ERROR - Drone 1 heartbeat timeout
[swarm_manager.log] 2026-02-15 12:17:23,190 - SwarmManager - ERROR - Handling failure of drone 1: Heartbeat timeout
[swarm_manager.log] 2026-02-15 12:17:24,190 - SwarmManager - ERROR - Drone 1 heartbeat timeout
[swarm_manager.log] 2026-02-15 12:17:24,191 - SwarmManager - ERROR - Handling failure of drone 1: Heartbeat timeout
[swarm_manager.log] 2026-02-15 12:17:25,193 - SwarmManager - ERROR - Drone 1 heartbeat timeout
[swarm_manager.log] 2026-02-15 12:17:25,193 - SwarmManager - ERROR - Handling failure of drone 1: Heartbeat timeout
[swarm_manager.log] 2026-02-15 12:17:26,194 - SwarmManager - ERROR - Drone 1 heartbeat timeout
[swarm_manager.log] 2026-02-15 12:17:26,194 - SwarmManager - ERROR - Handling failure of drone 1: Heartbeat timeout
[swarm_manager.log] 2026-02-15 12:17:27,197 - SwarmManager - ERROR - Drone 1 heartbeat timeout
[swarm_manager.log] 2026-02-15 12:17:27,197 - SwarmManager - ERROR - Handling failure of drone 1: Heartbeat timeout
[swarm_manager.log] 2026-02-15 12:17:28,198 - SwarmManager - ERROR - Drone 1 heartbeat timeout
[swarm_manager.log] 2026-02-15 12:17:28,199 - SwarmManager - ERROR - Handling failure of drone 1: Heartbeat timeout
[swarm_manager.log] 2026-02-15 12:17:29,202 - SwarmManager - ERROR - Drone 1 heartbeat timeout
[swarm_manager.log] 2026-02-15 12:17:29,202 - SwarmManager - ERROR - Handling failure of drone 1: Heartbeat timeout
[swarm_manager.log] 2026-02-15 12:17:30,203 - SwarmManager - ERROR - Drone 1 heartbeat timeout
[swarm_manager.log] 2026-02-15 12:17:30,203 - SwarmManager - ERROR - Handling failure of drone 1: Heartbeat timeout
[swarm_manager.log] 2026-02-15 12:17:31,209 - SwarmManager - ERROR - Drone 1 heartbeat timeout
[swarm_manager.log] 2026-02-15 12:17:31,210 - SwarmManager - ERROR - Handling failure of drone 1: Heartbeat timeout
[swarm_manager.log] 2026-02-15 12:17:32,211 - SwarmManager - ERROR - Drone 1 heartbeat timeout
[swarm_manager.log] 2026-02-15 12:17:32,211 - SwarmManager - ERROR - Handling failure of drone 1: Heartbeat timeout
[swarm_manager.log] 2026-02-15 12:17:33,214 - SwarmManager - ERROR - Drone 1 heartbeat timeout
[swarm_manager.log] 2026-02-15 12:17:33,215 - SwarmManager - ERROR - Handling failure of drone 1: Heartbeat timeout
[swarm_manager.log] 2026-02-15 12:17:34,216 - SwarmManager - ERROR - Drone 1 heartbeat timeout
[swarm_manager.log] 2026-02-15 12:17:34,216 - SwarmManager - ERROR - Handling failure of drone 1: Heartbeat timeout
[swarm_manager.log] 2026-02-15 12:17:35,219 - SwarmManager - ERROR - Drone 1 heartbeat timeout
[swarm_manager.log] 2026-02-15 12:17:35,219 - SwarmManager - ERROR - Handling failure of drone 1: Heartbeat timeout
[swarm_manager.log] 2026-02-15 12:17:36,220 - SwarmManager - ERROR - Drone 1 heartbeat timeout
[swarm_manager.log] 2026-02-15 12:17:36,220 - SwarmManager - ERROR - Handling failure of drone 1: Heartbeat timeout
[swarm_manager.log] 2026-02-15 12:17:37,223 - SwarmManager - ERROR - Drone 1 heartbeat timeout
[swarm_manager.log] 2026-02-15 12:17:37,223 - SwarmManager - ERROR - Handling failure of drone 1: Heartbeat timeout
[swarm_manager.log] 2026-02-15 12:17:38,224 - SwarmManager - ERROR - Drone 1 heartbeat timeout
[swarm_manager.log] 2026-02-15 12:17:38,224 - SwarmManager - ERROR - Handling failure of drone 1: Heartbeat timeout
[swarm_manager.log] 2026-02-15 12:17:39,232 - SwarmManager - ERROR - Drone 1 heartbeat timeout
[swarm_manager.log] 2026-02-15 12:17:39,233 - SwarmManager - ERROR - Handling failure of drone 1: Heartbeat timeout
[swarm_manager.log] 2026-02-15 12:17:40,233 - SwarmManager - ERROR - Drone 1 heartbeat timeout
[swarm_manager.log] 2026-02-15 12:17:40,234 - SwarmManager - ERROR - Handling failure of drone 1: Heartbeat timeout
[ml_system.log] 2026-02-15 12:17:39,474 - PhysicalMLTrainer_Drone4 - INFO - Physical ML model trained drone=4 samples=4901 degree=2 alpha=0.0 val_mse=0.000104
[ml_system.log] 2026-02-15 12:17:39,475 - PhysicalMLTrainer_Drone3 - INFO - Physical ML model trained drone=3 samples=4901 degree=2 alpha=0.0 val_mse=0.000182
[ml_system.log] 2026-02-15 12:17:39,477 - PhysicalMLTrainer_Drone2 - INFO - Physical ML model trained drone=2 samples=4901 degree=2 alpha=0.0 val_mse=0.000084
[ml_system.log] 2026-02-15 12:17:39,478 - PhysicalMLTrainer_Drone5 - INFO - Physical ML model trained drone=5 samples=4901 degree=2 alpha=0.01 val_mse=0.000066
[system_20260215_120956.log] 2026-02-15 12:17:39,474 - PhysicalMLTrainer_Drone4 - INFO - Physical ML model trained drone=4 samples=4901 degree=2 alpha=0.0 val_mse=0.000104
[system_20260215_120956.log] 2026-02-15 12:17:39,475 - PhysicalMLTrainer_Drone3 - INFO - Physical ML model trained drone=3 samples=4901 degree=2 alpha=0.0 val_mse=0.000182
[system_20260215_120956.log] 2026-02-15 12:17:39,477 - PhysicalMLTrainer_Drone2 - INFO - Physical ML model trained drone=2 samples=4901 degree=2 alpha=0.0 val_mse=0.000084
[system_20260215_120956.log] 2026-02-15 12:17:39,478 - PhysicalMLTrainer_Drone5 - INFO - Physical ML model trained drone=5 samples=4901 degree=2 alpha=0.01 val_mse=0.000066
[swarm_manager.log] 2026-02-15 12:17:41,238 - SwarmManager - ERROR - Drone 1 heartbeat timeout
[swarm_manager.log] 2026-02-15 12:17:41,238 - SwarmManager - ERROR - Handling failure of drone 1: Heartbeat timeout
[swarm_manager.log] 2026-02-15 12:17:42,239 - SwarmManager - ERROR - Drone 1 heartbeat timeout
[swarm_manager.log] 2026-02-15 12:17:42,239 - SwarmManager - ERROR - Handling failure of drone 1: Heartbeat timeout
[swarm_manager.log] 2026-02-15 12:17:43,242 - SwarmManager - ERROR - Drone 1 heartbeat timeout
[swarm_manager.log] 2026-02-15 12:17:43,243 - SwarmManager - ERROR - Handling failure of drone 1: Heartbeat timeout
[swarm_manager.log] 2026-02-15 12:17:44,243 - SwarmManager - ERROR - Drone 1 heartbeat timeout
[swarm_manager.log] 2026-02-15 12:17:44,244 - SwarmManager - ERROR - Handling failure of drone 1: Heartbeat timeout
[swarm_manager.log] 2026-02-15 12:17:45,250 - SwarmManager - ERROR - Drone 1 heartbeat timeout
[swarm_manager.log] 2026-02-15 12:17:45,250 - SwarmManager - ERROR - Handling failure of drone 1: Heartbeat timeout
[swarm_manager.log] 2026-02-15 12:17:46,251 - SwarmManager - ERROR - Drone 1 heartbeat timeout
[swarm_manager.log] 2026-02-15 12:17:46,252 - SwarmManager - ERROR - Handling failure of drone 1: Heartbeat timeout
