2026-02-11 23:41:20,658 - Drone_8 - INFO - Drone 8 initialized at {'x': 17.063600451420243, 'y': -13.720467219030565, 'z': 0}
2026-02-11 23:41:20,659 - Drone_8 - INFO - Drone 8 started
2026-02-11 23:41:26,853 - Drone_8 - INFO - Drone 8: Armed
2026-02-11 23:41:30,295 - Drone_8 - INFO - Drone 8: Taking off
2026-02-11 23:41:35,332 - Drone_8 - INFO - Drone 8: Takeoff complete at 10.0m
2026-02-11 23:41:44,325 - Drone_8 - INFO - Drone 8: Flying to {'x': -70, 'y': 0, 'z': 10.056900024414062}
2026-02-11 23:41:50,208 - Drone_8 - INFO - Drone 8: Reached target position
2026-02-11 23:41:52,925 - Drone_8 - INFO - Drone 8: Flying to {'x': 9.352347027881, 'y': -11.727472237020448, 'z': 10.056900024414062}
2026-02-11 23:41:58,349 - Drone_8 - INFO - Drone 8: Reached target position
2026-02-11 23:42:17,725 - Drone_8 - WARNING - Drone 8: Cannot takeoff - already flying
2026-02-11 23:42:28,120 - Drone_8 - ERROR - Drone 8: EMERGENCY LANDING - Emergency button pressed
2026-02-11 23:42:34,944 - Drone_8 - INFO - Drone 8: Landed safely
2026-02-11 23:42:44,571 - Drone_8 - WARNING - Drone 8: Cannot takeoff - not armed
2026-02-11 23:42:46,738 - Drone_8 - WARNING - Drone 8: Cannot takeoff - not armed
2026-02-11 23:42:54,963 - Drone_8 - INFO - Drone 8: Role changed from follower to follower
2026-02-11 23:45:48,921 - Drone_8 - INFO - Drone 8: Armed
2026-02-11 23:45:57,438 - Drone_8 - INFO - Drone 8: Taking off
2026-02-11 23:46:02,500 - Drone_8 - INFO - Drone 8: Takeoff complete at 10.0m
2026-02-11 23:46:40,300 - Drone_8 - INFO - Drone 8: Flying to {'x': -63.90384715636608, 'y': -18.96732483088405, 'z': 10.05463981628418}
2026-02-11 23:46:45,230 - Drone_8 - INFO - Drone 8: Reached target position
2026-02-11 23:47:17,505 - Drone_8 - INFO - Drone 8: Role changed from follower to follower
2026-02-11 23:47:27,499 - Drone_8 - INFO - Drone 8: Role changed from follower to follower
2026-02-11 23:47:29,905 - Drone_8 - INFO - Drone 8: Role changed from follower to follower
2026-02-11 23:47:37,838 - Drone_8 - INFO - Drone 8: Flying to {'x': -63.90384715636608, 'y': -18.96732483088405, 'z': 10.05463981628418}
2026-02-11 23:47:37,904 - Drone_8 - INFO - Drone 8: Reached target position
2026-02-11 23:47:49,323 - Drone_8 - WARNING - Drone 8: Cannot takeoff - already flying
2026-02-12 00:13:57,901 - Drone_8 - WARNING - Drone 8: Cannot takeoff - already flying
2026-02-12 00:15:19,091 - Drone_8 - INFO - Drone 8: Flying to {'x': -9.268592240741874, 'y': -33.23317257531136, 'z': 10.05463981628418}
2026-02-12 00:15:22,819 - Drone_8 - INFO - Drone 8: Reached target position
2026-02-12 00:15:28,938 - Drone_8 - ERROR - Drone 8: EMERGENCY LANDING - Emergency button pressed
2026-02-12 00:15:30,645 - Drone_8 - INFO - Drone 8: Role changed from follower to follower
2026-02-12 00:15:35,590 - Drone_8 - INFO - Drone 8: Landed safely
2026-02-12 00:15:42,625 - Drone_8 - WARNING - Drone 8: Cannot takeoff - not armed
2026-02-12 00:15:51,073 - Drone_8 - INFO - Drone 8 stopped
2026-02-12 00:16:07,801 - Drone_8 - INFO - Drone 8 initialized at {'x': -0.5861771488841718, 'y': -5.338454407965681, 'z': 0}
2026-02-12 00:16:07,802 - Drone_8 - INFO - Drone 8 started
2026-02-12 00:16:13,614 - Drone_8 - WARNING - Drone 8: Cannot goto - invalid flight mode
2026-02-12 00:16:16,839 - Drone_8 - WARNING - Drone 8: Cannot goto - invalid flight mode
2026-02-12 00:16:19,311 - Drone_8 - WARNING - Drone 8: Cannot goto - invalid flight mode
2026-02-12 00:16:21,585 - Drone_8 - WARNING - Drone 8: Cannot takeoff - not armed
2026-02-12 00:16:36,944 - Drone_8 - WARNING - Drone 8: Cannot takeoff - not armed
2026-02-12 00:16:37,551 - Drone_8 - INFO - Drone 8: Armed
2026-02-12 00:16:48,933 - Drone_8 - WARNING - Drone 8: Cannot goto - invalid flight mode
2026-02-12 00:16:52,128 - Drone_8 - INFO - Drone 8 stopped
2026-02-12 01:05:02,949 - Drone_8 - INFO - Drone 8 initialized at {'x': -1.549570477874127, 'y': 4.000305185021507, 'z': 0}
2026-02-12 01:05:02,950 - Drone_8 - INFO - Drone 8 started
2026-02-12 01:05:32,779 - Drone_8 - WARNING - Drone 8: Cannot takeoff - not armed
2026-02-12 01:05:37,953 - Drone_8 - INFO - Drone 8: Armed
2026-02-12 01:05:40,345 - Drone_8 - INFO - Drone 8: Taking off
2026-02-12 01:05:43,324 - Drone_8 - WARNING - Drone 8: Cannot goto - invalid flight mode
2026-02-12 01:05:45,459 - Drone_8 - INFO - Drone 8: Takeoff complete at 10.0m
2026-02-12 01:05:52,920 - Drone_8 - INFO - Drone 8: Flying to {'x': -40, 'y': 40, 'z': 10.051294326782227}
2026-02-12 01:05:56,522 - Drone_8 - INFO - Drone 8: Reached target position
2026-02-12 01:06:17,571 - Drone_8 - INFO - Drone 8: Flying to {'x': -7.500000000000007, 'y': -12.990381056766577, 'z': 10.051294326782227}
2026-02-12 01:06:21,759 - Drone_8 - INFO - Drone 8: Reached target position
2026-02-12 01:07:08,528 - Drone_8 - INFO - Drone 8: Flying to {'x': -7.500000000000007, 'y': -12.990381056766577, 'z': 10.051294326782227}
2026-02-12 01:07:08,608 - Drone_8 - INFO - Drone 8: Reached target position
2026-02-12 01:14:37,742 - Drone_8 - INFO - Drone 8 stopped
