2026-02-11 23:41:18,921 - Drone_6 - INFO - Drone 6 initialized at {'x': 16.844742918244116, 'y': 6.095184626804219, 'z': 0}
2026-02-11 23:41:18,922 - Drone_6 - INFO - Drone 6 started
2026-02-11 23:41:26,852 - Drone_6 - INFO - Drone 6: Armed
2026-02-11 23:41:30,295 - Drone_6 - INFO - Drone 6: Taking off
2026-02-11 23:41:35,404 - Drone_6 - INFO - Drone 6: Takeoff complete at 10.1m
2026-02-11 23:41:44,325 - Drone_6 - INFO - Drone 6: Flying to {'x': -50, 'y': 0, 'z': 10.056900024414062}
2026-02-11 23:41:48,782 - Drone_6 - INFO - Drone 6: Reached target position
2026-02-11 23:41:52,924 - Drone_6 - INFO - Drone 6: Flying to {'x': -13.514533018536287, 'y': -6.50825608676337, 'z': 10.056900024414062}
2026-02-11 23:41:55,421 - Drone_6 - INFO - Drone 6: Reached target position
2026-02-11 23:42:17,725 - Drone_6 - WARNING - Drone 6: Cannot takeoff - already flying
2026-02-11 23:42:28,120 - Drone_6 - ERROR - Drone 6: EMERGENCY LANDING - Emergency button pressed
2026-02-11 23:42:34,937 - Drone_6 - INFO - Drone 6: Landed safely
2026-02-11 23:42:44,571 - Drone_6 - WARNING - Drone 6: Cannot takeoff - not armed
2026-02-11 23:42:46,738 - Drone_6 - WARNING - Drone 6: Cannot takeoff - not armed
2026-02-11 23:42:54,963 - Drone_6 - INFO - Drone 6: Role changed from follower to follower
2026-02-11 23:45:48,920 - Drone_6 - INFO - Drone 6: Armed
2026-02-11 23:45:57,438 - Drone_6 - INFO - Drone 6: Taking off
2026-02-11 23:46:02,492 - Drone_6 - INFO - Drone 6: Takeoff complete at 10.1m
2026-02-11 23:46:40,300 - Drone_6 - INFO - Drone 6: Flying to {'x': -43.90384715636608, 'y': -18.96732483088405, 'z': 10.05463981628418}
2026-02-11 23:46:42,601 - Drone_6 - INFO - Drone 6: Reached target position
2026-02-11 23:47:17,505 - Drone_6 - INFO - Drone 6: Role changed from follower to follower
2026-02-11 23:47:27,498 - Drone_6 - INFO - Drone 6: Role changed from follower to follower
2026-02-11 23:47:29,905 - Drone_6 - INFO - Drone 6: Role changed from follower to follower
2026-02-11 23:47:37,838 - Drone_6 - INFO - Drone 6: Flying to {'x': -43.90384715636608, 'y': -18.96732483088405, 'z': 10.05463981628418}
2026-02-11 23:47:37,904 - Drone_6 - INFO - Drone 6: Reached target position
2026-02-11 23:47:49,323 - Drone_6 - WARNING - Drone 6: Cannot takeoff - already flying
2026-02-12 00:13:57,901 - Drone_6 - WARNING - Drone 6: Cannot takeoff - already flying
2026-02-12 00:15:19,091 - Drone_6 - INFO - Drone 6: Flying to {'x': -26.039102071990293, 'y': -10.15054604649695, 'z': 10.05463981628418}
2026-02-12 00:15:20,490 - Drone_6 - INFO - Drone 6: Reached target position
2026-02-12 00:15:28,937 - Drone_6 - ERROR - Drone 6: EMERGENCY LANDING - Emergency button pressed
2026-02-12 00:15:30,644 - Drone_6 - INFO - Drone 6: Role changed from follower to follower
2026-02-12 00:15:35,769 - Drone_6 - INFO - Drone 6: Landed safely
2026-02-12 00:15:42,624 - Drone_6 - WARNING - Drone 6: Cannot takeoff - not armed
2026-02-12 00:15:50,952 - Drone_6 - INFO - Drone 6 stopped
2026-02-12 00:16:06,959 - Drone_6 - INFO - Drone 6 initialized at {'x': 17.94607384718907, 'y': 11.730727063837776, 'z': 0}
2026-02-12 00:16:06,959 - Drone_6 - INFO - Drone 6 started
2026-02-12 00:16:13,614 - Drone_6 - WARNING - Drone 6: Cannot goto - invalid flight mode
2026-02-12 00:16:16,838 - Drone_6 - WARNING - Drone 6: Cannot goto - invalid flight mode
2026-02-12 00:16:19,311 - Drone_6 - WARNING - Drone 6: Cannot goto - invalid flight mode
2026-02-12 00:16:21,584 - Drone_6 - WARNING - Drone 6: Cannot takeoff - not armed
2026-02-12 00:16:36,943 - Drone_6 - WARNING - Drone 6: Cannot takeoff - not armed
2026-02-12 00:16:37,551 - Drone_6 - INFO - Drone 6: Armed
2026-02-12 00:16:48,932 - Drone_6 - WARNING - Drone 6: Cannot goto - invalid flight mode
2026-02-12 00:16:52,095 - Drone_6 - INFO - Drone 6 stopped
2026-02-12 01:05:01,938 - Drone_6 - INFO - Drone 6 initialized at {'x': 17.27841295497091, 'y': 1.3432420997037617, 'z': 0}
2026-02-12 01:05:01,939 - Drone_6 - INFO - Drone 6 started
2026-02-12 01:05:32,778 - Drone_6 - WARNING - Drone 6: Cannot takeoff - not armed
2026-02-12 01:05:37,952 - Drone_6 - INFO - Drone 6: Armed
2026-02-12 01:05:40,344 - Drone_6 - INFO - Drone 6: Taking off
2026-02-12 01:05:43,323 - Drone_6 - WARNING - Drone 6: Cannot goto - invalid flight mode
2026-02-12 01:05:45,459 - Drone_6 - INFO - Drone 6: Takeoff complete at 10.0m
2026-02-12 01:05:52,919 - Drone_6 - INFO - Drone 6: Flying to {'x': -30, 'y': 30, 'z': 10.051294326782227}
2026-02-12 01:05:56,617 - Drone_6 - INFO - Drone 6: Reached target position
2026-02-12 01:06:17,570 - Drone_6 - INFO - Drone 6: Flying to {'x': -14.095389311788624, 'y': 5.130302149885033, 'z': 10.051294326782227}
2026-02-12 01:06:19,543 - Drone_6 - INFO - Drone 6: Reached target position
2026-02-12 01:07:08,527 - Drone_6 - INFO - Drone 6: Flying to {'x': -14.095389311788624, 'y': 5.130302149885033, 'z': 10.051294326782227}
2026-02-12 01:07:08,606 - Drone_6 - INFO - Drone 6: Reached target position
2026-02-12 01:14:37,664 - Drone_6 - INFO - Drone 6 stopped
