2026-02-15 12:09:56,302 - Drone_2 - INFO - Drone 2: bootstrap personal trainer loaded 300 rows from datasets/personal_training.csv
2026-02-15 12:09:56,302 - Drone_2 - INFO - Drone 2: Personal ML system initialized
2026-02-15 12:09:56,303 - Drone_2 - INFO - Drone 2 initialized at {'x': 1200, 'y': 300, 'z': 0}
2026-02-15 12:09:56,303 - Drone_2 - INFO - Drone 2 started
2026-02-15 12:10:23,376 - Drone_2 - INFO - Drone 2: Armed
2026-02-15 12:10:24,126 - Drone_2 - INFO - Drone 2: Taking off
2026-02-15 12:10:27,212 - Drone_2 - INFO - Drone 2: Flying to {'x': 2553.9057647468726, 'y': 2622.797543233282, 'z': 60.0}
2026-02-15 12:13:26,362 - Drone_2 - INFO - Drone 2: Returning to home - Leader broadcast RETURN_TO_HOME
2026-02-15 12:14:09,691 - Drone_2 - INFO - Drone 2: Role changed from follower to follower
2026-02-15 12:16:25,378 - Drone_2 - INFO - Drone 2: Reached home position
2026-02-15 12:16:25,379 - Drone_2 - INFO - Drone 2: Landing initiated
2026-02-15 12:16:25,882 - Drone_2 - INFO - Drone 2: Landed safely
2026-02-15 12:17:49,132 - Drone_2 - INFO - Drone 2 stopped
2026-02-15 17:41:29,971 - Drone_2 - INFO - Drone 2: bootstrap personal trainer loaded 300 rows from datasets/personal_training.csv
2026-02-15 17:41:29,972 - Drone_2 - INFO - Drone 2: Personal ML system initialized
2026-02-15 17:41:29,972 - Drone_2 - INFO - Drone 2 initialized at {'x': 1200, 'y': 300, 'z': 0}
2026-02-15 17:41:29,974 - Drone_2 - INFO - Drone 2 started
2026-02-15 17:42:02,817 - Drone_2 - INFO - Drone 2 stopped
2026-02-17 08:01:00,973 - Drone_2 - INFO - Drone 2: bootstrap personal trainer loaded 300 rows from datasets/personal_training.csv
2026-02-17 08:01:00,974 - Drone_2 - INFO - Drone 2: Personal ML system initialized
2026-02-17 08:01:00,974 - Drone_2 - INFO - Drone 2 initialized at {'x': 10, 'y': 0, 'z': 0}
2026-02-17 08:01:00,975 - Drone_2 - INFO - Drone 2 started
2026-02-17 08:01:01,169 - Drone_2 - INFO - Drone 2: Role changed from follower to leader
2026-02-17 08:01:01,178 - Drone_2 - INFO - Drone 2 stopped
2026-02-17 08:01:01,188 - Drone_2 - INFO - Drone 2 stopped
2026-02-17 08:01:01,205 - Drone_2 - INFO - Drone 2: bootstrap personal trainer loaded 300 rows from datasets/personal_training.csv
2026-02-17 08:01:01,205 - Drone_2 - INFO - Drone 2: bootstrap personal trainer loaded 300 rows from datasets/personal_training.csv
2026-02-17 08:01:01,205 - Drone_2 - INFO - Drone 2: Personal ML system initialized
2026-02-17 08:01:01,205 - Drone_2 - INFO - Drone 2: Personal ML system initialized
2026-02-17 08:01:01,205 - Drone_2 - INFO - Drone 2 initialized at {'x': 40, 'y': 0, 'z': 0}
2026-02-17 08:01:01,205 - Drone_2 - INFO - Drone 2 initialized at {'x': 40, 'y': 0, 'z': 0}
2026-02-17 08:01:01,216 - Drone_2 - INFO - Drone 2 started
2026-02-17 08:01:01,216 - Drone_2 - INFO - Drone 2 started
2026-02-17 08:01:01,227 - Drone_2 - INFO - Drone 2: Flying to {'x': 29.683098576326323, 'y': 29.2605390914772, 'z': 5.0}
2026-02-17 08:01:01,227 - Drone_2 - INFO - Drone 2: Flying to {'x': 29.683098576326323, 'y': 29.2605390914772, 'z': 5.0}
2026-02-17 08:01:01,324 - Drone_2 - INFO - Drone 2 stopped
2026-02-17 08:01:01,324 - Drone_2 - INFO - Drone 2 stopped
2026-02-17 08:01:01,326 - Drone_2 - INFO - Drone 2 stopped
2026-02-17 08:01:01,326 - Drone_2 - INFO - Drone 2 stopped
2026-02-17 08:02:01,933 - Drone_2 - INFO - Drone 2: bootstrap personal trainer loaded 300 rows from datasets/personal_training.csv
2026-02-17 08:02:01,933 - Drone_2 - INFO - Drone 2: Personal ML system initialized
2026-02-17 08:02:01,933 - Drone_2 - INFO - Drone 2 initialized at {'x': 10, 'y': 0, 'z': 0}
2026-02-17 08:02:01,934 - Drone_2 - INFO - Drone 2 started
2026-02-17 08:02:02,129 - Drone_2 - INFO - Drone 2: Role changed from follower to follower
2026-02-17 08:02:02,138 - Drone_2 - INFO - Drone 2 stopped
2026-02-17 08:02:02,146 - Drone_2 - INFO - Drone 2 stopped
2026-02-17 08:02:02,189 - Drone_2 - INFO - Drone 2: bootstrap personal trainer loaded 300 rows from datasets/personal_training.csv
2026-02-17 08:02:02,189 - Drone_2 - INFO - Drone 2: bootstrap personal trainer loaded 300 rows from datasets/personal_training.csv
2026-02-17 08:02:02,189 - Drone_2 - INFO - Drone 2: Personal ML system initialized
2026-02-17 08:02:02,189 - Drone_2 - INFO - Drone 2: Personal ML system initialized
2026-02-17 08:02:02,189 - Drone_2 - INFO - Drone 2 initialized at {'x': 40, 'y': 0, 'z': 0}
2026-02-17 08:02:02,189 - Drone_2 - INFO - Drone 2 initialized at {'x': 40, 'y': 0, 'z': 0}
2026-02-17 08:02:02,200 - Drone_2 - INFO - Drone 2 started
2026-02-17 08:02:02,200 - Drone_2 - INFO - Drone 2 started
2026-02-17 08:02:02,236 - Drone_2 - INFO - Drone 2: Flying to {'x': 13.998564122035514, 'y': 10.000886550881788, 'z': 5.0}
2026-02-17 08:02:02,236 - Drone_2 - INFO - Drone 2: Flying to {'x': 13.998564122035514, 'y': 10.000886550881788, 'z': 5.0}
2026-02-17 08:02:02,308 - Drone_2 - INFO - Drone 2 stopped
2026-02-17 08:02:02,308 - Drone_2 - INFO - Drone 2 stopped
2026-02-17 08:02:02,309 - Drone_2 - INFO - Drone 2 stopped
2026-02-17 08:02:02,309 - Drone_2 - INFO - Drone 2 stopped
2026-02-17 08:02:22,055 - Drone_2 - INFO - Drone 2: bootstrap personal trainer loaded 300 rows from datasets/personal_training.csv
2026-02-17 08:02:22,056 - Drone_2 - INFO - Drone 2: Personal ML system initialized
2026-02-17 08:02:22,056 - Drone_2 - INFO - Drone 2 initialized at {'x': 10, 'y': 0, 'z': 0}
2026-02-17 08:02:22,057 - Drone_2 - INFO - Drone 2 started
2026-02-17 08:02:22,255 - Drone_2 - INFO - Drone 2: Role changed from follower to leader
2026-02-17 08:02:22,260 - Drone_2 - INFO - Drone 2 stopped
2026-02-17 08:02:22,272 - Drone_2 - INFO - Drone 2 stopped
2026-02-17 08:02:22,317 - Drone_2 - INFO - Drone 2: bootstrap personal trainer loaded 300 rows from datasets/personal_training.csv
2026-02-17 08:02:22,317 - Drone_2 - INFO - Drone 2: bootstrap personal trainer loaded 300 rows from datasets/personal_training.csv
2026-02-17 08:02:22,317 - Drone_2 - INFO - Drone 2: Personal ML system initialized
2026-02-17 08:02:22,317 - Drone_2 - INFO - Drone 2: Personal ML system initialized
2026-02-17 08:02:22,317 - Drone_2 - INFO - Drone 2 initialized at {'x': 40, 'y': 0, 'z': 0}
2026-02-17 08:02:22,317 - Drone_2 - INFO - Drone 2 initialized at {'x': 40, 'y': 0, 'z': 0}
2026-02-17 08:02:22,327 - Drone_2 - INFO - Drone 2 started
2026-02-17 08:02:22,327 - Drone_2 - INFO - Drone 2 started
2026-02-17 08:02:22,358 - Drone_2 - INFO - Drone 2: Flying to {'x': 13.998564122035514, 'y': 10.000886550881788, 'z': 5.0}
2026-02-17 08:02:22,358 - Drone_2 - INFO - Drone 2: Flying to {'x': 13.998564122035514, 'y': 10.000886550881788, 'z': 5.0}
2026-02-17 08:02:22,434 - Drone_2 - INFO - Drone 2 stopped
2026-02-17 08:02:22,434 - Drone_2 - INFO - Drone 2 stopped
2026-02-17 08:02:22,435 - Drone_2 - INFO - Drone 2 stopped
2026-02-17 08:02:22,435 - Drone_2 - INFO - Drone 2 stopped
2026-02-17 08:02:40,601 - Drone_2 - INFO - Drone 2: bootstrap personal trainer loaded 300 rows from datasets/personal_training.csv
2026-02-17 08:02:40,601 - Drone_2 - INFO - Drone 2: Personal ML system initialized
2026-02-17 08:02:40,602 - Drone_2 - INFO - Drone 2 initialized at {'x': 40, 'y': 0, 'z': 0}
2026-02-17 08:02:40,618 - Drone_2 - INFO - Drone 2 started
2026-02-17 08:02:40,651 - Drone_2 - INFO - Drone 2: Flying to {'x': 13.998564122035514, 'y': 10.000886550881788, 'z': 5.0}
2026-02-17 08:02:40,726 - Drone_2 - INFO - Drone 2 stopped
2026-02-17 08:02:40,727 - Drone_2 - INFO - Drone 2 stopped
2026-02-17 08:02:50,520 - Drone_2 - INFO - Drone 2: bootstrap personal trainer loaded 300 rows from datasets/personal_training.csv
2026-02-17 08:02:50,521 - Drone_2 - INFO - Drone 2: Personal ML system initialized
2026-02-17 08:02:50,521 - Drone_2 - INFO - Drone 2 initialized at {'x': 10, 'y': 0, 'z': 0}
2026-02-17 08:02:50,522 - Drone_2 - INFO - Drone 2 started
2026-02-17 08:02:50,717 - Drone_2 - INFO - Drone 2: Role changed from follower to follower
2026-02-17 08:02:50,729 - Drone_2 - INFO - Drone 2 stopped
2026-02-17 08:02:50,736 - Drone_2 - INFO - Drone 2 stopped
2026-02-17 08:02:50,785 - Drone_2 - INFO - Drone 2: bootstrap personal trainer loaded 300 rows from datasets/personal_training.csv
2026-02-17 08:02:50,785 - Drone_2 - INFO - Drone 2: bootstrap personal trainer loaded 300 rows from datasets/personal_training.csv
2026-02-17 08:02:50,786 - Drone_2 - INFO - Drone 2: Personal ML system initialized
2026-02-17 08:02:50,786 - Drone_2 - INFO - Drone 2: Personal ML system initialized
2026-02-17 08:02:50,786 - Drone_2 - INFO - Drone 2 initialized at {'x': 40, 'y': 0, 'z': 0}
2026-02-17 08:02:50,786 - Drone_2 - INFO - Drone 2 initialized at {'x': 40, 'y': 0, 'z': 0}
2026-02-17 08:02:50,795 - Drone_2 - INFO - Drone 2 started
2026-02-17 08:02:50,795 - Drone_2 - INFO - Drone 2 started
2026-02-17 08:02:50,827 - Drone_2 - INFO - Drone 2: Flying to {'x': 13.998564122035514, 'y': 10.000886550881788, 'z': 5.0}
2026-02-17 08:02:50,827 - Drone_2 - INFO - Drone 2: Flying to {'x': 13.998564122035514, 'y': 10.000886550881788, 'z': 5.0}
2026-02-17 08:02:50,905 - Drone_2 - INFO - Drone 2 stopped
2026-02-17 08:02:50,905 - Drone_2 - INFO - Drone 2 stopped
2026-02-17 08:02:51,005 - Drone_2 - INFO - Drone 2 stopped
2026-02-17 08:02:51,005 - Drone_2 - INFO - Drone 2 stopped
2026-02-17 08:16:39,765 - Drone_2 - INFO - Drone 2: bootstrap personal trainer loaded 300 rows from datasets/personal_training.csv
2026-02-17 08:16:39,765 - Drone_2 - INFO - Drone 2: Personal ML system initialized
2026-02-17 08:16:39,766 - Drone_2 - INFO - Drone 2 initialized at {'x': 1200, 'y': 300, 'z': 0}
2026-02-17 08:16:39,767 - Drone_2 - INFO - Drone 2 started
2026-02-17 08:17:09,052 - Drone_2 - INFO - Drone 2: Armed
2026-02-17 08:17:09,838 - Drone_2 - INFO - Drone 2: Taking off
2026-02-17 08:17:13,037 - Drone_2 - INFO - Drone 2: Flying to {'x': 2553.9057647468726, 'y': 2622.797543233282, 'z': 60.0}
2026-02-17 08:19:09,147 - Drone_2 - INFO - Drone 2 stopped
2026-02-17 08:19:12,783 - Drone_2 - INFO - Drone 2: bootstrap personal trainer loaded 300 rows from datasets/personal_training.csv
2026-02-17 08:19:12,784 - Drone_2 - INFO - Drone 2: Personal ML system initialized
2026-02-17 08:19:12,784 - Drone_2 - INFO - Drone 2 initialized at {'x': 1200, 'y': 300, 'z': 0}
2026-02-17 08:19:12,785 - Drone_2 - INFO - Drone 2 started
2026-02-17 08:20:23,084 - Drone_2 - INFO - Drone 2: Armed
2026-02-17 08:20:23,494 - Drone_2 - INFO - Drone 2: Taking off
2026-02-17 08:20:27,190 - Drone_2 - INFO - Drone 2: Flying to {'x': 2855.8823051305385, 'y': 2579.2271821568793, 'z': 60.0}
2026-02-17 08:21:13,835 - Drone_2 - INFO - Drone 2 stopped
2026-02-17 08:21:16,911 - Drone_2 - INFO - Drone 2: bootstrap personal trainer loaded 300 rows from datasets/personal_training.csv
2026-02-17 08:21:16,911 - Drone_2 - INFO - Drone 2: Personal ML system initialized
2026-02-17 08:21:16,911 - Drone_2 - INFO - Drone 2 initialized at {'x': 1200, 'y': 300, 'z': 0}
2026-02-17 08:21:16,912 - Drone_2 - INFO - Drone 2 started
2026-02-17 08:23:35,955 - Drone_2 - INFO - Drone 2 stopped
2026-02-17 08:23:39,698 - Drone_2 - INFO - Drone 2: bootstrap personal trainer loaded 300 rows from datasets/personal_training.csv
2026-02-17 08:23:39,698 - Drone_2 - INFO - Drone 2: Personal ML system initialized
2026-02-17 08:23:39,699 - Drone_2 - INFO - Drone 2 initialized at {'x': 1200, 'y': 300, 'z': 0}
2026-02-17 08:23:39,700 - Drone_2 - INFO - Drone 2 started
2026-02-17 08:23:54,567 - Drone_2 - INFO - Drone 2: Armed
2026-02-17 08:23:55,071 - Drone_2 - INFO - Drone 2: Taking off
2026-02-17 08:24:00,814 - Drone_2 - INFO - Drone 2: Flying to {'x': 2553.9057647468726, 'y': 2622.797543233282, 'z': 60.0}
2026-02-17 08:26:59,819 - Drone_2 - INFO - Drone 2: Returning to home - Leader broadcast RETURN_TO_HOME
