2026-02-11 23:42:54,957 - Drone_9 - INFO - Drone 9 initialized at {'x': 16.096152843633917, 'y': -18.96732483088405, 'z': 0}
2026-02-11 23:42:54,958 - Drone_9 - INFO - Drone 9 started
2026-02-11 23:42:54,963 - Drone_9 - INFO - Drone 9: Role changed from follower to leader
2026-02-11 23:45:48,921 - Drone_9 - INFO - Drone 9: Armed
2026-02-11 23:45:57,438 - Drone_9 - INFO - Drone 9: Taking off
2026-02-11 23:46:02,502 - Drone_9 - INFO - Drone 9: Takeoff complete at 10.1m
2026-02-11 23:47:17,501 - Drone_9 - INFO - Drone 9 stopped
2026-02-12 00:16:07,977 - Drone_9 - INFO - Drone 9 initialized at {'x': 17.313569759742947, 'y': 13.83932425262148, 'z': 0}
2026-02-12 00:16:07,979 - Drone_9 - INFO - Drone 9 started
2026-02-12 00:16:13,614 - Drone_9 - WARNING - Drone 9: Cannot goto - invalid flight mode
2026-02-12 00:16:16,839 - Drone_9 - WARNING - Drone 9: Cannot goto - invalid flight mode
2026-02-12 00:16:19,312 - Drone_9 - WARNING - Drone 9: Cannot goto - invalid flight mode
2026-02-12 00:16:21,585 - Drone_9 - WARNING - Drone 9: Cannot takeoff - not armed
2026-02-12 00:16:36,945 - Drone_9 - WARNING - Drone 9: Cannot takeoff - not armed
2026-02-12 00:16:37,551 - Drone_9 - INFO - Drone 9: Armed
2026-02-12 00:16:48,933 - Drone_9 - WARNING - Drone 9: Cannot goto - invalid flight mode
2026-02-12 00:16:52,196 - Drone_9 - INFO - Drone 9 stopped
2026-02-12 01:05:03,461 - Drone_9 - INFO - Drone 9 initialized at {'x': 6.010572173104066, 'y': -0.6185428259283086, 'z': 0}
2026-02-12 01:05:03,462 - Drone_9 - INFO - Drone 9 started
2026-02-12 01:05:32,779 - Drone_9 - WARNING - Drone 9: Cannot takeoff - not armed
2026-02-12 01:05:37,953 - Drone_9 - INFO - Drone 9: Armed
2026-02-12 01:05:40,345 - Drone_9 - INFO - Drone 9: Taking off
2026-02-12 01:05:43,324 - Drone_9 - WARNING - Drone 9: Cannot goto - invalid flight mode
2026-02-12 01:05:45,468 - Drone_9 - INFO - Drone 9: Takeoff complete at 10.0m
2026-02-12 01:05:52,920 - Drone_9 - INFO - Drone 9: Flying to {'x': -40, 'y': -40, 'z': 10.051294326782227}
2026-02-12 01:05:57,028 - Drone_9 - INFO - Drone 9: Reached target position
2026-02-12 01:06:17,571 - Drone_9 - INFO - Drone 9: Flying to {'x': 2.6047226650039494, 'y': -14.772116295183121, 'z': 10.051294326782227}
2026-02-12 01:06:20,954 - Drone_9 - INFO - Drone 9: Reached target position
2026-02-12 01:07:08,528 - Drone_9 - INFO - Drone 9: Flying to {'x': 2.6047226650039494, 'y': -14.772116295183121, 'z': 10.051294326782227}
2026-02-12 01:07:08,606 - Drone_9 - INFO - Drone 9: Reached target position
2026-02-12 01:14:37,826 - Drone_9 - INFO - Drone 9 stopped
