2026-02-12 01:26:27,473 - Main - INFO - Starting Drone Swarm Management System
2026-02-12 01:26:27,474 - SwarmManager - INFO - Swarm Manager initialized
2026-02-12 01:26:27,475 - MLDecisionSupport_Drone1 - INFO - ML Decision Support initialized
2026-02-12 01:26:27,475 - Drone_1 - INFO - Drone 1: Personal ML system initialized
2026-02-12 01:26:27,476 - Drone_1 - INFO - Drone 1 initialized at {'x': 0, 'y': 0, 'z': 0}
2026-02-12 01:26:27,477 - Drone_1 - INFO - Drone 1 started
2026-02-12 01:26:27,477 - SwarmManager - INFO - Drone 1 added to swarm
2026-02-12 01:26:27,478 - SwarmManager - INFO - Starting leader election...
2026-02-12 01:26:27,478 - SwarmManager - INFO -   Drone 1: suitability score = 100.00
2026-02-12 01:26:27,478 - Drone_1 - INFO - Drone 1: Role changed from follower to leader
2026-02-12 01:26:27,483 - MLDecisionSupport_Drone2 - INFO - ML Decision Support initialized
2026-02-12 01:26:27,483 - Drone_2 - INFO - Drone 2: Personal ML system initialized
2026-02-12 01:26:27,484 - Drone_2 - INFO - Drone 2 initialized at {'x': 1200, 'y': 300, 'z': 0}
2026-02-12 01:26:27,484 - Drone_2 - INFO - Drone 2 started
2026-02-12 01:26:27,485 - SwarmManager - INFO - Drone 2 added to swarm
2026-02-12 01:26:27,485 - MLDecisionSupport_Drone3 - INFO - ML Decision Support initialized
2026-02-12 01:26:27,485 - Drone_3 - INFO - Drone 3: Personal ML system initialized
2026-02-12 01:26:27,486 - Drone_3 - INFO - Drone 3 initialized at {'x': -1400, 'y': -500, 'z': 0}
2026-02-12 01:26:27,486 - Drone_3 - INFO - Drone 3 started
2026-02-12 01:26:27,486 - SwarmManager - INFO - Drone 3 added to swarm
2026-02-12 01:26:27,487 - MLDecisionSupport_Drone4 - INFO - ML Decision Support initialized
2026-02-12 01:26:27,487 - Drone_4 - INFO - Drone 4: Personal ML system initialized
2026-02-12 01:26:27,487 - Drone_4 - INFO - Drone 4 initialized at {'x': 800, 'y': -1500, 'z': 0}
2026-02-12 01:26:27,488 - Drone_4 - INFO - Drone 4 started
2026-02-12 01:26:27,488 - SwarmManager - INFO - Drone 4 added to swarm
2026-02-12 01:26:27,488 - MLDecisionSupport_Drone5 - INFO - ML Decision Support initialized
2026-02-12 01:26:27,489 - Drone_5 - INFO - Drone 5: Personal ML system initialized
2026-02-12 01:26:27,489 - Drone_5 - INFO - Drone 5 initialized at {'x': -900, 'y': 1600, 'z': 0}
2026-02-12 01:26:27,489 - Drone_5 - INFO - Drone 5 started
2026-02-12 01:26:27,489 - SwarmManager - INFO - Drone 5 added to swarm
2026-02-12 01:26:27,490 - SwarmManager - INFO - Swarm monitoring started
2026-02-12 01:26:27,490 - Main - INFO - Swarm created with 5 drones
2026-02-12 01:26:27,490 - Main - INFO - Leader elected: Drone 1
2026-02-12 01:26:27,490 - Main - INFO - Starting GUI...
2026-02-12 01:26:31,048 - Drone_1 - INFO - Drone 1: Armed
2026-02-12 01:26:31,048 - Drone_2 - INFO - Drone 2: Armed
2026-02-12 01:26:31,049 - Drone_3 - INFO - Drone 3: Armed
2026-02-12 01:26:31,050 - Drone_4 - INFO - Drone 4: Armed
2026-02-12 01:26:31,050 - Drone_5 - INFO - Drone 5: Armed
2026-02-12 01:26:32,737 - Drone_1 - INFO - Drone 1: Taking off
2026-02-12 01:26:32,738 - Drone_2 - INFO - Drone 2: Taking off
2026-02-12 01:26:32,738 - Drone_3 - INFO - Drone 3: Taking off
2026-02-12 01:26:32,739 - Drone_4 - INFO - Drone 4: Taking off
2026-02-12 01:26:32,739 - Drone_5 - INFO - Drone 5: Taking off
2026-02-12 01:26:39,339 - Drone_2 - WARNING - Drone 2: Cannot goto - invalid flight mode
2026-02-12 01:26:39,339 - Drone_3 - WARNING - Drone 3: Cannot goto - invalid flight mode
2026-02-12 01:26:39,340 - Drone_4 - WARNING - Drone 4: Cannot goto - invalid flight mode
2026-02-12 01:26:39,340 - Drone_5 - WARNING - Drone 5: Cannot goto - invalid flight mode
2026-02-12 01:26:39,340 - SwarmManager - INFO - Formation 'circle' commanded to 4 followers
2026-02-12 01:26:57,279 - Drone_2 - WARNING - Drone 2: Cannot goto - invalid flight mode
2026-02-12 01:26:57,807 - Drone_2 - WARNING - Drone 2: Cannot goto - invalid flight mode
2026-02-12 01:26:58,052 - Drone_2 - WARNING - Drone 2: Cannot goto - invalid flight mode
2026-02-12 01:26:58,236 - Drone_2 - WARNING - Drone 2: Cannot goto - invalid flight mode
2026-02-12 01:26:58,420 - Drone_2 - WARNING - Drone 2: Cannot goto - invalid flight mode
2026-02-12 01:26:58,591 - Drone_2 - WARNING - Drone 2: Cannot goto - invalid flight mode
2026-02-12 01:26:58,777 - Drone_2 - WARNING - Drone 2: Cannot goto - invalid flight mode
2026-02-12 01:26:58,973 - Drone_2 - WARNING - Drone 2: Cannot goto - invalid flight mode
2026-02-12 01:27:01,977 - Drone_2 - WARNING - Drone 2: Cannot goto - invalid flight mode
2026-02-12 01:27:02,177 - Drone_2 - WARNING - Drone 2: Cannot goto - invalid flight mode
2026-02-12 01:27:02,343 - Drone_2 - WARNING - Drone 2: Cannot goto - invalid flight mode
2026-02-12 01:27:02,509 - Drone_2 - WARNING - Drone 2: Cannot goto - invalid flight mode
2026-02-12 01:27:02,681 - Drone_2 - WARNING - Drone 2: Cannot goto - invalid flight mode
2026-02-12 01:27:02,866 - Drone_2 - WARNING - Drone 2: Cannot goto - invalid flight mode
2026-02-12 01:27:03,022 - Drone_2 - WARNING - Drone 2: Cannot goto - invalid flight mode
2026-02-12 01:27:03,195 - Drone_2 - WARNING - Drone 2: Cannot goto - invalid flight mode
2026-02-12 01:27:03,370 - Drone_2 - WARNING - Drone 2: Cannot goto - invalid flight mode
2026-02-12 01:27:03,548 - Drone_2 - WARNING - Drone 2: Cannot goto - invalid flight mode
2026-02-12 01:27:03,718 - Drone_2 - WARNING - Drone 2: Cannot goto - invalid flight mode
2026-02-12 01:27:03,902 - Drone_2 - WARNING - Drone 2: Cannot goto - invalid flight mode
2026-02-12 01:27:04,039 - Drone_2 - WARNING - Drone 2: Cannot goto - invalid flight mode
2026-02-12 01:27:04,238 - Drone_2 - WARNING - Drone 2: Cannot goto - invalid flight mode
2026-02-12 01:27:04,441 - Drone_2 - WARNING - Drone 2: Cannot goto - invalid flight mode
2026-02-12 01:27:04,655 - Drone_2 - WARNING - Drone 2: Cannot goto - invalid flight mode
2026-02-12 01:27:04,918 - Drone_2 - WARNING - Drone 2: Cannot goto - invalid flight mode
2026-02-12 01:27:05,136 - Drone_2 - WARNING - Drone 2: Cannot goto - invalid flight mode
2026-02-12 01:27:05,317 - Drone_2 - WARNING - Drone 2: Cannot goto - invalid flight mode
2026-02-12 01:27:05,515 - Drone_2 - WARNING - Drone 2: Cannot goto - invalid flight mode
2026-02-12 01:27:05,715 - Drone_2 - WARNING - Drone 2: Cannot goto - invalid flight mode
2026-02-12 01:27:05,915 - Drone_2 - WARNING - Drone 2: Cannot goto - invalid flight mode
2026-02-12 01:27:06,135 - Drone_2 - WARNING - Drone 2: Cannot goto - invalid flight mode
2026-02-12 01:27:06,344 - Drone_2 - WARNING - Drone 2: Cannot goto - invalid flight mode
2026-02-12 01:27:14,839 - Drone_2 - WARNING - Drone 2: Cannot goto - invalid flight mode
2026-02-12 01:27:15,199 - Drone_2 - WARNING - Drone 2: Cannot goto - invalid flight mode
2026-02-12 01:27:15,795 - Drone_2 - WARNING - Drone 2: Cannot goto - invalid flight mode
2026-02-12 01:27:15,979 - Drone_2 - WARNING - Drone 2: Cannot goto - invalid flight mode
2026-02-12 01:27:16,155 - Drone_2 - WARNING - Drone 2: Cannot goto - invalid flight mode
2026-02-12 01:27:16,348 - Drone_2 - WARNING - Drone 2: Cannot goto - invalid flight mode
2026-02-12 01:27:16,523 - Drone_2 - WARNING - Drone 2: Cannot goto - invalid flight mode
2026-02-12 01:27:16,699 - Drone_2 - WARNING - Drone 2: Cannot goto - invalid flight mode
2026-02-12 01:27:16,867 - Drone_2 - WARNING - Drone 2: Cannot goto - invalid flight mode
2026-02-12 01:27:17,504 - Drone_2 - WARNING - Drone 2: Cannot goto - invalid flight mode
2026-02-12 01:27:17,676 - Drone_2 - WARNING - Drone 2: Cannot goto - invalid flight mode
2026-02-12 01:27:17,852 - Drone_2 - WARNING - Drone 2: Cannot goto - invalid flight mode
2026-02-12 01:27:18,016 - Drone_2 - WARNING - Drone 2: Cannot goto - invalid flight mode
2026-02-12 01:27:18,453 - Drone_2 - WARNING - Drone 2: Cannot goto - invalid flight mode
2026-02-12 01:27:19,028 - Drone_2 - WARNING - Drone 2: Cannot goto - invalid flight mode
2026-02-12 01:27:27,034 - Drone_2 - WARNING - Drone 2: Cannot goto - invalid flight mode
2026-02-12 01:27:27,628 - Drone_2 - WARNING - Drone 2: Cannot goto - invalid flight mode
2026-02-12 01:27:27,907 - Drone_2 - WARNING - Drone 2: Cannot goto - invalid flight mode
2026-02-12 01:27:28,100 - Drone_2 - WARNING - Drone 2: Cannot goto - invalid flight mode
2026-02-12 01:27:30,881 - Drone_2 - WARNING - Drone 2: Cannot goto - invalid flight mode
2026-02-12 01:27:32,057 - Drone_2 - WARNING - Drone 2: Cannot goto - invalid flight mode
2026-02-12 01:27:32,451 - Drone_2 - WARNING - Drone 2: Cannot goto - invalid flight mode
2026-02-12 01:27:32,612 - Drone_2 - WARNING - Drone 2: Cannot goto - invalid flight mode
2026-02-12 01:27:33,503 - Drone_2 - WARNING - Drone 2: Cannot goto - invalid flight mode
2026-02-12 01:27:33,667 - Drone_2 - WARNING - Drone 2: Cannot goto - invalid flight mode
2026-02-12 01:27:33,847 - Drone_2 - WARNING - Drone 2: Cannot goto - invalid flight mode
2026-02-12 01:30:44,126 - Drone_3 - ERROR - Drone 3: Motor 0 failed!
2026-02-12 01:30:44,189 - Drone_3 - ERROR - Drone 3: Motor failure detected - Motors [0]
2026-02-12 01:30:44,190 - Drone_3 - ERROR - Drone 3: EMERGENCY LANDING - Motor failure: 1 motors failed (source=motor_monitor, site={'x': -1400, 'y': -500, 'z': 0.0})
2026-02-12 01:33:07,499 - Drone_1 - ERROR - Drone 1: EMERGENCY LANDING - Personal emergency button pressed (source=personal_command, site={'x': 0, 'y': 0, 'z': 0.0})
2026-02-12 01:33:07,499 - SwarmManager - ERROR - Personal emergency landing triggered for Drone 1: Personal emergency button pressed
2026-02-12 01:33:07,694 - SwarmManager - WARNING - Leader drone 1 no longer operational
2026-02-12 01:33:07,695 - SwarmManager - ERROR - Handling failure of drone 1: Leader failure
2026-02-12 01:33:07,696 - SwarmManager - WARNING - Leader drone 1 failed - initiating leader election
2026-02-12 01:33:08,697 - SwarmManager - INFO - Starting leader election...
2026-02-12 01:33:08,699 - SwarmManager - INFO -   Drone 2: suitability score = 95.25
2026-02-12 01:33:08,701 - SwarmManager - INFO -   Drone 4: suitability score = 95.25
2026-02-12 01:33:08,702 - SwarmManager - INFO -   Drone 5: suitability score = 95.25
2026-02-12 01:33:08,703 - Drone_1 - INFO - Drone 1: Role changed from emergency to follower
2026-02-12 01:33:08,705 - Drone_2 - INFO - Drone 2: Role changed from follower to leader
2026-02-12 01:33:08,705 - Drone_3 - INFO - Drone 3: Role changed from emergency to follower
2026-02-12 01:33:08,705 - Drone_4 - INFO - Drone 4: Role changed from follower to follower
2026-02-12 01:33:08,706 - Drone_5 - INFO - Drone 5: Role changed from follower to follower
2026-02-12 01:36:19,324 - Drone_3 - INFO - Drone 3: Landed safely
