2026-02-15 10:39:44,977 - Main - INFO - Starting Drone Swarm Management System
2026-02-15 10:39:44,978 - MLDecisionSupport_Drone1 - INFO - ML Decision Support initialized
2026-02-15 10:39:44,990 - PhysicalMLTrainer_Drone1 - INFO - Physical ML model trained drone=1 samples=250 degree=2 alpha=0.0 val_mse=0.000155
2026-02-15 10:39:44,990 - Drone_1 - INFO - Drone 1: bootstrap personal trainer loaded 250 rows from datasets/personal_drone_1.csv
2026-02-15 10:39:44,991 - Drone_1 - INFO - Drone 1: Personal ML system initialized
2026-02-15 10:39:44,991 - Drone_1 - INFO - Drone 1 initialized at {'x': 0, 'y': 0, 'z': 0}
2026-02-15 10:39:44,993 - Drone_1 - INFO - Drone 1 started
2026-02-15 10:39:44,994 - Drone_1 - INFO - Drone 1: Role changed from follower to leader
2026-02-15 10:39:44,996 - MLDecisionSupport_Drone2 - INFO - ML Decision Support initialized
2026-02-15 10:39:44,997 - PhysicalMLTrainer_Drone1 - INFO - Physical ML model trained drone=1 samples=251 degree=2 alpha=0.0 val_mse=0.000157
2026-02-15 10:39:45,002 - PhysicalMLTrainer_Drone2 - INFO - Physical ML model trained drone=2 samples=300 degree=2 alpha=0.1 val_mse=0.000128
2026-02-15 10:39:45,002 - Drone_2 - INFO - Drone 2: bootstrap personal trainer loaded 300 rows from datasets/personal_training.csv
2026-02-15 10:39:45,003 - Drone_2 - INFO - Drone 2: Personal ML system initialized
2026-02-15 10:39:45,003 - Drone_2 - INFO - Drone 2 initialized at {'x': 1200, 'y': 300, 'z': 0}
2026-02-15 10:39:45,004 - Drone_2 - INFO - Drone 2 started
2026-02-15 10:39:45,005 - MLDecisionSupport_Drone3 - INFO - ML Decision Support initialized
2026-02-15 10:39:45,007 - PhysicalMLTrainer_Drone2 - INFO - Physical ML model trained drone=2 samples=301 degree=2 alpha=0.1 val_mse=0.000128
2026-02-15 10:39:45,011 - PhysicalMLTrainer_Drone3 - INFO - Physical ML model trained drone=3 samples=300 degree=2 alpha=0.1 val_mse=0.000128
2026-02-15 10:39:45,011 - Drone_3 - INFO - Drone 3: bootstrap personal trainer loaded 300 rows from datasets/personal_training.csv
2026-02-15 10:39:45,012 - Drone_3 - INFO - Drone 3: Personal ML system initialized
2026-02-15 10:39:45,012 - Drone_3 - INFO - Drone 3 initialized at {'x': -1400, 'y': -500, 'z': 0}
2026-02-15 10:39:45,013 - Drone_3 - INFO - Drone 3 started
2026-02-15 10:39:45,014 - MLDecisionSupport_Drone4 - INFO - ML Decision Support initialized
2026-02-15 10:39:45,015 - PhysicalMLTrainer_Drone3 - INFO - Physical ML model trained drone=3 samples=301 degree=2 alpha=0.1 val_mse=0.000128
2026-02-15 10:39:45,022 - PhysicalMLTrainer_Drone4 - INFO - Physical ML model trained drone=4 samples=300 degree=2 alpha=0.1 val_mse=0.000128
2026-02-15 10:39:45,022 - Drone_4 - INFO - Drone 4: bootstrap personal trainer loaded 300 rows from datasets/personal_training.csv
2026-02-15 10:39:45,022 - Drone_4 - INFO - Drone 4: Personal ML system initialized
2026-02-15 10:39:45,023 - Drone_4 - INFO - Drone 4 initialized at {'x': 800, 'y': -1500, 'z': 0}
2026-02-15 10:39:45,023 - Drone_4 - INFO - Drone 4 started
2026-02-15 10:39:45,025 - MLDecisionSupport_Drone5 - INFO - ML Decision Support initialized
2026-02-15 10:39:45,026 - PhysicalMLTrainer_Drone4 - INFO - Physical ML model trained drone=4 samples=301 degree=2 alpha=0.1 val_mse=0.000128
2026-02-15 10:39:45,030 - PhysicalMLTrainer_Drone5 - INFO - Physical ML model trained drone=5 samples=300 degree=2 alpha=0.1 val_mse=0.000128
2026-02-15 10:39:45,031 - Drone_5 - INFO - Drone 5: bootstrap personal trainer loaded 300 rows from datasets/personal_training.csv
2026-02-15 10:39:45,031 - Drone_5 - INFO - Drone 5: Personal ML system initialized
2026-02-15 10:39:45,031 - Drone_5 - INFO - Drone 5 initialized at {'x': -900, 'y': 1600, 'z': 0}
2026-02-15 10:39:45,032 - Drone_5 - INFO - Drone 5 started
2026-02-15 10:39:45,033 - ObstacleManager - INFO - Dynamic obstacle added id=1 type=random_walk start=(513.7, -750.5) vel=(2.9, -6.8)
2026-02-15 10:39:45,033 - ObstacleManager - INFO - Dynamic obstacle added id=2 type=random_walk start=(1380.3, 1374.1) vel=(-3.1, -1.3)
2026-02-15 10:39:45,034 - ObstacleManager - INFO - Dynamic obstacle added id=3 type=linear start=(-333.9, 2487.2) vel=(0.5, 2.0)
2026-02-15 10:39:45,034 - ObstacleManager - INFO - Dynamic obstacle added id=4 type=linear start=(-551.0, -674.2) vel=(-4.9, 0.7)
2026-02-15 10:39:45,034 - ObstacleManager - INFO - Dynamic obstacle added id=5 type=linear start=(-26.5, 347.3) vel=(-0.6, 4.2)
2026-02-15 10:39:45,034 - ObstacleManager - INFO - Dynamic obstacle added id=6 type=linear start=(-471.4, 290.4) vel=(1.5, -3.1)
2026-02-15 10:39:45,034 - ObstacleManager - INFO - Dynamic obstacle added id=7 type=random_walk start=(-981.7, 1330.7) vel=(5.0, 6.3)
2026-02-15 10:39:45,035 - ObstacleManager - INFO - Dynamic obstacle added id=8 type=random_walk start=(504.1, -172.4) vel=(0.2, -7.1)
2026-02-15 10:39:45,035 - ObstacleManager - INFO - Dynamic obstacle added id=9 type=random_walk start=(-116.9, -372.5) vel=(-3.0, -4.9)
2026-02-15 10:39:45,035 - ObstacleManager - INFO - Dynamic obstacle added id=10 type=random_walk start=(-750.8, -345.3) vel=(0.9, 8.2)
2026-02-15 10:39:45,035 - ObstacleManager - INFO - Dynamic obstacle added id=11 type=linear start=(1762.1, -777.2) vel=(-10.0, 1.2)
2026-02-15 10:39:45,035 - ObstacleManager - INFO - Dynamic obstacle added id=12 type=linear start=(756.9, -1084.9) vel=(10.4, 1.5)
2026-02-15 10:39:45,036 - ObstacleManager - INFO - Dynamic obstacle added id=13 type=random_walk start=(-1275.0, -697.9) vel=(1.4, -2.5)
2026-02-15 10:39:45,036 - ObstacleManager - INFO - Dynamic obstacle added id=14 type=linear start=(1515.7, 1435.6) vel=(3.5, -8.7)
2026-02-15 10:39:45,036 - ObstacleManager - INFO - Dynamic obstacle added id=15 type=random_walk start=(152.4, 355.7) vel=(1.3, 10.5)
2026-02-15 10:39:45,036 - ObstacleManager - INFO - Dynamic obstacle added id=16 type=circular start=(2375.8, -334.2) vel=(-0.1, 2.4)
2026-02-15 10:39:45,036 - ObstacleManager - INFO - Dynamic obstacle added id=17 type=circular start=(201.2, 68.6) vel=(8.5, -5.6)
2026-02-15 10:39:45,037 - ObstacleManager - INFO - Dynamic obstacle added id=18 type=random_walk start=(-248.0, 18.5) vel=(-6.0, 8.7)
2026-02-15 10:39:45,037 - PhysicalMLTrainer_Drone5 - INFO - Physical ML model trained drone=5 samples=301 degree=2 alpha=0.1 val_mse=0.000128
2026-02-15 10:39:45,037 - ObstacleManager - INFO - Dynamic obstacle added id=19 type=circular start=(-66.6, 443.7) vel=(-4.8, -0.0)
2026-02-15 10:39:45,037 - ObstacleManager - INFO - Dynamic obstacle added id=20 type=random_walk start=(944.7, 722.5) vel=(-3.0, 5.9)
2026-02-15 10:39:45,037 - ObstacleManager - INFO - Dynamic obstacle added id=21 type=random_walk start=(-2146.0, 1128.1) vel=(7.8, 1.8)
2026-02-15 10:39:45,037 - ObstacleManager - INFO - Dynamic obstacle added id=22 type=random_walk start=(2015.9, -93.1) vel=(-3.1, 2.0)
2026-02-15 10:39:45,037 - ObstacleManager - INFO - Dynamic obstacle added id=23 type=random_walk start=(246.1, -2046.4) vel=(-5.7, -3.2)
2026-02-15 10:39:45,037 - ObstacleManager - INFO - Dynamic obstacle added id=24 type=circular start=(-321.6, -109.1) vel=(2.6, -4.7)
2026-02-15 10:39:45,037 - ObstacleManager - INFO - Dynamic obstacle added id=25 type=random_walk start=(1100.6, 2282.4) vel=(6.5, 8.5)
2026-02-15 10:39:45,038 - ObstacleManager - INFO - Dynamic obstacle added id=26 type=circular start=(-284.3, 980.3) vel=(5.9, -0.9)
2026-02-15 10:39:45,038 - ObstacleManager - INFO - Dynamic obstacle added id=27 type=random_walk start=(1565.1, 399.8) vel=(-2.4, -0.9)
2026-02-15 10:39:45,039 - Main - INFO - Swarm created with 5 drones
2026-02-15 10:39:45,039 - Main - INFO - Leader elected: Drone 1
2026-02-15 10:39:45,039 - Main - INFO - Starting GUI...
2026-02-15 10:39:53,633 - MLDecisionSupport_Drone6 - INFO - ML Decision Support initialized
2026-02-15 10:39:53,645 - PhysicalMLTrainer_Drone6 - INFO - Physical ML model trained drone=6 samples=300 degree=2 alpha=0.1 val_mse=0.000128
2026-02-15 10:39:53,645 - Drone_6 - INFO - Drone 6: bootstrap personal trainer loaded 300 rows from datasets/personal_training.csv
2026-02-15 10:39:53,646 - Drone_6 - INFO - Drone 6: Personal ML system initialized
2026-02-15 10:39:53,646 - Drone_6 - INFO - Drone 6 initialized at {'x': -1475.9629816828344, 'y': -2197.2800153618496, 'z': 0}
2026-02-15 10:39:53,647 - Drone_6 - INFO - Drone 6 started
2026-02-15 10:39:53,649 - PhysicalMLTrainer_Drone6 - INFO - Physical ML model trained drone=6 samples=301 degree=2 alpha=0.1 val_mse=0.000128
2026-02-15 10:39:54,600 - MLDecisionSupport_Drone7 - INFO - ML Decision Support initialized
2026-02-15 10:39:54,610 - PhysicalMLTrainer_Drone7 - INFO - Physical ML model trained drone=7 samples=300 degree=2 alpha=0.1 val_mse=0.000128
2026-02-15 10:39:54,611 - Drone_7 - INFO - Drone 7: bootstrap personal trainer loaded 300 rows from datasets/personal_training.csv
2026-02-15 10:39:54,611 - Drone_7 - INFO - Drone 7: Personal ML system initialized
2026-02-15 10:39:54,611 - Drone_7 - INFO - Drone 7 initialized at {'x': 637.3136204761695, 'y': -1407.9002322563736, 'z': 0}
2026-02-15 10:39:54,612 - Drone_7 - INFO - Drone 7 started
2026-02-15 10:39:54,614 - PhysicalMLTrainer_Drone7 - INFO - Physical ML model trained drone=7 samples=301 degree=2 alpha=0.1 val_mse=0.000128
2026-02-15 10:40:05,231 - PhysicalMLTrainer_Drone5 - INFO - Physical ML model trained drone=5 samples=501 degree=2 alpha=0.0 val_mse=0.000000
2026-02-15 10:40:05,233 - PhysicalMLTrainer_Drone2 - INFO - Physical ML model trained drone=2 samples=501 degree=2 alpha=0.0 val_mse=0.000000
2026-02-15 10:40:05,234 - PhysicalMLTrainer_Drone1 - INFO - Physical ML model trained drone=1 samples=451 degree=2 alpha=0.0 val_mse=0.000000
2026-02-15 10:40:05,234 - PhysicalMLTrainer_Drone4 - INFO - Physical ML model trained drone=4 samples=501 degree=2 alpha=0.0 val_mse=0.000000
2026-02-15 10:40:05,235 - PhysicalMLTrainer_Drone3 - INFO - Physical ML model trained drone=3 samples=501 degree=2 alpha=0.0 val_mse=0.000000
2026-02-15 10:40:13,802 - PhysicalMLTrainer_Drone6 - INFO - Physical ML model trained drone=6 samples=501 degree=2 alpha=0.0 val_mse=0.000000
2026-02-15 10:40:14,738 - PhysicalMLTrainer_Drone7 - INFO - Physical ML model trained drone=7 samples=501 degree=2 alpha=0.0 val_mse=0.000000
2026-02-15 10:40:25,386 - PhysicalMLTrainer_Drone1 - INFO - Physical ML model trained drone=1 samples=651 degree=2 alpha=0.0 val_mse=0.000000
2026-02-15 10:40:25,387 - PhysicalMLTrainer_Drone4 - INFO - Physical ML model trained drone=4 samples=701 degree=2 alpha=0.0 val_mse=0.000000
2026-02-15 10:40:25,389 - PhysicalMLTrainer_Drone5 - INFO - Physical ML model trained drone=5 samples=701 degree=2 alpha=0.0 val_mse=0.000000
2026-02-15 10:40:25,390 - PhysicalMLTrainer_Drone3 - INFO - Physical ML model trained drone=3 samples=701 degree=2 alpha=0.0 val_mse=0.000000
2026-02-15 10:40:25,391 - PhysicalMLTrainer_Drone2 - INFO - Physical ML model trained drone=2 samples=701 degree=2 alpha=0.0 val_mse=0.000000
2026-02-15 10:40:33,947 - PhysicalMLTrainer_Drone6 - INFO - Physical ML model trained drone=6 samples=701 degree=2 alpha=0.0 val_mse=0.000000
2026-02-15 10:40:34,865 - PhysicalMLTrainer_Drone7 - INFO - Physical ML model trained drone=7 samples=701 degree=2 alpha=0.0 val_mse=0.000000
2026-02-15 10:40:42,273 - Drone_1 - INFO - Drone 1: Armed
2026-02-15 10:40:42,275 - Drone_2 - INFO - Drone 2: Armed
2026-02-15 10:40:42,275 - Drone_3 - INFO - Drone 3: Armed
2026-02-15 10:40:42,276 - Drone_4 - INFO - Drone 4: Armed
2026-02-15 10:40:42,277 - Drone_5 - INFO - Drone 5: Armed
2026-02-15 10:40:42,277 - Drone_6 - INFO - Drone 6: Armed
2026-02-15 10:40:42,277 - Drone_7 - INFO - Drone 7: Armed
2026-02-15 10:40:42,901 - Drone_1 - INFO - Drone 1: Taking off
2026-02-15 10:40:42,901 - DroneStateManager - INFO - Drone 1 state transition IDLE -> TAKEOFF
2026-02-15 10:40:42,901 - Drone_2 - INFO - Drone 2: Taking off
2026-02-15 10:40:42,902 - DroneStateManager - INFO - Drone 2 state transition IDLE -> TAKEOFF
2026-02-15 10:40:42,902 - Drone_3 - INFO - Drone 3: Taking off
2026-02-15 10:40:42,902 - DroneStateManager - INFO - Drone 3 state transition IDLE -> TAKEOFF
2026-02-15 10:40:42,902 - Drone_4 - INFO - Drone 4: Taking off
2026-02-15 10:40:42,903 - DroneStateManager - INFO - Drone 4 state transition IDLE -> TAKEOFF
2026-02-15 10:40:42,903 - Drone_5 - INFO - Drone 5: Taking off
2026-02-15 10:40:42,903 - DroneStateManager - INFO - Drone 5 state transition IDLE -> TAKEOFF
2026-02-15 10:40:42,903 - Drone_6 - INFO - Drone 6: Taking off
2026-02-15 10:40:42,903 - DroneStateManager - INFO - Drone 6 state transition IDLE -> TAKEOFF
2026-02-15 10:40:42,903 - Drone_7 - INFO - Drone 7: Taking off
2026-02-15 10:40:42,903 - DroneStateManager - INFO - Drone 7 state transition IDLE -> TAKEOFF
2026-02-15 10:40:45,092 - DroneStateManager - INFO - Drone 2 state transition TAKEOFF -> WAITING_FOR_COMMAND
2026-02-15 10:40:45,092 - DroneStateManager - INFO - Drone 3 state transition TAKEOFF -> WAITING_FOR_COMMAND
2026-02-15 10:40:45,092 - DroneStateManager - INFO - Drone 4 state transition TAKEOFF -> WAITING_FOR_COMMAND
2026-02-15 10:40:45,092 - DroneStateManager - INFO - Drone 5 state transition TAKEOFF -> WAITING_FOR_COMMAND
2026-02-15 10:40:45,092 - DroneStateManager - INFO - Drone 6 state transition TAKEOFF -> WAITING_FOR_COMMAND
2026-02-15 10:40:45,092 - DroneStateManager - INFO - Drone 7 state transition TAKEOFF -> WAITING_FOR_COMMAND
2026-02-15 10:40:45,425 - Drone_1 - INFO - Drone 1: Flying to {'x': 2487.469612615852, 'y': 2070.6885360545393, 'z': 60.0}
2026-02-15 10:40:45,426 - DroneStateManager - INFO - Drone 1 state transition TAKEOFF -> MOVING_TO_TARGET
2026-02-15 10:40:45,426 - Drone_2 - INFO - Drone 2: Flying to {'x': 2468.593722980864, 'y': 2109.8847247609297, 'z': 60.0}
2026-02-15 10:40:45,426 - DroneStateManager - INFO - Drone 2 state transition WAITING_FOR_COMMAND -> MOVING_TO_TARGET
2026-02-15 10:40:45,426 - Drone_3 - INFO - Drone 3: Flying to {'x': 2426.1799839690243, 'y': 2119.565383914869, 'z': 60.0}
2026-02-15 10:40:45,426 - DroneStateManager - INFO - Drone 3 state transition WAITING_FOR_COMMAND -> MOVING_TO_TARGET
2026-02-15 10:40:45,426 - Drone_4 - INFO - Drone 4: Flying to {'x': 2392.1668061388523, 'y': 2092.440779723982, 'z': 60.0}
2026-02-15 10:40:45,427 - DroneStateManager - INFO - Drone 4 state transition WAITING_FOR_COMMAND -> MOVING_TO_TARGET
2026-02-15 10:40:45,427 - Drone_5 - INFO - Drone 5: Flying to {'x': 2392.1668061388523, 'y': 2048.9362923850967, 'z': 60.0}
2026-02-15 10:40:45,427 - DroneStateManager - INFO - Drone 5 state transition WAITING_FOR_COMMAND -> MOVING_TO_TARGET
2026-02-15 10:40:45,427 - Drone_6 - INFO - Drone 6: Flying to {'x': 2426.1799839690243, 'y': 2021.8116881942099, 'z': 60.0}
2026-02-15 10:40:45,427 - DroneStateManager - INFO - Drone 6 state transition WAITING_FOR_COMMAND -> MOVING_TO_TARGET
2026-02-15 10:40:45,427 - Drone_7 - INFO - Drone 7: Flying to {'x': 2468.593722980864, 'y': 2031.492347348149, 'z': 60.0}
2026-02-15 10:40:45,427 - DroneStateManager - INFO - Drone 7 state transition WAITING_FOR_COMMAND -> MOVING_TO_TARGET
2026-02-15 10:40:45,541 - PhysicalMLTrainer_Drone2 - INFO - Physical ML model trained drone=2 samples=901 degree=2 alpha=0.0 val_mse=0.016449
2026-02-15 10:40:45,542 - PhysicalMLTrainer_Drone1 - INFO - Physical ML model trained drone=1 samples=851 degree=2 alpha=0.0 val_mse=0.017313
2026-02-15 10:40:45,542 - PhysicalMLTrainer_Drone3 - INFO - Physical ML model trained drone=3 samples=901 degree=2 alpha=0.0 val_mse=0.016343
2026-02-15 10:40:45,542 - PhysicalMLTrainer_Drone4 - INFO - Physical ML model trained drone=4 samples=901 degree=2 alpha=0.0 val_mse=0.016454
2026-02-15 10:40:45,543 - PhysicalMLTrainer_Drone5 - INFO - Physical ML model trained drone=5 samples=901 degree=2 alpha=0.0 val_mse=0.016212
2026-02-15 10:40:54,072 - PhysicalMLTrainer_Drone6 - INFO - Physical ML model trained drone=6 samples=901 degree=2 alpha=0.0 val_mse=0.172565
2026-02-15 10:40:54,977 - PhysicalMLTrainer_Drone7 - INFO - Physical ML model trained drone=7 samples=901 degree=2 alpha=0.0 val_mse=0.195492
2026-02-15 10:41:05,689 - PhysicalMLTrainer_Drone4 - INFO - Physical ML model trained drone=4 samples=1101 degree=2 alpha=0.0 val_mse=0.324424
2026-02-15 10:41:05,690 - PhysicalMLTrainer_Drone1 - INFO - Physical ML model trained drone=1 samples=1051 degree=2 alpha=0.0 val_mse=0.325851
2026-02-15 10:41:05,690 - PhysicalMLTrainer_Drone3 - INFO - Physical ML model trained drone=3 samples=1101 degree=2 alpha=0.0 val_mse=0.303000
2026-02-15 10:41:05,690 - PhysicalMLTrainer_Drone5 - INFO - Physical ML model trained drone=5 samples=1101 degree=2 alpha=0.0 val_mse=0.285223
2026-02-15 10:41:05,691 - PhysicalMLTrainer_Drone2 - INFO - Physical ML model trained drone=2 samples=1101 degree=2 alpha=0.0 val_mse=0.332695
2026-02-15 10:41:14,167 - PhysicalMLTrainer_Drone6 - INFO - Physical ML model trained drone=6 samples=1101 degree=2 alpha=0.0 val_mse=0.000669
2026-02-15 10:41:15,078 - PhysicalMLTrainer_Drone7 - INFO - Physical ML model trained drone=7 samples=1101 degree=2 alpha=0.0 val_mse=0.001225
2026-02-15 10:41:25,805 - PhysicalMLTrainer_Drone1 - INFO - Physical ML model trained drone=1 samples=1251 degree=2 alpha=1.0 val_mse=0.002052
2026-02-15 10:41:25,805 - PhysicalMLTrainer_Drone3 - INFO - Physical ML model trained drone=3 samples=1301 degree=2 alpha=1.0 val_mse=0.001224
2026-02-15 10:41:25,826 - PhysicalMLTrainer_Drone2 - INFO - Physical ML model trained drone=2 samples=1301 degree=2 alpha=1.0 val_mse=0.004000
2026-02-15 10:41:25,827 - PhysicalMLTrainer_Drone5 - INFO - Physical ML model trained drone=5 samples=1301 degree=2 alpha=1.0 val_mse=0.001998
2026-02-15 10:41:25,827 - PhysicalMLTrainer_Drone4 - INFO - Physical ML model trained drone=4 samples=1301 degree=2 alpha=1.0 val_mse=0.001648
2026-02-15 10:41:34,283 - PhysicalMLTrainer_Drone6 - INFO - Physical ML model trained drone=6 samples=1301 degree=2 alpha=1.0 val_mse=0.001112
2026-02-15 10:41:35,201 - PhysicalMLTrainer_Drone7 - INFO - Physical ML model trained drone=7 samples=1301 degree=2 alpha=1.0 val_mse=0.001995
2026-02-15 10:41:41,311 - Drone_1 - INFO - Drone 1 stopped
2026-02-15 10:41:41,410 - Drone_2 - INFO - Drone 2 stopped
2026-02-15 10:41:41,511 - Drone_3 - INFO - Drone 3 stopped
2026-02-15 10:41:41,513 - Drone_4 - INFO - Drone 4 stopped
2026-02-15 10:41:41,612 - Drone_5 - INFO - Drone 5 stopped
2026-02-15 10:41:41,625 - Drone_6 - INFO - Drone 6 stopped
2026-02-15 10:41:41,626 - Drone_7 - INFO - Drone 7 stopped
2026-02-15 10:41:41,627 - Main - INFO - System shutdown complete
