2026-02-12 02:12:40,122 - Main - INFO - Starting Drone Swarm Management System
2026-02-12 02:12:40,123 - SwarmManager - INFO - Swarm Manager initialized
2026-02-12 02:12:40,124 - MLDecisionSupport_Drone1 - INFO - ML Decision Support initialized
2026-02-12 02:12:40,134 - Drone_1 - INFO - Drone 1: Personal ML system initialized
2026-02-12 02:12:40,134 - Drone_1 - INFO - Drone 1 initialized at {'x': 0, 'y': 0, 'z': 0}
2026-02-12 02:12:40,135 - Drone_1 - INFO - Drone 1 started
2026-02-12 02:12:40,136 - SwarmManager - INFO - Drone 1 added to swarm
2026-02-12 02:12:40,136 - SwarmManager - INFO - Starting leader election...
2026-02-12 02:12:40,138 - SwarmManager - INFO -   Drone 1: suitability score = 100.00
2026-02-12 02:12:40,138 - Drone_1 - INFO - Drone 1: Role changed from follower to leader
2026-02-12 02:12:40,143 - MLDecisionSupport_Drone2 - INFO - ML Decision Support initialized
2026-02-12 02:12:40,148 - Drone_2 - INFO - Drone 2: Personal ML system initialized
2026-02-12 02:12:40,148 - Drone_2 - INFO - Drone 2 initialized at {'x': 1200, 'y': 300, 'z': 0}
2026-02-12 02:12:40,149 - Drone_2 - INFO - Drone 2 started
2026-02-12 02:12:40,149 - SwarmManager - INFO - Drone 2 added to swarm
2026-02-12 02:12:40,150 - MLDecisionSupport_Drone3 - INFO - ML Decision Support initialized
2026-02-12 02:12:40,151 - Drone_3 - INFO - Drone 3: Personal ML system initialized
2026-02-12 02:12:40,152 - Drone_3 - INFO - Drone 3 initialized at {'x': -1400, 'y': -500, 'z': 0}
2026-02-12 02:12:40,152 - Drone_3 - INFO - Drone 3 started
2026-02-12 02:12:40,152 - SwarmManager - INFO - Drone 3 added to swarm
2026-02-12 02:12:40,153 - MLDecisionSupport_Drone4 - INFO - ML Decision Support initialized
2026-02-12 02:12:40,154 - Drone_4 - INFO - Drone 4: Personal ML system initialized
2026-02-12 02:12:40,154 - Drone_4 - INFO - Drone 4 initialized at {'x': 800, 'y': -1500, 'z': 0}
2026-02-12 02:12:40,154 - Drone_4 - INFO - Drone 4 started
2026-02-12 02:12:40,155 - SwarmManager - INFO - Drone 4 added to swarm
2026-02-12 02:12:40,155 - MLDecisionSupport_Drone5 - INFO - ML Decision Support initialized
2026-02-12 02:12:40,156 - Drone_5 - INFO - Drone 5: Personal ML system initialized
2026-02-12 02:12:40,157 - Drone_5 - INFO - Drone 5 initialized at {'x': -900, 'y': 1600, 'z': 0}
2026-02-12 02:12:40,157 - Drone_5 - INFO - Drone 5 started
2026-02-12 02:12:40,157 - SwarmManager - INFO - Drone 5 added to swarm
2026-02-12 02:12:40,158 - SwarmManager - INFO - Swarm monitoring started
2026-02-12 02:12:40,158 - Main - INFO - Swarm created with 5 drones
2026-02-12 02:12:40,158 - Main - INFO - Leader elected: Drone 1
2026-02-12 02:12:40,158 - Main - INFO - Starting GUI...
2026-02-12 02:13:00,217 - PhysicalMLTrainer_Drone4 - INFO - Physical ML model trained for drone=4 samples=200
2026-02-12 02:13:00,218 - PhysicalMLTrainer_Drone5 - INFO - Physical ML model trained for drone=5 samples=200
2026-02-12 02:13:00,218 - PhysicalMLTrainer_Drone2 - INFO - Physical ML model trained for drone=2 samples=200
2026-02-12 02:13:00,218 - PhysicalMLTrainer_Drone1 - INFO - Physical ML model trained for drone=1 samples=200
2026-02-12 02:13:00,219 - PhysicalMLTrainer_Drone3 - INFO - Physical ML model trained for drone=3 samples=200
