2026-02-15 10:25:15,159 - Main - INFO - Starting Drone Swarm Management System
2026-02-15 10:25:15,160 - MLDecisionSupport_Drone1 - INFO - ML Decision Support initialized
2026-02-15 10:25:15,173 - PhysicalMLTrainer_Drone1 - INFO - Physical ML model trained drone=1 samples=250 degree=2 alpha=0.0 val_mse=0.000155
2026-02-15 10:25:15,173 - Drone_1 - INFO - Drone 1: bootstrap personal trainer loaded 250 rows from datasets/personal_drone_1.csv
2026-02-15 10:25:15,173 - Drone_1 - INFO - Drone 1: Personal ML system initialized
2026-02-15 10:25:15,174 - Drone_1 - INFO - Drone 1 initialized at {'x': 0, 'y': 0, 'z': 0}
2026-02-15 10:25:15,176 - Drone_1 - INFO - Drone 1 started
2026-02-15 10:25:15,178 - Drone_1 - INFO - Drone 1: Role changed from follower to leader
2026-02-15 10:25:15,179 - PhysicalMLTrainer_Drone1 - INFO - Physical ML model trained drone=1 samples=251 degree=2 alpha=0.0 val_mse=0.000157
2026-02-15 10:25:15,179 - MLDecisionSupport_Drone2 - INFO - ML Decision Support initialized
2026-02-15 10:25:15,185 - PhysicalMLTrainer_Drone2 - INFO - Physical ML model trained drone=2 samples=300 degree=2 alpha=0.1 val_mse=0.000128
2026-02-15 10:25:15,185 - Drone_2 - INFO - Drone 2: bootstrap personal trainer loaded 300 rows from datasets/personal_training.csv
2026-02-15 10:25:15,185 - Drone_2 - INFO - Drone 2: Personal ML system initialized
2026-02-15 10:25:15,186 - Drone_2 - INFO - Drone 2 initialized at {'x': 1200, 'y': 300, 'z': 0}
2026-02-15 10:25:15,186 - Drone_2 - INFO - Drone 2 started
2026-02-15 10:25:15,188 - MLDecisionSupport_Drone3 - INFO - ML Decision Support initialized
2026-02-15 10:25:15,189 - PhysicalMLTrainer_Drone2 - INFO - Physical ML model trained drone=2 samples=301 degree=2 alpha=0.1 val_mse=0.000128
2026-02-15 10:25:15,194 - PhysicalMLTrainer_Drone3 - INFO - Physical ML model trained drone=3 samples=300 degree=2 alpha=0.1 val_mse=0.000128
2026-02-15 10:25:15,195 - Drone_3 - INFO - Drone 3: bootstrap personal trainer loaded 300 rows from datasets/personal_training.csv
2026-02-15 10:25:15,195 - Drone_3 - INFO - Drone 3: Personal ML system initialized
2026-02-15 10:25:15,195 - Drone_3 - INFO - Drone 3 initialized at {'x': -1400, 'y': -500, 'z': 0}
2026-02-15 10:25:15,196 - Drone_3 - INFO - Drone 3 started
2026-02-15 10:25:15,197 - MLDecisionSupport_Drone4 - INFO - ML Decision Support initialized
2026-02-15 10:25:15,198 - PhysicalMLTrainer_Drone3 - INFO - Physical ML model trained drone=3 samples=301 degree=2 alpha=0.1 val_mse=0.000128
2026-02-15 10:25:15,203 - PhysicalMLTrainer_Drone4 - INFO - Physical ML model trained drone=4 samples=300 degree=2 alpha=0.1 val_mse=0.000128
2026-02-15 10:25:15,203 - Drone_4 - INFO - Drone 4: bootstrap personal trainer loaded 300 rows from datasets/personal_training.csv
2026-02-15 10:25:15,204 - Drone_4 - INFO - Drone 4: Personal ML system initialized
2026-02-15 10:25:15,204 - Drone_4 - INFO - Drone 4 initialized at {'x': 800, 'y': -1500, 'z': 0}
2026-02-15 10:25:15,206 - Drone_4 - INFO - Drone 4 started
2026-02-15 10:25:15,208 - MLDecisionSupport_Drone5 - INFO - ML Decision Support initialized
2026-02-15 10:25:15,210 - PhysicalMLTrainer_Drone4 - INFO - Physical ML model trained drone=4 samples=301 degree=2 alpha=0.1 val_mse=0.000128
2026-02-15 10:25:15,218 - PhysicalMLTrainer_Drone5 - INFO - Physical ML model trained drone=5 samples=300 degree=2 alpha=0.1 val_mse=0.000128
2026-02-15 10:25:15,218 - Drone_5 - INFO - Drone 5: bootstrap personal trainer loaded 300 rows from datasets/personal_training.csv
2026-02-15 10:25:15,219 - Drone_5 - INFO - Drone 5: Personal ML system initialized
2026-02-15 10:25:15,220 - Drone_5 - INFO - Drone 5 initialized at {'x': -900, 'y': 1600, 'z': 0}
2026-02-15 10:25:15,221 - Drone_5 - INFO - Drone 5 started
2026-02-15 10:25:15,223 - Main - INFO - Swarm created with 5 drones
2026-02-15 10:25:15,224 - Main - INFO - Leader elected: Drone 1
2026-02-15 10:25:15,224 - Main - INFO - Starting GUI...
2026-02-15 10:25:15,225 - PhysicalMLTrainer_Drone5 - INFO - Physical ML model trained drone=5 samples=301 degree=2 alpha=0.1 val_mse=0.000128
2026-02-15 10:25:18,296 - Drone_1 - INFO - Drone 1: Armed
2026-02-15 10:25:18,298 - Drone_2 - INFO - Drone 2: Armed
2026-02-15 10:25:18,299 - Drone_3 - INFO - Drone 3: Armed
2026-02-15 10:25:18,299 - Drone_4 - INFO - Drone 4: Armed
2026-02-15 10:25:18,300 - Drone_5 - INFO - Drone 5: Armed
2026-02-15 10:25:19,432 - Drone_1 - INFO - Drone 1: Taking off
2026-02-15 10:25:19,432 - DroneStateManager - INFO - Drone 1 state transition IDLE -> TAKEOFF
2026-02-15 10:25:19,432 - Drone_2 - INFO - Drone 2: Taking off
2026-02-15 10:25:19,433 - DroneStateManager - INFO - Drone 2 state transition IDLE -> TAKEOFF
2026-02-15 10:25:19,433 - Drone_3 - INFO - Drone 3: Taking off
2026-02-15 10:25:19,433 - DroneStateManager - INFO - Drone 3 state transition IDLE -> TAKEOFF
2026-02-15 10:25:19,433 - Drone_4 - INFO - Drone 4: Taking off
2026-02-15 10:25:19,434 - DroneStateManager - INFO - Drone 4 state transition IDLE -> TAKEOFF
2026-02-15 10:25:19,434 - Drone_5 - INFO - Drone 5: Taking off
2026-02-15 10:25:19,434 - DroneStateManager - INFO - Drone 5 state transition IDLE -> TAKEOFF
2026-02-15 10:25:21,326 - ObstacleManager - INFO - Dynamic obstacle added id=1 type=linear start=(250.0, 250.0) vel=(0.0, 0.0)
2026-02-15 10:25:22,226 - DroneStateManager - INFO - Drone 2 state transition TAKEOFF -> WAITING_FOR_COMMAND
2026-02-15 10:25:22,227 - DroneStateManager - INFO - Drone 3 state transition TAKEOFF -> WAITING_FOR_COMMAND
2026-02-15 10:25:22,227 - DroneStateManager - INFO - Drone 4 state transition TAKEOFF -> WAITING_FOR_COMMAND
2026-02-15 10:25:22,227 - DroneStateManager - INFO - Drone 5 state transition TAKEOFF -> WAITING_FOR_COMMAND
2026-02-15 10:25:26,206 - Drone_1 - INFO - Drone 1: Flying to {'x': 2585.0, 'y': 2580.0, 'z': 60.0}
2026-02-15 10:25:26,207 - DroneStateManager - INFO - Drone 1 state transition TAKEOFF -> MOVING_TO_TARGET
2026-02-15 10:25:26,207 - Drone_2 - INFO - Drone 2: Flying to {'x': 2553.9057647468726, 'y': 2622.797543233282, 'z': 60.0}
2026-02-15 10:25:26,208 - DroneStateManager - INFO - Drone 2 state transition WAITING_FOR_COMMAND -> MOVING_TO_TARGET
2026-02-15 10:25:26,208 - Drone_3 - INFO - Drone 3: Flying to {'x': 2503.5942352531274, 'y': 2606.450336353161, 'z': 60.0}
2026-02-15 10:25:26,209 - DroneStateManager - INFO - Drone 3 state transition WAITING_FOR_COMMAND -> MOVING_TO_TARGET
2026-02-15 10:25:26,209 - Drone_4 - INFO - Drone 4: Flying to {'x': 2503.5942352531274, 'y': 2553.549663646839, 'z': 60.0}
2026-02-15 10:25:26,210 - DroneStateManager - INFO - Drone 4 state transition WAITING_FOR_COMMAND -> MOVING_TO_TARGET
2026-02-15 10:25:26,210 - Drone_5 - INFO - Drone 5: Flying to {'x': 2553.9057647468726, 'y': 2537.202456766718, 'z': 60.0}
2026-02-15 10:25:26,210 - DroneStateManager - INFO - Drone 5 state transition WAITING_FOR_COMMAND -> MOVING_TO_TARGET
2026-02-15 10:25:29,868 - ObstacleManager - INFO - Dynamic obstacle added id=2 type=linear start=(250.0, 250.0) vel=(-6.0, 0.0)
2026-02-15 10:25:35,401 - PhysicalMLTrainer_Drone3 - INFO - Physical ML model trained drone=3 samples=501 degree=2 alpha=0.0 val_mse=0.306705
2026-02-15 10:25:35,408 - PhysicalMLTrainer_Drone1 - INFO - Physical ML model trained drone=1 samples=451 degree=2 alpha=0.0 val_mse=0.051600
2026-02-15 10:25:35,408 - PhysicalMLTrainer_Drone4 - INFO - Physical ML model trained drone=4 samples=501 degree=2 alpha=0.0 val_mse=0.321285
2026-02-15 10:25:35,409 - PhysicalMLTrainer_Drone2 - INFO - Physical ML model trained drone=2 samples=501 degree=2 alpha=0.0 val_mse=0.322730
2026-02-15 10:25:35,410 - PhysicalMLTrainer_Drone5 - INFO - Physical ML model trained drone=5 samples=501 degree=2 alpha=0.0 val_mse=0.289598
2026-02-15 10:25:48,255 - Drone_1 - INFO - Drone 1: Flying to {'x': 317.462704730981, 'y': 277.2889545820134, 'z': 11.045921129259053}
2026-02-15 10:25:48,258 - DroneStateManager - INFO - Drone 1 state transition MOVING_TO_TARGET -> AVOIDING_DYNAMIC_OBSTACLE
2026-02-15 10:25:49,259 - Drone_1 - INFO - Drone 1: Flying to {'x': 330.7518005568326, 'y': 284.3990170093118, 'z': 10.840630537401033}
2026-02-15 10:25:50,263 - DroneStateManager - INFO - Drone 1 state transition AVOIDING_DYNAMIC_OBSTACLE -> MOVING_TO_TARGET
2026-02-15 10:25:55,524 - Drone_1 - INFO - Drone 1: Reached target position
2026-02-15 10:25:55,552 - PhysicalMLTrainer_Drone3 - INFO - Physical ML model trained drone=3 samples=701 degree=2 alpha=0.0 val_mse=0.000577
2026-02-15 10:25:55,552 - PhysicalMLTrainer_Drone1 - INFO - Physical ML model trained drone=1 samples=651 degree=2 alpha=0.0 val_mse=0.017577
2026-02-15 10:25:55,556 - PhysicalMLTrainer_Drone5 - INFO - Physical ML model trained drone=5 samples=701 degree=2 alpha=0.0 val_mse=0.000969
2026-02-15 10:25:55,556 - PhysicalMLTrainer_Drone2 - INFO - Physical ML model trained drone=2 samples=701 degree=2 alpha=0.0 val_mse=0.001636
2026-02-15 10:25:55,557 - PhysicalMLTrainer_Drone4 - INFO - Physical ML model trained drone=4 samples=701 degree=2 alpha=0.0 val_mse=0.000758
2026-02-15 10:25:56,273 - Drone_1 - INFO - Drone 1: Flying to {'x': 2585.0, 'y': 2580.0, 'z': 60.0}
2026-02-15 10:26:15,679 - PhysicalMLTrainer_Drone1 - INFO - Physical ML model trained drone=1 samples=851 degree=2 alpha=0.0 val_mse=0.001993
2026-02-15 10:26:15,693 - PhysicalMLTrainer_Drone5 - INFO - Physical ML model trained drone=5 samples=901 degree=2 alpha=0.0 val_mse=0.001975
2026-02-15 10:26:15,694 - PhysicalMLTrainer_Drone3 - INFO - Physical ML model trained drone=3 samples=901 degree=2 alpha=0.0 val_mse=0.001232
2026-02-15 10:26:15,695 - PhysicalMLTrainer_Drone2 - INFO - Physical ML model trained drone=2 samples=901 degree=2 alpha=0.0 val_mse=0.002873
2026-02-15 10:26:15,695 - PhysicalMLTrainer_Drone4 - INFO - Physical ML model trained drone=4 samples=901 degree=2 alpha=0.0 val_mse=0.001559
2026-02-15 10:26:24,333 - Drone_1 - INFO - Drone 1 stopped
2026-02-15 10:26:24,347 - Drone_2 - INFO - Drone 2 stopped
2026-02-15 10:26:24,440 - Drone_3 - INFO - Drone 3 stopped
2026-02-15 10:26:24,447 - Drone_4 - INFO - Drone 4 stopped
2026-02-15 10:26:24,547 - Drone_5 - INFO - Drone 5 stopped
2026-02-15 10:26:24,548 - Main - INFO - System shutdown complete
