2026-02-17 08:21:16,882 - Main - INFO - Starting Drone Swarm Management System
2026-02-17 08:21:16,884 - MLDecisionSupport_Drone1 - INFO - ML Decision Support initialized
2026-02-17 08:21:16,892 - PhysicalMLTrainer_Drone1 - INFO - Physical ML model trained drone=1 samples=250 degree=2 alpha=0.0 val_mse=0.000155
2026-02-17 08:21:16,892 - Drone_1 - INFO - Drone 1: bootstrap personal trainer loaded 250 rows from datasets/personal_drone_1.csv
2026-02-17 08:21:16,893 - Drone_1 - INFO - Drone 1: Personal ML system initialized
2026-02-17 08:21:16,893 - Drone_1 - INFO - Drone 1 initialized at {'x': 0, 'y': 0, 'z': 0}
2026-02-17 08:21:16,901 - Drone_1 - INFO - Drone 1 started
2026-02-17 08:21:16,903 - Drone_1 - INFO - Drone 1: Role changed from follower to leader
2026-02-17 08:21:16,904 - MLDecisionSupport_Drone2 - INFO - ML Decision Support initialized
2026-02-17 08:21:16,904 - PhysicalMLTrainer_Drone1 - INFO - Physical ML model trained drone=1 samples=251 degree=2 alpha=0.0 val_mse=0.000157
2026-02-17 08:21:16,911 - PhysicalMLTrainer_Drone2 - INFO - Physical ML model trained drone=2 samples=300 degree=2 alpha=0.1 val_mse=0.000128
2026-02-17 08:21:16,911 - Drone_2 - INFO - Drone 2: bootstrap personal trainer loaded 300 rows from datasets/personal_training.csv
2026-02-17 08:21:16,911 - Drone_2 - INFO - Drone 2: Personal ML system initialized
2026-02-17 08:21:16,911 - Drone_2 - INFO - Drone 2 initialized at {'x': 1200, 'y': 300, 'z': 0}
2026-02-17 08:21:16,912 - Drone_2 - INFO - Drone 2 started
2026-02-17 08:21:16,914 - MLDecisionSupport_Drone3 - INFO - ML Decision Support initialized
2026-02-17 08:21:16,915 - PhysicalMLTrainer_Drone2 - INFO - Physical ML model trained drone=2 samples=301 degree=2 alpha=0.1 val_mse=0.000128
2026-02-17 08:21:16,920 - PhysicalMLTrainer_Drone3 - INFO - Physical ML model trained drone=3 samples=300 degree=2 alpha=0.1 val_mse=0.000128
2026-02-17 08:21:16,920 - Drone_3 - INFO - Drone 3: bootstrap personal trainer loaded 300 rows from datasets/personal_training.csv
2026-02-17 08:21:16,921 - Drone_3 - INFO - Drone 3: Personal ML system initialized
2026-02-17 08:21:16,921 - Drone_3 - INFO - Drone 3 initialized at {'x': -1400, 'y': -500, 'z': 0}
2026-02-17 08:21:16,922 - Drone_3 - INFO - Drone 3 started
2026-02-17 08:21:16,924 - MLDecisionSupport_Drone4 - INFO - ML Decision Support initialized
2026-02-17 08:21:16,926 - PhysicalMLTrainer_Drone3 - INFO - Physical ML model trained drone=3 samples=301 degree=2 alpha=0.1 val_mse=0.000128
2026-02-17 08:21:16,932 - PhysicalMLTrainer_Drone4 - INFO - Physical ML model trained drone=4 samples=300 degree=2 alpha=0.1 val_mse=0.000128
2026-02-17 08:21:16,933 - Drone_4 - INFO - Drone 4: bootstrap personal trainer loaded 300 rows from datasets/personal_training.csv
2026-02-17 08:21:16,933 - Drone_4 - INFO - Drone 4: Personal ML system initialized
2026-02-17 08:21:16,933 - Drone_4 - INFO - Drone 4 initialized at {'x': 800, 'y': -1500, 'z': 0}
2026-02-17 08:21:16,934 - Drone_4 - INFO - Drone 4 started
2026-02-17 08:21:16,936 - MLDecisionSupport_Drone5 - INFO - ML Decision Support initialized
2026-02-17 08:21:16,937 - PhysicalMLTrainer_Drone4 - INFO - Physical ML model trained drone=4 samples=301 degree=2 alpha=0.1 val_mse=0.000128
2026-02-17 08:21:16,943 - PhysicalMLTrainer_Drone5 - INFO - Physical ML model trained drone=5 samples=300 degree=2 alpha=0.1 val_mse=0.000128
2026-02-17 08:21:16,943 - Drone_5 - INFO - Drone 5: bootstrap personal trainer loaded 300 rows from datasets/personal_training.csv
2026-02-17 08:21:16,943 - Drone_5 - INFO - Drone 5: Personal ML system initialized
2026-02-17 08:21:16,943 - Drone_5 - INFO - Drone 5 initialized at {'x': -900, 'y': 1600, 'z': 0}
2026-02-17 08:21:16,944 - Drone_5 - INFO - Drone 5 started
2026-02-17 08:21:16,945 - ObstacleManager - INFO - Dynamic obstacle added id=1 type=circular start=(1601.1, 1664.3) vel=(-0.7, 3.8)
2026-02-17 08:21:16,946 - ObstacleManager - INFO - Dynamic obstacle added id=2 type=linear start=(2053.7, 700.4) vel=(-1.6, -5.9)
2026-02-17 08:21:16,946 - ObstacleManager - INFO - Dynamic obstacle added id=3 type=random_walk start=(1608.6, -335.7) vel=(2.8, -3.5)
2026-02-17 08:21:16,946 - ObstacleManager - INFO - Dynamic obstacle added id=4 type=linear start=(1199.6, -861.6) vel=(-5.0, 2.2)
2026-02-17 08:21:16,947 - ObstacleManager - INFO - Dynamic obstacle added id=5 type=linear start=(279.9, -2415.9) vel=(7.7, -0.1)
2026-02-17 08:21:16,947 - ObstacleManager - INFO - Dynamic obstacle added id=6 type=random_walk start=(-1572.4, -1969.5) vel=(-8.1, -4.0)
2026-02-17 08:21:16,947 - ObstacleManager - INFO - Dynamic obstacle added id=7 type=circular start=(-87.9, -1606.9) vel=(2.9, 0.5)
2026-02-17 08:21:16,947 - ObstacleManager - INFO - Dynamic obstacle added id=8 type=linear start=(-1664.3, 339.6) vel=(-5.2, -0.2)
2026-02-17 08:21:16,947 - ObstacleManager - INFO - Dynamic obstacle added id=9 type=random_walk start=(2218.8, -805.1) vel=(-7.3, 3.5)
2026-02-17 08:21:16,947 - ObstacleManager - INFO - Dynamic obstacle added id=10 type=linear start=(1157.0, -819.1) vel=(-1.2, -2.4)
2026-02-17 08:21:16,948 - ObstacleManager - INFO - Dynamic obstacle added id=11 type=linear start=(-1153.9, -1918.4) vel=(1.6, 3.3)
2026-02-17 08:21:16,948 - ObstacleManager - INFO - Dynamic obstacle added id=12 type=random_walk start=(-510.7, -2104.0) vel=(-3.7, -0.4)
2026-02-17 08:21:16,948 - ObstacleManager - INFO - Dynamic obstacle added id=13 type=random_walk start=(357.7, 10.6) vel=(3.3, -3.0)
2026-02-17 08:21:16,948 - ObstacleManager - INFO - Dynamic obstacle added id=14 type=circular start=(-479.5, 258.8) vel=(1.4, 3.9)
2026-02-17 08:21:16,948 - ObstacleManager - INFO - Dynamic obstacle added id=15 type=random_walk start=(810.9, 1875.5) vel=(5.2, -1.8)
2026-02-17 08:21:16,949 - ObstacleManager - INFO - Dynamic obstacle added id=16 type=random_walk start=(1901.6, 467.4) vel=(4.5, 2.5)
2026-02-17 08:21:16,948 - PhysicalMLTrainer_Drone5 - INFO - Physical ML model trained drone=5 samples=301 degree=2 alpha=0.1 val_mse=0.000128
2026-02-17 08:21:16,949 - ObstacleManager - INFO - Dynamic obstacle added id=17 type=circular start=(853.5, -170.3) vel=(-4.2, 2.0)
2026-02-17 08:21:16,949 - ObstacleManager - INFO - Dynamic obstacle added id=18 type=random_walk start=(290.5, -579.3) vel=(8.2, -4.3)
2026-02-17 08:21:16,949 - ObstacleManager - INFO - Dynamic obstacle added id=19 type=random_walk start=(879.0, -1282.1) vel=(4.9, -6.6)
2026-02-17 08:21:16,949 - ObstacleManager - INFO - Dynamic obstacle added id=20 type=circular start=(-327.8, 1188.2) vel=(-3.4, -6.0)
2026-02-17 08:21:16,953 - Main - INFO - Swarm created with 5 drones
2026-02-17 08:21:16,954 - Main - INFO - Leader elected: Drone 1
2026-02-17 08:21:16,954 - Main - INFO - Starting GUI...
2026-02-17 08:21:37,156 - PhysicalMLTrainer_Drone3 - INFO - Physical ML model trained drone=3 samples=501 degree=2 alpha=0.0 val_mse=0.000000
2026-02-17 08:21:37,159 - PhysicalMLTrainer_Drone1 - INFO - Physical ML model trained drone=1 samples=451 degree=2 alpha=0.0 val_mse=0.000000
2026-02-17 08:21:37,161 - PhysicalMLTrainer_Drone4 - INFO - Physical ML model trained drone=4 samples=501 degree=2 alpha=0.0 val_mse=0.000000
2026-02-17 08:21:37,161 - PhysicalMLTrainer_Drone5 - INFO - Physical ML model trained drone=5 samples=501 degree=2 alpha=0.0 val_mse=0.000000
2026-02-17 08:21:37,163 - PhysicalMLTrainer_Drone2 - INFO - Physical ML model trained drone=2 samples=501 degree=2 alpha=0.0 val_mse=0.000000
2026-02-17 08:21:57,300 - PhysicalMLTrainer_Drone5 - INFO - Physical ML model trained drone=5 samples=701 degree=2 alpha=0.0 val_mse=0.000000
2026-02-17 08:21:57,310 - PhysicalMLTrainer_Drone3 - INFO - Physical ML model trained drone=3 samples=701 degree=2 alpha=0.0 val_mse=0.000000
2026-02-17 08:21:57,310 - PhysicalMLTrainer_Drone4 - INFO - Physical ML model trained drone=4 samples=701 degree=2 alpha=0.0 val_mse=0.000000
2026-02-17 08:21:57,310 - PhysicalMLTrainer_Drone1 - INFO - Physical ML model trained drone=1 samples=651 degree=2 alpha=0.0 val_mse=0.000000
2026-02-17 08:21:57,311 - PhysicalMLTrainer_Drone2 - INFO - Physical ML model trained drone=2 samples=701 degree=2 alpha=0.0 val_mse=0.000000
2026-02-17 08:22:17,424 - PhysicalMLTrainer_Drone5 - INFO - Physical ML model trained drone=5 samples=901 degree=2 alpha=0.0 val_mse=0.000000
2026-02-17 08:22:17,437 - PhysicalMLTrainer_Drone3 - INFO - Physical ML model trained drone=3 samples=901 degree=2 alpha=0.0 val_mse=0.000000
2026-02-17 08:22:17,450 - PhysicalMLTrainer_Drone4 - INFO - Physical ML model trained drone=4 samples=901 degree=2 alpha=0.0 val_mse=0.000000
2026-02-17 08:22:17,452 - PhysicalMLTrainer_Drone1 - INFO - Physical ML model trained drone=1 samples=851 degree=2 alpha=0.0 val_mse=0.000000
2026-02-17 08:22:17,460 - PhysicalMLTrainer_Drone2 - INFO - Physical ML model trained drone=2 samples=901 degree=2 alpha=0.0 val_mse=0.000000
2026-02-17 08:22:37,562 - PhysicalMLTrainer_Drone5 - INFO - Physical ML model trained drone=5 samples=1101 degree=2 alpha=0.0 val_mse=0.000000
2026-02-17 08:22:37,565 - PhysicalMLTrainer_Drone3 - INFO - Physical ML model trained drone=3 samples=1101 degree=2 alpha=0.0 val_mse=0.000000
2026-02-17 08:22:37,579 - PhysicalMLTrainer_Drone4 - INFO - Physical ML model trained drone=4 samples=1101 degree=2 alpha=0.0 val_mse=0.000000
2026-02-17 08:22:37,582 - PhysicalMLTrainer_Drone1 - INFO - Physical ML model trained drone=1 samples=1051 degree=2 alpha=0.0 val_mse=0.000000
2026-02-17 08:22:37,592 - PhysicalMLTrainer_Drone2 - INFO - Physical ML model trained drone=2 samples=1101 degree=2 alpha=0.0 val_mse=0.000000
2026-02-17 08:22:57,689 - PhysicalMLTrainer_Drone5 - INFO - Physical ML model trained drone=5 samples=1301 degree=2 alpha=0.0 val_mse=0.000000
2026-02-17 08:22:57,689 - PhysicalMLTrainer_Drone3 - INFO - Physical ML model trained drone=3 samples=1301 degree=2 alpha=0.0 val_mse=0.000000
2026-02-17 08:22:57,716 - PhysicalMLTrainer_Drone1 - INFO - Physical ML model trained drone=1 samples=1251 degree=2 alpha=0.0 val_mse=0.000000
2026-02-17 08:22:57,717 - PhysicalMLTrainer_Drone4 - INFO - Physical ML model trained drone=4 samples=1301 degree=2 alpha=0.0 val_mse=0.000000
2026-02-17 08:22:57,718 - PhysicalMLTrainer_Drone2 - INFO - Physical ML model trained drone=2 samples=1301 degree=2 alpha=0.0 val_mse=0.000000
2026-02-17 08:23:17,816 - PhysicalMLTrainer_Drone5 - INFO - Physical ML model trained drone=5 samples=1501 degree=2 alpha=0.0 val_mse=0.000000
2026-02-17 08:23:17,823 - PhysicalMLTrainer_Drone3 - INFO - Physical ML model trained drone=3 samples=1501 degree=2 alpha=0.0 val_mse=0.000000
2026-02-17 08:23:17,838 - PhysicalMLTrainer_Drone2 - INFO - Physical ML model trained drone=2 samples=1501 degree=2 alpha=0.0 val_mse=0.000000
2026-02-17 08:23:17,851 - PhysicalMLTrainer_Drone1 - INFO - Physical ML model trained drone=1 samples=1451 degree=2 alpha=0.0 val_mse=0.000000
2026-02-17 08:23:17,851 - PhysicalMLTrainer_Drone4 - INFO - Physical ML model trained drone=4 samples=1501 degree=2 alpha=0.0 val_mse=0.000000
2026-02-17 08:23:35,855 - Drone_1 - INFO - Drone 1 stopped
2026-02-17 08:23:35,955 - Drone_2 - INFO - Drone 2 stopped
2026-02-17 08:23:36,037 - Drone_3 - INFO - Drone 3 stopped
2026-02-17 08:23:36,056 - Drone_4 - INFO - Drone 4 stopped
2026-02-17 08:23:36,127 - Drone_5 - INFO - Drone 5 stopped
2026-02-17 08:23:36,129 - Main - INFO - System shutdown complete
