2026-02-13 17:59:15,563 - Main - INFO - Starting Drone Swarm Management System
2026-02-13 17:59:15,563 - SwarmManager - INFO - Swarm Manager initialized
2026-02-13 17:59:15,564 - MLDecisionSupport_Drone1 - INFO - ML Decision Support initialized
2026-02-13 17:59:15,579 - PhysicalMLTrainer_Drone1 - INFO - Physical ML model trained drone=1 samples=250 degree=2 alpha=0.0 val_mse=0.000155
2026-02-13 17:59:15,580 - Drone_1 - INFO - Drone 1: bootstrap personal trainer loaded 250 rows from datasets/personal_drone_1.csv
2026-02-13 17:59:15,580 - Drone_1 - INFO - Drone 1: Personal ML system initialized
2026-02-13 17:59:15,581 - Drone_1 - INFO - Drone 1 initialized at {'x': 0, 'y': 0, 'z': 0}
2026-02-13 17:59:15,582 - Drone_1 - INFO - Drone 1 started
2026-02-13 17:59:15,582 - SwarmManager - INFO - Drone 1 added to swarm
2026-02-13 17:59:15,583 - SwarmManager - INFO - Starting leader election...
2026-02-13 17:59:15,583 - SwarmManager - INFO -   Drone 1: suitability score = 100.00
2026-02-13 17:59:15,583 - Drone_1 - INFO - Drone 1: Role changed from follower to leader
2026-02-13 17:59:15,588 - PhysicalMLTrainer_Drone1 - INFO - Physical ML model trained drone=1 samples=251 degree=2 alpha=0.0 val_mse=0.000157
2026-02-13 17:59:15,591 - MLDecisionSupport_Drone2 - INFO - ML Decision Support initialized
2026-02-13 17:59:15,597 - PhysicalMLTrainer_Drone2 - INFO - Physical ML model trained drone=2 samples=300 degree=2 alpha=0.1 val_mse=0.000128
2026-02-13 17:59:15,598 - Drone_2 - INFO - Drone 2: bootstrap personal trainer loaded 300 rows from datasets/personal_training.csv
2026-02-13 17:59:15,598 - Drone_2 - INFO - Drone 2: Personal ML system initialized
2026-02-13 17:59:15,598 - Drone_2 - INFO - Drone 2 initialized at {'x': 1200, 'y': 300, 'z': 0}
2026-02-13 17:59:15,599 - Drone_2 - INFO - Drone 2 started
2026-02-13 17:59:15,599 - SwarmManager - INFO - Drone 2 added to swarm
2026-02-13 17:59:15,600 - MLDecisionSupport_Drone3 - INFO - ML Decision Support initialized
2026-02-13 17:59:15,601 - PhysicalMLTrainer_Drone2 - INFO - Physical ML model trained drone=2 samples=301 degree=2 alpha=0.1 val_mse=0.000128
2026-02-13 17:59:15,607 - PhysicalMLTrainer_Drone3 - INFO - Physical ML model trained drone=3 samples=300 degree=2 alpha=0.1 val_mse=0.000128
2026-02-13 17:59:15,608 - Drone_3 - INFO - Drone 3: bootstrap personal trainer loaded 300 rows from datasets/personal_training.csv
2026-02-13 17:59:15,608 - Drone_3 - INFO - Drone 3: Personal ML system initialized
2026-02-13 17:59:15,608 - Drone_3 - INFO - Drone 3 initialized at {'x': -1400, 'y': -500, 'z': 0}
2026-02-13 17:59:15,609 - Drone_3 - INFO - Drone 3 started
2026-02-13 17:59:15,609 - SwarmManager - INFO - Drone 3 added to swarm
2026-02-13 17:59:15,610 - MLDecisionSupport_Drone4 - INFO - ML Decision Support initialized
2026-02-13 17:59:15,611 - PhysicalMLTrainer_Drone3 - INFO - Physical ML model trained drone=3 samples=301 degree=2 alpha=0.1 val_mse=0.000128
2026-02-13 17:59:15,616 - PhysicalMLTrainer_Drone4 - INFO - Physical ML model trained drone=4 samples=300 degree=2 alpha=0.1 val_mse=0.000128
2026-02-13 17:59:15,616 - Drone_4 - INFO - Drone 4: bootstrap personal trainer loaded 300 rows from datasets/personal_training.csv
2026-02-13 17:59:15,617 - Drone_4 - INFO - Drone 4: Personal ML system initialized
2026-02-13 17:59:15,617 - Drone_4 - INFO - Drone 4 initialized at {'x': 800, 'y': -1500, 'z': 0}
2026-02-13 17:59:15,618 - Drone_4 - INFO - Drone 4 started
2026-02-13 17:59:15,618 - SwarmManager - INFO - Drone 4 added to swarm
2026-02-13 17:59:15,620 - MLDecisionSupport_Drone5 - INFO - ML Decision Support initialized
2026-02-13 17:59:15,620 - PhysicalMLTrainer_Drone4 - INFO - Physical ML model trained drone=4 samples=301 degree=2 alpha=0.1 val_mse=0.000128
2026-02-13 17:59:15,626 - PhysicalMLTrainer_Drone5 - INFO - Physical ML model trained drone=5 samples=300 degree=2 alpha=0.1 val_mse=0.000128
2026-02-13 17:59:15,626 - Drone_5 - INFO - Drone 5: bootstrap personal trainer loaded 300 rows from datasets/personal_training.csv
2026-02-13 17:59:15,627 - Drone_5 - INFO - Drone 5: Personal ML system initialized
2026-02-13 17:59:15,627 - Drone_5 - INFO - Drone 5 initialized at {'x': -900, 'y': 1600, 'z': 0}
2026-02-13 17:59:15,628 - Drone_5 - INFO - Drone 5 started
2026-02-13 17:59:15,628 - SwarmManager - INFO - Drone 5 added to swarm
2026-02-13 17:59:15,629 - SwarmManager - INFO - Swarm monitoring started
2026-02-13 17:59:15,629 - Main - INFO - Swarm created with 5 drones
2026-02-13 17:59:15,629 - Main - INFO - Leader elected: Drone 1
2026-02-13 17:59:15,629 - Main - INFO - Starting GUI...
2026-02-13 17:59:15,631 - PhysicalMLTrainer_Drone5 - INFO - Physical ML model trained drone=5 samples=301 degree=2 alpha=0.1 val_mse=0.000128
2026-02-13 17:59:19,426 - Drone_1 - INFO - Drone 1: Armed
2026-02-13 17:59:19,428 - Drone_2 - INFO - Drone 2: Armed
2026-02-13 17:59:19,429 - Drone_3 - INFO - Drone 3: Armed
2026-02-13 17:59:19,430 - Drone_4 - INFO - Drone 4: Armed
2026-02-13 17:59:19,431 - Drone_5 - INFO - Drone 5: Armed
2026-02-13 17:59:21,472 - Drone_1 - INFO - Drone 1: Taking off
2026-02-13 17:59:21,472 - Drone_2 - INFO - Drone 2: Taking off
2026-02-13 17:59:21,473 - Drone_3 - INFO - Drone 3: Taking off
2026-02-13 17:59:21,474 - Drone_4 - INFO - Drone 4: Taking off
2026-02-13 17:59:21,474 - Drone_5 - INFO - Drone 5: Taking off
2026-02-13 17:59:26,773 - Drone_1 - INFO - Drone 1: Flying to {'x': 0, 'y': 100, 'z': 10.655575275421143}
2026-02-13 17:59:26,842 - Drone_1 - INFO - Drone 1: Flying to {'x': 1785.0, 'y': 1180.0, 'z': 60.0}
2026-02-13 17:59:35,796 - PhysicalMLTrainer_Drone1 - INFO - Physical ML model trained drone=1 samples=451 degree=2 alpha=0.0 val_mse=0.375967
2026-02-13 17:59:35,798 - PhysicalMLTrainer_Drone4 - INFO - Physical ML model trained drone=4 samples=501 degree=2 alpha=0.0 val_mse=0.002476
2026-02-13 17:59:35,799 - PhysicalMLTrainer_Drone5 - INFO - Physical ML model trained drone=5 samples=501 degree=2 alpha=0.0 val_mse=0.002476
2026-02-13 17:59:35,799 - PhysicalMLTrainer_Drone3 - INFO - Physical ML model trained drone=3 samples=501 degree=2 alpha=0.0 val_mse=0.002475
2026-02-13 17:59:35,799 - PhysicalMLTrainer_Drone2 - INFO - Physical ML model trained drone=2 samples=501 degree=2 alpha=0.0 val_mse=0.002476
2026-02-13 17:59:55,920 - PhysicalMLTrainer_Drone5 - INFO - Physical ML model trained drone=5 samples=701 degree=2 alpha=0.1 val_mse=0.000322
2026-02-13 17:59:55,938 - PhysicalMLTrainer_Drone3 - INFO - Physical ML model trained drone=3 samples=701 degree=2 alpha=0.1 val_mse=0.000322
2026-02-13 17:59:55,938 - PhysicalMLTrainer_Drone4 - INFO - Physical ML model trained drone=4 samples=701 degree=2 alpha=0.1 val_mse=0.000322
2026-02-13 17:59:55,938 - PhysicalMLTrainer_Drone2 - INFO - Physical ML model trained drone=2 samples=701 degree=2 alpha=0.1 val_mse=0.000322
2026-02-13 17:59:55,941 - PhysicalMLTrainer_Drone1 - INFO - Physical ML model trained drone=1 samples=651 degree=2 alpha=0.0 val_mse=0.001857
2026-02-13 18:00:16,028 - PhysicalMLTrainer_Drone5 - INFO - Physical ML model trained drone=5 samples=901 degree=2 alpha=0.0 val_mse=0.000437
2026-02-13 18:00:16,047 - PhysicalMLTrainer_Drone2 - INFO - Physical ML model trained drone=2 samples=901 degree=2 alpha=0.0 val_mse=0.000438
2026-02-13 18:00:16,053 - PhysicalMLTrainer_Drone4 - INFO - Physical ML model trained drone=4 samples=901 degree=2 alpha=0.0 val_mse=0.000438
2026-02-13 18:00:16,053 - PhysicalMLTrainer_Drone3 - INFO - Physical ML model trained drone=3 samples=901 degree=2 alpha=0.0 val_mse=0.000438
2026-02-13 18:00:16,055 - PhysicalMLTrainer_Drone1 - INFO - Physical ML model trained drone=1 samples=851 degree=2 alpha=0.0 val_mse=0.002997
2026-02-13 18:00:21,573 - Drone_5 - INFO - Drone 5: Takeoff complete at 120.1m
2026-02-13 18:00:21,574 - Drone_2 - INFO - Drone 2: Takeoff complete at 120.1m
2026-02-13 18:00:21,576 - Drone_3 - INFO - Drone 3: Takeoff complete at 120.2m
2026-02-13 18:00:21,576 - Drone_4 - INFO - Drone 4: Takeoff complete at 120.2m
2026-02-13 18:00:21,618 - Drone_2 - INFO - Drone 2: Flying to {'x': 1753.9057647468726, 'y': 1222.7975432332819, 'z': 60.0}
2026-02-13 18:00:21,620 - Drone_3 - INFO - Drone 3: Flying to {'x': 1703.5942352531274, 'y': 1206.4503363531612, 'z': 60.0}
2026-02-13 18:00:21,620 - Drone_4 - INFO - Drone 4: Flying to {'x': 1703.5942352531274, 'y': 1153.5496636468388, 'z': 60.0}
2026-02-13 18:00:21,621 - Drone_5 - INFO - Drone 5: Flying to {'x': 1753.9057647468726, 'y': 1137.2024567667181, 'z': 60.0}
2026-02-13 18:00:21,671 - Drone_2 - INFO - Drone 2: Flying to {'x': 1766.5758760366534, 'y': 1153.456608050529, 'z': 60.0}
2026-02-13 18:00:21,672 - Drone_3 - INFO - Drone 3: Flying to {'x': 1743.338301736171, 'y': 1166.8735801616108, 'z': 60.0}
2026-02-13 18:00:21,672 - Drone_4 - INFO - Drone 4: Flying to {'x': 1753.1589039255716, 'y': 1130.2190337500463, 'z': 60.0}
2026-02-13 18:00:21,673 - Drone_5 - INFO - Drone 5: Flying to {'x': 1716.6980590291357, 'y': 1163.6646132701867, 'z': 60.0}
2026-02-13 18:00:22,673 - Drone_2 - INFO - Drone 2: Flying to {'x': 1766.5758760366534, 'y': 1153.456608050529, 'z': 60.0}
2026-02-13 18:00:22,674 - Drone_3 - INFO - Drone 3: Flying to {'x': 1743.338301736171, 'y': 1166.8735801616108, 'z': 60.0}
2026-02-13 18:00:22,674 - Drone_4 - INFO - Drone 4: Flying to {'x': 1753.1589039255716, 'y': 1130.2190337500463, 'z': 60.0}
2026-02-13 18:00:22,674 - Drone_5 - INFO - Drone 5: Flying to {'x': 1716.6980590291357, 'y': 1163.6646132701867, 'z': 60.0}
2026-02-13 18:00:23,675 - Drone_2 - INFO - Drone 2: Flying to {'x': 1766.5758760366534, 'y': 1153.456608050529, 'z': 60.0}
2026-02-13 18:00:23,676 - Drone_3 - INFO - Drone 3: Flying to {'x': 1743.338301736171, 'y': 1166.8735801616108, 'z': 60.0}
2026-02-13 18:00:23,676 - Drone_4 - INFO - Drone 4: Flying to {'x': 1753.1589039255716, 'y': 1130.2190337500463, 'z': 60.0}
2026-02-13 18:00:23,677 - Drone_5 - INFO - Drone 5: Flying to {'x': 1716.6980590291357, 'y': 1163.6646132701867, 'z': 60.0}
2026-02-13 18:00:24,678 - Drone_2 - INFO - Drone 2: Flying to {'x': 1766.5758760366534, 'y': 1153.456608050529, 'z': 60.0}
2026-02-13 18:00:24,679 - Drone_3 - INFO - Drone 3: Flying to {'x': 1743.338301736171, 'y': 1166.8735801616108, 'z': 60.0}
2026-02-13 18:00:24,680 - Drone_4 - INFO - Drone 4: Flying to {'x': 1753.1589039255716, 'y': 1130.2190337500463, 'z': 60.0}
2026-02-13 18:00:24,681 - Drone_5 - INFO - Drone 5: Flying to {'x': 1716.6980590291357, 'y': 1163.6646132701867, 'z': 60.0}
2026-02-13 18:00:25,683 - Drone_2 - INFO - Drone 2: Flying to {'x': 1766.5758760366534, 'y': 1153.456608050529, 'z': 60.0}
2026-02-13 18:00:25,683 - Drone_3 - INFO - Drone 3: Flying to {'x': 1743.338301736171, 'y': 1166.8735801616108, 'z': 60.0}
2026-02-13 18:00:25,684 - Drone_4 - INFO - Drone 4: Flying to {'x': 1753.1589039255716, 'y': 1130.2190337500463, 'z': 60.0}
2026-02-13 18:00:25,684 - Drone_5 - INFO - Drone 5: Flying to {'x': 1716.6980590291357, 'y': 1163.6646132701867, 'z': 60.0}
2026-02-13 18:00:26,685 - Drone_2 - INFO - Drone 2: Flying to {'x': 1766.5758760366534, 'y': 1153.456608050529, 'z': 60.0}
2026-02-13 18:00:26,686 - Drone_3 - INFO - Drone 3: Flying to {'x': 1743.338301736171, 'y': 1166.8735801616108, 'z': 60.0}
2026-02-13 18:00:26,686 - Drone_4 - INFO - Drone 4: Flying to {'x': 1753.1589039255716, 'y': 1130.2190337500463, 'z': 60.0}
2026-02-13 18:00:26,686 - Drone_5 - INFO - Drone 5: Flying to {'x': 1716.6980590291357, 'y': 1163.6646132701867, 'z': 60.0}
2026-02-13 18:00:27,687 - Drone_2 - INFO - Drone 2: Flying to {'x': 1766.5758760366534, 'y': 1153.456608050529, 'z': 60.0}
2026-02-13 18:00:27,687 - Drone_3 - INFO - Drone 3: Flying to {'x': 1743.338301736171, 'y': 1166.8735801616108, 'z': 60.0}
2026-02-13 18:00:27,688 - Drone_4 - INFO - Drone 4: Flying to {'x': 1753.1589039255716, 'y': 1130.2190337500463, 'z': 60.0}
2026-02-13 18:00:27,688 - Drone_5 - INFO - Drone 5: Flying to {'x': 1716.6980590291357, 'y': 1163.6646132701867, 'z': 60.0}
2026-02-13 18:00:28,688 - Drone_2 - INFO - Drone 2: Flying to {'x': 1766.5758760366534, 'y': 1153.456608050529, 'z': 60.0}
2026-02-13 18:00:28,689 - Drone_3 - INFO - Drone 3: Flying to {'x': 1743.338301736171, 'y': 1166.8735801616108, 'z': 60.0}
2026-02-13 18:00:28,690 - Drone_4 - INFO - Drone 4: Flying to {'x': 1753.1589039255716, 'y': 1130.2190337500463, 'z': 60.0}
2026-02-13 18:00:28,691 - Drone_5 - INFO - Drone 5: Flying to {'x': 1716.6980590291357, 'y': 1163.6646132701867, 'z': 60.0}
2026-02-13 18:00:29,692 - Drone_2 - INFO - Drone 2: Flying to {'x': 1766.5758760366534, 'y': 1153.456608050529, 'z': 60.0}
2026-02-13 18:00:29,693 - Drone_3 - INFO - Drone 3: Flying to {'x': 1743.338301736171, 'y': 1166.8735801616108, 'z': 60.0}
2026-02-13 18:00:29,693 - Drone_4 - INFO - Drone 4: Flying to {'x': 1753.1589039255716, 'y': 1130.2190337500463, 'z': 60.0}
2026-02-13 18:00:29,694 - Drone_5 - INFO - Drone 5: Flying to {'x': 1716.6980590291357, 'y': 1163.6646132701867, 'z': 60.0}
2026-02-13 18:00:30,696 - Drone_2 - INFO - Drone 2: Flying to {'x': 1766.5758760366534, 'y': 1153.456608050529, 'z': 60.0}
2026-02-13 18:00:30,697 - Drone_3 - INFO - Drone 3: Flying to {'x': 1743.338301736171, 'y': 1166.8735801616108, 'z': 60.0}
2026-02-13 18:00:30,697 - Drone_4 - INFO - Drone 4: Flying to {'x': 1753.1589039255716, 'y': 1130.2190337500463, 'z': 60.0}
2026-02-13 18:00:30,698 - Drone_5 - INFO - Drone 5: Flying to {'x': 1716.6980590291357, 'y': 1163.6646132701867, 'z': 60.0}
2026-02-13 18:00:31,698 - Drone_2 - INFO - Drone 2: Flying to {'x': 1766.5758760366534, 'y': 1153.456608050529, 'z': 60.0}
2026-02-13 18:00:31,699 - Drone_3 - INFO - Drone 3: Flying to {'x': 1743.338301736171, 'y': 1166.8735801616108, 'z': 60.0}
2026-02-13 18:00:31,699 - Drone_4 - INFO - Drone 4: Flying to {'x': 1753.1589039255716, 'y': 1130.2190337500463, 'z': 60.0}
2026-02-13 18:00:31,700 - Drone_5 - INFO - Drone 5: Flying to {'x': 1716.6980590291357, 'y': 1163.6646132701867, 'z': 60.0}
2026-02-13 18:00:32,702 - Drone_2 - INFO - Drone 2: Flying to {'x': 1766.5758760366534, 'y': 1153.456608050529, 'z': 60.0}
2026-02-13 18:00:32,703 - Drone_3 - INFO - Drone 3: Flying to {'x': 1743.338301736171, 'y': 1166.8735801616108, 'z': 60.0}
2026-02-13 18:00:32,704 - Drone_4 - INFO - Drone 4: Flying to {'x': 1753.1589039255716, 'y': 1130.2190337500463, 'z': 60.0}
2026-02-13 18:00:32,705 - Drone_5 - INFO - Drone 5: Flying to {'x': 1716.6980590291357, 'y': 1163.664613270187, 'z': 60.0}
2026-02-13 18:00:33,706 - Drone_2 - INFO - Drone 2: Flying to {'x': 1766.5758760366534, 'y': 1153.456608050529, 'z': 60.0}
2026-02-13 18:00:33,707 - Drone_3 - INFO - Drone 3: Flying to {'x': 1743.338301736171, 'y': 1166.8735801616108, 'z': 60.0}
2026-02-13 18:00:33,707 - Drone_4 - INFO - Drone 4: Flying to {'x': 1753.1589039255716, 'y': 1130.2190337500463, 'z': 60.0}
2026-02-13 18:00:33,708 - Drone_5 - INFO - Drone 5: Flying to {'x': 1716.6980590291357, 'y': 1163.6646132701867, 'z': 60.0}
2026-02-13 18:00:34,708 - Drone_2 - INFO - Drone 2: Flying to {'x': 1766.5758760366534, 'y': 1153.456608050529, 'z': 60.0}
2026-02-13 18:00:34,710 - Drone_3 - INFO - Drone 3: Flying to {'x': 1743.338301736171, 'y': 1166.8735801616108, 'z': 60.0}
2026-02-13 18:00:34,711 - Drone_4 - INFO - Drone 4: Flying to {'x': 1753.1589039255716, 'y': 1130.2190337500463, 'z': 60.0}
2026-02-13 18:00:34,712 - Drone_5 - INFO - Drone 5: Flying to {'x': 1716.6980590291357, 'y': 1163.6646132701867, 'z': 60.0}
2026-02-13 18:00:35,714 - Drone_2 - INFO - Drone 2: Flying to {'x': 1766.5758760366534, 'y': 1153.456608050529, 'z': 60.0}
2026-02-13 18:00:35,714 - Drone_3 - INFO - Drone 3: Flying to {'x': 1743.338301736171, 'y': 1166.8735801616108, 'z': 60.0}
2026-02-13 18:00:35,715 - Drone_4 - INFO - Drone 4: Flying to {'x': 1753.1589039255716, 'y': 1130.2190337500463, 'z': 60.0}
2026-02-13 18:00:35,715 - Drone_5 - INFO - Drone 5: Flying to {'x': 1716.6980590291357, 'y': 1163.6646132701867, 'z': 60.0}
2026-02-13 18:00:36,176 - PhysicalMLTrainer_Drone1 - INFO - Physical ML model trained drone=1 samples=1051 degree=2 alpha=0.0 val_mse=0.002447
2026-02-13 18:00:36,176 - PhysicalMLTrainer_Drone3 - INFO - Physical ML model trained drone=3 samples=1101 degree=2 alpha=0.0 val_mse=1.197199
2026-02-13 18:00:36,177 - PhysicalMLTrainer_Drone5 - INFO - Physical ML model trained drone=5 samples=1101 degree=2 alpha=0.0 val_mse=1.167796
2026-02-13 18:00:36,177 - PhysicalMLTrainer_Drone4 - INFO - Physical ML model trained drone=4 samples=1101 degree=2 alpha=0.0 val_mse=1.214974
2026-02-13 18:00:36,178 - PhysicalMLTrainer_Drone2 - INFO - Physical ML model trained drone=2 samples=1101 degree=2 alpha=0.0 val_mse=1.168524
2026-02-13 18:00:36,717 - Drone_2 - INFO - Drone 2: Flying to {'x': 1766.5758760366534, 'y': 1153.456608050529, 'z': 60.0}
2026-02-13 18:00:36,719 - Drone_3 - INFO - Drone 3: Flying to {'x': 1743.338301736171, 'y': 1166.8735801616108, 'z': 60.0}
2026-02-13 18:00:36,721 - Drone_4 - INFO - Drone 4: Flying to {'x': 1753.1589039255716, 'y': 1130.2190337500463, 'z': 60.0}
2026-02-13 18:00:36,721 - Drone_5 - INFO - Drone 5: Flying to {'x': 1716.6980590291357, 'y': 1163.6646132701867, 'z': 60.0}
2026-02-13 18:00:37,723 - Drone_2 - INFO - Drone 2: Flying to {'x': 1766.5758760366534, 'y': 1153.456608050529, 'z': 60.0}
2026-02-13 18:00:37,723 - Drone_3 - INFO - Drone 3: Flying to {'x': 1743.338301736171, 'y': 1166.8735801616108, 'z': 60.0}
2026-02-13 18:00:37,723 - Drone_4 - INFO - Drone 4: Flying to {'x': 1753.1589039255716, 'y': 1130.2190337500463, 'z': 60.0}
2026-02-13 18:00:37,724 - Drone_5 - INFO - Drone 5: Flying to {'x': 1716.6980590291357, 'y': 1163.6646132701867, 'z': 60.0}
2026-02-13 18:00:38,725 - Drone_2 - INFO - Drone 2: Flying to {'x': 1766.5758760366534, 'y': 1153.456608050529, 'z': 60.0}
2026-02-13 18:00:38,725 - Drone_3 - INFO - Drone 3: Flying to {'x': 1743.338301736171, 'y': 1166.8735801616108, 'z': 60.0}
2026-02-13 18:00:38,726 - Drone_4 - INFO - Drone 4: Flying to {'x': 1753.1589039255716, 'y': 1130.2190337500463, 'z': 60.0}
2026-02-13 18:00:38,726 - Drone_5 - INFO - Drone 5: Flying to {'x': 1716.6980590291357, 'y': 1163.6646132701867, 'z': 60.0}
2026-02-13 18:00:39,727 - Drone_2 - INFO - Drone 2: Flying to {'x': 1766.5758760366534, 'y': 1153.456608050529, 'z': 60.0}
2026-02-13 18:00:39,728 - Drone_3 - INFO - Drone 3: Flying to {'x': 1743.338301736171, 'y': 1166.8735801616108, 'z': 60.0}
2026-02-13 18:00:39,729 - Drone_4 - INFO - Drone 4: Flying to {'x': 1753.1589039255716, 'y': 1130.2190337500463, 'z': 60.0}
2026-02-13 18:00:39,730 - Drone_5 - INFO - Drone 5: Flying to {'x': 1716.6980590291357, 'y': 1163.6646132701867, 'z': 60.0}
2026-02-13 18:00:40,731 - Drone_2 - INFO - Drone 2: Flying to {'x': 1766.5758760366534, 'y': 1153.456608050529, 'z': 60.0}
2026-02-13 18:00:40,732 - Drone_3 - INFO - Drone 3: Flying to {'x': 1743.338301736171, 'y': 1166.8735801616108, 'z': 60.0}
2026-02-13 18:00:40,732 - Drone_4 - INFO - Drone 4: Flying to {'x': 1753.1589039255716, 'y': 1130.2190337500463, 'z': 60.0}
2026-02-13 18:00:40,733 - Drone_5 - INFO - Drone 5: Flying to {'x': 1716.6980590291357, 'y': 1163.6646132701867, 'z': 60.0}
2026-02-13 18:00:41,735 - Drone_2 - INFO - Drone 2: Flying to {'x': 1766.5758760366534, 'y': 1153.456608050529, 'z': 60.0}
2026-02-13 18:00:41,736 - Drone_3 - INFO - Drone 3: Flying to {'x': 1743.338301736171, 'y': 1166.8735801616108, 'z': 60.0}
2026-02-13 18:00:41,736 - Drone_4 - INFO - Drone 4: Flying to {'x': 1753.1589039255716, 'y': 1130.2190337500463, 'z': 60.0}
2026-02-13 18:00:41,738 - Drone_5 - INFO - Drone 5: Flying to {'x': 1716.6980590291357, 'y': 1163.6646132701867, 'z': 60.0}
2026-02-13 18:00:42,740 - Drone_2 - INFO - Drone 2: Flying to {'x': 1766.5758760366534, 'y': 1153.456608050529, 'z': 60.0}
2026-02-13 18:00:42,740 - Drone_3 - INFO - Drone 3: Flying to {'x': 1743.338301736171, 'y': 1166.8735801616108, 'z': 60.0}
2026-02-13 18:00:42,741 - Drone_4 - INFO - Drone 4: Flying to {'x': 1753.1589039255716, 'y': 1130.2190337500463, 'z': 60.0}
2026-02-13 18:00:42,741 - Drone_5 - INFO - Drone 5: Flying to {'x': 1716.6980590291357, 'y': 1163.6646132701867, 'z': 60.0}
2026-02-13 18:00:43,743 - Drone_2 - INFO - Drone 2: Flying to {'x': 1766.5758760366534, 'y': 1153.456608050529, 'z': 60.0}
2026-02-13 18:00:43,743 - Drone_3 - INFO - Drone 3: Flying to {'x': 1743.338301736171, 'y': 1166.8735801616108, 'z': 60.0}
2026-02-13 18:00:43,744 - Drone_4 - INFO - Drone 4: Flying to {'x': 1753.1589039255716, 'y': 1130.2190337500463, 'z': 60.0}
2026-02-13 18:00:43,744 - Drone_5 - INFO - Drone 5: Flying to {'x': 1716.6980590291357, 'y': 1163.6646132701867, 'z': 60.0}
2026-02-13 18:00:44,745 - Drone_2 - INFO - Drone 2: Flying to {'x': 1766.5758760366534, 'y': 1153.456608050529, 'z': 60.0}
2026-02-13 18:00:44,745 - Drone_3 - INFO - Drone 3: Flying to {'x': 1743.338301736171, 'y': 1166.8735801616108, 'z': 60.0}
2026-02-13 18:00:44,745 - Drone_4 - INFO - Drone 4: Flying to {'x': 1753.1589039255716, 'y': 1130.2190337500463, 'z': 60.0}
2026-02-13 18:00:44,746 - Drone_5 - INFO - Drone 5: Flying to {'x': 1716.6980590291357, 'y': 1163.664613270187, 'z': 60.0}
2026-02-13 18:00:45,746 - Drone_2 - INFO - Drone 2: Flying to {'x': 1766.5758760366534, 'y': 1153.456608050529, 'z': 60.0}
2026-02-13 18:00:45,747 - Drone_3 - INFO - Drone 3: Flying to {'x': 1743.338301736171, 'y': 1166.8735801616108, 'z': 60.0}
2026-02-13 18:00:45,747 - Drone_4 - INFO - Drone 4: Flying to {'x': 1753.1589039255716, 'y': 1130.2190337500463, 'z': 60.0}
2026-02-13 18:00:45,747 - Drone_5 - INFO - Drone 5: Flying to {'x': 1716.6980590291357, 'y': 1163.6646132701867, 'z': 60.0}
2026-02-13 18:00:46,835 - Drone_1 - INFO - Drone 1 stopped
2026-02-13 18:00:46,839 - Drone_2 - INFO - Drone 2 stopped
2026-02-13 18:00:46,934 - Drone_3 - INFO - Drone 3 stopped
2026-02-13 18:00:46,941 - Drone_4 - INFO - Drone 4 stopped
2026-02-13 18:00:47,041 - Drone_5 - INFO - Drone 5 stopped
2026-02-13 18:00:47,041 - SwarmManager - INFO - Swarm monitoring stopped
2026-02-13 18:00:47,043 - Main - INFO - System shutdown complete
