2026-02-17 08:23:39,667 - Main - INFO - Starting Drone Swarm Management System
2026-02-17 08:23:39,669 - MLDecisionSupport_Drone1 - INFO - ML Decision Support initialized
2026-02-17 08:23:39,678 - PhysicalMLTrainer_Drone1 - INFO - Physical ML model trained drone=1 samples=250 degree=2 alpha=0.0 val_mse=0.000155
2026-02-17 08:23:39,679 - Drone_1 - INFO - Drone 1: bootstrap personal trainer loaded 250 rows from datasets/personal_drone_1.csv
2026-02-17 08:23:39,679 - Drone_1 - INFO - Drone 1: Personal ML system initialized
2026-02-17 08:23:39,679 - Drone_1 - INFO - Drone 1 initialized at {'x': 0, 'y': 0, 'z': 0}
2026-02-17 08:23:39,688 - Drone_1 - INFO - Drone 1 started
2026-02-17 08:23:39,690 - Drone_1 - INFO - Drone 1: Role changed from follower to leader
2026-02-17 08:23:39,691 - MLDecisionSupport_Drone2 - INFO - ML Decision Support initialized
2026-02-17 08:23:39,692 - PhysicalMLTrainer_Drone1 - INFO - Physical ML model trained drone=1 samples=251 degree=2 alpha=0.0 val_mse=0.000157
2026-02-17 08:23:39,697 - PhysicalMLTrainer_Drone2 - INFO - Physical ML model trained drone=2 samples=300 degree=2 alpha=0.1 val_mse=0.000128
2026-02-17 08:23:39,698 - Drone_2 - INFO - Drone 2: bootstrap personal trainer loaded 300 rows from datasets/personal_training.csv
2026-02-17 08:23:39,698 - Drone_2 - INFO - Drone 2: Personal ML system initialized
2026-02-17 08:23:39,699 - Drone_2 - INFO - Drone 2 initialized at {'x': 1200, 'y': 300, 'z': 0}
2026-02-17 08:23:39,700 - Drone_2 - INFO - Drone 2 started
2026-02-17 08:23:39,702 - MLDecisionSupport_Drone3 - INFO - ML Decision Support initialized
2026-02-17 08:23:39,704 - PhysicalMLTrainer_Drone2 - INFO - Physical ML model trained drone=2 samples=301 degree=2 alpha=0.1 val_mse=0.000128
2026-02-17 08:23:39,710 - PhysicalMLTrainer_Drone3 - INFO - Physical ML model trained drone=3 samples=300 degree=2 alpha=0.1 val_mse=0.000128
2026-02-17 08:23:39,711 - Drone_3 - INFO - Drone 3: bootstrap personal trainer loaded 300 rows from datasets/personal_training.csv
2026-02-17 08:23:39,711 - Drone_3 - INFO - Drone 3: Personal ML system initialized
2026-02-17 08:23:39,711 - Drone_3 - INFO - Drone 3 initialized at {'x': -1400, 'y': -500, 'z': 0}
2026-02-17 08:23:39,712 - Drone_3 - INFO - Drone 3 started
2026-02-17 08:23:39,714 - MLDecisionSupport_Drone4 - INFO - ML Decision Support initialized
2026-02-17 08:23:39,715 - PhysicalMLTrainer_Drone3 - INFO - Physical ML model trained drone=3 samples=301 degree=2 alpha=0.1 val_mse=0.000128
2026-02-17 08:23:39,720 - PhysicalMLTrainer_Drone4 - INFO - Physical ML model trained drone=4 samples=300 degree=2 alpha=0.1 val_mse=0.000128
2026-02-17 08:23:39,720 - Drone_4 - INFO - Drone 4: bootstrap personal trainer loaded 300 rows from datasets/personal_training.csv
2026-02-17 08:23:39,721 - Drone_4 - INFO - Drone 4: Personal ML system initialized
2026-02-17 08:23:39,721 - Drone_4 - INFO - Drone 4 initialized at {'x': 800, 'y': -1500, 'z': 0}
2026-02-17 08:23:39,722 - Drone_4 - INFO - Drone 4 started
2026-02-17 08:23:39,723 - MLDecisionSupport_Drone5 - INFO - ML Decision Support initialized
2026-02-17 08:23:39,724 - PhysicalMLTrainer_Drone4 - INFO - Physical ML model trained drone=4 samples=301 degree=2 alpha=0.1 val_mse=0.000128
2026-02-17 08:23:39,729 - PhysicalMLTrainer_Drone5 - INFO - Physical ML model trained drone=5 samples=300 degree=2 alpha=0.1 val_mse=0.000128
2026-02-17 08:23:39,729 - Drone_5 - INFO - Drone 5: bootstrap personal trainer loaded 300 rows from datasets/personal_training.csv
2026-02-17 08:23:39,730 - Drone_5 - INFO - Drone 5: Personal ML system initialized
2026-02-17 08:23:39,730 - Drone_5 - INFO - Drone 5 initialized at {'x': -900, 'y': 1600, 'z': 0}
2026-02-17 08:23:39,731 - Drone_5 - INFO - Drone 5 started
2026-02-17 08:23:39,732 - ObstacleManager - INFO - Dynamic obstacle added id=1 type=linear start=(-92.0, 233.2) vel=(-7.1, 1.8)
2026-02-17 08:23:39,733 - ObstacleManager - INFO - Dynamic obstacle added id=2 type=linear start=(603.8, 528.6) vel=(0.3, 2.7)
2026-02-17 08:23:39,733 - ObstacleManager - INFO - Dynamic obstacle added id=3 type=linear start=(2070.1, 66.8) vel=(7.2, 0.2)
2026-02-17 08:23:39,733 - ObstacleManager - INFO - Dynamic obstacle added id=4 type=circular start=(1324.7, -1850.7) vel=(0.2, -3.3)
2026-02-17 08:23:39,733 - ObstacleManager - INFO - Dynamic obstacle added id=5 type=random_walk start=(1617.0, -1475.6) vel=(3.6, 2.4)
2026-02-17 08:23:39,733 - ObstacleManager - INFO - Dynamic obstacle added id=6 type=linear start=(162.1, -111.4) vel=(-2.3, -2.8)
2026-02-17 08:23:39,733 - ObstacleManager - INFO - Dynamic obstacle added id=7 type=random_walk start=(-223.9, 145.1) vel=(-3.0, -7.8)
2026-02-17 08:23:39,734 - ObstacleManager - INFO - Dynamic obstacle added id=8 type=linear start=(-353.8, -2549.6) vel=(-2.8, -0.3)
2026-02-17 08:23:39,734 - ObstacleManager - INFO - Dynamic obstacle added id=9 type=linear start=(1220.5, -909.7) vel=(-9.0, 2.6)
2026-02-17 08:23:39,734 - ObstacleManager - INFO - Dynamic obstacle added id=10 type=circular start=(737.9, -117.1) vel=(6.6, 1.2)
2026-02-17 08:23:39,734 - ObstacleManager - INFO - Dynamic obstacle added id=11 type=circular start=(760.6, 384.8) vel=(-3.3, -4.3)
2026-02-17 08:23:39,734 - ObstacleManager - INFO - Dynamic obstacle added id=12 type=linear start=(-1303.5, 1010.6) vel=(1.0, -2.3)
2026-02-17 08:23:39,734 - ObstacleManager - INFO - Dynamic obstacle added id=13 type=random_walk start=(285.7, -49.8) vel=(2.3, 0.9)
2026-02-17 08:23:39,735 - ObstacleManager - INFO - Dynamic obstacle added id=14 type=random_walk start=(-1810.3, -1119.4) vel=(-5.0, 3.9)
2026-02-17 08:23:39,735 - ObstacleManager - INFO - Dynamic obstacle added id=15 type=circular start=(-2284.1, -333.6) vel=(5.0, 3.7)
2026-02-17 08:23:39,735 - ObstacleManager - INFO - Dynamic obstacle added id=16 type=random_walk start=(513.5, -1347.2) vel=(4.7, -2.3)
2026-02-17 08:23:39,735 - PhysicalMLTrainer_Drone5 - INFO - Physical ML model trained drone=5 samples=301 degree=2 alpha=0.1 val_mse=0.000128
2026-02-17 08:23:39,735 - ObstacleManager - INFO - Dynamic obstacle added id=17 type=circular start=(-1823.7, -1733.0) vel=(-2.5, -2.5)
2026-02-17 08:23:39,735 - ObstacleManager - INFO - Dynamic obstacle added id=18 type=linear start=(156.9, 532.6) vel=(5.1, 6.8)
2026-02-17 08:23:39,735 - ObstacleManager - INFO - Dynamic obstacle added id=19 type=linear start=(-2260.3, -456.0) vel=(-7.1, 4.0)
2026-02-17 08:23:39,736 - ObstacleManager - INFO - Dynamic obstacle added id=20 type=random_walk start=(644.2, 93.2) vel=(3.0, 1.5)
2026-02-17 08:23:39,736 - ObstacleManager - INFO - Dynamic obstacle added id=21 type=circular start=(-2485.7, -515.2) vel=(-7.6, 4.6)
2026-02-17 08:23:39,736 - ObstacleManager - INFO - Dynamic obstacle added id=22 type=random_walk start=(361.5, -133.6) vel=(5.7, 3.2)
2026-02-17 08:23:39,736 - ObstacleManager - INFO - Dynamic obstacle added id=23 type=linear start=(-1504.2, -524.2) vel=(-4.2, -2.3)
2026-02-17 08:23:39,736 - ObstacleManager - INFO - Dynamic obstacle added id=24 type=circular start=(-1189.4, 364.2) vel=(-2.2, 2.7)
2026-02-17 08:23:39,736 - ObstacleManager - INFO - Dynamic obstacle added id=25 type=linear start=(1185.8, -962.1) vel=(-4.1, -3.9)
2026-02-17 08:23:39,740 - Main - INFO - Swarm created with 5 drones
2026-02-17 08:23:39,741 - Main - INFO - Leader elected: Drone 1
2026-02-17 08:23:39,741 - Main - INFO - Starting GUI...
2026-02-17 08:23:54,567 - Drone_1 - INFO - Drone 1: Armed
2026-02-17 08:23:54,567 - Drone_2 - INFO - Drone 2: Armed
2026-02-17 08:23:54,568 - Drone_3 - INFO - Drone 3: Armed
2026-02-17 08:23:54,568 - Drone_4 - INFO - Drone 4: Armed
2026-02-17 08:23:54,569 - Drone_5 - INFO - Drone 5: Armed
2026-02-17 08:23:55,069 - Drone_1 - INFO - Drone 1: Taking off
2026-02-17 08:23:55,070 - DroneStateManager - INFO - Drone 1 state transition IDLE -> TAKEOFF
2026-02-17 08:23:55,071 - Drone_2 - INFO - Drone 2: Taking off
2026-02-17 08:23:55,072 - DroneStateManager - INFO - Drone 2 state transition IDLE -> TAKEOFF
2026-02-17 08:23:55,072 - Drone_3 - INFO - Drone 3: Taking off
2026-02-17 08:23:55,073 - DroneStateManager - INFO - Drone 3 state transition IDLE -> TAKEOFF
2026-02-17 08:23:55,074 - Drone_4 - INFO - Drone 4: Taking off
2026-02-17 08:23:55,075 - DroneStateManager - INFO - Drone 4 state transition IDLE -> TAKEOFF
2026-02-17 08:23:55,075 - Drone_5 - INFO - Drone 5: Taking off
2026-02-17 08:23:55,076 - DroneStateManager - INFO - Drone 5 state transition IDLE -> TAKEOFF
2026-02-17 08:23:56,790 - DroneStateManager - INFO - Drone 2 state transition TAKEOFF -> WAITING_FOR_COMMAND
2026-02-17 08:23:56,791 - DroneStateManager - INFO - Drone 3 state transition TAKEOFF -> WAITING_FOR_COMMAND
2026-02-17 08:23:56,792 - DroneStateManager - INFO - Drone 4 state transition TAKEOFF -> WAITING_FOR_COMMAND
2026-02-17 08:23:56,793 - DroneStateManager - INFO - Drone 5 state transition TAKEOFF -> WAITING_FOR_COMMAND
2026-02-17 08:23:59,918 - PhysicalMLTrainer_Drone1 - INFO - Physical ML model trained drone=1 samples=451 degree=2 alpha=0.0 val_mse=0.023747
2026-02-17 08:23:59,924 - PhysicalMLTrainer_Drone4 - INFO - Physical ML model trained drone=4 samples=501 degree=2 alpha=0.0 val_mse=0.020203
2026-02-17 08:23:59,939 - PhysicalMLTrainer_Drone2 - INFO - Physical ML model trained drone=2 samples=501 degree=2 alpha=0.0 val_mse=0.020203
2026-02-17 08:23:59,941 - PhysicalMLTrainer_Drone5 - INFO - Physical ML model trained drone=5 samples=501 degree=2 alpha=0.0 val_mse=0.020203
2026-02-17 08:23:59,942 - PhysicalMLTrainer_Drone3 - INFO - Physical ML model trained drone=3 samples=501 degree=2 alpha=0.0 val_mse=0.020203
2026-02-17 08:24:00,813 - Drone_1 - INFO - Drone 1: Flying to {'x': 2585.0, 'y': 2580.0, 'z': 60.0}
2026-02-17 08:24:00,814 - DroneStateManager - INFO - Drone 1 state transition TAKEOFF -> MOVING_TO_TARGET
2026-02-17 08:24:00,814 - Drone_2 - INFO - Drone 2: Flying to {'x': 2553.9057647468726, 'y': 2622.797543233282, 'z': 60.0}
2026-02-17 08:24:00,815 - DroneStateManager - INFO - Drone 2 state transition WAITING_FOR_COMMAND -> MOVING_TO_TARGET
2026-02-17 08:24:00,815 - Drone_3 - INFO - Drone 3: Flying to {'x': 2503.5942352531274, 'y': 2606.450336353161, 'z': 60.0}
2026-02-17 08:24:00,815 - DroneStateManager - INFO - Drone 3 state transition WAITING_FOR_COMMAND -> MOVING_TO_TARGET
2026-02-17 08:24:00,816 - Drone_4 - INFO - Drone 4: Flying to {'x': 2503.5942352531274, 'y': 2553.549663646839, 'z': 60.0}
2026-02-17 08:24:00,816 - DroneStateManager - INFO - Drone 4 state transition WAITING_FOR_COMMAND -> MOVING_TO_TARGET
2026-02-17 08:24:00,817 - Drone_5 - INFO - Drone 5: Flying to {'x': 2553.9057647468726, 'y': 2537.202456766718, 'z': 60.0}
2026-02-17 08:24:00,819 - DroneStateManager - INFO - Drone 5 state transition WAITING_FOR_COMMAND -> MOVING_TO_TARGET
2026-02-17 08:24:20,074 - PhysicalMLTrainer_Drone1 - INFO - Physical ML model trained drone=1 samples=651 degree=2 alpha=0.0 val_mse=0.000667
2026-02-17 08:24:20,074 - PhysicalMLTrainer_Drone4 - INFO - Physical ML model trained drone=4 samples=701 degree=2 alpha=0.0 val_mse=0.000650
2026-02-17 08:24:20,135 - PhysicalMLTrainer_Drone3 - INFO - Physical ML model trained drone=3 samples=701 degree=2 alpha=0.0 val_mse=0.000491
2026-02-17 08:24:20,137 - PhysicalMLTrainer_Drone2 - INFO - Physical ML model trained drone=2 samples=701 degree=2 alpha=0.0 val_mse=0.001244
2026-02-17 08:24:20,137 - PhysicalMLTrainer_Drone5 - INFO - Physical ML model trained drone=5 samples=701 degree=2 alpha=0.0 val_mse=0.000718
2026-02-17 08:24:40,245 - PhysicalMLTrainer_Drone1 - INFO - Physical ML model trained drone=1 samples=851 degree=2 alpha=0.0 val_mse=0.001590
2026-02-17 08:24:40,247 - PhysicalMLTrainer_Drone4 - INFO - Physical ML model trained drone=4 samples=901 degree=2 alpha=0.0 val_mse=0.001270
2026-02-17 08:24:40,296 - PhysicalMLTrainer_Drone3 - INFO - Physical ML model trained drone=3 samples=901 degree=2 alpha=0.0 val_mse=0.000979
2026-02-17 08:24:40,298 - PhysicalMLTrainer_Drone2 - INFO - Physical ML model trained drone=2 samples=901 degree=2 alpha=0.0 val_mse=0.002691
2026-02-17 08:24:40,298 - PhysicalMLTrainer_Drone5 - INFO - Physical ML model trained drone=5 samples=901 degree=2 alpha=0.0 val_mse=0.001660
2026-02-17 08:25:00,441 - PhysicalMLTrainer_Drone4 - INFO - Physical ML model trained drone=4 samples=1101 degree=2 alpha=0.0 val_mse=0.002093
2026-02-17 08:25:00,442 - PhysicalMLTrainer_Drone1 - INFO - Physical ML model trained drone=1 samples=1051 degree=2 alpha=0.0 val_mse=0.002347
2026-02-17 08:25:00,446 - PhysicalMLTrainer_Drone3 - INFO - Physical ML model trained drone=3 samples=1101 degree=2 alpha=0.0 val_mse=0.001699
2026-02-17 08:25:00,464 - PhysicalMLTrainer_Drone5 - INFO - Physical ML model trained drone=5 samples=1101 degree=2 alpha=0.0 val_mse=0.002552
2026-02-17 08:25:00,471 - PhysicalMLTrainer_Drone2 - INFO - Physical ML model trained drone=2 samples=1101 degree=2 alpha=0.0 val_mse=0.003356
2026-02-17 08:25:20,604 - PhysicalMLTrainer_Drone3 - INFO - Physical ML model trained drone=3 samples=1301 degree=2 alpha=0.0 val_mse=0.002048
2026-02-17 08:25:20,605 - PhysicalMLTrainer_Drone1 - INFO - Physical ML model trained drone=1 samples=1251 degree=2 alpha=0.0 val_mse=0.002179
2026-02-17 08:25:20,618 - PhysicalMLTrainer_Drone4 - INFO - Physical ML model trained drone=4 samples=1301 degree=2 alpha=0.0 val_mse=0.002307
2026-02-17 08:25:20,662 - PhysicalMLTrainer_Drone2 - INFO - Physical ML model trained drone=2 samples=1301 degree=2 alpha=0.0 val_mse=0.002547
2026-02-17 08:25:20,662 - PhysicalMLTrainer_Drone5 - INFO - Physical ML model trained drone=5 samples=1301 degree=2 alpha=0.0 val_mse=0.002486
2026-02-17 08:25:40,820 - PhysicalMLTrainer_Drone4 - INFO - Physical ML model trained drone=4 samples=1501 degree=2 alpha=0.0 val_mse=0.001937
2026-02-17 08:25:40,839 - PhysicalMLTrainer_Drone2 - INFO - Physical ML model trained drone=2 samples=1501 degree=2 alpha=0.0 val_mse=0.001638
2026-02-17 08:25:40,859 - PhysicalMLTrainer_Drone5 - INFO - Physical ML model trained drone=5 samples=1501 degree=2 alpha=0.0 val_mse=0.001886
2026-02-17 08:25:40,860 - PhysicalMLTrainer_Drone1 - INFO - Physical ML model trained drone=1 samples=1451 degree=2 alpha=0.0 val_mse=0.001601
2026-02-17 08:25:40,860 - PhysicalMLTrainer_Drone3 - INFO - Physical ML model trained drone=3 samples=1501 degree=2 alpha=0.0 val_mse=0.001895
2026-02-17 08:26:01,002 - PhysicalMLTrainer_Drone2 - INFO - Physical ML model trained drone=2 samples=1701 degree=2 alpha=0.0 val_mse=0.001090
2026-02-17 08:26:01,011 - PhysicalMLTrainer_Drone4 - INFO - Physical ML model trained drone=4 samples=1701 degree=2 alpha=0.0 val_mse=0.001431
2026-02-17 08:26:01,028 - PhysicalMLTrainer_Drone5 - INFO - Physical ML model trained drone=5 samples=1701 degree=2 alpha=0.0 val_mse=0.001334
2026-02-17 08:26:01,028 - PhysicalMLTrainer_Drone3 - INFO - Physical ML model trained drone=3 samples=1701 degree=2 alpha=0.0 val_mse=0.001513
2026-02-17 08:26:01,028 - PhysicalMLTrainer_Drone1 - INFO - Physical ML model trained drone=1 samples=1651 degree=2 alpha=0.0 val_mse=0.001119
2026-02-17 08:26:21,169 - PhysicalMLTrainer_Drone2 - INFO - Physical ML model trained drone=2 samples=1901 degree=2 alpha=0.0 val_mse=0.000807
2026-02-17 08:26:21,169 - PhysicalMLTrainer_Drone4 - INFO - Physical ML model trained drone=4 samples=1901 degree=2 alpha=0.0 val_mse=0.001027
2026-02-17 08:26:21,182 - PhysicalMLTrainer_Drone5 - INFO - Physical ML model trained drone=5 samples=1901 degree=2 alpha=0.0 val_mse=0.000972
2026-02-17 08:26:21,182 - PhysicalMLTrainer_Drone1 - INFO - Physical ML model trained drone=1 samples=1851 degree=2 alpha=0.0 val_mse=0.000816
2026-02-17 08:26:21,191 - PhysicalMLTrainer_Drone3 - INFO - Physical ML model trained drone=3 samples=1901 degree=2 alpha=0.0 val_mse=0.001140
2026-02-17 08:26:41,356 - PhysicalMLTrainer_Drone2 - INFO - Physical ML model trained drone=2 samples=2101 degree=2 alpha=0.0 val_mse=0.000665
2026-02-17 08:26:41,356 - PhysicalMLTrainer_Drone4 - INFO - Physical ML model trained drone=4 samples=2101 degree=2 alpha=0.0 val_mse=0.000758
2026-02-17 08:26:41,391 - PhysicalMLTrainer_Drone3 - INFO - Physical ML model trained drone=3 samples=2101 degree=2 alpha=0.0 val_mse=0.000862
2026-02-17 08:26:41,391 - PhysicalMLTrainer_Drone1 - INFO - Physical ML model trained drone=1 samples=2051 degree=2 alpha=0.0 val_mse=0.000646
2026-02-17 08:26:41,391 - PhysicalMLTrainer_Drone5 - INFO - Physical ML model trained drone=5 samples=2101 degree=2 alpha=0.0 val_mse=0.000763
2026-02-17 08:26:59,815 - DroneStateManager - INFO - Drone 2 state transition MOVING_TO_TARGET -> MISSION_COMPLETE
2026-02-17 08:26:59,818 - Drone_1 - INFO - Drone 1: Returning to home - Leader broadcast RETURN_TO_HOME
2026-02-17 08:26:59,818 - DroneStateManager - INFO - Drone 1 state transition MOVING_TO_TARGET -> RETURNING_HOME
2026-02-17 08:26:59,819 - Drone_2 - INFO - Drone 2: Returning to home - Leader broadcast RETURN_TO_HOME
2026-02-17 08:26:59,819 - DroneStateManager - INFO - Drone 2 state transition MISSION_COMPLETE -> RETURNING_HOME
2026-02-17 08:26:59,820 - Drone_3 - INFO - Drone 3: Returning to home - Leader broadcast RETURN_TO_HOME
2026-02-17 08:26:59,820 - DroneStateManager - INFO - Drone 3 state transition MOVING_TO_TARGET -> RETURNING_HOME
2026-02-17 08:26:59,821 - Drone_4 - INFO - Drone 4: Returning to home - Leader broadcast RETURN_TO_HOME
2026-02-17 08:26:59,821 - DroneStateManager - INFO - Drone 4 state transition MOVING_TO_TARGET -> RETURNING_HOME
2026-02-17 08:26:59,822 - Drone_5 - INFO - Drone 5: Returning to home - Leader broadcast RETURN_TO_HOME
2026-02-17 08:26:59,822 - DroneStateManager - INFO - Drone 5 state transition MOVING_TO_TARGET -> RETURNING_HOME
2026-02-17 08:27:01,567 - PhysicalMLTrainer_Drone4 - INFO - Physical ML model trained drone=4 samples=2301 degree=2 alpha=1.0 val_mse=0.012420
2026-02-17 08:27:01,568 - PhysicalMLTrainer_Drone2 - INFO - Physical ML model trained drone=2 samples=2301 degree=2 alpha=1.0 val_mse=0.026032
2026-02-17 08:27:01,568 - PhysicalMLTrainer_Drone3 - INFO - Physical ML model trained drone=3 samples=2301 degree=2 alpha=1.0 val_mse=0.020888
2026-02-17 08:27:01,571 - PhysicalMLTrainer_Drone1 - INFO - Physical ML model trained drone=1 samples=2251 degree=2 alpha=1.0 val_mse=0.024725
2026-02-17 08:27:01,575 - PhysicalMLTrainer_Drone5 - INFO - Physical ML model trained drone=5 samples=2301 degree=2 alpha=1.0 val_mse=0.017106
2026-02-17 08:27:21,752 - PhysicalMLTrainer_Drone4 - INFO - Physical ML model trained drone=4 samples=2501 degree=2 alpha=1.0 val_mse=0.119907
2026-02-17 08:27:21,775 - PhysicalMLTrainer_Drone1 - INFO - Physical ML model trained drone=1 samples=2451 degree=2 alpha=1.0 val_mse=0.255027
2026-02-17 08:27:21,777 - PhysicalMLTrainer_Drone5 - INFO - Physical ML model trained drone=5 samples=2501 degree=2 alpha=1.0 val_mse=0.167922
2026-02-17 08:27:21,778 - PhysicalMLTrainer_Drone3 - INFO - Physical ML model trained drone=3 samples=2501 degree=2 alpha=1.0 val_mse=0.213499
2026-02-17 08:27:21,778 - PhysicalMLTrainer_Drone2 - INFO - Physical ML model trained drone=2 samples=2501 degree=2 alpha=1.0 val_mse=0.263469
2026-02-17 08:27:41,922 - PhysicalMLTrainer_Drone4 - INFO - Physical ML model trained drone=4 samples=2701 degree=2 alpha=1.0 val_mse=0.196878
2026-02-17 08:27:41,959 - PhysicalMLTrainer_Drone5 - INFO - Physical ML model trained drone=5 samples=2701 degree=2 alpha=1.0 val_mse=0.276999
2026-02-17 08:27:42,003 - PhysicalMLTrainer_Drone3 - INFO - Physical ML model trained drone=3 samples=2701 degree=2 alpha=1.0 val_mse=0.358921
2026-02-17 08:27:42,003 - PhysicalMLTrainer_Drone1 - INFO - Physical ML model trained drone=1 samples=2651 degree=2 alpha=1.0 val_mse=0.430112
2026-02-17 08:27:42,003 - PhysicalMLTrainer_Drone2 - INFO - Physical ML model trained drone=2 samples=2701 degree=2 alpha=1.0 val_mse=0.440733
2026-02-17 08:28:02,121 - PhysicalMLTrainer_Drone4 - INFO - Physical ML model trained drone=4 samples=2901 degree=2 alpha=0.0 val_mse=0.007194
2026-02-17 08:28:02,168 - PhysicalMLTrainer_Drone5 - INFO - Physical ML model trained drone=5 samples=2901 degree=2 alpha=0.0 val_mse=0.006024
2026-02-17 08:28:02,233 - PhysicalMLTrainer_Drone3 - INFO - Physical ML model trained drone=3 samples=2901 degree=2 alpha=0.0 val_mse=0.011711
2026-02-17 08:28:02,234 - PhysicalMLTrainer_Drone2 - INFO - Physical ML model trained drone=2 samples=2901 degree=2 alpha=0.0 val_mse=0.001905
2026-02-17 08:28:02,235 - PhysicalMLTrainer_Drone1 - INFO - Physical ML model trained drone=1 samples=2851 degree=2 alpha=0.0 val_mse=0.006370
2026-02-17 08:28:22,331 - PhysicalMLTrainer_Drone4 - INFO - Physical ML model trained drone=4 samples=3101 degree=2 alpha=0.0 val_mse=0.013536
2026-02-17 08:28:22,354 - PhysicalMLTrainer_Drone5 - INFO - Physical ML model trained drone=5 samples=3101 degree=2 alpha=0.0 val_mse=0.014940
2026-02-17 08:28:22,446 - PhysicalMLTrainer_Drone1 - INFO - Physical ML model trained drone=1 samples=3051 degree=2 alpha=0.0 val_mse=0.012651
2026-02-17 08:28:22,446 - PhysicalMLTrainer_Drone3 - INFO - Physical ML model trained drone=3 samples=3101 degree=2 alpha=0.0 val_mse=0.019449
2026-02-17 08:28:22,447 - PhysicalMLTrainer_Drone2 - INFO - Physical ML model trained drone=2 samples=3101 degree=2 alpha=0.0 val_mse=0.005698
2026-02-17 08:28:42,504 - PhysicalMLTrainer_Drone4 - INFO - Physical ML model trained drone=4 samples=3301 degree=2 alpha=0.0 val_mse=0.005827
2026-02-17 08:28:42,506 - PhysicalMLTrainer_Drone5 - INFO - Physical ML model trained drone=5 samples=3301 degree=2 alpha=0.0 val_mse=0.010626
2026-02-17 08:28:42,616 - PhysicalMLTrainer_Drone2 - INFO - Physical ML model trained drone=2 samples=3301 degree=2 alpha=0.0 val_mse=0.005159
2026-02-17 08:28:42,617 - PhysicalMLTrainer_Drone3 - INFO - Physical ML model trained drone=3 samples=3301 degree=2 alpha=0.0 val_mse=0.008187
2026-02-17 08:28:42,617 - PhysicalMLTrainer_Drone1 - INFO - Physical ML model trained drone=1 samples=3251 degree=2 alpha=0.0 val_mse=0.008026
2026-02-17 08:29:02,677 - PhysicalMLTrainer_Drone5 - INFO - Physical ML model trained drone=5 samples=3501 degree=2 alpha=0.0 val_mse=0.003266
2026-02-17 08:29:02,678 - PhysicalMLTrainer_Drone4 - INFO - Physical ML model trained drone=4 samples=3501 degree=2 alpha=0.0 val_mse=0.000980
2026-02-17 08:29:02,779 - PhysicalMLTrainer_Drone1 - INFO - Physical ML model trained drone=1 samples=3451 degree=2 alpha=0.0 val_mse=0.002379
2026-02-17 08:29:02,781 - PhysicalMLTrainer_Drone2 - INFO - Physical ML model trained drone=2 samples=3501 degree=2 alpha=0.0 val_mse=0.002640
2026-02-17 08:29:02,781 - PhysicalMLTrainer_Drone3 - INFO - Physical ML model trained drone=3 samples=3501 degree=2 alpha=0.0 val_mse=0.001498
2026-02-17 08:29:22,842 - PhysicalMLTrainer_Drone4 - INFO - Physical ML model trained drone=4 samples=3701 degree=2 alpha=0.1 val_mse=0.000577
2026-02-17 08:29:22,867 - PhysicalMLTrainer_Drone5 - INFO - Physical ML model trained drone=5 samples=3701 degree=2 alpha=0.0 val_mse=0.000715
2026-02-17 08:29:22,945 - PhysicalMLTrainer_Drone1 - INFO - Physical ML model trained drone=1 samples=3651 degree=2 alpha=0.0 val_mse=0.000601
2026-02-17 08:29:22,978 - PhysicalMLTrainer_Drone2 - INFO - Physical ML model trained drone=2 samples=3701 degree=2 alpha=0.0 val_mse=0.000774
2026-02-17 08:29:22,978 - PhysicalMLTrainer_Drone3 - INFO - Physical ML model trained drone=3 samples=3701 degree=2 alpha=0.1 val_mse=0.000261
