2026-02-17 08:16:39,735 - Main - INFO - Starting Drone Swarm Management System
2026-02-17 08:16:39,737 - MLDecisionSupport_Drone1 - INFO - ML Decision Support initialized
2026-02-17 08:16:39,747 - PhysicalMLTrainer_Drone1 - INFO - Physical ML model trained drone=1 samples=250 degree=2 alpha=0.0 val_mse=0.000155
2026-02-17 08:16:39,747 - Drone_1 - INFO - Drone 1: bootstrap personal trainer loaded 250 rows from datasets/personal_drone_1.csv
2026-02-17 08:16:39,748 - Drone_1 - INFO - Drone 1: Personal ML system initialized
2026-02-17 08:16:39,748 - Drone_1 - INFO - Drone 1 initialized at {'x': 0, 'y': 0, 'z': 0}
2026-02-17 08:16:39,756 - Drone_1 - INFO - Drone 1 started
2026-02-17 08:16:39,758 - Drone_1 - INFO - Drone 1: Role changed from follower to leader
2026-02-17 08:16:39,759 - MLDecisionSupport_Drone2 - INFO - ML Decision Support initialized
2026-02-17 08:16:39,759 - PhysicalMLTrainer_Drone1 - INFO - Physical ML model trained drone=1 samples=251 degree=2 alpha=0.0 val_mse=0.000157
2026-02-17 08:16:39,765 - PhysicalMLTrainer_Drone2 - INFO - Physical ML model trained drone=2 samples=300 degree=2 alpha=0.1 val_mse=0.000128
2026-02-17 08:16:39,765 - Drone_2 - INFO - Drone 2: bootstrap personal trainer loaded 300 rows from datasets/personal_training.csv
2026-02-17 08:16:39,765 - Drone_2 - INFO - Drone 2: Personal ML system initialized
2026-02-17 08:16:39,766 - Drone_2 - INFO - Drone 2 initialized at {'x': 1200, 'y': 300, 'z': 0}
2026-02-17 08:16:39,767 - Drone_2 - INFO - Drone 2 started
2026-02-17 08:16:39,769 - MLDecisionSupport_Drone3 - INFO - ML Decision Support initialized
2026-02-17 08:16:39,770 - PhysicalMLTrainer_Drone2 - INFO - Physical ML model trained drone=2 samples=301 degree=2 alpha=0.1 val_mse=0.000128
2026-02-17 08:16:39,775 - PhysicalMLTrainer_Drone3 - INFO - Physical ML model trained drone=3 samples=300 degree=2 alpha=0.1 val_mse=0.000128
2026-02-17 08:16:39,775 - Drone_3 - INFO - Drone 3: bootstrap personal trainer loaded 300 rows from datasets/personal_training.csv
2026-02-17 08:16:39,776 - Drone_3 - INFO - Drone 3: Personal ML system initialized
2026-02-17 08:16:39,776 - Drone_3 - INFO - Drone 3 initialized at {'x': -1400, 'y': -500, 'z': 0}
2026-02-17 08:16:39,777 - Drone_3 - INFO - Drone 3 started
2026-02-17 08:16:39,779 - MLDecisionSupport_Drone4 - INFO - ML Decision Support initialized
2026-02-17 08:16:39,779 - PhysicalMLTrainer_Drone3 - INFO - Physical ML model trained drone=3 samples=301 degree=2 alpha=0.1 val_mse=0.000128
2026-02-17 08:16:39,786 - PhysicalMLTrainer_Drone4 - INFO - Physical ML model trained drone=4 samples=300 degree=2 alpha=0.1 val_mse=0.000128
2026-02-17 08:16:39,786 - Drone_4 - INFO - Drone 4: bootstrap personal trainer loaded 300 rows from datasets/personal_training.csv
2026-02-17 08:16:39,786 - Drone_4 - INFO - Drone 4: Personal ML system initialized
2026-02-17 08:16:39,786 - Drone_4 - INFO - Drone 4 initialized at {'x': 800, 'y': -1500, 'z': 0}
2026-02-17 08:16:39,787 - Drone_4 - INFO - Drone 4 started
2026-02-17 08:16:39,789 - MLDecisionSupport_Drone5 - INFO - ML Decision Support initialized
2026-02-17 08:16:39,790 - PhysicalMLTrainer_Drone4 - INFO - Physical ML model trained drone=4 samples=301 degree=2 alpha=0.1 val_mse=0.000128
2026-02-17 08:16:39,795 - PhysicalMLTrainer_Drone5 - INFO - Physical ML model trained drone=5 samples=300 degree=2 alpha=0.1 val_mse=0.000128
2026-02-17 08:16:39,795 - Drone_5 - INFO - Drone 5: bootstrap personal trainer loaded 300 rows from datasets/personal_training.csv
2026-02-17 08:16:39,796 - Drone_5 - INFO - Drone 5: Personal ML system initialized
2026-02-17 08:16:39,796 - Drone_5 - INFO - Drone 5 initialized at {'x': -900, 'y': 1600, 'z': 0}
2026-02-17 08:16:39,797 - Drone_5 - INFO - Drone 5 started
2026-02-17 08:16:39,798 - ObstacleManager - INFO - Dynamic obstacle added id=1 type=linear start=(-50.4, -1634.5) vel=(9.2, 3.5)
2026-02-17 08:16:39,798 - ObstacleManager - INFO - Dynamic obstacle added id=2 type=linear start=(-358.2, 269.1) vel=(-0.2, -8.9)
2026-02-17 08:16:39,798 - ObstacleManager - INFO - Dynamic obstacle added id=3 type=linear start=(-178.1, -2580.9) vel=(-4.9, 4.2)
2026-02-17 08:16:39,799 - ObstacleManager - INFO - Dynamic obstacle added id=4 type=linear start=(389.3, -2199.3) vel=(-1.8, -6.2)
2026-02-17 08:16:39,799 - ObstacleManager - INFO - Dynamic obstacle added id=5 type=circular start=(2068.1, -1511.1) vel=(-1.3, -4.9)
2026-02-17 08:16:39,799 - ObstacleManager - INFO - Dynamic obstacle added id=6 type=circular start=(476.0, 215.5) vel=(1.5, 7.1)
2026-02-17 08:16:39,799 - ObstacleManager - INFO - Dynamic obstacle added id=7 type=linear start=(1320.3, 33.6) vel=(-2.5, -3.9)
2026-02-17 08:16:39,799 - ObstacleManager - INFO - Dynamic obstacle added id=8 type=circular start=(-206.0, -1005.2) vel=(-2.6, -1.6)
2026-02-17 08:16:39,799 - ObstacleManager - INFO - Dynamic obstacle added id=9 type=random_walk start=(-1179.2, 1285.9) vel=(4.4, 3.7)
2026-02-17 08:16:39,800 - ObstacleManager - INFO - Dynamic obstacle added id=10 type=circular start=(-184.3, 460.7) vel=(-6.8, 1.5)
2026-02-17 08:16:39,800 - ObstacleManager - INFO - Dynamic obstacle added id=11 type=linear start=(375.3, 92.7) vel=(-2.9, 5.7)
2026-02-17 08:16:39,800 - ObstacleManager - INFO - Dynamic obstacle added id=12 type=linear start=(162.8, -716.0) vel=(-2.1, -5.4)
2026-02-17 08:16:39,800 - PhysicalMLTrainer_Drone5 - INFO - Physical ML model trained drone=5 samples=301 degree=2 alpha=0.1 val_mse=0.000128
2026-02-17 08:16:39,801 - ObstacleManager - INFO - Dynamic obstacle added id=13 type=circular start=(-1896.6, 78.5) vel=(4.0, 2.2)
2026-02-17 08:16:39,801 - ObstacleManager - INFO - Dynamic obstacle added id=14 type=linear start=(-2446.6, -709.7) vel=(4.1, 1.7)
2026-02-17 08:16:39,801 - ObstacleManager - INFO - Dynamic obstacle added id=15 type=circular start=(923.7, 2248.5) vel=(-7.2, -6.3)
2026-02-17 08:16:39,801 - ObstacleManager - INFO - Dynamic obstacle added id=16 type=random_walk start=(-434.4, 901.2) vel=(-6.3, 3.1)
2026-02-17 08:16:39,801 - ObstacleManager - INFO - Dynamic obstacle added id=17 type=random_walk start=(544.0, 910.2) vel=(5.0, 3.9)
2026-02-17 08:16:39,801 - ObstacleManager - INFO - Dynamic obstacle added id=18 type=random_walk start=(112.6, 50.9) vel=(-3.1, -3.4)
2026-02-17 08:16:39,801 - ObstacleManager - INFO - Dynamic obstacle added id=19 type=circular start=(861.9, -552.5) vel=(7.8, 6.0)
2026-02-17 08:16:39,802 - ObstacleManager - INFO - Dynamic obstacle added id=20 type=linear start=(1427.7, -477.4) vel=(5.2, -0.8)
2026-02-17 08:16:39,802 - ObstacleManager - INFO - Dynamic obstacle added id=21 type=random_walk start=(266.3, -1805.0) vel=(9.7, 4.4)
2026-02-17 08:16:39,802 - ObstacleManager - INFO - Dynamic obstacle added id=22 type=circular start=(1238.9, -2006.2) vel=(-5.3, -1.9)
2026-02-17 08:16:39,802 - ObstacleManager - INFO - Dynamic obstacle added id=23 type=random_walk start=(-298.1, 707.3) vel=(4.8, 7.0)
2026-02-17 08:16:39,802 - ObstacleManager - INFO - Dynamic obstacle added id=24 type=circular start=(811.8, 410.2) vel=(-10.1, -2.1)
2026-02-17 08:16:39,802 - ObstacleManager - INFO - Dynamic obstacle added id=25 type=linear start=(-987.4, 2286.7) vel=(3.4, 2.2)
2026-02-17 08:16:39,806 - Main - INFO - Swarm created with 5 drones
2026-02-17 08:16:39,806 - Main - INFO - Leader elected: Drone 1
2026-02-17 08:16:39,806 - Main - INFO - Starting GUI...
2026-02-17 08:17:00,137 - PhysicalMLTrainer_Drone1 - INFO - Physical ML model trained drone=1 samples=451 degree=2 alpha=0.0 val_mse=0.000000
2026-02-17 08:17:00,139 - PhysicalMLTrainer_Drone2 - INFO - Physical ML model trained drone=2 samples=501 degree=2 alpha=0.0 val_mse=0.000000
2026-02-17 08:17:00,245 - PhysicalMLTrainer_Drone3 - INFO - Physical ML model trained drone=3 samples=501 degree=2 alpha=0.0 val_mse=0.000000
2026-02-17 08:17:00,245 - PhysicalMLTrainer_Drone4 - INFO - Physical ML model trained drone=4 samples=501 degree=2 alpha=0.0 val_mse=0.000000
2026-02-17 08:17:00,246 - PhysicalMLTrainer_Drone5 - INFO - Physical ML model trained drone=5 samples=501 degree=2 alpha=0.0 val_mse=0.000000
2026-02-17 08:17:09,050 - Drone_1 - INFO - Drone 1: Armed
2026-02-17 08:17:09,052 - Drone_2 - INFO - Drone 2: Armed
2026-02-17 08:17:09,052 - Drone_3 - INFO - Drone 3: Armed
2026-02-17 08:17:09,053 - Drone_4 - INFO - Drone 4: Armed
2026-02-17 08:17:09,054 - Drone_5 - INFO - Drone 5: Armed
2026-02-17 08:17:09,836 - Drone_1 - INFO - Drone 1: Taking off
2026-02-17 08:17:09,837 - DroneStateManager - INFO - Drone 1 state transition IDLE -> TAKEOFF
2026-02-17 08:17:09,838 - Drone_2 - INFO - Drone 2: Taking off
2026-02-17 08:17:09,838 - DroneStateManager - INFO - Drone 2 state transition IDLE -> TAKEOFF
2026-02-17 08:17:09,838 - Drone_3 - INFO - Drone 3: Taking off
2026-02-17 08:17:09,839 - DroneStateManager - INFO - Drone 3 state transition IDLE -> TAKEOFF
2026-02-17 08:17:09,839 - Drone_4 - INFO - Drone 4: Taking off
2026-02-17 08:17:09,839 - DroneStateManager - INFO - Drone 4 state transition IDLE -> TAKEOFF
2026-02-17 08:17:09,840 - Drone_5 - INFO - Drone 5: Taking off
2026-02-17 08:17:09,840 - DroneStateManager - INFO - Drone 5 state transition IDLE -> TAKEOFF
2026-02-17 08:17:11,896 - DroneStateManager - INFO - Drone 2 state transition TAKEOFF -> WAITING_FOR_COMMAND
2026-02-17 08:17:11,897 - DroneStateManager - INFO - Drone 3 state transition TAKEOFF -> WAITING_FOR_COMMAND
2026-02-17 08:17:11,898 - DroneStateManager - INFO - Drone 4 state transition TAKEOFF -> WAITING_FOR_COMMAND
2026-02-17 08:17:11,898 - DroneStateManager - INFO - Drone 5 state transition TAKEOFF -> WAITING_FOR_COMMAND
2026-02-17 08:17:13,035 - Drone_1 - INFO - Drone 1: Flying to {'x': 2585.0, 'y': 2580.0, 'z': 60.0}
2026-02-17 08:17:13,036 - DroneStateManager - INFO - Drone 1 state transition TAKEOFF -> MOVING_TO_TARGET
2026-02-17 08:17:13,037 - Drone_2 - INFO - Drone 2: Flying to {'x': 2553.9057647468726, 'y': 2622.797543233282, 'z': 60.0}
2026-02-17 08:17:13,037 - DroneStateManager - INFO - Drone 2 state transition WAITING_FOR_COMMAND -> MOVING_TO_TARGET
2026-02-17 08:17:13,038 - Drone_3 - INFO - Drone 3: Flying to {'x': 2503.5942352531274, 'y': 2606.450336353161, 'z': 60.0}
2026-02-17 08:17:13,038 - DroneStateManager - INFO - Drone 3 state transition WAITING_FOR_COMMAND -> MOVING_TO_TARGET
2026-02-17 08:17:13,039 - Drone_4 - INFO - Drone 4: Flying to {'x': 2503.5942352531274, 'y': 2553.549663646839, 'z': 60.0}
2026-02-17 08:17:13,039 - DroneStateManager - INFO - Drone 4 state transition WAITING_FOR_COMMAND -> MOVING_TO_TARGET
2026-02-17 08:17:13,039 - Drone_5 - INFO - Drone 5: Flying to {'x': 2553.9057647468726, 'y': 2537.202456766718, 'z': 60.0}
2026-02-17 08:17:13,039 - DroneStateManager - INFO - Drone 5 state transition WAITING_FOR_COMMAND -> MOVING_TO_TARGET
2026-02-17 08:17:20,267 - PhysicalMLTrainer_Drone2 - INFO - Physical ML model trained drone=2 samples=701 degree=2 alpha=0.0 val_mse=0.192307
2026-02-17 08:17:20,268 - PhysicalMLTrainer_Drone1 - INFO - Physical ML model trained drone=1 samples=651 degree=2 alpha=0.0 val_mse=0.198143
2026-02-17 08:17:20,371 - PhysicalMLTrainer_Drone3 - INFO - Physical ML model trained drone=3 samples=701 degree=2 alpha=0.0 val_mse=0.184168
2026-02-17 08:17:20,371 - PhysicalMLTrainer_Drone4 - INFO - Physical ML model trained drone=4 samples=701 degree=2 alpha=0.0 val_mse=0.193154
2026-02-17 08:17:20,371 - PhysicalMLTrainer_Drone5 - INFO - Physical ML model trained drone=5 samples=701 degree=2 alpha=0.0 val_mse=0.174240
2026-02-17 08:17:40,396 - PhysicalMLTrainer_Drone1 - INFO - Physical ML model trained drone=1 samples=851 degree=2 alpha=0.0 val_mse=0.001007
2026-02-17 08:17:40,399 - PhysicalMLTrainer_Drone2 - INFO - Physical ML model trained drone=2 samples=901 degree=2 alpha=0.0 val_mse=0.001788
2026-02-17 08:17:40,484 - PhysicalMLTrainer_Drone3 - INFO - Physical ML model trained drone=3 samples=901 degree=2 alpha=0.0 val_mse=0.000635
2026-02-17 08:17:40,492 - PhysicalMLTrainer_Drone4 - INFO - Physical ML model trained drone=4 samples=901 degree=2 alpha=0.0 val_mse=0.000837
2026-02-17 08:17:40,498 - PhysicalMLTrainer_Drone5 - INFO - Physical ML model trained drone=5 samples=901 degree=2 alpha=0.0 val_mse=0.001043
2026-02-17 08:17:47,055 - Drone_4 - INFO - Drone 4: Flying to {'x': 1003.2664464447747, 'y': -934.5372966041988, 'z': 11.021300236213108}
2026-02-17 08:17:47,056 - DroneStateManager - INFO - Drone 4 state transition MOVING_TO_TARGET -> AVOIDING_DYNAMIC_OBSTACLE
2026-02-17 08:17:48,068 - DroneStateManager - INFO - Drone 4 state transition AVOIDING_DYNAMIC_OBSTACLE -> MOVING_TO_TARGET
2026-02-17 08:17:50,073 - Drone_4 - INFO - Drone 4: Flying to {'x': 1006.3215343674397, 'y': -889.3371488589703, 'z': 10.974407825387198}
2026-02-17 08:17:50,082 - DroneStateManager - INFO - Drone 4 state transition MOVING_TO_TARGET -> AVOIDING_DYNAMIC_OBSTACLE
2026-02-17 08:17:51,084 - Drone_4 - INFO - Drone 4: Flying to {'x': 1007.3983624895071, 'y': -874.288082943672, 'z': 10.887642253284527}
2026-02-17 08:17:52,088 - Drone_4 - INFO - Drone 4: Flying to {'x': 1008.4953541004918, 'y': -859.2403633405431, 'z': 10.851449201674605}
2026-02-17 08:17:53,100 - Drone_4 - INFO - Drone 4: Flying to {'x': 1009.614083539247, 'y': -844.1738436700219, 'z': 10.836595791163312}
2026-02-17 08:17:54,106 - Drone_4 - INFO - Drone 4: Flying to {'x': 1068.9646650567342, 'y': -854.2293506613071, 'z': 10.831171665540525}
2026-02-17 08:17:55,116 - DroneStateManager - INFO - Drone 4 state transition AVOIDING_DYNAMIC_OBSTACLE -> MOVING_TO_TARGET
2026-02-17 08:18:00,521 - Drone_4 - INFO - Drone 4: Reached target position
2026-02-17 08:18:00,525 - PhysicalMLTrainer_Drone1 - INFO - Physical ML model trained drone=1 samples=1051 degree=2 alpha=1.0 val_mse=0.002026
2026-02-17 08:18:00,532 - PhysicalMLTrainer_Drone2 - INFO - Physical ML model trained drone=2 samples=1101 degree=2 alpha=1.0 val_mse=0.003164
2026-02-17 08:18:00,612 - PhysicalMLTrainer_Drone5 - INFO - Physical ML model trained drone=5 samples=1101 degree=2 alpha=1.0 val_mse=0.002155
2026-02-17 08:18:00,629 - PhysicalMLTrainer_Drone4 - INFO - Physical ML model trained drone=4 samples=1101 degree=2 alpha=0.0 val_mse=0.027090
2026-02-17 08:18:00,630 - PhysicalMLTrainer_Drone3 - INFO - Physical ML model trained drone=3 samples=1101 degree=2 alpha=0.0 val_mse=0.001307
2026-02-17 08:18:01,141 - Drone_4 - INFO - Drone 4: Flying to {'x': 2503.5942352531274, 'y': 2553.549663646839, 'z': 60.0}
2026-02-17 08:18:20,653 - PhysicalMLTrainer_Drone1 - INFO - Physical ML model trained drone=1 samples=1251 degree=2 alpha=0.01 val_mse=0.002598
2026-02-17 08:18:20,668 - PhysicalMLTrainer_Drone2 - INFO - Physical ML model trained drone=2 samples=1301 degree=2 alpha=1.0 val_mse=0.003399
2026-02-17 08:18:20,738 - PhysicalMLTrainer_Drone5 - INFO - Physical ML model trained drone=5 samples=1301 degree=2 alpha=0.1 val_mse=0.002849
2026-02-17 08:18:20,752 - PhysicalMLTrainer_Drone4 - INFO - Physical ML model trained drone=4 samples=1301 degree=2 alpha=0.1 val_mse=0.002319
2026-02-17 08:18:20,769 - PhysicalMLTrainer_Drone3 - INFO - Physical ML model trained drone=3 samples=1301 degree=2 alpha=0.0 val_mse=0.001988
2026-02-17 08:18:40,774 - PhysicalMLTrainer_Drone1 - INFO - Physical ML model trained drone=1 samples=1451 degree=2 alpha=0.0 val_mse=0.002196
2026-02-17 08:18:40,782 - PhysicalMLTrainer_Drone2 - INFO - Physical ML model trained drone=2 samples=1501 degree=2 alpha=0.0 val_mse=0.002477
2026-02-17 08:18:40,862 - PhysicalMLTrainer_Drone5 - INFO - Physical ML model trained drone=5 samples=1501 degree=2 alpha=0.0 val_mse=0.002527
2026-02-17 08:18:40,862 - PhysicalMLTrainer_Drone4 - INFO - Physical ML model trained drone=4 samples=1501 degree=2 alpha=0.0 val_mse=0.002775
2026-02-17 08:18:40,892 - PhysicalMLTrainer_Drone3 - INFO - Physical ML model trained drone=3 samples=1501 degree=2 alpha=0.0 val_mse=0.002186
2026-02-17 08:18:55,391 - Drone_3 - INFO - Drone 3: Flying to {'x': -146.98163032847557, 'y': 535.0323236448261, 'z': 21.67091355481525}
2026-02-17 08:18:55,393 - DroneStateManager - INFO - Drone 3 state transition MOVING_TO_TARGET -> AVOIDING_DYNAMIC_OBSTACLE
2026-02-17 08:18:56,402 - DroneStateManager - INFO - Drone 3 state transition AVOIDING_DYNAMIC_OBSTACLE -> MOVING_TO_TARGET
2026-02-17 08:19:00,418 - Drone_5 - INFO - Drone 5: Flying to {'x': 731.469966551739, 'y': 2079.5807755429532, 'z': 29.7963150275984}
2026-02-17 08:19:00,424 - DroneStateManager - INFO - Drone 5 state transition MOVING_TO_TARGET -> AVOIDING_DYNAMIC_OBSTACLE
2026-02-17 08:19:00,896 - PhysicalMLTrainer_Drone2 - INFO - Physical ML model trained drone=2 samples=1701 degree=2 alpha=0.0 val_mse=0.001577
2026-02-17 08:19:00,899 - PhysicalMLTrainer_Drone1 - INFO - Physical ML model trained drone=1 samples=1651 degree=2 alpha=0.0 val_mse=0.001561
2026-02-17 08:19:00,989 - PhysicalMLTrainer_Drone3 - INFO - Physical ML model trained drone=3 samples=1701 degree=2 alpha=0.0 val_mse=0.010907
2026-02-17 08:19:00,989 - PhysicalMLTrainer_Drone5 - INFO - Physical ML model trained drone=5 samples=1701 degree=2 alpha=0.0 val_mse=0.003246
2026-02-17 08:19:00,989 - PhysicalMLTrainer_Drone4 - INFO - Physical ML model trained drone=4 samples=1701 degree=2 alpha=0.0 val_mse=0.002557
2026-02-17 08:19:01,426 - Drone_5 - INFO - Drone 5: Flying to {'x': 743.900623003653, 'y': 2088.5196821533264, 'z': 29.533510470975603}
2026-02-17 08:19:01,796 - Drone_3 - INFO - Drone 3: Reached target position
2026-02-17 08:19:02,431 - Drone_3 - INFO - Drone 3: Flying to {'x': 2503.5942352531274, 'y': 2606.450336353161, 'z': 60.0}
2026-02-17 08:19:02,434 - Drone_5 - INFO - Drone 5: Flying to {'x': 756.1710573982598, 'y': 2097.287410897824, 'z': 29.444508904678134}
2026-02-17 08:19:03,446 - Drone_5 - INFO - Drone 5: Flying to {'x': 768.4459521848249, 'y': 2106.002974639595, 'z': 29.412633979129474}
2026-02-17 08:19:04,458 - DroneStateManager - INFO - Drone 5 state transition AVOIDING_DYNAMIC_OBSTACLE -> MOVING_TO_TARGET
2026-02-17 08:19:09,047 - Drone_1 - INFO - Drone 1 stopped
2026-02-17 08:19:09,147 - Drone_2 - INFO - Drone 2 stopped
2026-02-17 08:19:09,247 - Drone_3 - INFO - Drone 3 stopped
2026-02-17 08:19:09,349 - Drone_4 - INFO - Drone 4 stopped
2026-02-17 08:19:09,449 - Drone_5 - INFO - Drone 5 stopped
2026-02-17 08:19:09,450 - Main - INFO - System shutdown complete
