2026-02-12 09:57:44,669 - Main - INFO - Starting Drone Swarm Management System
2026-02-12 09:57:44,670 - SwarmManager - INFO - Swarm Manager initialized
2026-02-12 09:57:44,671 - MLDecisionSupport_Drone1 - INFO - ML Decision Support initialized
2026-02-12 09:57:44,683 - Drone_1 - INFO - Drone 1: Personal ML system initialized
2026-02-12 09:57:44,684 - Drone_1 - INFO - Drone 1 initialized at {'x': 0, 'y': 0, 'z': 0}
2026-02-12 09:57:44,685 - Drone_1 - INFO - Drone 1 started
2026-02-12 09:57:44,685 - SwarmManager - INFO - Drone 1 added to swarm
2026-02-12 09:57:44,685 - SwarmManager - INFO - Starting leader election...
2026-02-12 09:57:44,686 - SwarmManager - INFO -   Drone 1: suitability score = 100.00
2026-02-12 09:57:44,687 - Drone_1 - INFO - Drone 1: Role changed from follower to leader
2026-02-12 09:57:44,723 - MLDecisionSupport_Drone2 - INFO - ML Decision Support initialized
2026-02-12 09:57:44,727 - Drone_2 - INFO - Drone 2: Personal ML system initialized
2026-02-12 09:57:44,728 - Drone_2 - INFO - Drone 2 initialized at {'x': 1200, 'y': 300, 'z': 0}
2026-02-12 09:57:44,729 - Drone_2 - INFO - Drone 2 started
2026-02-12 09:57:44,729 - SwarmManager - INFO - Drone 2 added to swarm
2026-02-12 09:57:44,730 - MLDecisionSupport_Drone3 - INFO - ML Decision Support initialized
2026-02-12 09:57:44,732 - Drone_3 - INFO - Drone 3: Personal ML system initialized
2026-02-12 09:57:44,732 - Drone_3 - INFO - Drone 3 initialized at {'x': -1400, 'y': -500, 'z': 0}
2026-02-12 09:57:44,733 - Drone_3 - INFO - Drone 3 started
2026-02-12 09:57:44,733 - SwarmManager - INFO - Drone 3 added to swarm
2026-02-12 09:57:44,734 - MLDecisionSupport_Drone4 - INFO - ML Decision Support initialized
2026-02-12 09:57:44,736 - Drone_4 - INFO - Drone 4: Personal ML system initialized
2026-02-12 09:57:44,737 - Drone_4 - INFO - Drone 4 initialized at {'x': 800, 'y': -1500, 'z': 0}
2026-02-12 09:57:44,737 - Drone_4 - INFO - Drone 4 started
2026-02-12 09:57:44,738 - SwarmManager - INFO - Drone 4 added to swarm
2026-02-12 09:57:44,739 - MLDecisionSupport_Drone5 - INFO - ML Decision Support initialized
2026-02-12 09:57:44,740 - Drone_5 - INFO - Drone 5: Personal ML system initialized
2026-02-12 09:57:44,741 - Drone_5 - INFO - Drone 5 initialized at {'x': -900, 'y': 1600, 'z': 0}
2026-02-12 09:57:44,742 - Drone_5 - INFO - Drone 5 started
2026-02-12 09:57:44,742 - SwarmManager - INFO - Drone 5 added to swarm
2026-02-12 09:57:44,742 - SwarmManager - INFO - Swarm monitoring started
2026-02-12 09:57:44,742 - Main - INFO - Swarm created with 5 drones
2026-02-12 09:57:44,742 - Main - INFO - Leader elected: Drone 1
2026-02-12 09:57:44,743 - Main - INFO - Starting GUI...
2026-02-12 09:58:04,946 - PhysicalMLTrainer_Drone4 - INFO - Physical ML model trained for drone=4 samples=200
2026-02-12 09:58:04,946 - PhysicalMLTrainer_Drone1 - INFO - Physical ML model trained for drone=1 samples=200
2026-02-12 09:58:04,946 - PhysicalMLTrainer_Drone2 - INFO - Physical ML model trained for drone=2 samples=200
2026-02-12 09:58:04,946 - PhysicalMLTrainer_Drone3 - INFO - Physical ML model trained for drone=3 samples=200
2026-02-12 09:58:05,057 - PhysicalMLTrainer_Drone5 - INFO - Physical ML model trained for drone=5 samples=200
2026-02-12 09:58:25,030 - PhysicalMLTrainer_Drone3 - INFO - Physical ML model trained for drone=3 samples=400
2026-02-12 09:58:25,039 - PhysicalMLTrainer_Drone2 - INFO - Physical ML model trained for drone=2 samples=400
2026-02-12 09:58:25,039 - PhysicalMLTrainer_Drone1 - INFO - Physical ML model trained for drone=1 samples=400
2026-02-12 09:58:25,042 - PhysicalMLTrainer_Drone4 - INFO - Physical ML model trained for drone=4 samples=400
2026-02-12 09:58:25,147 - PhysicalMLTrainer_Drone5 - INFO - Physical ML model trained for drone=5 samples=400
2026-02-12 09:58:45,119 - PhysicalMLTrainer_Drone3 - INFO - Physical ML model trained for drone=3 samples=600
2026-02-12 09:58:45,120 - PhysicalMLTrainer_Drone2 - INFO - Physical ML model trained for drone=2 samples=600
2026-02-12 09:58:45,139 - PhysicalMLTrainer_Drone4 - INFO - Physical ML model trained for drone=4 samples=600
2026-02-12 09:58:45,140 - PhysicalMLTrainer_Drone1 - INFO - Physical ML model trained for drone=1 samples=600
2026-02-12 09:58:45,240 - PhysicalMLTrainer_Drone5 - INFO - Physical ML model trained for drone=5 samples=600
2026-02-12 09:59:05,210 - PhysicalMLTrainer_Drone3 - INFO - Physical ML model trained for drone=3 samples=800
2026-02-12 09:59:05,214 - PhysicalMLTrainer_Drone2 - INFO - Physical ML model trained for drone=2 samples=800
2026-02-12 09:59:05,224 - PhysicalMLTrainer_Drone4 - INFO - Physical ML model trained for drone=4 samples=800
2026-02-12 09:59:05,231 - PhysicalMLTrainer_Drone1 - INFO - Physical ML model trained for drone=1 samples=800
2026-02-12 09:59:05,335 - PhysicalMLTrainer_Drone5 - INFO - Physical ML model trained for drone=5 samples=800
2026-02-12 09:59:25,299 - PhysicalMLTrainer_Drone2 - INFO - Physical ML model trained for drone=2 samples=1000
2026-02-12 09:59:25,299 - PhysicalMLTrainer_Drone3 - INFO - Physical ML model trained for drone=3 samples=1000
2026-02-12 09:59:25,318 - PhysicalMLTrainer_Drone4 - INFO - Physical ML model trained for drone=4 samples=1000
2026-02-12 09:59:25,318 - PhysicalMLTrainer_Drone1 - INFO - Physical ML model trained for drone=1 samples=1000
2026-02-12 09:59:25,427 - PhysicalMLTrainer_Drone5 - INFO - Physical ML model trained for drone=5 samples=1000
2026-02-12 09:59:45,388 - PhysicalMLTrainer_Drone2 - INFO - Physical ML model trained for drone=2 samples=1200
2026-02-12 09:59:45,388 - PhysicalMLTrainer_Drone3 - INFO - Physical ML model trained for drone=3 samples=1200
2026-02-12 09:59:45,409 - PhysicalMLTrainer_Drone1 - INFO - Physical ML model trained for drone=1 samples=1200
2026-02-12 09:59:45,415 - PhysicalMLTrainer_Drone4 - INFO - Physical ML model trained for drone=4 samples=1200
2026-02-12 09:59:45,514 - PhysicalMLTrainer_Drone5 - INFO - Physical ML model trained for drone=5 samples=1200
2026-02-12 10:00:05,487 - PhysicalMLTrainer_Drone2 - INFO - Physical ML model trained for drone=2 samples=1400
2026-02-12 10:00:05,487 - PhysicalMLTrainer_Drone3 - INFO - Physical ML model trained for drone=3 samples=1400
2026-02-12 10:00:05,503 - PhysicalMLTrainer_Drone1 - INFO - Physical ML model trained for drone=1 samples=1400
2026-02-12 10:00:05,503 - PhysicalMLTrainer_Drone4 - INFO - Physical ML model trained for drone=4 samples=1400
2026-02-12 10:00:05,606 - PhysicalMLTrainer_Drone5 - INFO - Physical ML model trained for drone=5 samples=1400
2026-02-12 10:00:25,578 - PhysicalMLTrainer_Drone2 - INFO - Physical ML model trained for drone=2 samples=1600
2026-02-12 10:00:25,578 - PhysicalMLTrainer_Drone3 - INFO - Physical ML model trained for drone=3 samples=1600
2026-02-12 10:00:25,606 - PhysicalMLTrainer_Drone4 - INFO - Physical ML model trained for drone=4 samples=1600
2026-02-12 10:00:25,606 - PhysicalMLTrainer_Drone1 - INFO - Physical ML model trained for drone=1 samples=1600
2026-02-12 10:00:25,715 - PhysicalMLTrainer_Drone5 - INFO - Physical ML model trained for drone=5 samples=1600
2026-02-12 10:00:45,675 - PhysicalMLTrainer_Drone3 - INFO - Physical ML model trained for drone=3 samples=1800
2026-02-12 10:00:45,675 - PhysicalMLTrainer_Drone2 - INFO - Physical ML model trained for drone=2 samples=1800
2026-02-12 10:00:45,696 - PhysicalMLTrainer_Drone4 - INFO - Physical ML model trained for drone=4 samples=1800
2026-02-12 10:00:45,704 - PhysicalMLTrainer_Drone1 - INFO - Physical ML model trained for drone=1 samples=1800
2026-02-12 10:00:45,804 - PhysicalMLTrainer_Drone5 - INFO - Physical ML model trained for drone=5 samples=1800
2026-02-12 10:01:05,766 - PhysicalMLTrainer_Drone2 - INFO - Physical ML model trained for drone=2 samples=2000
2026-02-12 10:01:05,777 - PhysicalMLTrainer_Drone3 - INFO - Physical ML model trained for drone=3 samples=2000
2026-02-12 10:01:05,788 - PhysicalMLTrainer_Drone4 - INFO - Physical ML model trained for drone=4 samples=2000
2026-02-12 10:01:05,788 - PhysicalMLTrainer_Drone1 - INFO - Physical ML model trained for drone=1 samples=2000
2026-02-12 10:01:05,901 - PhysicalMLTrainer_Drone5 - INFO - Physical ML model trained for drone=5 samples=2000
2026-02-12 10:01:25,847 - PhysicalMLTrainer_Drone2 - INFO - Physical ML model trained for drone=2 samples=2200
2026-02-12 10:01:25,874 - PhysicalMLTrainer_Drone1 - INFO - Physical ML model trained for drone=1 samples=2200
2026-02-12 10:01:25,875 - PhysicalMLTrainer_Drone3 - INFO - Physical ML model trained for drone=3 samples=2200
2026-02-12 10:01:25,889 - PhysicalMLTrainer_Drone4 - INFO - Physical ML model trained for drone=4 samples=2200
2026-02-12 10:01:25,991 - PhysicalMLTrainer_Drone5 - INFO - Physical ML model trained for drone=5 samples=2200
2026-02-12 10:01:45,950 - PhysicalMLTrainer_Drone2 - INFO - Physical ML model trained for drone=2 samples=2400
2026-02-12 10:01:45,974 - PhysicalMLTrainer_Drone1 - INFO - Physical ML model trained for drone=1 samples=2400
2026-02-12 10:01:45,983 - PhysicalMLTrainer_Drone3 - INFO - Physical ML model trained for drone=3 samples=2400
2026-02-12 10:01:46,001 - PhysicalMLTrainer_Drone4 - INFO - Physical ML model trained for drone=4 samples=2400
2026-02-12 10:01:46,092 - PhysicalMLTrainer_Drone5 - INFO - Physical ML model trained for drone=5 samples=2400
2026-02-12 10:02:06,044 - PhysicalMLTrainer_Drone2 - INFO - Physical ML model trained for drone=2 samples=2600
2026-02-12 10:02:06,091 - PhysicalMLTrainer_Drone1 - INFO - Physical ML model trained for drone=1 samples=2600
2026-02-12 10:02:06,091 - PhysicalMLTrainer_Drone3 - INFO - Physical ML model trained for drone=3 samples=2600
2026-02-12 10:02:06,101 - PhysicalMLTrainer_Drone4 - INFO - Physical ML model trained for drone=4 samples=2600
2026-02-12 10:02:06,195 - PhysicalMLTrainer_Drone5 - INFO - Physical ML model trained for drone=5 samples=2600
2026-02-12 10:02:26,149 - PhysicalMLTrainer_Drone2 - INFO - Physical ML model trained for drone=2 samples=2800
2026-02-12 10:02:26,215 - PhysicalMLTrainer_Drone4 - INFO - Physical ML model trained for drone=4 samples=2800
2026-02-12 10:02:26,216 - PhysicalMLTrainer_Drone1 - INFO - Physical ML model trained for drone=1 samples=2800
2026-02-12 10:02:26,216 - PhysicalMLTrainer_Drone3 - INFO - Physical ML model trained for drone=3 samples=2800
2026-02-12 10:02:26,316 - PhysicalMLTrainer_Drone5 - INFO - Physical ML model trained for drone=5 samples=2800
2026-02-12 10:02:46,256 - PhysicalMLTrainer_Drone2 - INFO - Physical ML model trained for drone=2 samples=3000
2026-02-12 10:02:46,333 - PhysicalMLTrainer_Drone4 - INFO - Physical ML model trained for drone=4 samples=3000
2026-02-12 10:02:46,333 - PhysicalMLTrainer_Drone3 - INFO - Physical ML model trained for drone=3 samples=3000
2026-02-12 10:02:46,334 - PhysicalMLTrainer_Drone1 - INFO - Physical ML model trained for drone=1 samples=3000
2026-02-12 10:02:46,444 - PhysicalMLTrainer_Drone5 - INFO - Physical ML model trained for drone=5 samples=3000
2026-02-12 10:03:06,347 - PhysicalMLTrainer_Drone2 - INFO - Physical ML model trained for drone=2 samples=3200
2026-02-12 10:03:06,429 - PhysicalMLTrainer_Drone1 - INFO - Physical ML model trained for drone=1 samples=3200
2026-02-12 10:03:06,454 - PhysicalMLTrainer_Drone3 - INFO - Physical ML model trained for drone=3 samples=3200
2026-02-12 10:03:06,454 - PhysicalMLTrainer_Drone4 - INFO - Physical ML model trained for drone=4 samples=3200
2026-02-12 10:03:06,591 - PhysicalMLTrainer_Drone5 - INFO - Physical ML model trained for drone=5 samples=3200
2026-02-12 10:03:26,449 - PhysicalMLTrainer_Drone2 - INFO - Physical ML model trained for drone=2 samples=3400
2026-02-12 10:03:26,527 - PhysicalMLTrainer_Drone1 - INFO - Physical ML model trained for drone=1 samples=3400
2026-02-12 10:03:26,580 - PhysicalMLTrainer_Drone4 - INFO - Physical ML model trained for drone=4 samples=3400
2026-02-12 10:03:26,602 - PhysicalMLTrainer_Drone3 - INFO - Physical ML model trained for drone=3 samples=3400
2026-02-12 10:03:26,712 - PhysicalMLTrainer_Drone5 - INFO - Physical ML model trained for drone=5 samples=3400
2026-02-12 10:03:45,925 - Drone_1 - INFO - Drone 1 stopped
2026-02-12 10:03:45,948 - Drone_2 - INFO - Drone 2 stopped
2026-02-12 10:03:46,001 - Drone_3 - INFO - Drone 3 stopped
2026-02-12 10:03:46,061 - Drone_4 - INFO - Drone 4 stopped
2026-02-12 10:03:46,101 - Drone_5 - INFO - Drone 5 stopped
2026-02-12 10:03:46,102 - SwarmManager - INFO - Swarm monitoring stopped
2026-02-12 10:03:46,103 - Main - INFO - System shutdown complete
