2026-02-12 01:52:53,898 - Main - INFO - Starting Drone Swarm Management System
2026-02-12 01:52:53,899 - SwarmManager - INFO - Swarm Manager initialized
2026-02-12 01:52:53,900 - MLDecisionSupport_Drone1 - INFO - ML Decision Support initialized
2026-02-12 01:52:53,909 - Drone_1 - INFO - Drone 1: Personal ML system initialized
2026-02-12 01:52:53,909 - Drone_1 - INFO - Drone 1 initialized at {'x': 0, 'y': 0, 'z': 0}
2026-02-12 01:52:53,910 - Drone_1 - INFO - Drone 1 started
2026-02-12 01:52:53,910 - SwarmManager - INFO - Drone 1 added to swarm
2026-02-12 01:52:53,911 - SwarmManager - INFO - Starting leader election...
2026-02-12 01:52:53,912 - SwarmManager - INFO -   Drone 1: suitability score = 100.00
2026-02-12 01:52:53,912 - Drone_1 - INFO - Drone 1: Role changed from follower to leader
2026-02-12 01:52:53,917 - MLDecisionSupport_Drone2 - INFO - ML Decision Support initialized
2026-02-12 01:52:53,921 - Drone_2 - INFO - Drone 2: Personal ML system initialized
2026-02-12 01:52:53,921 - Drone_2 - INFO - Drone 2 initialized at {'x': 1200, 'y': 300, 'z': 0}
2026-02-12 01:52:53,922 - Drone_2 - INFO - Drone 2 started
2026-02-12 01:52:53,922 - SwarmManager - INFO - Drone 2 added to swarm
2026-02-12 01:52:53,922 - MLDecisionSupport_Drone3 - INFO - ML Decision Support initialized
2026-02-12 01:52:53,924 - Drone_3 - INFO - Drone 3: Personal ML system initialized
2026-02-12 01:52:53,924 - Drone_3 - INFO - Drone 3 initialized at {'x': -1400, 'y': -500, 'z': 0}
2026-02-12 01:52:53,924 - Drone_3 - INFO - Drone 3 started
2026-02-12 01:52:53,924 - SwarmManager - INFO - Drone 3 added to swarm
2026-02-12 01:52:53,925 - MLDecisionSupport_Drone4 - INFO - ML Decision Support initialized
2026-02-12 01:52:53,926 - Drone_4 - INFO - Drone 4: Personal ML system initialized
2026-02-12 01:52:53,926 - Drone_4 - INFO - Drone 4 initialized at {'x': 800, 'y': -1500, 'z': 0}
2026-02-12 01:52:53,927 - Drone_4 - INFO - Drone 4 started
2026-02-12 01:52:53,927 - SwarmManager - INFO - Drone 4 added to swarm
2026-02-12 01:52:53,927 - MLDecisionSupport_Drone5 - INFO - ML Decision Support initialized
2026-02-12 01:52:53,928 - Drone_5 - INFO - Drone 5: Personal ML system initialized
2026-02-12 01:52:53,929 - Drone_5 - INFO - Drone 5 initialized at {'x': -900, 'y': 1600, 'z': 0}
2026-02-12 01:52:53,929 - Drone_5 - INFO - Drone 5 started
2026-02-12 01:52:53,930 - SwarmManager - INFO - Drone 5 added to swarm
2026-02-12 01:52:53,930 - SwarmManager - INFO - Swarm monitoring started
2026-02-12 01:52:53,930 - Main - INFO - Swarm created with 5 drones
2026-02-12 01:52:53,931 - Main - INFO - Leader elected: Drone 1
2026-02-12 01:52:53,931 - Main - INFO - Starting GUI...
2026-02-12 01:53:13,941 - Drone_1 - INFO - Drone 1: Armed
2026-02-12 01:53:13,942 - Drone_2 - INFO - Drone 2: Armed
2026-02-12 01:53:13,943 - Drone_3 - INFO - Drone 3: Armed
2026-02-12 01:53:13,943 - Drone_4 - INFO - Drone 4: Armed
2026-02-12 01:53:13,944 - Drone_5 - INFO - Drone 5: Armed
2026-02-12 01:53:13,982 - PhysicalMLTrainer_Drone3 - INFO - Physical ML model trained for drone=3 samples=200
2026-02-12 01:53:13,987 - PhysicalMLTrainer_Drone1 - INFO - Physical ML model trained for drone=1 samples=200
2026-02-12 01:53:13,989 - PhysicalMLTrainer_Drone2 - INFO - Physical ML model trained for drone=2 samples=200
2026-02-12 01:53:13,990 - PhysicalMLTrainer_Drone4 - INFO - Physical ML model trained for drone=4 samples=200
2026-02-12 01:53:13,990 - PhysicalMLTrainer_Drone5 - INFO - Physical ML model trained for drone=5 samples=200
2026-02-12 01:53:15,429 - Drone_1 - INFO - Drone 1: Taking off
2026-02-12 01:53:15,430 - Drone_2 - INFO - Drone 2: Taking off
2026-02-12 01:53:15,431 - Drone_3 - INFO - Drone 3: Taking off
2026-02-12 01:53:15,432 - Drone_4 - INFO - Drone 4: Taking off
2026-02-12 01:53:15,433 - Drone_5 - INFO - Drone 5: Taking off
2026-02-12 01:53:15,940 - Drone_2 - WARNING - Drone 2: Cannot goto - invalid flight mode
2026-02-12 01:53:15,940 - Drone_3 - WARNING - Drone 3: Cannot goto - invalid flight mode
2026-02-12 01:53:15,941 - Drone_4 - WARNING - Drone 4: Cannot goto - invalid flight mode
2026-02-12 01:53:15,941 - Drone_5 - WARNING - Drone 5: Cannot goto - invalid flight mode
2026-02-12 01:53:16,941 - Drone_2 - WARNING - Drone 2: Cannot goto - invalid flight mode
2026-02-12 01:53:16,942 - Drone_3 - WARNING - Drone 3: Cannot goto - invalid flight mode
2026-02-12 01:53:16,942 - Drone_4 - WARNING - Drone 4: Cannot goto - invalid flight mode
2026-02-12 01:53:16,942 - Drone_5 - WARNING - Drone 5: Cannot goto - invalid flight mode
2026-02-12 01:53:17,943 - Drone_2 - WARNING - Drone 2: Cannot goto - invalid flight mode
2026-02-12 01:53:17,943 - Drone_3 - WARNING - Drone 3: Cannot goto - invalid flight mode
2026-02-12 01:53:17,943 - Drone_4 - WARNING - Drone 4: Cannot goto - invalid flight mode
2026-02-12 01:53:17,944 - Drone_5 - WARNING - Drone 5: Cannot goto - invalid flight mode
2026-02-12 01:53:18,944 - Drone_2 - WARNING - Drone 2: Cannot goto - invalid flight mode
2026-02-12 01:53:18,945 - Drone_3 - WARNING - Drone 3: Cannot goto - invalid flight mode
2026-02-12 01:53:18,945 - Drone_4 - WARNING - Drone 4: Cannot goto - invalid flight mode
2026-02-12 01:53:18,945 - Drone_5 - WARNING - Drone 5: Cannot goto - invalid flight mode
2026-02-12 01:53:19,946 - Drone_2 - WARNING - Drone 2: Cannot goto - invalid flight mode
2026-02-12 01:53:19,946 - Drone_3 - WARNING - Drone 3: Cannot goto - invalid flight mode
2026-02-12 01:53:19,946 - Drone_4 - WARNING - Drone 4: Cannot goto - invalid flight mode
2026-02-12 01:53:19,947 - Drone_5 - WARNING - Drone 5: Cannot goto - invalid flight mode
2026-02-12 01:53:20,947 - Drone_2 - WARNING - Drone 2: Cannot goto - invalid flight mode
2026-02-12 01:53:20,948 - Drone_3 - WARNING - Drone 3: Cannot goto - invalid flight mode
2026-02-12 01:53:20,948 - Drone_4 - WARNING - Drone 4: Cannot goto - invalid flight mode
2026-02-12 01:53:20,948 - Drone_5 - WARNING - Drone 5: Cannot goto - invalid flight mode
2026-02-12 01:53:21,949 - Drone_2 - WARNING - Drone 2: Cannot goto - invalid flight mode
2026-02-12 01:53:21,949 - Drone_3 - WARNING - Drone 3: Cannot goto - invalid flight mode
2026-02-12 01:53:21,950 - Drone_4 - WARNING - Drone 4: Cannot goto - invalid flight mode
2026-02-12 01:53:21,950 - Drone_5 - WARNING - Drone 5: Cannot goto - invalid flight mode
2026-02-12 01:53:22,951 - Drone_2 - WARNING - Drone 2: Cannot goto - invalid flight mode
2026-02-12 01:53:22,952 - Drone_3 - WARNING - Drone 3: Cannot goto - invalid flight mode
2026-02-12 01:53:22,954 - Drone_4 - WARNING - Drone 4: Cannot goto - invalid flight mode
2026-02-12 01:53:22,954 - Drone_5 - WARNING - Drone 5: Cannot goto - invalid flight mode
2026-02-12 01:53:23,956 - Drone_2 - WARNING - Drone 2: Cannot goto - invalid flight mode
2026-02-12 01:53:23,956 - Drone_3 - WARNING - Drone 3: Cannot goto - invalid flight mode
2026-02-12 01:53:23,957 - Drone_4 - WARNING - Drone 4: Cannot goto - invalid flight mode
2026-02-12 01:53:23,957 - Drone_5 - WARNING - Drone 5: Cannot goto - invalid flight mode
2026-02-12 01:53:24,958 - Drone_2 - WARNING - Drone 2: Cannot goto - invalid flight mode
2026-02-12 01:53:24,958 - Drone_3 - WARNING - Drone 3: Cannot goto - invalid flight mode
2026-02-12 01:53:24,959 - Drone_4 - WARNING - Drone 4: Cannot goto - invalid flight mode
2026-02-12 01:53:24,959 - Drone_5 - WARNING - Drone 5: Cannot goto - invalid flight mode
2026-02-12 01:53:25,959 - Drone_2 - WARNING - Drone 2: Cannot goto - invalid flight mode
2026-02-12 01:53:25,960 - Drone_3 - WARNING - Drone 3: Cannot goto - invalid flight mode
2026-02-12 01:53:25,960 - Drone_4 - WARNING - Drone 4: Cannot goto - invalid flight mode
2026-02-12 01:53:25,960 - Drone_5 - WARNING - Drone 5: Cannot goto - invalid flight mode
2026-02-12 01:53:26,961 - Drone_2 - WARNING - Drone 2: Cannot goto - invalid flight mode
2026-02-12 01:53:26,962 - Drone_3 - WARNING - Drone 3: Cannot goto - invalid flight mode
2026-02-12 01:53:26,962 - Drone_4 - WARNING - Drone 4: Cannot goto - invalid flight mode
2026-02-12 01:53:26,963 - Drone_5 - WARNING - Drone 5: Cannot goto - invalid flight mode
2026-02-12 01:53:27,964 - Drone_2 - WARNING - Drone 2: Cannot goto - invalid flight mode
2026-02-12 01:53:27,964 - Drone_3 - WARNING - Drone 3: Cannot goto - invalid flight mode
2026-02-12 01:53:27,965 - Drone_4 - WARNING - Drone 4: Cannot goto - invalid flight mode
2026-02-12 01:53:27,965 - Drone_5 - WARNING - Drone 5: Cannot goto - invalid flight mode
2026-02-12 01:53:28,966 - Drone_2 - WARNING - Drone 2: Cannot goto - invalid flight mode
2026-02-12 01:53:28,967 - Drone_3 - WARNING - Drone 3: Cannot goto - invalid flight mode
2026-02-12 01:53:28,968 - Drone_4 - WARNING - Drone 4: Cannot goto - invalid flight mode
2026-02-12 01:53:28,969 - Drone_5 - WARNING - Drone 5: Cannot goto - invalid flight mode
2026-02-12 01:53:29,969 - Drone_2 - WARNING - Drone 2: Cannot goto - invalid flight mode
2026-02-12 01:53:29,970 - Drone_3 - WARNING - Drone 3: Cannot goto - invalid flight mode
2026-02-12 01:53:29,971 - Drone_4 - WARNING - Drone 4: Cannot goto - invalid flight mode
2026-02-12 01:53:29,971 - Drone_5 - WARNING - Drone 5: Cannot goto - invalid flight mode
2026-02-12 01:53:30,972 - Drone_2 - WARNING - Drone 2: Cannot goto - invalid flight mode
2026-02-12 01:53:30,973 - Drone_3 - WARNING - Drone 3: Cannot goto - invalid flight mode
2026-02-12 01:53:30,974 - Drone_4 - WARNING - Drone 4: Cannot goto - invalid flight mode
2026-02-12 01:53:30,975 - Drone_5 - WARNING - Drone 5: Cannot goto - invalid flight mode
2026-02-12 01:53:31,976 - Drone_2 - WARNING - Drone 2: Cannot goto - invalid flight mode
2026-02-12 01:53:31,977 - Drone_3 - WARNING - Drone 3: Cannot goto - invalid flight mode
2026-02-12 01:53:31,978 - Drone_4 - WARNING - Drone 4: Cannot goto - invalid flight mode
2026-02-12 01:53:31,979 - Drone_5 - WARNING - Drone 5: Cannot goto - invalid flight mode
2026-02-12 01:53:32,979 - Drone_2 - WARNING - Drone 2: Cannot goto - invalid flight mode
2026-02-12 01:53:32,980 - Drone_3 - WARNING - Drone 3: Cannot goto - invalid flight mode
2026-02-12 01:53:32,981 - Drone_4 - WARNING - Drone 4: Cannot goto - invalid flight mode
2026-02-12 01:53:32,981 - Drone_5 - WARNING - Drone 5: Cannot goto - invalid flight mode
2026-02-12 01:53:33,314 - Drone_1 - INFO - Drone 1: Flying to {'x': -100, 'y': 0, 'z': 35.784992694854736}
2026-02-12 01:53:33,722 - Drone_1 - INFO - Drone 1: Flying to {'x': -106.03459477424622, 'y': 0.0, 'z': 35.784992694854736}
2026-02-12 01:53:33,926 - Drone_1 - INFO - Drone 1: Flying to {'x': -109.06073451042175, 'y': 0.0, 'z': 35.784992694854736}
2026-02-12 01:53:33,982 - Drone_2 - WARNING - Drone 2: Cannot goto - invalid flight mode
2026-02-12 01:53:33,982 - Drone_3 - WARNING - Drone 3: Cannot goto - invalid flight mode
2026-02-12 01:53:33,983 - Drone_4 - WARNING - Drone 4: Cannot goto - invalid flight mode
2026-02-12 01:53:33,984 - Drone_5 - WARNING - Drone 5: Cannot goto - invalid flight mode
2026-02-12 01:53:34,090 - Drone_1 - INFO - Drone 1: Flying to {'x': -110.56349754333496, 'y': 0.0, 'z': 35.784992694854736}
2026-02-12 01:53:34,094 - PhysicalMLTrainer_Drone3 - INFO - Physical ML model trained for drone=3 samples=400
2026-02-12 01:53:34,096 - PhysicalMLTrainer_Drone1 - INFO - Physical ML model trained for drone=1 samples=400
2026-02-12 01:53:34,098 - PhysicalMLTrainer_Drone5 - INFO - Physical ML model trained for drone=5 samples=400
2026-02-12 01:53:34,099 - PhysicalMLTrainer_Drone4 - INFO - Physical ML model trained for drone=4 samples=400
2026-02-12 01:53:34,101 - PhysicalMLTrainer_Drone2 - INFO - Physical ML model trained for drone=2 samples=400
2026-02-12 01:53:34,270 - Drone_1 - INFO - Drone 1: Flying to {'x': -113.64393949508667, 'y': 0.0, 'z': 35.784992694854736}
2026-02-12 01:53:34,439 - Drone_1 - INFO - Drone 1: Flying to {'x': -116.66204333305359, 'y': 0.0, 'z': 35.784992694854736}
2026-02-12 01:53:34,602 - Drone_1 - INFO - Drone 1: Flying to {'x': -119.67397451400757, 'y': 0.0, 'z': 35.784992694854736}
2026-02-12 01:53:34,795 - Drone_1 - INFO - Drone 1: Flying to {'x': -121.18302464485168, 'y': 0.0, 'z': 35.784992694854736}
2026-02-12 01:53:34,965 - Drone_1 - INFO - Drone 1: Flying to {'x': -124.19629335403442, 'y': 0.0, 'z': 35.784992694854736}
2026-02-12 01:53:34,984 - Drone_2 - WARNING - Drone 2: Cannot goto - invalid flight mode
2026-02-12 01:53:34,984 - Drone_3 - WARNING - Drone 3: Cannot goto - invalid flight mode
2026-02-12 01:53:34,985 - Drone_4 - WARNING - Drone 4: Cannot goto - invalid flight mode
2026-02-12 01:53:34,985 - Drone_5 - WARNING - Drone 5: Cannot goto - invalid flight mode
2026-02-12 01:53:35,986 - Drone_2 - WARNING - Drone 2: Cannot goto - invalid flight mode
2026-02-12 01:53:35,988 - Drone_3 - WARNING - Drone 3: Cannot goto - invalid flight mode
2026-02-12 01:53:35,989 - Drone_4 - WARNING - Drone 4: Cannot goto - invalid flight mode
2026-02-12 01:53:35,989 - Drone_5 - WARNING - Drone 5: Cannot goto - invalid flight mode
2026-02-12 01:53:36,990 - Drone_2 - WARNING - Drone 2: Cannot goto - invalid flight mode
2026-02-12 01:53:36,990 - Drone_3 - WARNING - Drone 3: Cannot goto - invalid flight mode
2026-02-12 01:53:36,991 - Drone_4 - WARNING - Drone 4: Cannot goto - invalid flight mode
2026-02-12 01:53:36,991 - Drone_5 - WARNING - Drone 5: Cannot goto - invalid flight mode
2026-02-12 01:53:37,258 - Drone_1 - INFO - Drone 1: Flying to {'x': -1058.85404586792, 'y': 0.0, 'z': 35.784992694854736}
2026-02-12 01:53:37,441 - Drone_1 - INFO - Drone 1: Flying to {'x': -1061.8615746498108, 'y': 0.0, 'z': 35.784992694854736}
2026-02-12 01:53:37,635 - Drone_1 - INFO - Drone 1: Flying to {'x': -1064.8760056495667, 'y': 0.0, 'z': 35.784992694854736}
2026-02-12 01:53:37,815 - Drone_1 - INFO - Drone 1: Flying to {'x': -1066.3943326473236, 'y': 0.0, 'z': 35.784992694854736}
2026-02-12 01:53:37,992 - Drone_2 - WARNING - Drone 2: Cannot goto - invalid flight mode
2026-02-12 01:53:37,992 - Drone_3 - WARNING - Drone 3: Cannot goto - invalid flight mode
2026-02-12 01:53:37,993 - Drone_4 - WARNING - Drone 4: Cannot goto - invalid flight mode
2026-02-12 01:53:37,994 - Drone_5 - WARNING - Drone 5: Cannot goto - invalid flight mode
2026-02-12 01:53:38,000 - Drone_1 - INFO - Drone 1: Flying to {'x': -1069.4160091876984, 'y': 0.0, 'z': 35.784992694854736}
2026-02-12 01:53:38,176 - Drone_1 - INFO - Drone 1: Flying to {'x': -1072.4366736412048, 'y': 0.0, 'z': 35.784992694854736}
2026-02-12 01:53:38,319 - Drone_1 - INFO - Drone 1: Flying to {'x': -1075.442317724228, 'y': 0.0, 'z': 35.784992694854736}
2026-02-12 01:53:38,491 - Drone_1 - INFO - Drone 1: Flying to {'x': -1076.9527769088745, 'y': 0.0, 'z': 35.784992694854736}
2026-02-12 01:53:38,664 - Drone_1 - INFO - Drone 1: Flying to {'x': -1079.9722146987915, 'y': 0.0, 'z': 35.784992694854736}
2026-02-12 01:53:38,847 - Drone_1 - INFO - Drone 1: Flying to {'x': -1082.9810988903046, 'y': 0.0, 'z': 35.784992694854736}
2026-02-12 01:53:38,995 - Drone_2 - WARNING - Drone 2: Cannot goto - invalid flight mode
2026-02-12 01:53:38,996 - Drone_3 - WARNING - Drone 3: Cannot goto - invalid flight mode
2026-02-12 01:53:38,997 - Drone_4 - WARNING - Drone 4: Cannot goto - invalid flight mode
2026-02-12 01:53:38,998 - Drone_5 - WARNING - Drone 5: Cannot goto - invalid flight mode
2026-02-12 01:53:39,031 - Drone_1 - INFO - Drone 1: Flying to {'x': -1085.996423959732, 'y': 0.0, 'z': 35.784992694854736}
2026-02-12 01:53:39,208 - Drone_1 - INFO - Drone 1: Flying to {'x': -1087.506457567215, 'y': 0.0, 'z': 35.784992694854736}
2026-02-12 01:53:39,396 - Drone_1 - INFO - Drone 1: Flying to {'x': -1090.516836643219, 'y': 0.0, 'z': 35.784992694854736}
2026-02-12 01:53:39,572 - Drone_1 - INFO - Drone 1: Flying to {'x': -1093.5295367240906, 'y': 0.0, 'z': 35.784992694854736}
2026-02-12 01:53:39,904 - Drone_1 - INFO - Drone 1: Flying to {'x': -1098.0547416210175, 'y': 0.0, 'z': 35.784992694854736}
2026-02-12 01:53:39,999 - Drone_2 - WARNING - Drone 2: Cannot goto - invalid flight mode
2026-02-12 01:53:39,999 - Drone_3 - WARNING - Drone 3: Cannot goto - invalid flight mode
2026-02-12 01:53:40,000 - Drone_4 - WARNING - Drone 4: Cannot goto - invalid flight mode
2026-02-12 01:53:40,000 - Drone_5 - WARNING - Drone 5: Cannot goto - invalid flight mode
2026-02-12 01:53:40,241 - Drone_1 - INFO - Drone 1: Flying to {'x': -1104.0916860103607, 'y': 0.0, 'z': 35.784992694854736}
2026-02-12 01:53:40,612 - Drone_1 - INFO - Drone 1: Flying to {'x': -1108.6186039447784, 'y': 0.0, 'z': 35.784992694854736}
2026-02-12 01:53:41,001 - Drone_2 - WARNING - Drone 2: Cannot goto - invalid flight mode
2026-02-12 01:53:41,002 - Drone_3 - WARNING - Drone 3: Cannot goto - invalid flight mode
2026-02-12 01:53:41,004 - Drone_4 - WARNING - Drone 4: Cannot goto - invalid flight mode
2026-02-12 01:53:41,005 - Drone_5 - WARNING - Drone 5: Cannot goto - invalid flight mode
2026-02-12 01:53:41,029 - Drone_1 - INFO - Drone 1: Flying to {'x': -1114.6520578861237, 'y': 0.0, 'z': 35.784992694854736}
2026-02-12 01:53:41,517 - Drone_1 - INFO - Drone 1: Flying to {'x': -1122.198338508606, 'y': 0.0, 'z': 35.784992694854736}
2026-02-12 01:53:42,007 - Drone_2 - WARNING - Drone 2: Cannot goto - invalid flight mode
2026-02-12 01:53:42,007 - Drone_3 - WARNING - Drone 3: Cannot goto - invalid flight mode
2026-02-12 01:53:42,009 - Drone_4 - WARNING - Drone 4: Cannot goto - invalid flight mode
2026-02-12 01:53:42,009 - Drone_5 - WARNING - Drone 5: Cannot goto - invalid flight mode
2026-02-12 01:53:42,021 - Drone_1 - INFO - Drone 1: Flying to {'x': -1129.744279384613, 'y': 0.0, 'z': 35.784992694854736}
2026-02-12 01:53:42,481 - Drone_1 - INFO - Drone 1: Flying to {'x': -1137.279691696167, 'y': 0.0, 'z': 35.784992694854736}
2026-02-12 01:53:42,918 - Drone_1 - INFO - Drone 1: Flying to {'x': -1143.3144795894623, 'y': 0.0, 'z': 35.784992694854736}
2026-02-12 01:53:43,011 - Drone_2 - WARNING - Drone 2: Cannot goto - invalid flight mode
2026-02-12 01:53:43,012 - Drone_3 - WARNING - Drone 3: Cannot goto - invalid flight mode
2026-02-12 01:53:43,014 - Drone_4 - WARNING - Drone 4: Cannot goto - invalid flight mode
2026-02-12 01:53:43,014 - Drone_5 - WARNING - Drone 5: Cannot goto - invalid flight mode
2026-02-12 01:53:43,390 - Drone_1 - INFO - Drone 1: Flying to {'x': -1150.8555603027344, 'y': 0.0, 'z': 35.784992694854736}
2026-02-12 01:53:43,745 - Drone_1 - INFO - Drone 1: Flying to {'x': -1155.3842842578888, 'y': 0.0, 'z': 35.784992694854736}
2026-02-12 01:53:44,015 - Drone_2 - WARNING - Drone 2: Cannot goto - invalid flight mode
2026-02-12 01:53:44,016 - Drone_3 - WARNING - Drone 3: Cannot goto - invalid flight mode
2026-02-12 01:53:44,017 - Drone_4 - WARNING - Drone 4: Cannot goto - invalid flight mode
2026-02-12 01:53:44,017 - Drone_5 - WARNING - Drone 5: Cannot goto - invalid flight mode
2026-02-12 01:53:44,058 - Drone_1 - INFO - Drone 1: Flying to {'x': -1161.413847208023, 'y': 0.0, 'z': 35.784992694854736}
2026-02-12 01:53:44,249 - Drone_1 - INFO - Drone 1: Flying to {'x': -1162.9183769226074, 'y': 0.0, 'z': 35.784992694854736}
2026-02-12 01:53:44,426 - Drone_1 - INFO - Drone 1: Flying to {'x': -1165.9375643730164, 'y': 0.0, 'z': 35.784992694854736}
2026-02-12 01:53:44,616 - Drone_1 - INFO - Drone 1: Flying to {'x': -1168.9509904384613, 'y': 0.0, 'z': 35.784992694854736}
2026-02-12 01:53:44,803 - Drone_1 - INFO - Drone 1: Flying to {'x': -1171.9680714607239, 'y': 0.0, 'z': 35.784992694854736}
2026-02-12 01:53:44,971 - Drone_1 - INFO - Drone 1: Flying to {'x': -1174.9806642532349, 'y': 0.0, 'z': 35.784992694854736}
2026-02-12 01:53:45,018 - Drone_2 - WARNING - Drone 2: Cannot goto - invalid flight mode
2026-02-12 01:53:45,018 - Drone_3 - WARNING - Drone 3: Cannot goto - invalid flight mode
2026-02-12 01:53:45,019 - Drone_4 - WARNING - Drone 4: Cannot goto - invalid flight mode
2026-02-12 01:53:45,019 - Drone_5 - WARNING - Drone 5: Cannot goto - invalid flight mode
2026-02-12 01:53:45,159 - Drone_1 - INFO - Drone 1: Flying to {'x': -1177.995492219925, 'y': 0.0, 'z': 35.784992694854736}
2026-02-12 01:53:45,339 - Drone_1 - INFO - Drone 1: Flying to {'x': -1179.4996571540833, 'y': 0.0, 'z': 35.784992694854736}
2026-02-12 01:53:45,499 - Drone_1 - INFO - Drone 1: Flying to {'x': -1182.5138127803802, 'y': 0.0, 'z': 35.784992694854736}
2026-02-12 01:53:45,695 - Drone_1 - INFO - Drone 1: Flying to {'x': -1185.529670715332, 'y': 0.0, 'z': 35.784992694854736}
2026-02-12 01:53:45,914 - Drone_1 - INFO - Drone 1: Flying to {'x': -1188.5422956943512, 'y': 0.0, 'z': 35.784992694854736}
2026-02-12 01:53:46,020 - Drone_2 - WARNING - Drone 2: Cannot goto - invalid flight mode
2026-02-12 01:53:46,021 - Drone_3 - WARNING - Drone 3: Cannot goto - invalid flight mode
2026-02-12 01:53:46,022 - Drone_4 - WARNING - Drone 4: Cannot goto - invalid flight mode
2026-02-12 01:53:46,023 - Drone_5 - WARNING - Drone 5: Cannot goto - invalid flight mode
2026-02-12 01:53:46,114 - Drone_1 - INFO - Drone 1: Flying to {'x': -1191.5541803836823, 'y': 0.0, 'z': 35.784992694854736}
2026-02-12 01:53:46,298 - Drone_1 - INFO - Drone 1: Flying to {'x': -1194.5630431175232, 'y': 0.0, 'z': 35.784992694854736}
2026-02-12 01:53:46,474 - Drone_1 - INFO - Drone 1: Flying to {'x': -1197.5703465938568, 'y': 0.0, 'z': 35.784992694854736}
2026-02-12 01:53:46,663 - Drone_1 - INFO - Drone 1: Flying to {'x': -1200.5839729309082, 'y': 0.0, 'z': 35.784992694854736}
2026-02-12 01:53:47,024 - Drone_2 - WARNING - Drone 2: Cannot goto - invalid flight mode
2026-02-12 01:53:47,025 - Drone_3 - WARNING - Drone 3: Cannot goto - invalid flight mode
2026-02-12 01:53:47,027 - Drone_4 - WARNING - Drone 4: Cannot goto - invalid flight mode
2026-02-12 01:53:47,027 - Drone_5 - WARNING - Drone 5: Cannot goto - invalid flight mode
2026-02-12 01:53:48,028 - Drone_2 - WARNING - Drone 2: Cannot goto - invalid flight mode
2026-02-12 01:53:48,029 - Drone_3 - WARNING - Drone 3: Cannot goto - invalid flight mode
2026-02-12 01:53:48,030 - Drone_4 - WARNING - Drone 4: Cannot goto - invalid flight mode
2026-02-12 01:53:48,031 - Drone_5 - WARNING - Drone 5: Cannot goto - invalid flight mode
2026-02-12 01:53:49,033 - Drone_2 - WARNING - Drone 2: Cannot goto - invalid flight mode
2026-02-12 01:53:49,034 - Drone_3 - WARNING - Drone 3: Cannot goto - invalid flight mode
2026-02-12 01:53:49,034 - Drone_4 - WARNING - Drone 4: Cannot goto - invalid flight mode
2026-02-12 01:53:49,035 - Drone_5 - WARNING - Drone 5: Cannot goto - invalid flight mode
2026-02-12 01:53:50,036 - Drone_2 - WARNING - Drone 2: Cannot goto - invalid flight mode
2026-02-12 01:53:50,037 - Drone_3 - WARNING - Drone 3: Cannot goto - invalid flight mode
2026-02-12 01:53:50,037 - Drone_4 - WARNING - Drone 4: Cannot goto - invalid flight mode
2026-02-12 01:53:50,037 - Drone_5 - WARNING - Drone 5: Cannot goto - invalid flight mode
2026-02-12 01:53:51,038 - Drone_2 - WARNING - Drone 2: Cannot goto - invalid flight mode
2026-02-12 01:53:51,038 - Drone_3 - WARNING - Drone 3: Cannot goto - invalid flight mode
2026-02-12 01:53:51,039 - Drone_4 - WARNING - Drone 4: Cannot goto - invalid flight mode
2026-02-12 01:53:51,039 - Drone_5 - WARNING - Drone 5: Cannot goto - invalid flight mode
2026-02-12 01:53:52,039 - Drone_2 - WARNING - Drone 2: Cannot goto - invalid flight mode
2026-02-12 01:53:52,040 - Drone_3 - WARNING - Drone 3: Cannot goto - invalid flight mode
2026-02-12 01:53:52,040 - Drone_4 - WARNING - Drone 4: Cannot goto - invalid flight mode
2026-02-12 01:53:52,041 - Drone_5 - WARNING - Drone 5: Cannot goto - invalid flight mode
2026-02-12 01:53:53,042 - Drone_2 - WARNING - Drone 2: Cannot goto - invalid flight mode
2026-02-12 01:53:53,042 - Drone_3 - WARNING - Drone 3: Cannot goto - invalid flight mode
2026-02-12 01:53:53,043 - Drone_4 - WARNING - Drone 4: Cannot goto - invalid flight mode
2026-02-12 01:53:53,044 - Drone_5 - WARNING - Drone 5: Cannot goto - invalid flight mode
2026-02-12 01:53:54,045 - Drone_2 - WARNING - Drone 2: Cannot goto - invalid flight mode
2026-02-12 01:53:54,046 - Drone_3 - WARNING - Drone 3: Cannot goto - invalid flight mode
2026-02-12 01:53:54,046 - Drone_4 - WARNING - Drone 4: Cannot goto - invalid flight mode
2026-02-12 01:53:54,047 - Drone_5 - WARNING - Drone 5: Cannot goto - invalid flight mode
2026-02-12 01:53:54,203 - PhysicalMLTrainer_Drone3 - INFO - Physical ML model trained for drone=3 samples=600
2026-02-12 01:53:54,212 - PhysicalMLTrainer_Drone1 - INFO - Physical ML model trained for drone=1 samples=600
2026-02-12 01:53:54,214 - PhysicalMLTrainer_Drone4 - INFO - Physical ML model trained for drone=4 samples=600
2026-02-12 01:53:54,214 - PhysicalMLTrainer_Drone5 - INFO - Physical ML model trained for drone=5 samples=600
2026-02-12 01:53:54,215 - PhysicalMLTrainer_Drone2 - INFO - Physical ML model trained for drone=2 samples=600
2026-02-12 01:53:55,048 - Drone_2 - WARNING - Drone 2: Cannot goto - invalid flight mode
2026-02-12 01:53:55,049 - Drone_3 - WARNING - Drone 3: Cannot goto - invalid flight mode
2026-02-12 01:53:55,049 - Drone_4 - WARNING - Drone 4: Cannot goto - invalid flight mode
2026-02-12 01:53:55,050 - Drone_5 - WARNING - Drone 5: Cannot goto - invalid flight mode
2026-02-12 01:53:56,050 - Drone_2 - WARNING - Drone 2: Cannot goto - invalid flight mode
2026-02-12 01:53:56,051 - Drone_3 - WARNING - Drone 3: Cannot goto - invalid flight mode
2026-02-12 01:53:56,051 - Drone_4 - WARNING - Drone 4: Cannot goto - invalid flight mode
2026-02-12 01:53:56,051 - Drone_5 - WARNING - Drone 5: Cannot goto - invalid flight mode
2026-02-12 01:53:57,054 - Drone_2 - WARNING - Drone 2: Cannot goto - invalid flight mode
2026-02-12 01:53:57,055 - Drone_3 - WARNING - Drone 3: Cannot goto - invalid flight mode
2026-02-12 01:53:57,055 - Drone_4 - WARNING - Drone 4: Cannot goto - invalid flight mode
2026-02-12 01:53:57,055 - Drone_5 - WARNING - Drone 5: Cannot goto - invalid flight mode
2026-02-12 01:53:58,056 - Drone_2 - WARNING - Drone 2: Cannot goto - invalid flight mode
2026-02-12 01:53:58,056 - Drone_3 - WARNING - Drone 3: Cannot goto - invalid flight mode
2026-02-12 01:53:58,057 - Drone_4 - WARNING - Drone 4: Cannot goto - invalid flight mode
2026-02-12 01:53:58,057 - Drone_5 - WARNING - Drone 5: Cannot goto - invalid flight mode
2026-02-12 01:53:59,058 - Drone_2 - WARNING - Drone 2: Cannot goto - invalid flight mode
2026-02-12 01:53:59,058 - Drone_3 - WARNING - Drone 3: Cannot goto - invalid flight mode
2026-02-12 01:53:59,059 - Drone_4 - WARNING - Drone 4: Cannot goto - invalid flight mode
2026-02-12 01:53:59,059 - Drone_5 - WARNING - Drone 5: Cannot goto - invalid flight mode
2026-02-12 01:54:00,060 - Drone_2 - WARNING - Drone 2: Cannot goto - invalid flight mode
2026-02-12 01:54:00,061 - Drone_3 - WARNING - Drone 3: Cannot goto - invalid flight mode
2026-02-12 01:54:00,062 - Drone_4 - WARNING - Drone 4: Cannot goto - invalid flight mode
2026-02-12 01:54:00,063 - Drone_5 - WARNING - Drone 5: Cannot goto - invalid flight mode
2026-02-12 01:54:01,064 - Drone_2 - WARNING - Drone 2: Cannot goto - invalid flight mode
2026-02-12 01:54:01,065 - Drone_3 - WARNING - Drone 3: Cannot goto - invalid flight mode
2026-02-12 01:54:01,065 - Drone_4 - WARNING - Drone 4: Cannot goto - invalid flight mode
2026-02-12 01:54:01,066 - Drone_5 - WARNING - Drone 5: Cannot goto - invalid flight mode
2026-02-12 01:54:02,068 - Drone_2 - WARNING - Drone 2: Cannot goto - invalid flight mode
2026-02-12 01:54:02,068 - Drone_3 - WARNING - Drone 3: Cannot goto - invalid flight mode
2026-02-12 01:54:02,069 - Drone_4 - WARNING - Drone 4: Cannot goto - invalid flight mode
2026-02-12 01:54:02,070 - Drone_5 - WARNING - Drone 5: Cannot goto - invalid flight mode
2026-02-12 01:54:03,071 - Drone_2 - WARNING - Drone 2: Cannot goto - invalid flight mode
2026-02-12 01:54:03,074 - Drone_3 - WARNING - Drone 3: Cannot goto - invalid flight mode
2026-02-12 01:54:03,075 - Drone_4 - WARNING - Drone 4: Cannot goto - invalid flight mode
2026-02-12 01:54:03,075 - Drone_5 - WARNING - Drone 5: Cannot goto - invalid flight mode
2026-02-12 01:54:04,076 - Drone_2 - WARNING - Drone 2: Cannot goto - invalid flight mode
2026-02-12 01:54:04,077 - Drone_3 - WARNING - Drone 3: Cannot goto - invalid flight mode
2026-02-12 01:54:04,077 - Drone_4 - WARNING - Drone 4: Cannot goto - invalid flight mode
2026-02-12 01:54:04,077 - Drone_5 - WARNING - Drone 5: Cannot goto - invalid flight mode
2026-02-12 01:54:05,078 - Drone_2 - WARNING - Drone 2: Cannot goto - invalid flight mode
2026-02-12 01:54:05,078 - Drone_3 - WARNING - Drone 3: Cannot goto - invalid flight mode
2026-02-12 01:54:05,079 - Drone_4 - WARNING - Drone 4: Cannot goto - invalid flight mode
2026-02-12 01:54:05,079 - Drone_5 - WARNING - Drone 5: Cannot goto - invalid flight mode
2026-02-12 01:54:06,080 - Drone_2 - WARNING - Drone 2: Cannot goto - invalid flight mode
2026-02-12 01:54:06,081 - Drone_3 - WARNING - Drone 3: Cannot goto - invalid flight mode
2026-02-12 01:54:06,081 - Drone_4 - WARNING - Drone 4: Cannot goto - invalid flight mode
2026-02-12 01:54:06,082 - Drone_5 - WARNING - Drone 5: Cannot goto - invalid flight mode
2026-02-12 01:54:07,083 - Drone_2 - WARNING - Drone 2: Cannot goto - invalid flight mode
2026-02-12 01:54:07,084 - Drone_3 - WARNING - Drone 3: Cannot goto - invalid flight mode
2026-02-12 01:54:07,085 - Drone_4 - WARNING - Drone 4: Cannot goto - invalid flight mode
2026-02-12 01:54:07,086 - Drone_5 - WARNING - Drone 5: Cannot goto - invalid flight mode
2026-02-12 01:54:08,087 - Drone_2 - WARNING - Drone 2: Cannot goto - invalid flight mode
2026-02-12 01:54:08,088 - Drone_3 - WARNING - Drone 3: Cannot goto - invalid flight mode
2026-02-12 01:54:08,089 - Drone_4 - WARNING - Drone 4: Cannot goto - invalid flight mode
2026-02-12 01:54:08,090 - Drone_5 - WARNING - Drone 5: Cannot goto - invalid flight mode
2026-02-12 01:54:09,092 - Drone_2 - WARNING - Drone 2: Cannot goto - invalid flight mode
2026-02-12 01:54:09,094 - Drone_3 - WARNING - Drone 3: Cannot goto - invalid flight mode
2026-02-12 01:54:09,095 - Drone_4 - WARNING - Drone 4: Cannot goto - invalid flight mode
2026-02-12 01:54:09,095 - Drone_5 - WARNING - Drone 5: Cannot goto - invalid flight mode
2026-02-12 01:54:10,096 - Drone_2 - WARNING - Drone 2: Cannot goto - invalid flight mode
2026-02-12 01:54:10,097 - Drone_3 - WARNING - Drone 3: Cannot goto - invalid flight mode
2026-02-12 01:54:10,097 - Drone_4 - WARNING - Drone 4: Cannot goto - invalid flight mode
2026-02-12 01:54:10,097 - Drone_5 - WARNING - Drone 5: Cannot goto - invalid flight mode
2026-02-12 01:54:11,098 - Drone_2 - WARNING - Drone 2: Cannot goto - invalid flight mode
2026-02-12 01:54:11,099 - Drone_3 - WARNING - Drone 3: Cannot goto - invalid flight mode
2026-02-12 01:54:11,099 - Drone_4 - WARNING - Drone 4: Cannot goto - invalid flight mode
2026-02-12 01:54:11,100 - Drone_5 - WARNING - Drone 5: Cannot goto - invalid flight mode
2026-02-12 01:54:12,101 - Drone_2 - WARNING - Drone 2: Cannot goto - invalid flight mode
2026-02-12 01:54:12,102 - Drone_3 - WARNING - Drone 3: Cannot goto - invalid flight mode
2026-02-12 01:54:12,102 - Drone_4 - WARNING - Drone 4: Cannot goto - invalid flight mode
2026-02-12 01:54:12,103 - Drone_5 - WARNING - Drone 5: Cannot goto - invalid flight mode
2026-02-12 01:54:13,104 - Drone_2 - WARNING - Drone 2: Cannot goto - invalid flight mode
2026-02-12 01:54:13,105 - Drone_3 - WARNING - Drone 3: Cannot goto - invalid flight mode
2026-02-12 01:54:13,105 - Drone_4 - WARNING - Drone 4: Cannot goto - invalid flight mode
2026-02-12 01:54:13,106 - Drone_5 - WARNING - Drone 5: Cannot goto - invalid flight mode
2026-02-12 01:54:14,107 - Drone_2 - WARNING - Drone 2: Cannot goto - invalid flight mode
2026-02-12 01:54:14,108 - Drone_3 - WARNING - Drone 3: Cannot goto - invalid flight mode
2026-02-12 01:54:14,109 - Drone_4 - WARNING - Drone 4: Cannot goto - invalid flight mode
2026-02-12 01:54:14,110 - Drone_5 - WARNING - Drone 5: Cannot goto - invalid flight mode
2026-02-12 01:54:14,321 - PhysicalMLTrainer_Drone3 - INFO - Physical ML model trained for drone=3 samples=800
2026-02-12 01:54:14,329 - PhysicalMLTrainer_Drone5 - INFO - Physical ML model trained for drone=5 samples=800
2026-02-12 01:54:14,341 - PhysicalMLTrainer_Drone2 - INFO - Physical ML model trained for drone=2 samples=800
2026-02-12 01:54:14,342 - PhysicalMLTrainer_Drone4 - INFO - Physical ML model trained for drone=4 samples=800
2026-02-12 01:54:14,347 - PhysicalMLTrainer_Drone1 - INFO - Physical ML model trained for drone=1 samples=800
2026-02-12 01:54:15,111 - Drone_2 - WARNING - Drone 2: Cannot goto - invalid flight mode
2026-02-12 01:54:15,112 - Drone_3 - WARNING - Drone 3: Cannot goto - invalid flight mode
2026-02-12 01:54:15,112 - Drone_4 - WARNING - Drone 4: Cannot goto - invalid flight mode
2026-02-12 01:54:15,113 - Drone_5 - WARNING - Drone 5: Cannot goto - invalid flight mode
2026-02-12 01:54:16,114 - Drone_2 - WARNING - Drone 2: Cannot goto - invalid flight mode
2026-02-12 01:54:16,115 - Drone_3 - WARNING - Drone 3: Cannot goto - invalid flight mode
2026-02-12 01:54:16,116 - Drone_4 - WARNING - Drone 4: Cannot goto - invalid flight mode
2026-02-12 01:54:16,116 - Drone_5 - WARNING - Drone 5: Cannot goto - invalid flight mode
2026-02-12 01:54:17,116 - Drone_2 - WARNING - Drone 2: Cannot goto - invalid flight mode
2026-02-12 01:54:17,117 - Drone_3 - WARNING - Drone 3: Cannot goto - invalid flight mode
2026-02-12 01:54:17,117 - Drone_4 - WARNING - Drone 4: Cannot goto - invalid flight mode
2026-02-12 01:54:17,117 - Drone_5 - WARNING - Drone 5: Cannot goto - invalid flight mode
2026-02-12 01:54:18,118 - Drone_2 - WARNING - Drone 2: Cannot goto - invalid flight mode
2026-02-12 01:54:18,118 - Drone_3 - WARNING - Drone 3: Cannot goto - invalid flight mode
2026-02-12 01:54:18,119 - Drone_4 - WARNING - Drone 4: Cannot goto - invalid flight mode
2026-02-12 01:54:18,119 - Drone_5 - WARNING - Drone 5: Cannot goto - invalid flight mode
2026-02-12 01:54:19,120 - Drone_2 - WARNING - Drone 2: Cannot goto - invalid flight mode
2026-02-12 01:54:19,121 - Drone_3 - WARNING - Drone 3: Cannot goto - invalid flight mode
2026-02-12 01:54:19,122 - Drone_4 - WARNING - Drone 4: Cannot goto - invalid flight mode
2026-02-12 01:54:19,122 - Drone_5 - WARNING - Drone 5: Cannot goto - invalid flight mode
2026-02-12 01:54:20,124 - Drone_2 - WARNING - Drone 2: Cannot goto - invalid flight mode
2026-02-12 01:54:20,124 - Drone_3 - WARNING - Drone 3: Cannot goto - invalid flight mode
2026-02-12 01:54:20,124 - Drone_4 - WARNING - Drone 4: Cannot goto - invalid flight mode
2026-02-12 01:54:20,124 - Drone_5 - WARNING - Drone 5: Cannot goto - invalid flight mode
2026-02-12 01:54:21,125 - Drone_2 - WARNING - Drone 2: Cannot goto - invalid flight mode
2026-02-12 01:54:21,125 - Drone_3 - WARNING - Drone 3: Cannot goto - invalid flight mode
2026-02-12 01:54:21,125 - Drone_4 - WARNING - Drone 4: Cannot goto - invalid flight mode
2026-02-12 01:54:21,126 - Drone_5 - WARNING - Drone 5: Cannot goto - invalid flight mode
2026-02-12 01:54:22,126 - Drone_2 - WARNING - Drone 2: Cannot goto - invalid flight mode
2026-02-12 01:54:22,127 - Drone_3 - WARNING - Drone 3: Cannot goto - invalid flight mode
2026-02-12 01:54:22,127 - Drone_4 - WARNING - Drone 4: Cannot goto - invalid flight mode
2026-02-12 01:54:22,127 - Drone_5 - WARNING - Drone 5: Cannot goto - invalid flight mode
2026-02-12 01:54:23,128 - Drone_2 - WARNING - Drone 2: Cannot goto - invalid flight mode
2026-02-12 01:54:23,128 - Drone_3 - WARNING - Drone 3: Cannot goto - invalid flight mode
2026-02-12 01:54:23,128 - Drone_4 - WARNING - Drone 4: Cannot goto - invalid flight mode
2026-02-12 01:54:23,128 - Drone_5 - WARNING - Drone 5: Cannot goto - invalid flight mode
2026-02-12 01:54:24,129 - Drone_2 - WARNING - Drone 2: Cannot goto - invalid flight mode
2026-02-12 01:54:24,129 - Drone_3 - WARNING - Drone 3: Cannot goto - invalid flight mode
2026-02-12 01:54:24,129 - Drone_4 - WARNING - Drone 4: Cannot goto - invalid flight mode
2026-02-12 01:54:24,129 - Drone_5 - WARNING - Drone 5: Cannot goto - invalid flight mode
2026-02-12 01:54:25,130 - Drone_2 - WARNING - Drone 2: Cannot goto - invalid flight mode
2026-02-12 01:54:25,130 - Drone_3 - WARNING - Drone 3: Cannot goto - invalid flight mode
2026-02-12 01:54:25,130 - Drone_4 - WARNING - Drone 4: Cannot goto - invalid flight mode
2026-02-12 01:54:25,130 - Drone_5 - WARNING - Drone 5: Cannot goto - invalid flight mode
2026-02-12 01:54:26,131 - Drone_2 - WARNING - Drone 2: Cannot goto - invalid flight mode
2026-02-12 01:54:26,131 - Drone_3 - WARNING - Drone 3: Cannot goto - invalid flight mode
2026-02-12 01:54:26,131 - Drone_4 - WARNING - Drone 4: Cannot goto - invalid flight mode
2026-02-12 01:54:26,132 - Drone_5 - WARNING - Drone 5: Cannot goto - invalid flight mode
2026-02-12 01:54:27,132 - Drone_2 - WARNING - Drone 2: Cannot goto - invalid flight mode
2026-02-12 01:54:27,132 - Drone_3 - WARNING - Drone 3: Cannot goto - invalid flight mode
2026-02-12 01:54:27,133 - Drone_4 - WARNING - Drone 4: Cannot goto - invalid flight mode
2026-02-12 01:54:27,133 - Drone_5 - WARNING - Drone 5: Cannot goto - invalid flight mode
2026-02-12 01:54:28,133 - Drone_2 - WARNING - Drone 2: Cannot goto - invalid flight mode
2026-02-12 01:54:28,134 - Drone_3 - WARNING - Drone 3: Cannot goto - invalid flight mode
2026-02-12 01:54:28,134 - Drone_4 - WARNING - Drone 4: Cannot goto - invalid flight mode
2026-02-12 01:54:28,134 - Drone_5 - WARNING - Drone 5: Cannot goto - invalid flight mode
2026-02-12 01:54:29,134 - Drone_2 - WARNING - Drone 2: Cannot goto - invalid flight mode
2026-02-12 01:54:29,135 - Drone_3 - WARNING - Drone 3: Cannot goto - invalid flight mode
2026-02-12 01:54:29,135 - Drone_4 - WARNING - Drone 4: Cannot goto - invalid flight mode
2026-02-12 01:54:29,135 - Drone_5 - WARNING - Drone 5: Cannot goto - invalid flight mode
2026-02-12 01:54:30,135 - Drone_2 - WARNING - Drone 2: Cannot goto - invalid flight mode
2026-02-12 01:54:30,135 - Drone_3 - WARNING - Drone 3: Cannot goto - invalid flight mode
2026-02-12 01:54:30,136 - Drone_4 - WARNING - Drone 4: Cannot goto - invalid flight mode
2026-02-12 01:54:30,136 - Drone_5 - WARNING - Drone 5: Cannot goto - invalid flight mode
2026-02-12 01:54:31,137 - Drone_2 - WARNING - Drone 2: Cannot goto - invalid flight mode
2026-02-12 01:54:31,138 - Drone_3 - WARNING - Drone 3: Cannot goto - invalid flight mode
2026-02-12 01:54:31,138 - Drone_4 - WARNING - Drone 4: Cannot goto - invalid flight mode
2026-02-12 01:54:31,138 - Drone_5 - WARNING - Drone 5: Cannot goto - invalid flight mode
2026-02-12 01:54:32,138 - Drone_2 - WARNING - Drone 2: Cannot goto - invalid flight mode
2026-02-12 01:54:32,139 - Drone_3 - WARNING - Drone 3: Cannot goto - invalid flight mode
2026-02-12 01:54:32,140 - Drone_4 - WARNING - Drone 4: Cannot goto - invalid flight mode
2026-02-12 01:54:32,141 - Drone_5 - WARNING - Drone 5: Cannot goto - invalid flight mode
2026-02-12 01:54:33,142 - Drone_2 - WARNING - Drone 2: Cannot goto - invalid flight mode
2026-02-12 01:54:33,142 - Drone_3 - WARNING - Drone 3: Cannot goto - invalid flight mode
2026-02-12 01:54:33,142 - Drone_4 - WARNING - Drone 4: Cannot goto - invalid flight mode
2026-02-12 01:54:33,142 - Drone_5 - WARNING - Drone 5: Cannot goto - invalid flight mode
2026-02-12 01:54:34,143 - Drone_2 - WARNING - Drone 2: Cannot goto - invalid flight mode
2026-02-12 01:54:34,143 - Drone_3 - WARNING - Drone 3: Cannot goto - invalid flight mode
2026-02-12 01:54:34,144 - Drone_4 - WARNING - Drone 4: Cannot goto - invalid flight mode
2026-02-12 01:54:34,144 - Drone_5 - WARNING - Drone 5: Cannot goto - invalid flight mode
2026-02-12 01:54:34,413 - PhysicalMLTrainer_Drone3 - INFO - Physical ML model trained for drone=3 samples=1000
2026-02-12 01:54:34,442 - PhysicalMLTrainer_Drone5 - INFO - Physical ML model trained for drone=5 samples=1000
2026-02-12 01:54:34,467 - PhysicalMLTrainer_Drone1 - INFO - Physical ML model trained for drone=1 samples=1000
2026-02-12 01:54:34,467 - PhysicalMLTrainer_Drone2 - INFO - Physical ML model trained for drone=2 samples=1000
2026-02-12 01:54:34,490 - PhysicalMLTrainer_Drone4 - INFO - Physical ML model trained for drone=4 samples=1000
2026-02-12 01:54:35,144 - Drone_2 - WARNING - Drone 2: Cannot goto - invalid flight mode
2026-02-12 01:54:35,145 - Drone_3 - WARNING - Drone 3: Cannot goto - invalid flight mode
2026-02-12 01:54:35,145 - Drone_4 - WARNING - Drone 4: Cannot goto - invalid flight mode
2026-02-12 01:54:35,145 - Drone_5 - WARNING - Drone 5: Cannot goto - invalid flight mode
2026-02-12 01:54:36,146 - Drone_2 - WARNING - Drone 2: Cannot goto - invalid flight mode
2026-02-12 01:54:36,154 - Drone_3 - WARNING - Drone 3: Cannot goto - invalid flight mode
2026-02-12 01:54:36,161 - Drone_4 - WARNING - Drone 4: Cannot goto - invalid flight mode
2026-02-12 01:54:36,165 - Drone_5 - WARNING - Drone 5: Cannot goto - invalid flight mode
2026-02-12 01:54:37,174 - Drone_2 - WARNING - Drone 2: Cannot goto - invalid flight mode
2026-02-12 01:54:37,174 - Drone_3 - WARNING - Drone 3: Cannot goto - invalid flight mode
2026-02-12 01:54:37,174 - Drone_4 - WARNING - Drone 4: Cannot goto - invalid flight mode
2026-02-12 01:54:37,174 - Drone_5 - WARNING - Drone 5: Cannot goto - invalid flight mode
2026-02-12 01:54:38,175 - Drone_2 - WARNING - Drone 2: Cannot goto - invalid flight mode
2026-02-12 01:54:38,175 - Drone_3 - WARNING - Drone 3: Cannot goto - invalid flight mode
2026-02-12 01:54:38,175 - Drone_4 - WARNING - Drone 4: Cannot goto - invalid flight mode
2026-02-12 01:54:38,176 - Drone_5 - WARNING - Drone 5: Cannot goto - invalid flight mode
2026-02-12 01:54:39,176 - Drone_2 - WARNING - Drone 2: Cannot goto - invalid flight mode
2026-02-12 01:54:39,177 - Drone_3 - WARNING - Drone 3: Cannot goto - invalid flight mode
2026-02-12 01:54:39,177 - Drone_4 - WARNING - Drone 4: Cannot goto - invalid flight mode
2026-02-12 01:54:39,177 - Drone_5 - WARNING - Drone 5: Cannot goto - invalid flight mode
2026-02-12 01:54:40,177 - Drone_2 - WARNING - Drone 2: Cannot goto - invalid flight mode
2026-02-12 01:54:40,178 - Drone_3 - WARNING - Drone 3: Cannot goto - invalid flight mode
2026-02-12 01:54:40,178 - Drone_4 - WARNING - Drone 4: Cannot goto - invalid flight mode
2026-02-12 01:54:40,178 - Drone_5 - WARNING - Drone 5: Cannot goto - invalid flight mode
2026-02-12 01:54:41,178 - Drone_2 - WARNING - Drone 2: Cannot goto - invalid flight mode
2026-02-12 01:54:41,179 - Drone_3 - WARNING - Drone 3: Cannot goto - invalid flight mode
2026-02-12 01:54:41,179 - Drone_4 - WARNING - Drone 4: Cannot goto - invalid flight mode
2026-02-12 01:54:41,179 - Drone_5 - WARNING - Drone 5: Cannot goto - invalid flight mode
2026-02-12 01:54:42,180 - Drone_2 - WARNING - Drone 2: Cannot goto - invalid flight mode
2026-02-12 01:54:42,181 - Drone_3 - WARNING - Drone 3: Cannot goto - invalid flight mode
2026-02-12 01:54:42,181 - Drone_4 - WARNING - Drone 4: Cannot goto - invalid flight mode
2026-02-12 01:54:42,182 - Drone_5 - WARNING - Drone 5: Cannot goto - invalid flight mode
2026-02-12 01:54:43,183 - Drone_2 - WARNING - Drone 2: Cannot goto - invalid flight mode
2026-02-12 01:54:43,183 - Drone_3 - WARNING - Drone 3: Cannot goto - invalid flight mode
2026-02-12 01:54:43,184 - Drone_4 - WARNING - Drone 4: Cannot goto - invalid flight mode
2026-02-12 01:54:43,184 - Drone_5 - WARNING - Drone 5: Cannot goto - invalid flight mode
2026-02-12 01:54:44,185 - Drone_2 - WARNING - Drone 2: Cannot goto - invalid flight mode
2026-02-12 01:54:44,185 - Drone_3 - WARNING - Drone 3: Cannot goto - invalid flight mode
2026-02-12 01:54:44,185 - Drone_4 - WARNING - Drone 4: Cannot goto - invalid flight mode
2026-02-12 01:54:44,186 - Drone_5 - WARNING - Drone 5: Cannot goto - invalid flight mode
2026-02-12 01:54:45,186 - Drone_2 - WARNING - Drone 2: Cannot goto - invalid flight mode
2026-02-12 01:54:45,187 - Drone_3 - WARNING - Drone 3: Cannot goto - invalid flight mode
2026-02-12 01:54:45,187 - Drone_4 - WARNING - Drone 4: Cannot goto - invalid flight mode
2026-02-12 01:54:45,187 - Drone_5 - WARNING - Drone 5: Cannot goto - invalid flight mode
2026-02-12 01:54:46,188 - Drone_2 - WARNING - Drone 2: Cannot goto - invalid flight mode
2026-02-12 01:54:46,188 - Drone_3 - WARNING - Drone 3: Cannot goto - invalid flight mode
2026-02-12 01:54:46,188 - Drone_4 - WARNING - Drone 4: Cannot goto - invalid flight mode
2026-02-12 01:54:46,188 - Drone_5 - WARNING - Drone 5: Cannot goto - invalid flight mode
2026-02-12 01:54:47,189 - Drone_2 - WARNING - Drone 2: Cannot goto - invalid flight mode
2026-02-12 01:54:47,189 - Drone_3 - WARNING - Drone 3: Cannot goto - invalid flight mode
2026-02-12 01:54:47,190 - Drone_4 - WARNING - Drone 4: Cannot goto - invalid flight mode
2026-02-12 01:54:47,190 - Drone_5 - WARNING - Drone 5: Cannot goto - invalid flight mode
2026-02-12 01:54:47,340 - Drone_1 - INFO - Drone 1: area mission cleared
2026-02-12 01:54:48,190 - Drone_2 - WARNING - Drone 2: Cannot goto - invalid flight mode
2026-02-12 01:54:48,191 - Drone_3 - WARNING - Drone 3: Cannot goto - invalid flight mode
2026-02-12 01:54:48,191 - Drone_4 - WARNING - Drone 4: Cannot goto - invalid flight mode
2026-02-12 01:54:48,191 - Drone_5 - WARNING - Drone 5: Cannot goto - invalid flight mode
2026-02-12 01:54:49,191 - Drone_2 - WARNING - Drone 2: Cannot goto - invalid flight mode
2026-02-12 01:54:49,192 - Drone_3 - WARNING - Drone 3: Cannot goto - invalid flight mode
2026-02-12 01:54:49,192 - Drone_4 - WARNING - Drone 4: Cannot goto - invalid flight mode
2026-02-12 01:54:49,192 - Drone_5 - WARNING - Drone 5: Cannot goto - invalid flight mode
2026-02-12 01:54:50,193 - Drone_2 - WARNING - Drone 2: Cannot goto - invalid flight mode
2026-02-12 01:54:50,195 - Drone_3 - WARNING - Drone 3: Cannot goto - invalid flight mode
2026-02-12 01:54:50,195 - Drone_4 - WARNING - Drone 4: Cannot goto - invalid flight mode
2026-02-12 01:54:50,196 - Drone_5 - WARNING - Drone 5: Cannot goto - invalid flight mode
2026-02-12 01:54:51,197 - Drone_2 - WARNING - Drone 2: Cannot goto - invalid flight mode
2026-02-12 01:54:51,198 - Drone_3 - WARNING - Drone 3: Cannot goto - invalid flight mode
2026-02-12 01:54:51,198 - Drone_4 - WARNING - Drone 4: Cannot goto - invalid flight mode
2026-02-12 01:54:51,198 - Drone_5 - WARNING - Drone 5: Cannot goto - invalid flight mode
2026-02-12 01:54:52,198 - Drone_2 - WARNING - Drone 2: Cannot goto - invalid flight mode
2026-02-12 01:54:52,199 - Drone_3 - WARNING - Drone 3: Cannot goto - invalid flight mode
2026-02-12 01:54:52,199 - Drone_4 - WARNING - Drone 4: Cannot goto - invalid flight mode
2026-02-12 01:54:52,199 - Drone_5 - WARNING - Drone 5: Cannot goto - invalid flight mode
2026-02-12 01:54:53,200 - Drone_2 - WARNING - Drone 2: Cannot goto - invalid flight mode
2026-02-12 01:54:53,200 - Drone_3 - WARNING - Drone 3: Cannot goto - invalid flight mode
2026-02-12 01:54:53,200 - Drone_4 - WARNING - Drone 4: Cannot goto - invalid flight mode
2026-02-12 01:54:53,200 - Drone_5 - WARNING - Drone 5: Cannot goto - invalid flight mode
2026-02-12 01:54:53,365 - Drone_1 - INFO - Drone 1: Reached target position
2026-02-12 01:54:54,517 - PhysicalMLTrainer_Drone3 - INFO - Physical ML model trained for drone=3 samples=1200
2026-02-12 01:54:54,554 - PhysicalMLTrainer_Drone5 - INFO - Physical ML model trained for drone=5 samples=1200
2026-02-12 01:54:54,568 - PhysicalMLTrainer_Drone2 - INFO - Physical ML model trained for drone=2 samples=1200
2026-02-12 01:54:54,575 - PhysicalMLTrainer_Drone1 - INFO - Physical ML model trained for drone=1 samples=1200
2026-02-12 01:54:54,595 - PhysicalMLTrainer_Drone4 - INFO - Physical ML model trained for drone=4 samples=1200
2026-02-12 01:55:14,627 - PhysicalMLTrainer_Drone3 - INFO - Physical ML model trained for drone=3 samples=1400
2026-02-12 01:55:14,666 - PhysicalMLTrainer_Drone5 - INFO - Physical ML model trained for drone=5 samples=1400
2026-02-12 01:55:14,674 - PhysicalMLTrainer_Drone2 - INFO - Physical ML model trained for drone=2 samples=1400
2026-02-12 01:55:14,682 - PhysicalMLTrainer_Drone1 - INFO - Physical ML model trained for drone=1 samples=1400
2026-02-12 01:55:14,706 - PhysicalMLTrainer_Drone4 - INFO - Physical ML model trained for drone=4 samples=1400
2026-02-12 01:55:34,744 - PhysicalMLTrainer_Drone3 - INFO - Physical ML model trained for drone=3 samples=1600
2026-02-12 01:55:34,779 - PhysicalMLTrainer_Drone5 - INFO - Physical ML model trained for drone=5 samples=1600
2026-02-12 01:55:34,789 - PhysicalMLTrainer_Drone2 - INFO - Physical ML model trained for drone=2 samples=1600
2026-02-12 01:55:34,789 - PhysicalMLTrainer_Drone1 - INFO - Physical ML model trained for drone=1 samples=1600
2026-02-12 01:55:34,824 - PhysicalMLTrainer_Drone4 - INFO - Physical ML model trained for drone=4 samples=1600
2026-02-12 01:55:54,863 - PhysicalMLTrainer_Drone3 - INFO - Physical ML model trained for drone=3 samples=1800
2026-02-12 01:55:54,908 - PhysicalMLTrainer_Drone5 - INFO - Physical ML model trained for drone=5 samples=1800
2026-02-12 01:55:54,920 - PhysicalMLTrainer_Drone2 - INFO - Physical ML model trained for drone=2 samples=1800
2026-02-12 01:55:54,924 - PhysicalMLTrainer_Drone1 - INFO - Physical ML model trained for drone=1 samples=1800
2026-02-12 01:55:54,934 - PhysicalMLTrainer_Drone4 - INFO - Physical ML model trained for drone=4 samples=1800
2026-02-12 01:56:14,978 - PhysicalMLTrainer_Drone3 - INFO - Physical ML model trained for drone=3 samples=2000
2026-02-12 01:56:15,021 - PhysicalMLTrainer_Drone5 - INFO - Physical ML model trained for drone=5 samples=2000
2026-02-12 01:56:15,048 - PhysicalMLTrainer_Drone1 - INFO - Physical ML model trained for drone=1 samples=2000
2026-02-12 01:56:15,049 - PhysicalMLTrainer_Drone2 - INFO - Physical ML model trained for drone=2 samples=2000
2026-02-12 01:56:15,060 - PhysicalMLTrainer_Drone4 - INFO - Physical ML model trained for drone=4 samples=2000
2026-02-12 01:56:35,103 - PhysicalMLTrainer_Drone3 - INFO - Physical ML model trained for drone=3 samples=2200
2026-02-12 01:56:35,138 - PhysicalMLTrainer_Drone5 - INFO - Physical ML model trained for drone=5 samples=2200
2026-02-12 01:56:35,195 - PhysicalMLTrainer_Drone1 - INFO - Physical ML model trained for drone=1 samples=2200
2026-02-12 01:56:35,196 - PhysicalMLTrainer_Drone2 - INFO - Physical ML model trained for drone=2 samples=2200
2026-02-12 01:56:35,196 - PhysicalMLTrainer_Drone4 - INFO - Physical ML model trained for drone=4 samples=2200
2026-02-12 01:56:55,220 - PhysicalMLTrainer_Drone3 - INFO - Physical ML model trained for drone=3 samples=2400
2026-02-12 01:56:55,255 - PhysicalMLTrainer_Drone5 - INFO - Physical ML model trained for drone=5 samples=2400
2026-02-12 01:56:55,332 - PhysicalMLTrainer_Drone4 - INFO - Physical ML model trained for drone=4 samples=2400
2026-02-12 01:56:55,333 - PhysicalMLTrainer_Drone2 - INFO - Physical ML model trained for drone=2 samples=2400
2026-02-12 01:56:55,333 - PhysicalMLTrainer_Drone1 - INFO - Physical ML model trained for drone=1 samples=2400
2026-02-12 01:57:15,364 - PhysicalMLTrainer_Drone3 - INFO - Physical ML model trained for drone=3 samples=2600
2026-02-12 01:57:15,373 - PhysicalMLTrainer_Drone5 - INFO - Physical ML model trained for drone=5 samples=2600
2026-02-12 01:57:15,450 - PhysicalMLTrainer_Drone2 - INFO - Physical ML model trained for drone=2 samples=2600
2026-02-12 01:57:15,467 - PhysicalMLTrainer_Drone4 - INFO - Physical ML model trained for drone=4 samples=2600
2026-02-12 01:57:15,467 - PhysicalMLTrainer_Drone1 - INFO - Physical ML model trained for drone=1 samples=2600
2026-02-12 01:57:35,488 - PhysicalMLTrainer_Drone3 - INFO - Physical ML model trained for drone=3 samples=2800
2026-02-12 01:57:35,489 - PhysicalMLTrainer_Drone5 - INFO - Physical ML model trained for drone=5 samples=2800
2026-02-12 01:57:35,563 - PhysicalMLTrainer_Drone2 - INFO - Physical ML model trained for drone=2 samples=2800
2026-02-12 01:57:35,579 - PhysicalMLTrainer_Drone4 - INFO - Physical ML model trained for drone=4 samples=2800
2026-02-12 01:57:35,591 - PhysicalMLTrainer_Drone1 - INFO - Physical ML model trained for drone=1 samples=2800
2026-02-12 01:57:55,620 - PhysicalMLTrainer_Drone3 - INFO - Physical ML model trained for drone=3 samples=3000
2026-02-12 01:57:55,621 - PhysicalMLTrainer_Drone5 - INFO - Physical ML model trained for drone=5 samples=3000
2026-02-12 01:57:55,674 - PhysicalMLTrainer_Drone2 - INFO - Physical ML model trained for drone=2 samples=3000
2026-02-12 01:57:55,727 - PhysicalMLTrainer_Drone1 - INFO - Physical ML model trained for drone=1 samples=3000
2026-02-12 01:57:55,727 - PhysicalMLTrainer_Drone4 - INFO - Physical ML model trained for drone=4 samples=3000
2026-02-12 01:58:15,751 - PhysicalMLTrainer_Drone5 - INFO - Physical ML model trained for drone=5 samples=3200
2026-02-12 01:58:15,752 - PhysicalMLTrainer_Drone3 - INFO - Physical ML model trained for drone=3 samples=3200
2026-02-12 01:58:15,802 - PhysicalMLTrainer_Drone2 - INFO - Physical ML model trained for drone=2 samples=3200
2026-02-12 01:58:15,834 - PhysicalMLTrainer_Drone1 - INFO - Physical ML model trained for drone=1 samples=3200
2026-02-12 01:58:15,861 - PhysicalMLTrainer_Drone4 - INFO - Physical ML model trained for drone=4 samples=3200
2026-02-12 01:58:35,873 - PhysicalMLTrainer_Drone3 - INFO - Physical ML model trained for drone=3 samples=3400
2026-02-12 01:58:35,873 - PhysicalMLTrainer_Drone5 - INFO - Physical ML model trained for drone=5 samples=3400
2026-02-12 01:58:35,922 - PhysicalMLTrainer_Drone2 - INFO - Physical ML model trained for drone=2 samples=3400
2026-02-12 01:58:35,957 - PhysicalMLTrainer_Drone1 - INFO - Physical ML model trained for drone=1 samples=3400
2026-02-12 01:58:35,967 - PhysicalMLTrainer_Drone4 - INFO - Physical ML model trained for drone=4 samples=3400
2026-02-12 01:58:55,970 - PhysicalMLTrainer_Drone3 - INFO - Physical ML model trained for drone=3 samples=3600
2026-02-12 01:58:55,971 - PhysicalMLTrainer_Drone5 - INFO - Physical ML model trained for drone=5 samples=3600
2026-02-12 01:58:56,042 - PhysicalMLTrainer_Drone2 - INFO - Physical ML model trained for drone=2 samples=3600
2026-02-12 01:58:56,063 - PhysicalMLTrainer_Drone4 - INFO - Physical ML model trained for drone=4 samples=3600
2026-02-12 01:58:56,063 - PhysicalMLTrainer_Drone1 - INFO - Physical ML model trained for drone=1 samples=3600
2026-02-12 01:59:16,093 - PhysicalMLTrainer_Drone3 - INFO - Physical ML model trained for drone=3 samples=3800
2026-02-12 01:59:16,093 - PhysicalMLTrainer_Drone5 - INFO - Physical ML model trained for drone=5 samples=3800
2026-02-12 01:59:16,179 - PhysicalMLTrainer_Drone2 - INFO - Physical ML model trained for drone=2 samples=3800
2026-02-12 01:59:16,194 - PhysicalMLTrainer_Drone1 - INFO - Physical ML model trained for drone=1 samples=3800
2026-02-12 01:59:16,194 - PhysicalMLTrainer_Drone4 - INFO - Physical ML model trained for drone=4 samples=3800
2026-02-12 01:59:36,219 - PhysicalMLTrainer_Drone3 - INFO - Physical ML model trained for drone=3 samples=4000
2026-02-12 01:59:36,221 - PhysicalMLTrainer_Drone5 - INFO - Physical ML model trained for drone=5 samples=4000
2026-02-12 01:59:36,306 - PhysicalMLTrainer_Drone2 - INFO - Physical ML model trained for drone=2 samples=4000
2026-02-12 01:59:36,319 - PhysicalMLTrainer_Drone1 - INFO - Physical ML model trained for drone=1 samples=4000
2026-02-12 01:59:36,325 - PhysicalMLTrainer_Drone4 - INFO - Physical ML model trained for drone=4 samples=4000
2026-02-12 01:59:56,351 - PhysicalMLTrainer_Drone3 - INFO - Physical ML model trained for drone=3 samples=4200
2026-02-12 01:59:56,351 - PhysicalMLTrainer_Drone5 - INFO - Physical ML model trained for drone=5 samples=4200
2026-02-12 01:59:56,425 - PhysicalMLTrainer_Drone2 - INFO - Physical ML model trained for drone=2 samples=4200
2026-02-12 01:59:56,435 - PhysicalMLTrainer_Drone1 - INFO - Physical ML model trained for drone=1 samples=4200
2026-02-12 01:59:56,446 - PhysicalMLTrainer_Drone4 - INFO - Physical ML model trained for drone=4 samples=4200
2026-02-12 02:00:16,472 - PhysicalMLTrainer_Drone5 - INFO - Physical ML model trained for drone=5 samples=4400
2026-02-12 02:00:16,472 - PhysicalMLTrainer_Drone3 - INFO - Physical ML model trained for drone=3 samples=4400
2026-02-12 02:00:16,533 - PhysicalMLTrainer_Drone2 - INFO - Physical ML model trained for drone=2 samples=4400
2026-02-12 02:00:16,546 - PhysicalMLTrainer_Drone1 - INFO - Physical ML model trained for drone=1 samples=4400
2026-02-12 02:00:16,563 - PhysicalMLTrainer_Drone4 - INFO - Physical ML model trained for drone=4 samples=4400
2026-02-12 02:00:36,580 - PhysicalMLTrainer_Drone3 - INFO - Physical ML model trained for drone=3 samples=4600
2026-02-12 02:00:36,591 - PhysicalMLTrainer_Drone5 - INFO - Physical ML model trained for drone=5 samples=4600
2026-02-12 02:00:36,646 - PhysicalMLTrainer_Drone1 - INFO - Physical ML model trained for drone=1 samples=4600
2026-02-12 02:00:36,647 - PhysicalMLTrainer_Drone2 - INFO - Physical ML model trained for drone=2 samples=4600
2026-02-12 02:00:36,669 - PhysicalMLTrainer_Drone4 - INFO - Physical ML model trained for drone=4 samples=4600
