2026-02-14 22:55:24,211 - Main - INFO - Starting Drone Swarm Management System
2026-02-14 22:55:24,212 - MLDecisionSupport_Drone1 - INFO - ML Decision Support initialized
2026-02-14 22:55:24,225 - PhysicalMLTrainer_Drone1 - INFO - Physical ML model trained drone=1 samples=250 degree=2 alpha=0.0 val_mse=0.000155
2026-02-14 22:55:24,226 - Drone_1 - INFO - Drone 1: bootstrap personal trainer loaded 250 rows from datasets/personal_drone_1.csv
2026-02-14 22:55:24,226 - Drone_1 - INFO - Drone 1: Personal ML system initialized
2026-02-14 22:55:24,226 - Drone_1 - INFO - Drone 1 initialized at {'x': 0, 'y': 0, 'z': 0}
2026-02-14 22:55:24,229 - Drone_1 - INFO - Drone 1 started
2026-02-14 22:55:24,229 - Drone_1 - INFO - Drone 1: Role changed from follower to leader
2026-02-14 22:55:24,231 - MLDecisionSupport_Drone2 - INFO - ML Decision Support initialized
2026-02-14 22:55:24,232 - PhysicalMLTrainer_Drone1 - INFO - Physical ML model trained drone=1 samples=251 degree=2 alpha=0.0 val_mse=0.000157
2026-02-14 22:55:24,237 - PhysicalMLTrainer_Drone2 - INFO - Physical ML model trained drone=2 samples=300 degree=2 alpha=0.1 val_mse=0.000128
2026-02-14 22:55:24,238 - Drone_2 - INFO - Drone 2: bootstrap personal trainer loaded 300 rows from datasets/personal_training.csv
2026-02-14 22:55:24,238 - Drone_2 - INFO - Drone 2: Personal ML system initialized
2026-02-14 22:55:24,238 - Drone_2 - INFO - Drone 2 initialized at {'x': 1200, 'y': 300, 'z': 0}
2026-02-14 22:55:24,239 - Drone_2 - INFO - Drone 2 started
2026-02-14 22:55:24,241 - MLDecisionSupport_Drone3 - INFO - ML Decision Support initialized
2026-02-14 22:55:24,242 - PhysicalMLTrainer_Drone2 - INFO - Physical ML model trained drone=2 samples=301 degree=2 alpha=0.1 val_mse=0.000128
2026-02-14 22:55:24,247 - PhysicalMLTrainer_Drone3 - INFO - Physical ML model trained drone=3 samples=300 degree=2 alpha=0.1 val_mse=0.000128
2026-02-14 22:55:24,248 - Drone_3 - INFO - Drone 3: bootstrap personal trainer loaded 300 rows from datasets/personal_training.csv
2026-02-14 22:55:24,248 - Drone_3 - INFO - Drone 3: Personal ML system initialized
2026-02-14 22:55:24,248 - Drone_3 - INFO - Drone 3 initialized at {'x': -1400, 'y': -500, 'z': 0}
2026-02-14 22:55:24,249 - Drone_3 - INFO - Drone 3 started
2026-02-14 22:55:24,251 - MLDecisionSupport_Drone4 - INFO - ML Decision Support initialized
2026-02-14 22:55:24,252 - PhysicalMLTrainer_Drone3 - INFO - Physical ML model trained drone=3 samples=301 degree=2 alpha=0.1 val_mse=0.000128
2026-02-14 22:55:24,256 - PhysicalMLTrainer_Drone4 - INFO - Physical ML model trained drone=4 samples=300 degree=2 alpha=0.1 val_mse=0.000128
2026-02-14 22:55:24,257 - Drone_4 - INFO - Drone 4: bootstrap personal trainer loaded 300 rows from datasets/personal_training.csv
2026-02-14 22:55:24,257 - Drone_4 - INFO - Drone 4: Personal ML system initialized
2026-02-14 22:55:24,257 - Drone_4 - INFO - Drone 4 initialized at {'x': 800, 'y': -1500, 'z': 0}
2026-02-14 22:55:24,258 - Drone_4 - INFO - Drone 4 started
2026-02-14 22:55:24,259 - MLDecisionSupport_Drone5 - INFO - ML Decision Support initialized
2026-02-14 22:55:24,260 - PhysicalMLTrainer_Drone4 - INFO - Physical ML model trained drone=4 samples=301 degree=2 alpha=0.1 val_mse=0.000128
2026-02-14 22:55:24,266 - PhysicalMLTrainer_Drone5 - INFO - Physical ML model trained drone=5 samples=300 degree=2 alpha=0.1 val_mse=0.000128
2026-02-14 22:55:24,266 - Drone_5 - INFO - Drone 5: bootstrap personal trainer loaded 300 rows from datasets/personal_training.csv
2026-02-14 22:55:24,266 - Drone_5 - INFO - Drone 5: Personal ML system initialized
2026-02-14 22:55:24,267 - Drone_5 - INFO - Drone 5 initialized at {'x': -900, 'y': 1600, 'z': 0}
2026-02-14 22:55:24,267 - Drone_5 - INFO - Drone 5 started
2026-02-14 22:55:24,269 - Main - INFO - Swarm created with 5 drones
2026-02-14 22:55:24,269 - Main - INFO - Leader elected: Drone 1
2026-02-14 22:55:24,269 - Main - INFO - Starting GUI...
2026-02-14 22:55:24,270 - PhysicalMLTrainer_Drone5 - INFO - Physical ML model trained drone=5 samples=301 degree=2 alpha=0.1 val_mse=0.000128
2026-02-14 22:55:38,285 - Drone_1 - INFO - Drone 1: Armed
2026-02-14 22:55:38,288 - Drone_2 - INFO - Drone 2: Armed
2026-02-14 22:55:38,289 - Drone_3 - INFO - Drone 3: Armed
2026-02-14 22:55:38,290 - Drone_4 - INFO - Drone 4: Armed
2026-02-14 22:55:38,290 - Drone_5 - INFO - Drone 5: Armed
2026-02-14 22:55:40,236 - Drone_1 - INFO - Drone 1: Taking off
2026-02-14 22:55:40,237 - DroneStateManager - INFO - Drone 1 state transition IDLE -> TAKEOFF
2026-02-14 22:55:40,237 - Drone_2 - INFO - Drone 2: Taking off
2026-02-14 22:55:40,237 - DroneStateManager - INFO - Drone 2 state transition IDLE -> TAKEOFF
2026-02-14 22:55:40,237 - Drone_3 - INFO - Drone 3: Taking off
2026-02-14 22:55:40,238 - DroneStateManager - INFO - Drone 3 state transition IDLE -> TAKEOFF
2026-02-14 22:55:40,238 - Drone_4 - INFO - Drone 4: Taking off
2026-02-14 22:55:40,238 - DroneStateManager - INFO - Drone 4 state transition IDLE -> TAKEOFF
2026-02-14 22:55:40,238 - Drone_5 - INFO - Drone 5: Taking off
2026-02-14 22:55:40,239 - DroneStateManager - INFO - Drone 5 state transition IDLE -> TAKEOFF
2026-02-14 22:55:44,433 - PhysicalMLTrainer_Drone5 - INFO - Physical ML model trained drone=5 samples=501 degree=2 alpha=0.0 val_mse=0.049912
2026-02-14 22:55:44,433 - PhysicalMLTrainer_Drone1 - INFO - Physical ML model trained drone=1 samples=451 degree=2 alpha=0.0 val_mse=0.055409
2026-02-14 22:55:44,433 - PhysicalMLTrainer_Drone4 - INFO - Physical ML model trained drone=4 samples=501 degree=2 alpha=0.0 val_mse=0.049912
2026-02-14 22:55:44,435 - PhysicalMLTrainer_Drone3 - INFO - Physical ML model trained drone=3 samples=501 degree=2 alpha=0.0 val_mse=0.049912
2026-02-14 22:55:44,435 - PhysicalMLTrainer_Drone2 - INFO - Physical ML model trained drone=2 samples=501 degree=2 alpha=0.0 val_mse=0.049912
2026-02-14 22:55:51,702 - Drone_1 - INFO - Drone 1: Flying to {'x': 2585.0, 'y': 2580.0, 'z': 60.0}
2026-02-14 22:55:51,702 - DroneStateManager - INFO - Drone 1 state transition TAKEOFF -> MOVING_TO_TARGET
2026-02-14 22:55:51,703 - Drone_2 - INFO - Drone 2: Flying to {'x': 2553.9057647468726, 'y': 2622.797543233282, 'z': 60.0}
2026-02-14 22:55:51,703 - DroneStateManager - INFO - Drone 2 state transition TAKEOFF -> MOVING_TO_TARGET
2026-02-14 22:55:51,703 - Drone_3 - INFO - Drone 3: Flying to {'x': 2503.5942352531274, 'y': 2606.450336353161, 'z': 60.0}
2026-02-14 22:55:51,703 - DroneStateManager - INFO - Drone 3 state transition TAKEOFF -> MOVING_TO_TARGET
2026-02-14 22:55:51,704 - Drone_4 - INFO - Drone 4: Flying to {'x': 2503.5942352531274, 'y': 2553.549663646839, 'z': 60.0}
2026-02-14 22:55:51,704 - DroneStateManager - INFO - Drone 4 state transition TAKEOFF -> MOVING_TO_TARGET
2026-02-14 22:55:51,704 - Drone_5 - INFO - Drone 5: Flying to {'x': 2553.9057647468726, 'y': 2537.202456766718, 'z': 60.0}
2026-02-14 22:55:51,704 - DroneStateManager - INFO - Drone 5 state transition TAKEOFF -> MOVING_TO_TARGET
2026-02-14 22:56:04,559 - PhysicalMLTrainer_Drone3 - INFO - Physical ML model trained drone=3 samples=701 degree=2 alpha=0.0 val_mse=0.444383
2026-02-14 22:56:04,563 - PhysicalMLTrainer_Drone1 - INFO - Physical ML model trained drone=1 samples=651 degree=2 alpha=0.0 val_mse=0.487349
2026-02-14 22:56:04,571 - PhysicalMLTrainer_Drone5 - INFO - Physical ML model trained drone=5 samples=701 degree=2 alpha=0.0 val_mse=0.425412
2026-02-14 22:56:04,571 - PhysicalMLTrainer_Drone2 - INFO - Physical ML model trained drone=2 samples=701 degree=2 alpha=0.0 val_mse=0.462383
2026-02-14 22:56:04,571 - PhysicalMLTrainer_Drone4 - INFO - Physical ML model trained drone=4 samples=701 degree=2 alpha=0.0 val_mse=0.461149
2026-02-14 22:56:24,676 - PhysicalMLTrainer_Drone3 - INFO - Physical ML model trained drone=3 samples=901 degree=2 alpha=0.0 val_mse=0.000403
2026-02-14 22:56:24,688 - PhysicalMLTrainer_Drone1 - INFO - Physical ML model trained drone=1 samples=851 degree=2 alpha=0.0 val_mse=0.000625
2026-02-14 22:56:24,694 - PhysicalMLTrainer_Drone2 - INFO - Physical ML model trained drone=2 samples=901 degree=2 alpha=1.0 val_mse=0.000995
2026-02-14 22:56:24,694 - PhysicalMLTrainer_Drone5 - INFO - Physical ML model trained drone=5 samples=901 degree=2 alpha=0.0 val_mse=0.000641
2026-02-14 22:56:24,695 - PhysicalMLTrainer_Drone4 - INFO - Physical ML model trained drone=4 samples=901 degree=2 alpha=0.0 val_mse=0.000511
2026-02-14 22:56:44,804 - PhysicalMLTrainer_Drone5 - INFO - Physical ML model trained drone=5 samples=1101 degree=2 alpha=1.0 val_mse=0.001136
2026-02-14 22:56:44,804 - PhysicalMLTrainer_Drone3 - INFO - Physical ML model trained drone=3 samples=1101 degree=2 alpha=0.1 val_mse=0.000769
2026-02-14 22:56:44,818 - PhysicalMLTrainer_Drone1 - INFO - Physical ML model trained drone=1 samples=1051 degree=2 alpha=1.0 val_mse=0.001104
2026-02-14 22:56:44,819 - PhysicalMLTrainer_Drone2 - INFO - Physical ML model trained drone=2 samples=1101 degree=2 alpha=1.0 val_mse=0.001638
2026-02-14 22:56:44,819 - PhysicalMLTrainer_Drone4 - INFO - Physical ML model trained drone=4 samples=1101 degree=2 alpha=1.0 val_mse=0.000893
2026-02-14 22:57:04,910 - PhysicalMLTrainer_Drone3 - INFO - Physical ML model trained drone=3 samples=1301 degree=2 alpha=1.0 val_mse=0.001180
2026-02-14 22:57:04,911 - PhysicalMLTrainer_Drone5 - INFO - Physical ML model trained drone=5 samples=1301 degree=2 alpha=1.0 val_mse=0.001607
2026-02-14 22:57:04,925 - PhysicalMLTrainer_Drone2 - INFO - Physical ML model trained drone=2 samples=1301 degree=2 alpha=1.0 val_mse=0.002087
2026-02-14 22:57:04,925 - PhysicalMLTrainer_Drone1 - INFO - Physical ML model trained drone=1 samples=1251 degree=2 alpha=1.0 val_mse=0.001569
2026-02-14 22:57:04,943 - PhysicalMLTrainer_Drone4 - INFO - Physical ML model trained drone=4 samples=1301 degree=2 alpha=1.0 val_mse=0.001316
2026-02-14 22:57:25,018 - PhysicalMLTrainer_Drone5 - INFO - Physical ML model trained drone=5 samples=1501 degree=2 alpha=1.0 val_mse=0.001825
2026-02-14 22:57:25,020 - PhysicalMLTrainer_Drone3 - INFO - Physical ML model trained drone=3 samples=1501 degree=2 alpha=1.0 val_mse=0.001518
2026-02-14 22:57:25,041 - PhysicalMLTrainer_Drone2 - INFO - Physical ML model trained drone=2 samples=1501 degree=2 alpha=1.0 val_mse=0.002009
2026-02-14 22:57:25,042 - PhysicalMLTrainer_Drone1 - INFO - Physical ML model trained drone=1 samples=1451 degree=2 alpha=1.0 val_mse=0.001739
2026-02-14 22:57:25,047 - PhysicalMLTrainer_Drone4 - INFO - Physical ML model trained drone=4 samples=1501 degree=2 alpha=1.0 val_mse=0.001616
2026-02-14 22:57:45,127 - PhysicalMLTrainer_Drone3 - INFO - Physical ML model trained drone=3 samples=1701 degree=2 alpha=0.0 val_mse=0.001648
2026-02-14 22:57:45,127 - PhysicalMLTrainer_Drone5 - INFO - Physical ML model trained drone=5 samples=1701 degree=2 alpha=1.0 val_mse=0.001731
2026-02-14 22:57:45,153 - PhysicalMLTrainer_Drone1 - INFO - Physical ML model trained drone=1 samples=1651 degree=2 alpha=1.0 val_mse=0.001594
2026-02-14 22:57:45,154 - PhysicalMLTrainer_Drone2 - INFO - Physical ML model trained drone=2 samples=1701 degree=2 alpha=1.0 val_mse=0.001625
2026-02-14 22:57:45,155 - PhysicalMLTrainer_Drone4 - INFO - Physical ML model trained drone=4 samples=1701 degree=2 alpha=1.0 val_mse=0.001669
2026-02-14 22:58:05,238 - PhysicalMLTrainer_Drone3 - INFO - Physical ML model trained drone=3 samples=1901 degree=2 alpha=0.0 val_mse=0.001547
2026-02-14 22:58:05,241 - PhysicalMLTrainer_Drone5 - INFO - Physical ML model trained drone=5 samples=1901 degree=2 alpha=1.0 val_mse=0.001466
2026-02-14 22:58:05,279 - PhysicalMLTrainer_Drone1 - INFO - Physical ML model trained drone=1 samples=1851 degree=2 alpha=0.0 val_mse=0.001286
2026-02-14 22:58:05,282 - PhysicalMLTrainer_Drone2 - INFO - Physical ML model trained drone=2 samples=1901 degree=2 alpha=0.0 val_mse=0.001159
2026-02-14 22:58:05,282 - PhysicalMLTrainer_Drone4 - INFO - Physical ML model trained drone=4 samples=1901 degree=2 alpha=0.0 val_mse=0.001503
2026-02-14 22:58:25,359 - PhysicalMLTrainer_Drone3 - INFO - Physical ML model trained drone=3 samples=2101 degree=2 alpha=0.0 val_mse=0.001330
2026-02-14 22:58:25,372 - PhysicalMLTrainer_Drone5 - INFO - Physical ML model trained drone=5 samples=2101 degree=2 alpha=0.0 val_mse=0.001150
2026-02-14 22:58:25,395 - PhysicalMLTrainer_Drone1 - INFO - Physical ML model trained drone=1 samples=2051 degree=2 alpha=0.0 val_mse=0.000966
2026-02-14 22:58:25,409 - PhysicalMLTrainer_Drone4 - INFO - Physical ML model trained drone=4 samples=2101 degree=2 alpha=0.0 val_mse=0.001211
2026-02-14 22:58:25,409 - PhysicalMLTrainer_Drone2 - INFO - Physical ML model trained drone=2 samples=2101 degree=2 alpha=0.0 val_mse=0.000808
2026-02-14 22:58:45,480 - PhysicalMLTrainer_Drone3 - INFO - Physical ML model trained drone=3 samples=2301 degree=2 alpha=0.0 val_mse=0.001087
2026-02-14 22:58:45,490 - PhysicalMLTrainer_Drone5 - INFO - Physical ML model trained drone=5 samples=2301 degree=2 alpha=0.0 val_mse=0.000871
2026-02-14 22:58:45,515 - PhysicalMLTrainer_Drone1 - INFO - Physical ML model trained drone=1 samples=2251 degree=2 alpha=0.0 val_mse=0.000722
2026-02-14 22:58:45,542 - PhysicalMLTrainer_Drone4 - INFO - Physical ML model trained drone=4 samples=2301 degree=2 alpha=0.0 val_mse=0.000938
2026-02-14 22:58:45,543 - PhysicalMLTrainer_Drone2 - INFO - Physical ML model trained drone=2 samples=2301 degree=2 alpha=0.0 val_mse=0.000579
2026-02-14 22:58:50,974 - Drone_2 - INFO - Drone 2: Reached target position
2026-02-14 22:58:51,381 - DroneStateManager - INFO - Drone 2 state transition MOVING_TO_TARGET -> WAITING_FOR_COMMAND
2026-02-14 22:58:51,382 - DroneStateManager - INFO - Drone 2 state transition WAITING_FOR_COMMAND -> MISSION_COMPLETE
2026-02-14 22:58:51,384 - Drone_1 - INFO - Drone 1: Returning to home - Leader broadcast RETURN_TO_HOME
2026-02-14 22:58:51,385 - DroneStateManager - INFO - Drone 1 state transition MOVING_TO_TARGET -> RETURNING_HOME
2026-02-14 22:58:51,385 - Drone_2 - INFO - Drone 2: Returning to home - Leader broadcast RETURN_TO_HOME
2026-02-14 22:58:51,385 - DroneStateManager - INFO - Drone 2 state transition MISSION_COMPLETE -> RETURNING_HOME
2026-02-14 22:58:51,385 - Drone_3 - INFO - Drone 3: Returning to home - Leader broadcast RETURN_TO_HOME
2026-02-14 22:58:51,386 - DroneStateManager - INFO - Drone 3 state transition MOVING_TO_TARGET -> RETURNING_HOME
2026-02-14 22:58:51,386 - Drone_4 - INFO - Drone 4: Returning to home - Leader broadcast RETURN_TO_HOME
2026-02-14 22:58:51,387 - DroneStateManager - INFO - Drone 4 state transition MOVING_TO_TARGET -> RETURNING_HOME
2026-02-14 22:58:51,387 - Drone_5 - INFO - Drone 5: Returning to home - Leader broadcast RETURN_TO_HOME
2026-02-14 22:58:51,387 - DroneStateManager - INFO - Drone 5 state transition MOVING_TO_TARGET -> RETURNING_HOME
2026-02-14 22:59:05,603 - PhysicalMLTrainer_Drone3 - INFO - Physical ML model trained drone=3 samples=2501 degree=2 alpha=1.0 val_mse=0.184675
2026-02-14 22:59:05,613 - PhysicalMLTrainer_Drone5 - INFO - Physical ML model trained drone=5 samples=2501 degree=2 alpha=1.0 val_mse=0.146160
2026-02-14 22:59:05,635 - PhysicalMLTrainer_Drone1 - INFO - Physical ML model trained drone=1 samples=2451 degree=2 alpha=1.0 val_mse=0.202213
2026-02-14 22:59:05,679 - PhysicalMLTrainer_Drone2 - INFO - Physical ML model trained drone=2 samples=2501 degree=2 alpha=1.0 val_mse=0.193785
2026-02-14 22:59:05,679 - PhysicalMLTrainer_Drone4 - INFO - Physical ML model trained drone=4 samples=2501 degree=2 alpha=1.0 val_mse=0.115235
2026-02-14 22:59:25,752 - PhysicalMLTrainer_Drone3 - INFO - Physical ML model trained drone=3 samples=2701 degree=2 alpha=1.0 val_mse=0.403073
2026-02-14 22:59:25,752 - PhysicalMLTrainer_Drone5 - INFO - Physical ML model trained drone=5 samples=2701 degree=2 alpha=1.0 val_mse=0.306191
2026-02-14 22:59:25,769 - PhysicalMLTrainer_Drone1 - INFO - Physical ML model trained drone=1 samples=2651 degree=2 alpha=1.0 val_mse=0.433886
2026-02-14 22:59:25,836 - PhysicalMLTrainer_Drone2 - INFO - Physical ML model trained drone=2 samples=2701 degree=2 alpha=1.0 val_mse=0.407559
2026-02-14 22:59:25,836 - PhysicalMLTrainer_Drone4 - INFO - Physical ML model trained drone=4 samples=2701 degree=2 alpha=1.0 val_mse=0.243657
2026-02-14 22:59:45,900 - PhysicalMLTrainer_Drone5 - INFO - Physical ML model trained drone=5 samples=2901 degree=2 alpha=1.0 val_mse=0.425983
2026-02-14 22:59:45,901 - PhysicalMLTrainer_Drone3 - INFO - Physical ML model trained drone=3 samples=2901 degree=2 alpha=1.0 val_mse=0.580695
2026-02-14 22:59:45,909 - PhysicalMLTrainer_Drone1 - INFO - Physical ML model trained drone=1 samples=2851 degree=2 alpha=1.0 val_mse=0.615580
2026-02-14 22:59:45,983 - PhysicalMLTrainer_Drone2 - INFO - Physical ML model trained drone=2 samples=2901 degree=2 alpha=1.0 val_mse=0.569117
2026-02-14 22:59:45,985 - PhysicalMLTrainer_Drone4 - INFO - Physical ML model trained drone=4 samples=2901 degree=2 alpha=1.0 val_mse=0.342328
2026-02-14 23:00:06,052 - PhysicalMLTrainer_Drone3 - INFO - Physical ML model trained drone=3 samples=3101 degree=2 alpha=0.0 val_mse=0.010883
2026-02-14 23:00:06,053 - PhysicalMLTrainer_Drone5 - INFO - Physical ML model trained drone=5 samples=3101 degree=2 alpha=0.0 val_mse=0.007385
2026-02-14 23:00:06,056 - PhysicalMLTrainer_Drone1 - INFO - Physical ML model trained drone=1 samples=3051 degree=2 alpha=0.0 val_mse=0.006537
2026-02-14 23:00:06,134 - PhysicalMLTrainer_Drone4 - INFO - Physical ML model trained drone=4 samples=3101 degree=2 alpha=0.0 val_mse=0.006440
2026-02-14 23:00:06,134 - PhysicalMLTrainer_Drone2 - INFO - Physical ML model trained drone=2 samples=3101 degree=2 alpha=0.0 val_mse=0.002101
2026-02-14 23:00:26,195 - PhysicalMLTrainer_Drone5 - INFO - Physical ML model trained drone=5 samples=3301 degree=2 alpha=0.0 val_mse=0.009560
2026-02-14 23:00:26,197 - PhysicalMLTrainer_Drone3 - INFO - Physical ML model trained drone=3 samples=3301 degree=2 alpha=0.0 val_mse=0.011863
2026-02-14 23:00:26,199 - PhysicalMLTrainer_Drone1 - INFO - Physical ML model trained drone=1 samples=3251 degree=2 alpha=0.0 val_mse=0.007603
2026-02-14 23:00:26,271 - PhysicalMLTrainer_Drone4 - INFO - Physical ML model trained drone=4 samples=3301 degree=2 alpha=0.0 val_mse=0.007384
2026-02-14 23:00:26,271 - PhysicalMLTrainer_Drone2 - INFO - Physical ML model trained drone=2 samples=3301 degree=2 alpha=0.0 val_mse=0.003063
2026-02-14 23:00:46,318 - PhysicalMLTrainer_Drone5 - INFO - Physical ML model trained drone=5 samples=3501 degree=2 alpha=0.0 val_mse=0.005061
2026-02-14 23:00:46,323 - PhysicalMLTrainer_Drone3 - INFO - Physical ML model trained drone=3 samples=3501 degree=2 alpha=0.0 val_mse=0.004352
2026-02-14 23:00:46,324 - PhysicalMLTrainer_Drone1 - INFO - Physical ML model trained drone=1 samples=3451 degree=2 alpha=0.0 val_mse=0.003732
2026-02-14 23:00:46,409 - PhysicalMLTrainer_Drone2 - INFO - Physical ML model trained drone=2 samples=3501 degree=2 alpha=0.0 val_mse=0.002245
2026-02-14 23:00:46,410 - PhysicalMLTrainer_Drone4 - INFO - Physical ML model trained drone=4 samples=3501 degree=2 alpha=0.0 val_mse=0.002543
2026-02-14 23:01:06,470 - PhysicalMLTrainer_Drone5 - INFO - Physical ML model trained drone=5 samples=3701 degree=2 alpha=0.0 val_mse=0.001263
2026-02-14 23:01:06,471 - PhysicalMLTrainer_Drone3 - INFO - Physical ML model trained drone=3 samples=3701 degree=2 alpha=0.0 val_mse=0.000675
2026-02-14 23:01:06,472 - PhysicalMLTrainer_Drone1 - INFO - Physical ML model trained drone=1 samples=3651 degree=2 alpha=0.0 val_mse=0.000931
2026-02-14 23:01:06,550 - PhysicalMLTrainer_Drone4 - INFO - Physical ML model trained drone=4 samples=3701 degree=2 alpha=0.0 val_mse=0.000416
2026-02-14 23:01:06,551 - PhysicalMLTrainer_Drone2 - INFO - Physical ML model trained drone=2 samples=3701 degree=2 alpha=0.0 val_mse=0.000773
2026-02-14 23:01:26,617 - PhysicalMLTrainer_Drone1 - INFO - Physical ML model trained drone=1 samples=3851 degree=2 alpha=0.0 val_mse=0.000170
2026-02-14 23:01:26,620 - PhysicalMLTrainer_Drone3 - INFO - Physical ML model trained drone=3 samples=3901 degree=2 alpha=1.0 val_mse=0.000122
2026-02-14 23:01:26,620 - PhysicalMLTrainer_Drone5 - INFO - Physical ML model trained drone=5 samples=3901 degree=2 alpha=0.0 val_mse=0.000196
2026-02-14 23:01:26,687 - PhysicalMLTrainer_Drone4 - INFO - Physical ML model trained drone=4 samples=3901 degree=2 alpha=1.0 val_mse=0.000410
2026-02-14 23:01:26,688 - PhysicalMLTrainer_Drone2 - INFO - Physical ML model trained drone=2 samples=3901 degree=2 alpha=0.01 val_mse=0.000270
2026-02-14 23:01:46,758 - PhysicalMLTrainer_Drone1 - INFO - Physical ML model trained drone=1 samples=4051 degree=2 alpha=1.0 val_mse=0.000154
2026-02-14 23:01:46,761 - PhysicalMLTrainer_Drone3 - INFO - Physical ML model trained drone=3 samples=4101 degree=2 alpha=1.0 val_mse=0.000238
2026-02-14 23:01:46,761 - PhysicalMLTrainer_Drone5 - INFO - Physical ML model trained drone=5 samples=4101 degree=2 alpha=1.0 val_mse=0.000142
2026-02-14 23:01:46,829 - PhysicalMLTrainer_Drone4 - INFO - Physical ML model trained drone=4 samples=4101 degree=2 alpha=1.0 val_mse=0.000320
2026-02-14 23:01:46,830 - PhysicalMLTrainer_Drone2 - INFO - Physical ML model trained drone=2 samples=4101 degree=2 alpha=0.1 val_mse=0.000405
2026-02-14 23:01:50,986 - Drone_3 - INFO - Drone 3: Reached home position
2026-02-14 23:01:50,987 - Drone_3 - INFO - Drone 3: Landing initiated
2026-02-14 23:01:51,083 - Drone_1 - INFO - Drone 1: Reached home position
2026-02-14 23:01:51,084 - Drone_1 - INFO - Drone 1: Landing initiated
2026-02-14 23:01:51,087 - Drone_5 - INFO - Drone 5: Reached home position
2026-02-14 23:01:51,088 - Drone_5 - INFO - Drone 5: Landing initiated
2026-02-14 23:01:51,161 - Drone_4 - INFO - Drone 4: Reached home position
2026-02-14 23:01:51,161 - Drone_4 - INFO - Drone 4: Landing initiated
2026-02-14 23:01:51,490 - Drone_3 - INFO - Drone 3: Landed safely
2026-02-14 23:01:51,492 - DroneStateManager - INFO - Drone 3 state transition RETURNING_HOME -> IDLE
2026-02-14 23:01:51,588 - Drone_1 - INFO - Drone 1: Landed safely
2026-02-14 23:01:51,592 - Drone_5 - INFO - Drone 5: Landed safely
2026-02-14 23:01:51,665 - Drone_4 - INFO - Drone 4: Landed safely
2026-02-14 23:01:52,493 - DroneStateManager - INFO - Drone 1 state transition RETURNING_HOME -> IDLE
2026-02-14 23:01:52,494 - DroneStateManager - INFO - Drone 4 state transition RETURNING_HOME -> IDLE
2026-02-14 23:01:52,494 - DroneStateManager - INFO - Drone 5 state transition RETURNING_HOME -> IDLE
2026-02-14 23:02:06,915 - PhysicalMLTrainer_Drone3 - INFO - Physical ML model trained drone=3 samples=4301 degree=2 alpha=0.0 val_mse=0.000200
2026-02-14 23:02:06,915 - PhysicalMLTrainer_Drone5 - INFO - Physical ML model trained drone=5 samples=4301 degree=2 alpha=1.0 val_mse=0.000175
2026-02-14 23:02:06,916 - PhysicalMLTrainer_Drone1 - INFO - Physical ML model trained drone=1 samples=4251 degree=2 alpha=0.0 val_mse=0.000173
2026-02-14 23:02:06,982 - PhysicalMLTrainer_Drone4 - INFO - Physical ML model trained drone=4 samples=4301 degree=2 alpha=1.0 val_mse=0.000220
2026-02-14 23:02:06,983 - PhysicalMLTrainer_Drone2 - INFO - Physical ML model trained drone=2 samples=4301 degree=2 alpha=1.0 val_mse=0.000397
2026-02-14 23:02:27,062 - PhysicalMLTrainer_Drone1 - INFO - Physical ML model trained drone=1 samples=4451 degree=2 alpha=0.0 val_mse=0.000107
2026-02-14 23:02:27,063 - PhysicalMLTrainer_Drone3 - INFO - Physical ML model trained drone=3 samples=4501 degree=2 alpha=0.0 val_mse=0.000145
2026-02-14 23:02:27,065 - PhysicalMLTrainer_Drone5 - INFO - Physical ML model trained drone=5 samples=4501 degree=2 alpha=0.1 val_mse=0.000143
2026-02-14 23:02:27,126 - PhysicalMLTrainer_Drone4 - INFO - Physical ML model trained drone=4 samples=4501 degree=2 alpha=0.1 val_mse=0.000150
2026-02-14 23:02:27,126 - PhysicalMLTrainer_Drone2 - INFO - Physical ML model trained drone=2 samples=4501 degree=2 alpha=1.0 val_mse=0.000225
2026-02-14 23:02:47,215 - PhysicalMLTrainer_Drone3 - INFO - Physical ML model trained drone=3 samples=4701 degree=2 alpha=0.01 val_mse=0.000103
2026-02-14 23:02:47,215 - PhysicalMLTrainer_Drone1 - INFO - Physical ML model trained drone=1 samples=4651 degree=2 alpha=0.0 val_mse=0.000070
2026-02-14 23:02:47,216 - PhysicalMLTrainer_Drone5 - INFO - Physical ML model trained drone=5 samples=4701 degree=2 alpha=0.1 val_mse=0.000099
2026-02-14 23:02:47,264 - PhysicalMLTrainer_Drone2 - INFO - Physical ML model trained drone=2 samples=4701 degree=2 alpha=0.0 val_mse=0.000098
2026-02-14 23:02:47,265 - PhysicalMLTrainer_Drone4 - INFO - Physical ML model trained drone=4 samples=4701 degree=2 alpha=0.0 val_mse=0.000094
2026-02-14 23:03:07,364 - PhysicalMLTrainer_Drone1 - INFO - Physical ML model trained drone=1 samples=4851 degree=2 alpha=0.0 val_mse=0.000044
2026-02-14 23:03:07,365 - PhysicalMLTrainer_Drone5 - INFO - Physical ML model trained drone=5 samples=4901 degree=2 alpha=0.1 val_mse=0.000068
2026-02-14 23:03:07,367 - PhysicalMLTrainer_Drone3 - INFO - Physical ML model trained drone=3 samples=4901 degree=2 alpha=0.1 val_mse=0.000067
2026-02-14 23:03:07,404 - PhysicalMLTrainer_Drone4 - INFO - Physical ML model trained drone=4 samples=4901 degree=2 alpha=0.0 val_mse=0.000057
2026-02-14 23:03:07,408 - PhysicalMLTrainer_Drone2 - INFO - Physical ML model trained drone=2 samples=4901 degree=2 alpha=0.0 val_mse=0.000064
2026-02-14 23:03:27,516 - PhysicalMLTrainer_Drone5 - INFO - Physical ML model trained drone=5 samples=5101 degree=2 alpha=0.1 val_mse=0.000043
2026-02-14 23:03:27,517 - PhysicalMLTrainer_Drone3 - INFO - Physical ML model trained drone=3 samples=5101 degree=2 alpha=0.1 val_mse=0.000036
2026-02-14 23:03:27,517 - PhysicalMLTrainer_Drone1 - INFO - Physical ML model trained drone=1 samples=5051 degree=2 alpha=0.0 val_mse=0.000027
2026-02-14 23:03:27,552 - PhysicalMLTrainer_Drone4 - INFO - Physical ML model trained drone=4 samples=5101 degree=2 alpha=0.0 val_mse=0.000034
2026-02-14 23:03:27,553 - PhysicalMLTrainer_Drone2 - INFO - Physical ML model trained drone=2 samples=5101 degree=2 alpha=0.0 val_mse=0.000054
2026-02-14 23:03:47,708 - PhysicalMLTrainer_Drone1 - INFO - Physical ML model trained drone=1 samples=5251 degree=2 alpha=0.0 val_mse=0.000001
2026-02-14 23:03:47,711 - PhysicalMLTrainer_Drone5 - INFO - Physical ML model trained drone=5 samples=5301 degree=2 alpha=0.1 val_mse=0.000005
2026-02-14 23:03:47,712 - PhysicalMLTrainer_Drone3 - INFO - Physical ML model trained drone=3 samples=5301 degree=2 alpha=0.1 val_mse=0.000004
2026-02-14 23:03:47,718 - PhysicalMLTrainer_Drone2 - INFO - Physical ML model trained drone=2 samples=5301 degree=2 alpha=0.0 val_mse=0.000014
2026-02-14 23:03:47,719 - PhysicalMLTrainer_Drone4 - INFO - Physical ML model trained drone=4 samples=5301 degree=2 alpha=0.0 val_mse=0.000003
2026-02-14 23:04:07,871 - PhysicalMLTrainer_Drone3 - INFO - Physical ML model trained drone=3 samples=5501 degree=2 alpha=0.1 val_mse=0.000001
2026-02-14 23:04:07,871 - PhysicalMLTrainer_Drone1 - INFO - Physical ML model trained drone=1 samples=5451 degree=2 alpha=0.0 val_mse=0.000000
2026-02-14 23:04:07,874 - PhysicalMLTrainer_Drone2 - INFO - Physical ML model trained drone=2 samples=5501 degree=2 alpha=0.0 val_mse=0.000006
2026-02-14 23:04:07,876 - PhysicalMLTrainer_Drone5 - INFO - Physical ML model trained drone=5 samples=5501 degree=2 alpha=0.1 val_mse=0.000002
2026-02-14 23:04:07,876 - PhysicalMLTrainer_Drone4 - INFO - Physical ML model trained drone=4 samples=5501 degree=2 alpha=0.0 val_mse=0.000001
2026-02-14 23:04:28,045 - PhysicalMLTrainer_Drone1 - INFO - Physical ML model trained drone=1 samples=5651 degree=2 alpha=0.0 val_mse=0.000000
2026-02-14 23:04:28,045 - PhysicalMLTrainer_Drone2 - INFO - Physical ML model trained drone=2 samples=5701 degree=2 alpha=0.0 val_mse=0.000004
2026-02-14 23:04:28,046 - PhysicalMLTrainer_Drone3 - INFO - Physical ML model trained drone=3 samples=5701 degree=2 alpha=0.1 val_mse=0.000001
2026-02-14 23:04:28,046 - PhysicalMLTrainer_Drone4 - INFO - Physical ML model trained drone=4 samples=5701 degree=2 alpha=0.0 val_mse=0.000000
2026-02-14 23:04:28,047 - PhysicalMLTrainer_Drone5 - INFO - Physical ML model trained drone=5 samples=5701 degree=2 alpha=0.1 val_mse=0.000001
2026-02-14 23:04:48,233 - PhysicalMLTrainer_Drone3 - INFO - Physical ML model trained drone=3 samples=5901 degree=2 alpha=0.1 val_mse=0.000000
2026-02-14 23:04:48,233 - PhysicalMLTrainer_Drone5 - INFO - Physical ML model trained drone=5 samples=5901 degree=2 alpha=0.1 val_mse=0.000000
2026-02-14 23:04:48,234 - PhysicalMLTrainer_Drone4 - INFO - Physical ML model trained drone=4 samples=5901 degree=2 alpha=0.0 val_mse=0.000000
2026-02-14 23:04:48,235 - PhysicalMLTrainer_Drone2 - INFO - Physical ML model trained drone=2 samples=5901 degree=2 alpha=0.0 val_mse=0.000004
2026-02-14 23:04:48,235 - PhysicalMLTrainer_Drone1 - INFO - Physical ML model trained drone=1 samples=5851 degree=2 alpha=0.0 val_mse=0.000000
2026-02-14 23:05:08,397 - PhysicalMLTrainer_Drone5 - INFO - Physical ML model trained drone=5 samples=6101 degree=2 alpha=0.1 val_mse=0.000000
2026-02-14 23:05:08,399 - PhysicalMLTrainer_Drone2 - INFO - Physical ML model trained drone=2 samples=6101 degree=2 alpha=0.0 val_mse=0.000004
2026-02-14 23:05:08,400 - PhysicalMLTrainer_Drone4 - INFO - Physical ML model trained drone=4 samples=6101 degree=2 alpha=0.0 val_mse=0.000000
2026-02-14 23:05:08,400 - PhysicalMLTrainer_Drone1 - INFO - Physical ML model trained drone=1 samples=6051 degree=2 alpha=0.0 val_mse=0.000000
2026-02-14 23:05:08,401 - PhysicalMLTrainer_Drone3 - INFO - Physical ML model trained drone=3 samples=6101 degree=2 alpha=0.1 val_mse=0.000000
2026-02-14 23:05:28,590 - PhysicalMLTrainer_Drone1 - INFO - Physical ML model trained drone=1 samples=6251 degree=2 alpha=0.0 val_mse=0.000000
2026-02-14 23:05:28,591 - PhysicalMLTrainer_Drone4 - INFO - Physical ML model trained drone=4 samples=6301 degree=2 alpha=0.0 val_mse=0.000000
2026-02-14 23:05:28,591 - PhysicalMLTrainer_Drone3 - INFO - Physical ML model trained drone=3 samples=6301 degree=2 alpha=0.1 val_mse=0.000000
2026-02-14 23:05:28,592 - PhysicalMLTrainer_Drone2 - INFO - Physical ML model trained drone=2 samples=6301 degree=2 alpha=0.0 val_mse=0.000005
2026-02-14 23:05:28,593 - PhysicalMLTrainer_Drone5 - INFO - Physical ML model trained drone=5 samples=6301 degree=2 alpha=0.1 val_mse=0.000000
2026-02-14 23:05:48,764 - PhysicalMLTrainer_Drone1 - INFO - Physical ML model trained drone=1 samples=6451 degree=2 alpha=0.0 val_mse=0.000000
2026-02-14 23:05:48,776 - PhysicalMLTrainer_Drone4 - INFO - Physical ML model trained drone=4 samples=6501 degree=2 alpha=0.0 val_mse=0.000000
2026-02-14 23:05:48,776 - PhysicalMLTrainer_Drone3 - INFO - Physical ML model trained drone=3 samples=6501 degree=2 alpha=0.1 val_mse=0.000000
2026-02-14 23:05:48,778 - PhysicalMLTrainer_Drone2 - INFO - Physical ML model trained drone=2 samples=6501 degree=2 alpha=0.0 val_mse=0.000005
2026-02-14 23:05:48,780 - PhysicalMLTrainer_Drone5 - INFO - Physical ML model trained drone=5 samples=6501 degree=2 alpha=0.1 val_mse=0.000000
2026-02-14 23:06:08,926 - PhysicalMLTrainer_Drone1 - INFO - Physical ML model trained drone=1 samples=6651 degree=2 alpha=0.0 val_mse=0.000000
2026-02-14 23:06:08,944 - PhysicalMLTrainer_Drone2 - INFO - Physical ML model trained drone=2 samples=6701 degree=2 alpha=0.0 val_mse=0.000005
2026-02-14 23:06:08,948 - PhysicalMLTrainer_Drone4 - INFO - Physical ML model trained drone=4 samples=6701 degree=2 alpha=0.0 val_mse=0.000000
2026-02-14 23:06:08,948 - PhysicalMLTrainer_Drone3 - INFO - Physical ML model trained drone=3 samples=6701 degree=2 alpha=0.1 val_mse=0.000000
2026-02-14 23:06:08,948 - PhysicalMLTrainer_Drone5 - INFO - Physical ML model trained drone=5 samples=6701 degree=2 alpha=0.1 val_mse=0.000000
2026-02-14 23:06:29,119 - PhysicalMLTrainer_Drone1 - INFO - Physical ML model trained drone=1 samples=6851 degree=2 alpha=0.0 val_mse=0.000000
2026-02-14 23:06:29,129 - PhysicalMLTrainer_Drone5 - INFO - Physical ML model trained drone=5 samples=6901 degree=2 alpha=0.1 val_mse=0.000000
2026-02-14 23:06:29,129 - PhysicalMLTrainer_Drone2 - INFO - Physical ML model trained drone=2 samples=6901 degree=2 alpha=0.0 val_mse=0.000006
2026-02-14 23:06:29,130 - PhysicalMLTrainer_Drone3 - INFO - Physical ML model trained drone=3 samples=6901 degree=2 alpha=0.1 val_mse=0.000000
2026-02-14 23:06:29,131 - PhysicalMLTrainer_Drone4 - INFO - Physical ML model trained drone=4 samples=6901 degree=2 alpha=0.0 val_mse=0.000000
2026-02-14 23:06:49,299 - PhysicalMLTrainer_Drone3 - INFO - Physical ML model trained drone=3 samples=7101 degree=2 alpha=0.1 val_mse=0.000000
2026-02-14 23:06:49,300 - PhysicalMLTrainer_Drone1 - INFO - Physical ML model trained drone=1 samples=7051 degree=2 alpha=0.0 val_mse=0.000000
2026-02-14 23:06:49,302 - PhysicalMLTrainer_Drone2 - INFO - Physical ML model trained drone=2 samples=7101 degree=2 alpha=0.0 val_mse=0.000006
2026-02-14 23:06:49,307 - PhysicalMLTrainer_Drone4 - INFO - Physical ML model trained drone=4 samples=7101 degree=2 alpha=0.0 val_mse=0.000000
2026-02-14 23:06:49,307 - PhysicalMLTrainer_Drone5 - INFO - Physical ML model trained drone=5 samples=7101 degree=2 alpha=0.1 val_mse=0.000000
2026-02-14 23:07:09,490 - PhysicalMLTrainer_Drone5 - INFO - Physical ML model trained drone=5 samples=7301 degree=2 alpha=0.1 val_mse=0.000000
2026-02-14 23:07:09,492 - PhysicalMLTrainer_Drone1 - INFO - Physical ML model trained drone=1 samples=7251 degree=2 alpha=0.0 val_mse=0.000000
2026-02-14 23:07:09,493 - PhysicalMLTrainer_Drone2 - INFO - Physical ML model trained drone=2 samples=7301 degree=2 alpha=0.0 val_mse=0.000007
2026-02-14 23:07:09,494 - PhysicalMLTrainer_Drone3 - INFO - Physical ML model trained drone=3 samples=7301 degree=2 alpha=0.1 val_mse=0.000000
2026-02-14 23:07:09,495 - PhysicalMLTrainer_Drone4 - INFO - Physical ML model trained drone=4 samples=7301 degree=2 alpha=0.0 val_mse=0.000000
2026-02-14 23:07:29,673 - PhysicalMLTrainer_Drone5 - INFO - Physical ML model trained drone=5 samples=7501 degree=2 alpha=0.1 val_mse=0.000000
2026-02-14 23:07:29,675 - PhysicalMLTrainer_Drone3 - INFO - Physical ML model trained drone=3 samples=7501 degree=2 alpha=0.1 val_mse=0.000000
2026-02-14 23:07:29,676 - PhysicalMLTrainer_Drone2 - INFO - Physical ML model trained drone=2 samples=7501 degree=2 alpha=0.0 val_mse=0.000007
2026-02-14 23:07:29,676 - PhysicalMLTrainer_Drone4 - INFO - Physical ML model trained drone=4 samples=7501 degree=2 alpha=0.0 val_mse=0.000000
2026-02-14 23:07:29,678 - PhysicalMLTrainer_Drone1 - INFO - Physical ML model trained drone=1 samples=7451 degree=2 alpha=0.0 val_mse=0.000000
2026-02-14 23:07:49,867 - PhysicalMLTrainer_Drone1 - INFO - Physical ML model trained drone=1 samples=7651 degree=2 alpha=0.0 val_mse=0.000000
2026-02-14 23:07:49,868 - PhysicalMLTrainer_Drone4 - INFO - Physical ML model trained drone=4 samples=7701 degree=2 alpha=0.0 val_mse=0.000000
2026-02-14 23:07:49,871 - PhysicalMLTrainer_Drone5 - INFO - Physical ML model trained drone=5 samples=7701 degree=2 alpha=0.1 val_mse=0.000000
2026-02-14 23:07:49,871 - PhysicalMLTrainer_Drone2 - INFO - Physical ML model trained drone=2 samples=7701 degree=2 alpha=0.0 val_mse=0.000007
2026-02-14 23:07:49,872 - PhysicalMLTrainer_Drone3 - INFO - Physical ML model trained drone=3 samples=7701 degree=2 alpha=0.1 val_mse=0.000000
2026-02-14 23:08:10,055 - PhysicalMLTrainer_Drone3 - INFO - Physical ML model trained drone=3 samples=7901 degree=2 alpha=0.1 val_mse=0.000000
2026-02-14 23:08:10,057 - PhysicalMLTrainer_Drone1 - INFO - Physical ML model trained drone=1 samples=7851 degree=2 alpha=0.0 val_mse=0.000000
2026-02-14 23:08:10,058 - PhysicalMLTrainer_Drone2 - INFO - Physical ML model trained drone=2 samples=7901 degree=2 alpha=0.0 val_mse=0.000007
2026-02-14 23:08:10,060 - PhysicalMLTrainer_Drone5 - INFO - Physical ML model trained drone=5 samples=7901 degree=2 alpha=0.1 val_mse=0.000000
2026-02-14 23:08:10,060 - PhysicalMLTrainer_Drone4 - INFO - Physical ML model trained drone=4 samples=7901 degree=2 alpha=0.0 val_mse=0.000000
2026-02-14 23:08:30,250 - PhysicalMLTrainer_Drone4 - INFO - Physical ML model trained drone=4 samples=8101 degree=2 alpha=0.0 val_mse=0.000000
2026-02-14 23:08:30,252 - PhysicalMLTrainer_Drone3 - INFO - Physical ML model trained drone=3 samples=8101 degree=2 alpha=0.1 val_mse=0.000000
2026-02-14 23:08:30,253 - PhysicalMLTrainer_Drone5 - INFO - Physical ML model trained drone=5 samples=8101 degree=2 alpha=0.1 val_mse=0.000000
2026-02-14 23:08:30,253 - PhysicalMLTrainer_Drone1 - INFO - Physical ML model trained drone=1 samples=8051 degree=2 alpha=0.0 val_mse=0.000000
2026-02-14 23:08:30,253 - PhysicalMLTrainer_Drone2 - INFO - Physical ML model trained drone=2 samples=8101 degree=2 alpha=0.0 val_mse=0.000007
2026-02-14 23:08:50,453 - PhysicalMLTrainer_Drone4 - INFO - Physical ML model trained drone=4 samples=8301 degree=2 alpha=0.0 val_mse=0.000000
2026-02-14 23:08:50,456 - PhysicalMLTrainer_Drone5 - INFO - Physical ML model trained drone=5 samples=8301 degree=2 alpha=0.1 val_mse=0.000000
2026-02-14 23:08:50,458 - PhysicalMLTrainer_Drone1 - INFO - Physical ML model trained drone=1 samples=8251 degree=2 alpha=0.0 val_mse=0.000000
2026-02-14 23:08:50,459 - PhysicalMLTrainer_Drone3 - INFO - Physical ML model trained drone=3 samples=8301 degree=2 alpha=0.1 val_mse=0.000000
2026-02-14 23:08:50,460 - PhysicalMLTrainer_Drone2 - INFO - Physical ML model trained drone=2 samples=8301 degree=2 alpha=0.0 val_mse=0.000008
2026-02-14 23:09:10,677 - PhysicalMLTrainer_Drone4 - INFO - Physical ML model trained drone=4 samples=8501 degree=2 alpha=0.0 val_mse=0.000000
2026-02-14 23:09:10,679 - PhysicalMLTrainer_Drone2 - INFO - Physical ML model trained drone=2 samples=8501 degree=2 alpha=0.0 val_mse=0.000008
2026-02-14 23:09:10,682 - PhysicalMLTrainer_Drone3 - INFO - Physical ML model trained drone=3 samples=8501 degree=2 alpha=0.1 val_mse=0.000000
2026-02-14 23:09:10,682 - PhysicalMLTrainer_Drone1 - INFO - Physical ML model trained drone=1 samples=8451 degree=2 alpha=0.0 val_mse=0.000000
2026-02-14 23:09:10,682 - PhysicalMLTrainer_Drone5 - INFO - Physical ML model trained drone=5 samples=8501 degree=2 alpha=0.1 val_mse=0.000000
2026-02-14 23:09:30,874 - PhysicalMLTrainer_Drone4 - INFO - Physical ML model trained drone=4 samples=8701 degree=2 alpha=0.0 val_mse=0.000000
2026-02-14 23:09:30,876 - PhysicalMLTrainer_Drone2 - INFO - Physical ML model trained drone=2 samples=8701 degree=2 alpha=0.0 val_mse=0.000008
2026-02-14 23:09:30,876 - PhysicalMLTrainer_Drone5 - INFO - Physical ML model trained drone=5 samples=8701 degree=2 alpha=0.1 val_mse=0.000000
2026-02-14 23:09:30,879 - PhysicalMLTrainer_Drone1 - INFO - Physical ML model trained drone=1 samples=8651 degree=2 alpha=0.0 val_mse=0.000000
2026-02-14 23:09:30,879 - PhysicalMLTrainer_Drone3 - INFO - Physical ML model trained drone=3 samples=8701 degree=2 alpha=1.0 val_mse=0.000000
2026-02-14 23:09:51,138 - PhysicalMLTrainer_Drone5 - INFO - Physical ML model trained drone=5 samples=8901 degree=2 alpha=0.1 val_mse=0.000000
2026-02-14 23:09:51,139 - PhysicalMLTrainer_Drone3 - INFO - Physical ML model trained drone=3 samples=8901 degree=2 alpha=1.0 val_mse=0.000000
2026-02-14 23:09:51,139 - PhysicalMLTrainer_Drone4 - INFO - Physical ML model trained drone=4 samples=8901 degree=2 alpha=0.0 val_mse=0.000000
2026-02-14 23:09:51,141 - PhysicalMLTrainer_Drone1 - INFO - Physical ML model trained drone=1 samples=8851 degree=2 alpha=0.0 val_mse=0.000000
2026-02-14 23:09:51,142 - PhysicalMLTrainer_Drone2 - INFO - Physical ML model trained drone=2 samples=8901 degree=2 alpha=0.0 val_mse=0.000007
2026-02-14 23:10:11,340 - PhysicalMLTrainer_Drone2 - INFO - Physical ML model trained drone=2 samples=9101 degree=2 alpha=0.0 val_mse=0.000007
2026-02-14 23:10:11,341 - PhysicalMLTrainer_Drone5 - INFO - Physical ML model trained drone=5 samples=9101 degree=2 alpha=0.1 val_mse=0.000000
2026-02-14 23:10:11,342 - PhysicalMLTrainer_Drone1 - INFO - Physical ML model trained drone=1 samples=9051 degree=2 alpha=0.0 val_mse=0.000000
2026-02-14 23:10:11,342 - PhysicalMLTrainer_Drone4 - INFO - Physical ML model trained drone=4 samples=9101 degree=2 alpha=0.0 val_mse=0.000000
2026-02-14 23:10:11,345 - PhysicalMLTrainer_Drone3 - INFO - Physical ML model trained drone=3 samples=9101 degree=2 alpha=1.0 val_mse=0.000000
2026-02-14 23:10:31,548 - PhysicalMLTrainer_Drone1 - INFO - Physical ML model trained drone=1 samples=9251 degree=2 alpha=0.0 val_mse=0.000000
2026-02-14 23:10:31,549 - PhysicalMLTrainer_Drone5 - INFO - Physical ML model trained drone=5 samples=9301 degree=2 alpha=0.1 val_mse=0.000000
2026-02-14 23:10:31,549 - PhysicalMLTrainer_Drone4 - INFO - Physical ML model trained drone=4 samples=9301 degree=2 alpha=0.0 val_mse=0.000000
2026-02-14 23:10:31,550 - PhysicalMLTrainer_Drone3 - INFO - Physical ML model trained drone=3 samples=9301 degree=2 alpha=1.0 val_mse=0.000000
2026-02-14 23:10:31,551 - PhysicalMLTrainer_Drone2 - INFO - Physical ML model trained drone=2 samples=9301 degree=2 alpha=0.0 val_mse=0.000007
2026-02-14 23:10:51,757 - PhysicalMLTrainer_Drone3 - INFO - Physical ML model trained drone=3 samples=9501 degree=2 alpha=1.0 val_mse=0.000000
2026-02-14 23:10:51,758 - PhysicalMLTrainer_Drone1 - INFO - Physical ML model trained drone=1 samples=9451 degree=2 alpha=0.0 val_mse=0.000000
2026-02-14 23:10:51,763 - PhysicalMLTrainer_Drone4 - INFO - Physical ML model trained drone=4 samples=9501 degree=2 alpha=0.0 val_mse=0.000000
2026-02-14 23:10:51,763 - PhysicalMLTrainer_Drone5 - INFO - Physical ML model trained drone=5 samples=9501 degree=2 alpha=0.1 val_mse=0.000000
2026-02-14 23:10:51,766 - PhysicalMLTrainer_Drone2 - INFO - Physical ML model trained drone=2 samples=9501 degree=2 alpha=0.0 val_mse=0.000007
2026-02-14 23:11:11,987 - PhysicalMLTrainer_Drone4 - INFO - Physical ML model trained drone=4 samples=9701 degree=2 alpha=0.0 val_mse=0.000000
2026-02-14 23:11:11,988 - PhysicalMLTrainer_Drone1 - INFO - Physical ML model trained drone=1 samples=9651 degree=2 alpha=0.0 val_mse=0.000000
2026-02-14 23:11:11,990 - PhysicalMLTrainer_Drone2 - INFO - Physical ML model trained drone=2 samples=9701 degree=2 alpha=0.0 val_mse=0.000007
2026-02-14 23:11:11,990 - PhysicalMLTrainer_Drone5 - INFO - Physical ML model trained drone=5 samples=9701 degree=2 alpha=0.1 val_mse=0.000000
2026-02-14 23:11:11,991 - PhysicalMLTrainer_Drone3 - INFO - Physical ML model trained drone=3 samples=9701 degree=2 alpha=1.0 val_mse=0.000000
2026-02-14 23:11:32,225 - PhysicalMLTrainer_Drone3 - INFO - Physical ML model trained drone=3 samples=9901 degree=2 alpha=1.0 val_mse=0.000000
2026-02-14 23:11:32,230 - PhysicalMLTrainer_Drone2 - INFO - Physical ML model trained drone=2 samples=9901 degree=2 alpha=0.0 val_mse=0.000006
2026-02-14 23:11:32,232 - PhysicalMLTrainer_Drone1 - INFO - Physical ML model trained drone=1 samples=9851 degree=2 alpha=0.0 val_mse=0.000000
2026-02-14 23:11:32,232 - PhysicalMLTrainer_Drone4 - INFO - Physical ML model trained drone=4 samples=9901 degree=2 alpha=0.0 val_mse=0.000000
2026-02-14 23:11:32,233 - PhysicalMLTrainer_Drone5 - INFO - Physical ML model trained drone=5 samples=9901 degree=2 alpha=0.1 val_mse=0.000000
2026-02-14 23:29:13,626 - Drone_1 - INFO - Drone 1 stopped
2026-02-14 23:29:13,726 - Drone_2 - INFO - Drone 2 stopped
2026-02-14 23:29:13,764 - Drone_3 - INFO - Drone 3 stopped
2026-02-14 23:29:13,830 - Drone_4 - INFO - Drone 4 stopped
2026-02-14 23:29:13,929 - Drone_5 - INFO - Drone 5 stopped
2026-02-14 23:29:13,931 - Main - INFO - System shutdown complete
