2026-02-12 02:16:59,794 - Main - INFO - Starting Drone Swarm Management System
2026-02-12 02:16:59,795 - SwarmManager - INFO - Swarm Manager initialized
2026-02-12 02:16:59,796 - MLDecisionSupport_Drone1 - INFO - ML Decision Support initialized
2026-02-12 02:16:59,805 - Drone_1 - INFO - Drone 1: Personal ML system initialized
2026-02-12 02:16:59,805 - Drone_1 - INFO - Drone 1 initialized at {'x': 0, 'y': 0, 'z': 0}
2026-02-12 02:16:59,806 - Drone_1 - INFO - Drone 1 started
2026-02-12 02:16:59,807 - SwarmManager - INFO - Drone 1 added to swarm
2026-02-12 02:16:59,807 - SwarmManager - INFO - Starting leader election...
2026-02-12 02:16:59,809 - SwarmManager - INFO -   Drone 1: suitability score = 100.00
2026-02-12 02:16:59,809 - Drone_1 - INFO - Drone 1: Role changed from follower to leader
2026-02-12 02:16:59,814 - MLDecisionSupport_Drone2 - INFO - ML Decision Support initialized
2026-02-12 02:16:59,817 - Drone_2 - INFO - Drone 2: Personal ML system initialized
2026-02-12 02:16:59,818 - Drone_2 - INFO - Drone 2 initialized at {'x': 1200, 'y': 300, 'z': 0}
2026-02-12 02:16:59,818 - Drone_2 - INFO - Drone 2 started
2026-02-12 02:16:59,818 - SwarmManager - INFO - Drone 2 added to swarm
2026-02-12 02:16:59,819 - MLDecisionSupport_Drone3 - INFO - ML Decision Support initialized
2026-02-12 02:16:59,820 - Drone_3 - INFO - Drone 3: Personal ML system initialized
2026-02-12 02:16:59,821 - Drone_3 - INFO - Drone 3 initialized at {'x': -1400, 'y': -500, 'z': 0}
2026-02-12 02:16:59,821 - Drone_3 - INFO - Drone 3 started
2026-02-12 02:16:59,821 - SwarmManager - INFO - Drone 3 added to swarm
2026-02-12 02:16:59,822 - MLDecisionSupport_Drone4 - INFO - ML Decision Support initialized
2026-02-12 02:16:59,823 - Drone_4 - INFO - Drone 4: Personal ML system initialized
2026-02-12 02:16:59,823 - Drone_4 - INFO - Drone 4 initialized at {'x': 800, 'y': -1500, 'z': 0}
2026-02-12 02:16:59,824 - Drone_4 - INFO - Drone 4 started
2026-02-12 02:16:59,824 - SwarmManager - INFO - Drone 4 added to swarm
2026-02-12 02:16:59,825 - MLDecisionSupport_Drone5 - INFO - ML Decision Support initialized
2026-02-12 02:16:59,826 - Drone_5 - INFO - Drone 5: Personal ML system initialized
2026-02-12 02:16:59,826 - Drone_5 - INFO - Drone 5 initialized at {'x': -900, 'y': 1600, 'z': 0}
2026-02-12 02:16:59,827 - Drone_5 - INFO - Drone 5 started
2026-02-12 02:16:59,827 - SwarmManager - INFO - Drone 5 added to swarm
2026-02-12 02:16:59,828 - SwarmManager - INFO - Swarm monitoring started
2026-02-12 02:16:59,828 - Main - INFO - Swarm created with 5 drones
2026-02-12 02:16:59,828 - Main - INFO - Leader elected: Drone 1
2026-02-12 02:16:59,828 - Main - INFO - Starting GUI...
2026-02-12 02:17:19,889 - PhysicalMLTrainer_Drone4 - INFO - Physical ML model trained for drone=4 samples=200
2026-02-12 02:17:19,889 - PhysicalMLTrainer_Drone5 - INFO - Physical ML model trained for drone=5 samples=200
2026-02-12 02:17:19,889 - PhysicalMLTrainer_Drone2 - INFO - Physical ML model trained for drone=2 samples=200
2026-02-12 02:17:19,889 - PhysicalMLTrainer_Drone1 - INFO - Physical ML model trained for drone=1 samples=200
2026-02-12 02:17:19,890 - PhysicalMLTrainer_Drone3 - INFO - Physical ML model trained for drone=3 samples=200
2026-02-12 02:17:40,007 - PhysicalMLTrainer_Drone3 - INFO - Physical ML model trained for drone=3 samples=400
2026-02-12 02:17:40,008 - PhysicalMLTrainer_Drone2 - INFO - Physical ML model trained for drone=2 samples=400
2026-02-12 02:17:40,013 - PhysicalMLTrainer_Drone5 - INFO - Physical ML model trained for drone=5 samples=400
2026-02-12 02:17:40,017 - PhysicalMLTrainer_Drone1 - INFO - Physical ML model trained for drone=1 samples=400
2026-02-12 02:17:40,026 - PhysicalMLTrainer_Drone4 - INFO - Physical ML model trained for drone=4 samples=400
2026-02-12 02:18:00,120 - PhysicalMLTrainer_Drone3 - INFO - Physical ML model trained for drone=3 samples=600
2026-02-12 02:18:00,120 - PhysicalMLTrainer_Drone5 - INFO - Physical ML model trained for drone=5 samples=600
2026-02-12 02:18:00,127 - PhysicalMLTrainer_Drone2 - INFO - Physical ML model trained for drone=2 samples=600
2026-02-12 02:18:00,139 - PhysicalMLTrainer_Drone1 - INFO - Physical ML model trained for drone=1 samples=600
2026-02-12 02:18:00,139 - PhysicalMLTrainer_Drone4 - INFO - Physical ML model trained for drone=4 samples=600
2026-02-12 02:18:20,239 - PhysicalMLTrainer_Drone2 - INFO - Physical ML model trained for drone=2 samples=800
2026-02-12 02:18:20,243 - PhysicalMLTrainer_Drone3 - INFO - Physical ML model trained for drone=3 samples=800
2026-02-12 02:18:20,246 - PhysicalMLTrainer_Drone5 - INFO - Physical ML model trained for drone=5 samples=800
2026-02-12 02:18:20,259 - PhysicalMLTrainer_Drone4 - INFO - Physical ML model trained for drone=4 samples=800
2026-02-12 02:18:20,259 - PhysicalMLTrainer_Drone1 - INFO - Physical ML model trained for drone=1 samples=800
2026-02-12 02:18:40,369 - PhysicalMLTrainer_Drone5 - INFO - Physical ML model trained for drone=5 samples=1000
2026-02-12 02:18:40,371 - PhysicalMLTrainer_Drone2 - INFO - Physical ML model trained for drone=2 samples=1000
2026-02-12 02:18:40,372 - PhysicalMLTrainer_Drone4 - INFO - Physical ML model trained for drone=4 samples=1000
2026-02-12 02:18:40,372 - PhysicalMLTrainer_Drone3 - INFO - Physical ML model trained for drone=3 samples=1000
2026-02-12 02:18:40,372 - PhysicalMLTrainer_Drone1 - INFO - Physical ML model trained for drone=1 samples=1000
2026-02-12 02:19:00,484 - PhysicalMLTrainer_Drone1 - INFO - Physical ML model trained for drone=1 samples=1200
2026-02-12 02:19:00,485 - PhysicalMLTrainer_Drone4 - INFO - Physical ML model trained for drone=4 samples=1200
2026-02-12 02:19:00,485 - PhysicalMLTrainer_Drone5 - INFO - Physical ML model trained for drone=5 samples=1200
2026-02-12 02:19:00,486 - PhysicalMLTrainer_Drone2 - INFO - Physical ML model trained for drone=2 samples=1200
2026-02-12 02:19:00,486 - PhysicalMLTrainer_Drone3 - INFO - Physical ML model trained for drone=3 samples=1200
2026-02-12 02:19:04,911 - Drone_1 - INFO - Drone 1 stopped
2026-02-12 02:19:05,011 - Drone_2 - INFO - Drone 2 stopped
2026-02-12 02:19:05,106 - Drone_3 - INFO - Drone 3 stopped
2026-02-12 02:19:05,208 - Drone_4 - INFO - Drone 4 stopped
2026-02-12 02:19:05,307 - Drone_5 - INFO - Drone 5 stopped
2026-02-12 02:19:05,308 - SwarmManager - INFO - Swarm monitoring stopped
2026-02-12 02:19:05,308 - Main - INFO - System shutdown complete
