2026-02-15 10:33:34,218 - Main - INFO - Starting Drone Swarm Management System
2026-02-15 10:33:34,221 - MLDecisionSupport_Drone1 - INFO - ML Decision Support initialized
2026-02-15 10:33:34,237 - PhysicalMLTrainer_Drone1 - INFO - Physical ML model trained drone=1 samples=250 degree=2 alpha=0.0 val_mse=0.000155
2026-02-15 10:33:34,237 - Drone_1 - INFO - Drone 1: bootstrap personal trainer loaded 250 rows from datasets/personal_drone_1.csv
2026-02-15 10:33:34,238 - Drone_1 - INFO - Drone 1: Personal ML system initialized
2026-02-15 10:33:34,238 - Drone_1 - INFO - Drone 1 initialized at {'x': 0, 'y': 0, 'z': 0}
2026-02-15 10:33:34,240 - Drone_1 - INFO - Drone 1 started
2026-02-15 10:33:34,241 - Drone_1 - INFO - Drone 1: Role changed from follower to leader
2026-02-15 10:33:34,243 - MLDecisionSupport_Drone2 - INFO - ML Decision Support initialized
2026-02-15 10:33:34,243 - PhysicalMLTrainer_Drone1 - INFO - Physical ML model trained drone=1 samples=251 degree=2 alpha=0.0 val_mse=0.000157
2026-02-15 10:33:34,250 - PhysicalMLTrainer_Drone2 - INFO - Physical ML model trained drone=2 samples=300 degree=2 alpha=0.1 val_mse=0.000128
2026-02-15 10:33:34,250 - Drone_2 - INFO - Drone 2: bootstrap personal trainer loaded 300 rows from datasets/personal_training.csv
2026-02-15 10:33:34,250 - Drone_2 - INFO - Drone 2: Personal ML system initialized
2026-02-15 10:33:34,250 - Drone_2 - INFO - Drone 2 initialized at {'x': 1200, 'y': 300, 'z': 0}
2026-02-15 10:33:34,251 - Drone_2 - INFO - Drone 2 started
2026-02-15 10:33:34,252 - MLDecisionSupport_Drone3 - INFO - ML Decision Support initialized
2026-02-15 10:33:34,254 - PhysicalMLTrainer_Drone2 - INFO - Physical ML model trained drone=2 samples=301 degree=2 alpha=0.1 val_mse=0.000128
2026-02-15 10:33:34,259 - PhysicalMLTrainer_Drone3 - INFO - Physical ML model trained drone=3 samples=300 degree=2 alpha=0.1 val_mse=0.000128
2026-02-15 10:33:34,259 - Drone_3 - INFO - Drone 3: bootstrap personal trainer loaded 300 rows from datasets/personal_training.csv
2026-02-15 10:33:34,259 - Drone_3 - INFO - Drone 3: Personal ML system initialized
2026-02-15 10:33:34,260 - Drone_3 - INFO - Drone 3 initialized at {'x': -1400, 'y': -500, 'z': 0}
2026-02-15 10:33:34,261 - Drone_3 - INFO - Drone 3 started
2026-02-15 10:33:34,262 - MLDecisionSupport_Drone4 - INFO - ML Decision Support initialized
2026-02-15 10:33:34,264 - PhysicalMLTrainer_Drone3 - INFO - Physical ML model trained drone=3 samples=301 degree=2 alpha=0.1 val_mse=0.000128
2026-02-15 10:33:34,269 - PhysicalMLTrainer_Drone4 - INFO - Physical ML model trained drone=4 samples=300 degree=2 alpha=0.1 val_mse=0.000128
2026-02-15 10:33:34,269 - Drone_4 - INFO - Drone 4: bootstrap personal trainer loaded 300 rows from datasets/personal_training.csv
2026-02-15 10:33:34,269 - Drone_4 - INFO - Drone 4: Personal ML system initialized
2026-02-15 10:33:34,269 - Drone_4 - INFO - Drone 4 initialized at {'x': 800, 'y': -1500, 'z': 0}
2026-02-15 10:33:34,270 - Drone_4 - INFO - Drone 4 started
2026-02-15 10:33:34,272 - MLDecisionSupport_Drone5 - INFO - ML Decision Support initialized
2026-02-15 10:33:34,272 - PhysicalMLTrainer_Drone4 - INFO - Physical ML model trained drone=4 samples=301 degree=2 alpha=0.1 val_mse=0.000128
2026-02-15 10:33:34,278 - PhysicalMLTrainer_Drone5 - INFO - Physical ML model trained drone=5 samples=300 degree=2 alpha=0.1 val_mse=0.000128
2026-02-15 10:33:34,278 - Drone_5 - INFO - Drone 5: bootstrap personal trainer loaded 300 rows from datasets/personal_training.csv
2026-02-15 10:33:34,279 - Drone_5 - INFO - Drone 5: Personal ML system initialized
2026-02-15 10:33:34,279 - Drone_5 - INFO - Drone 5 initialized at {'x': -900, 'y': 1600, 'z': 0}
2026-02-15 10:33:34,279 - Drone_5 - INFO - Drone 5 started
2026-02-15 10:33:34,281 - Main - INFO - Swarm created with 5 drones
2026-02-15 10:33:34,281 - Main - INFO - Leader elected: Drone 1
2026-02-15 10:33:34,281 - Main - INFO - Starting GUI...
2026-02-15 10:33:34,282 - PhysicalMLTrainer_Drone5 - INFO - Physical ML model trained drone=5 samples=301 degree=2 alpha=0.1 val_mse=0.000128
2026-02-15 10:33:39,544 - Drone_1 - INFO - Drone 1: Armed
2026-02-15 10:33:39,546 - Drone_2 - INFO - Drone 2: Armed
2026-02-15 10:33:39,547 - Drone_3 - INFO - Drone 3: Armed
2026-02-15 10:33:39,548 - Drone_4 - INFO - Drone 4: Armed
2026-02-15 10:33:39,549 - Drone_5 - INFO - Drone 5: Armed
2026-02-15 10:33:40,547 - Drone_1 - INFO - Drone 1: Taking off
2026-02-15 10:33:40,548 - DroneStateManager - INFO - Drone 1 state transition IDLE -> TAKEOFF
2026-02-15 10:33:40,548 - Drone_2 - INFO - Drone 2: Taking off
2026-02-15 10:33:40,549 - DroneStateManager - INFO - Drone 2 state transition IDLE -> TAKEOFF
2026-02-15 10:33:40,549 - Drone_3 - INFO - Drone 3: Taking off
2026-02-15 10:33:40,550 - DroneStateManager - INFO - Drone 3 state transition IDLE -> TAKEOFF
2026-02-15 10:33:40,550 - Drone_4 - INFO - Drone 4: Taking off
2026-02-15 10:33:40,550 - DroneStateManager - INFO - Drone 4 state transition IDLE -> TAKEOFF
2026-02-15 10:33:40,551 - Drone_5 - INFO - Drone 5: Taking off
2026-02-15 10:33:40,551 - DroneStateManager - INFO - Drone 5 state transition IDLE -> TAKEOFF
2026-02-15 10:33:43,894 - ObstacleManager - INFO - Dynamic obstacle added id=1 type=linear start=(250.0, 250.0) vel=(-6.0, 0.0)
2026-02-15 10:33:44,286 - DroneStateManager - INFO - Drone 2 state transition TAKEOFF -> WAITING_FOR_COMMAND
2026-02-15 10:33:44,287 - DroneStateManager - INFO - Drone 3 state transition TAKEOFF -> WAITING_FOR_COMMAND
2026-02-15 10:33:44,288 - DroneStateManager - INFO - Drone 4 state transition TAKEOFF -> WAITING_FOR_COMMAND
2026-02-15 10:33:44,289 - DroneStateManager - INFO - Drone 5 state transition TAKEOFF -> WAITING_FOR_COMMAND
2026-02-15 10:33:54,473 - PhysicalMLTrainer_Drone3 - INFO - Physical ML model trained drone=3 samples=501 degree=2 alpha=0.0 val_mse=0.000400
2026-02-15 10:33:54,474 - PhysicalMLTrainer_Drone4 - INFO - Physical ML model trained drone=4 samples=501 degree=2 alpha=0.0 val_mse=0.000400
2026-02-15 10:33:54,473 - PhysicalMLTrainer_Drone1 - INFO - Physical ML model trained drone=1 samples=451 degree=2 alpha=0.0 val_mse=0.000257
2026-02-15 10:33:54,474 - PhysicalMLTrainer_Drone2 - INFO - Physical ML model trained drone=2 samples=501 degree=2 alpha=0.0 val_mse=0.000400
2026-02-15 10:33:54,475 - PhysicalMLTrainer_Drone5 - INFO - Physical ML model trained drone=5 samples=501 degree=2 alpha=0.0 val_mse=0.000400
2026-02-15 10:33:55,614 - Drone_1 - INFO - Drone 1: Flying to {'x': 2585.0, 'y': 2580.0, 'z': 60.0}
2026-02-15 10:33:55,614 - DroneStateManager - INFO - Drone 1 state transition TAKEOFF -> MOVING_TO_TARGET
2026-02-15 10:33:55,614 - Drone_2 - INFO - Drone 2: Flying to {'x': 2553.9057647468726, 'y': 2622.797543233282, 'z': 60.0}
2026-02-15 10:33:55,615 - DroneStateManager - INFO - Drone 2 state transition WAITING_FOR_COMMAND -> MOVING_TO_TARGET
2026-02-15 10:33:55,615 - Drone_3 - INFO - Drone 3: Flying to {'x': 2503.5942352531274, 'y': 2606.450336353161, 'z': 60.0}
2026-02-15 10:33:55,615 - DroneStateManager - INFO - Drone 3 state transition WAITING_FOR_COMMAND -> MOVING_TO_TARGET
2026-02-15 10:33:55,615 - Drone_4 - INFO - Drone 4: Flying to {'x': 2503.5942352531274, 'y': 2553.549663646839, 'z': 60.0}
2026-02-15 10:33:55,616 - DroneStateManager - INFO - Drone 4 state transition WAITING_FOR_COMMAND -> MOVING_TO_TARGET
2026-02-15 10:33:55,616 - Drone_5 - INFO - Drone 5: Flying to {'x': 2553.9057647468726, 'y': 2537.202456766718, 'z': 60.0}
2026-02-15 10:33:55,616 - DroneStateManager - INFO - Drone 5 state transition WAITING_FOR_COMMAND -> MOVING_TO_TARGET
2026-02-15 10:34:14,588 - PhysicalMLTrainer_Drone2 - INFO - Physical ML model trained drone=2 samples=701 degree=2 alpha=0.0 val_mse=0.001147
2026-02-15 10:34:14,591 - PhysicalMLTrainer_Drone1 - INFO - Physical ML model trained drone=1 samples=651 degree=2 alpha=0.0 val_mse=0.000615
2026-02-15 10:34:14,596 - PhysicalMLTrainer_Drone4 - INFO - Physical ML model trained drone=4 samples=701 degree=2 alpha=0.0 val_mse=0.000628
2026-02-15 10:34:14,603 - PhysicalMLTrainer_Drone3 - INFO - Physical ML model trained drone=3 samples=701 degree=2 alpha=0.0 val_mse=0.000475
2026-02-15 10:34:14,604 - PhysicalMLTrainer_Drone5 - INFO - Physical ML model trained drone=5 samples=701 degree=2 alpha=0.0 val_mse=0.000668
2026-02-15 10:34:34,701 - PhysicalMLTrainer_Drone1 - INFO - Physical ML model trained drone=1 samples=851 degree=2 alpha=0.0 val_mse=0.001410
2026-02-15 10:34:34,701 - PhysicalMLTrainer_Drone2 - INFO - Physical ML model trained drone=2 samples=901 degree=2 alpha=0.0 val_mse=0.002374
2026-02-15 10:34:34,711 - PhysicalMLTrainer_Drone3 - INFO - Physical ML model trained drone=3 samples=901 degree=2 alpha=0.0 val_mse=0.000860
2026-02-15 10:34:34,717 - PhysicalMLTrainer_Drone4 - INFO - Physical ML model trained drone=4 samples=901 degree=2 alpha=0.0 val_mse=0.001118
2026-02-15 10:34:34,717 - PhysicalMLTrainer_Drone5 - INFO - Physical ML model trained drone=5 samples=901 degree=2 alpha=0.0 val_mse=0.001456
2026-02-15 10:34:54,831 - PhysicalMLTrainer_Drone2 - INFO - Physical ML model trained drone=2 samples=1101 degree=2 alpha=0.0 val_mse=0.003221
2026-02-15 10:34:54,832 - PhysicalMLTrainer_Drone1 - INFO - Physical ML model trained drone=1 samples=1051 degree=2 alpha=0.0 val_mse=0.002216
2026-02-15 10:34:54,846 - PhysicalMLTrainer_Drone3 - INFO - Physical ML model trained drone=3 samples=1101 degree=2 alpha=0.0 val_mse=0.001538
2026-02-15 10:34:54,847 - PhysicalMLTrainer_Drone4 - INFO - Physical ML model trained drone=4 samples=1101 degree=2 alpha=0.0 val_mse=0.001908
2026-02-15 10:34:54,847 - PhysicalMLTrainer_Drone5 - INFO - Physical ML model trained drone=5 samples=1101 degree=2 alpha=0.0 val_mse=0.002371
2026-02-15 10:35:14,950 - PhysicalMLTrainer_Drone2 - INFO - Physical ML model trained drone=2 samples=1301 degree=2 alpha=0.0 val_mse=0.002661
2026-02-15 10:35:14,951 - PhysicalMLTrainer_Drone1 - INFO - Physical ML model trained drone=1 samples=1251 degree=2 alpha=0.0 val_mse=0.002231
2026-02-15 10:35:14,961 - PhysicalMLTrainer_Drone4 - INFO - Physical ML model trained drone=4 samples=1301 degree=2 alpha=0.0 val_mse=0.002243
2026-02-15 10:35:14,967 - PhysicalMLTrainer_Drone3 - INFO - Physical ML model trained drone=3 samples=1301 degree=2 alpha=0.0 val_mse=0.001963
2026-02-15 10:35:14,968 - PhysicalMLTrainer_Drone5 - INFO - Physical ML model trained drone=5 samples=1301 degree=2 alpha=0.0 val_mse=0.002497
2026-02-15 10:35:35,043 - PhysicalMLTrainer_Drone2 - INFO - Physical ML model trained drone=2 samples=1501 degree=2 alpha=0.0 val_mse=0.001771
2026-02-15 10:35:35,049 - PhysicalMLTrainer_Drone1 - INFO - Physical ML model trained drone=1 samples=1451 degree=2 alpha=0.0 val_mse=0.001733
2026-02-15 10:35:35,073 - PhysicalMLTrainer_Drone4 - INFO - Physical ML model trained drone=4 samples=1501 degree=2 alpha=0.0 val_mse=0.002008
2026-02-15 10:35:35,073 - PhysicalMLTrainer_Drone5 - INFO - Physical ML model trained drone=5 samples=1501 degree=2 alpha=0.0 val_mse=0.002010
2026-02-15 10:35:35,090 - PhysicalMLTrainer_Drone3 - INFO - Physical ML model trained drone=3 samples=1501 degree=2 alpha=0.0 val_mse=0.001930
2026-02-15 10:35:41,481 - Drone_1 - INFO - Drone 1 stopped
2026-02-15 10:35:41,579 - Drone_2 - INFO - Drone 2 stopped
2026-02-15 10:35:41,626 - Drone_3 - INFO - Drone 3 stopped
2026-02-15 10:35:41,706 - Drone_4 - INFO - Drone 4 stopped
2026-02-15 10:35:41,710 - Drone_5 - INFO - Drone 5 stopped
2026-02-15 10:35:41,710 - Main - INFO - System shutdown complete
