2026-02-12 10:03:49,207 - Main - INFO - Starting Drone Swarm Management System
2026-02-12 10:03:49,207 - SwarmManager - INFO - Swarm Manager initialized
2026-02-12 10:03:49,209 - MLDecisionSupport_Drone1 - INFO - ML Decision Support initialized
2026-02-12 10:03:49,218 - Drone_1 - INFO - Drone 1: Personal ML system initialized
2026-02-12 10:03:49,218 - Drone_1 - INFO - Drone 1 initialized at {'x': 0, 'y': 0, 'z': 0}
2026-02-12 10:03:49,219 - Drone_1 - INFO - Drone 1 started
2026-02-12 10:03:49,219 - SwarmManager - INFO - Drone 1 added to swarm
2026-02-12 10:03:49,220 - SwarmManager - INFO - Starting leader election...
2026-02-12 10:03:49,221 - SwarmManager - INFO -   Drone 1: suitability score = 100.00
2026-02-12 10:03:49,222 - Drone_1 - INFO - Drone 1: Role changed from follower to leader
2026-02-12 10:03:49,227 - MLDecisionSupport_Drone2 - INFO - ML Decision Support initialized
2026-02-12 10:03:49,230 - Drone_2 - INFO - Drone 2: Personal ML system initialized
2026-02-12 10:03:49,231 - Drone_2 - INFO - Drone 2 initialized at {'x': 1200, 'y': 300, 'z': 0}
2026-02-12 10:03:49,232 - Drone_2 - INFO - Drone 2 started
2026-02-12 10:03:49,232 - SwarmManager - INFO - Drone 2 added to swarm
2026-02-12 10:03:49,233 - MLDecisionSupport_Drone3 - INFO - ML Decision Support initialized
2026-02-12 10:03:49,234 - Drone_3 - INFO - Drone 3: Personal ML system initialized
2026-02-12 10:03:49,235 - Drone_3 - INFO - Drone 3 initialized at {'x': -1400, 'y': -500, 'z': 0}
2026-02-12 10:03:49,235 - Drone_3 - INFO - Drone 3 started
2026-02-12 10:03:49,235 - SwarmManager - INFO - Drone 3 added to swarm
2026-02-12 10:03:49,236 - MLDecisionSupport_Drone4 - INFO - ML Decision Support initialized
2026-02-12 10:03:49,237 - Drone_4 - INFO - Drone 4: Personal ML system initialized
2026-02-12 10:03:49,237 - Drone_4 - INFO - Drone 4 initialized at {'x': 800, 'y': -1500, 'z': 0}
2026-02-12 10:03:49,238 - Drone_4 - INFO - Drone 4 started
2026-02-12 10:03:49,238 - SwarmManager - INFO - Drone 4 added to swarm
2026-02-12 10:03:49,239 - MLDecisionSupport_Drone5 - INFO - ML Decision Support initialized
2026-02-12 10:03:49,240 - Drone_5 - INFO - Drone 5: Personal ML system initialized
2026-02-12 10:03:49,240 - Drone_5 - INFO - Drone 5 initialized at {'x': -900, 'y': 1600, 'z': 0}
2026-02-12 10:03:49,241 - Drone_5 - INFO - Drone 5 started
2026-02-12 10:03:49,241 - SwarmManager - INFO - Drone 5 added to swarm
2026-02-12 10:03:49,242 - SwarmManager - INFO - Swarm monitoring started
2026-02-12 10:03:49,242 - Main - INFO - Swarm created with 5 drones
2026-02-12 10:03:49,242 - Main - INFO - Leader elected: Drone 1
2026-02-12 10:03:49,242 - Main - INFO - Starting GUI...
2026-02-12 10:04:05,276 - Drone_1 - INFO - Drone 1 stopped
2026-02-12 10:04:05,370 - Drone_2 - INFO - Drone 2 stopped
2026-02-12 10:04:05,373 - Drone_3 - INFO - Drone 3 stopped
2026-02-12 10:04:05,375 - Drone_4 - INFO - Drone 4 stopped
2026-02-12 10:04:05,474 - Drone_5 - INFO - Drone 5 stopped
2026-02-12 10:04:05,474 - SwarmManager - INFO - Swarm monitoring stopped
2026-02-12 10:04:05,475 - Main - INFO - System shutdown complete
