2026-02-13 18:15:00,236 - Main - INFO - Starting Drone Swarm Management System
2026-02-13 18:15:00,237 - SwarmManager - INFO - Swarm Manager initialized
2026-02-13 18:15:00,238 - MLDecisionSupport_Drone1 - INFO - ML Decision Support initialized
2026-02-13 18:15:00,255 - PhysicalMLTrainer_Drone1 - INFO - Physical ML model trained drone=1 samples=250 degree=2 alpha=0.0 val_mse=0.000155
2026-02-13 18:15:00,255 - Drone_1 - INFO - Drone 1: bootstrap personal trainer loaded 250 rows from datasets/personal_drone_1.csv
2026-02-13 18:15:00,255 - Drone_1 - INFO - Drone 1: Personal ML system initialized
2026-02-13 18:15:00,257 - Drone_1 - INFO - Drone 1 initialized at {'x': 0, 'y': 0, 'z': 0}
2026-02-13 18:15:00,258 - Drone_1 - INFO - Drone 1 started
2026-02-13 18:15:00,259 - SwarmManager - INFO - Drone 1 added to swarm
2026-02-13 18:15:00,260 - SwarmManager - INFO - Starting leader election...
2026-02-13 18:15:00,260 - SwarmManager - INFO -   Drone 1: suitability score = 100.00
2026-02-13 18:15:00,261 - Drone_1 - INFO - Drone 1: Role changed from follower to leader
2026-02-13 18:15:00,263 - PhysicalMLTrainer_Drone1 - INFO - Physical ML model trained drone=1 samples=251 degree=2 alpha=0.0 val_mse=0.000157
2026-02-13 18:15:00,266 - MLDecisionSupport_Drone2 - INFO - ML Decision Support initialized
2026-02-13 18:15:00,273 - PhysicalMLTrainer_Drone2 - INFO - Physical ML model trained drone=2 samples=300 degree=2 alpha=0.1 val_mse=0.000128
2026-02-13 18:15:00,273 - Drone_2 - INFO - Drone 2: bootstrap personal trainer loaded 300 rows from datasets/personal_training.csv
2026-02-13 18:15:00,274 - Drone_2 - INFO - Drone 2: Personal ML system initialized
2026-02-13 18:15:00,274 - Drone_2 - INFO - Drone 2 initialized at {'x': 1200, 'y': 300, 'z': 0}
2026-02-13 18:15:00,274 - Drone_2 - INFO - Drone 2 started
2026-02-13 18:15:00,274 - SwarmManager - INFO - Drone 2 added to swarm
2026-02-13 18:15:00,276 - MLDecisionSupport_Drone3 - INFO - ML Decision Support initialized
2026-02-13 18:15:00,277 - PhysicalMLTrainer_Drone2 - INFO - Physical ML model trained drone=2 samples=301 degree=2 alpha=0.1 val_mse=0.000128
2026-02-13 18:15:00,282 - PhysicalMLTrainer_Drone3 - INFO - Physical ML model trained drone=3 samples=300 degree=2 alpha=0.1 val_mse=0.000128
2026-02-13 18:15:00,282 - Drone_3 - INFO - Drone 3: bootstrap personal trainer loaded 300 rows from datasets/personal_training.csv
2026-02-13 18:15:00,282 - Drone_3 - INFO - Drone 3: Personal ML system initialized
2026-02-13 18:15:00,282 - Drone_3 - INFO - Drone 3 initialized at {'x': -1400, 'y': -500, 'z': 0}
2026-02-13 18:15:00,283 - Drone_3 - INFO - Drone 3 started
2026-02-13 18:15:00,283 - SwarmManager - INFO - Drone 3 added to swarm
2026-02-13 18:15:00,284 - MLDecisionSupport_Drone4 - INFO - ML Decision Support initialized
2026-02-13 18:15:00,286 - PhysicalMLTrainer_Drone3 - INFO - Physical ML model trained drone=3 samples=301 degree=2 alpha=0.1 val_mse=0.000128
2026-02-13 18:15:00,291 - PhysicalMLTrainer_Drone4 - INFO - Physical ML model trained drone=4 samples=300 degree=2 alpha=0.1 val_mse=0.000128
2026-02-13 18:15:00,291 - Drone_4 - INFO - Drone 4: bootstrap personal trainer loaded 300 rows from datasets/personal_training.csv
2026-02-13 18:15:00,291 - Drone_4 - INFO - Drone 4: Personal ML system initialized
2026-02-13 18:15:00,292 - Drone_4 - INFO - Drone 4 initialized at {'x': 800, 'y': -1500, 'z': 0}
2026-02-13 18:15:00,292 - Drone_4 - INFO - Drone 4 started
2026-02-13 18:15:00,292 - SwarmManager - INFO - Drone 4 added to swarm
2026-02-13 18:15:00,294 - MLDecisionSupport_Drone5 - INFO - ML Decision Support initialized
2026-02-13 18:15:00,295 - PhysicalMLTrainer_Drone4 - INFO - Physical ML model trained drone=4 samples=301 degree=2 alpha=0.1 val_mse=0.000128
2026-02-13 18:15:00,301 - PhysicalMLTrainer_Drone5 - INFO - Physical ML model trained drone=5 samples=300 degree=2 alpha=0.1 val_mse=0.000128
2026-02-13 18:15:00,301 - Drone_5 - INFO - Drone 5: bootstrap personal trainer loaded 300 rows from datasets/personal_training.csv
2026-02-13 18:15:00,302 - Drone_5 - INFO - Drone 5: Personal ML system initialized
2026-02-13 18:15:00,302 - Drone_5 - INFO - Drone 5 initialized at {'x': -900, 'y': 1600, 'z': 0}
2026-02-13 18:15:00,303 - Drone_5 - INFO - Drone 5 started
2026-02-13 18:15:00,303 - SwarmManager - INFO - Drone 5 added to swarm
2026-02-13 18:15:00,304 - SwarmManager - INFO - Swarm monitoring started
2026-02-13 18:15:00,305 - Main - INFO - Swarm created with 5 drones
2026-02-13 18:15:00,305 - Main - INFO - Leader elected: Drone 1
2026-02-13 18:15:00,305 - Main - INFO - Starting GUI...
2026-02-13 18:15:00,306 - PhysicalMLTrainer_Drone5 - INFO - Physical ML model trained drone=5 samples=301 degree=2 alpha=0.1 val_mse=0.000128
2026-02-13 18:15:03,228 - Drone_1 - INFO - Drone 1: Armed
2026-02-13 18:15:03,230 - Drone_2 - INFO - Drone 2: Armed
2026-02-13 18:15:03,231 - Drone_3 - INFO - Drone 3: Armed
2026-02-13 18:15:03,232 - Drone_4 - INFO - Drone 4: Armed
2026-02-13 18:15:03,233 - Drone_5 - INFO - Drone 5: Armed
2026-02-13 18:15:04,460 - Drone_1 - INFO - Drone 1: Taking off
2026-02-13 18:15:04,461 - Drone_2 - INFO - Drone 2: Taking off
2026-02-13 18:15:04,462 - Drone_3 - INFO - Drone 3: Taking off
2026-02-13 18:15:04,462 - Drone_4 - INFO - Drone 4: Taking off
2026-02-13 18:15:04,463 - Drone_5 - INFO - Drone 5: Taking off
2026-02-13 18:15:06,307 - Drone_2 - INFO - Drone 2: Flying to {'x': 0.0, 'y': 0.0, 'z': 3.823857307434082}
2026-02-13 18:15:06,307 - Drone_3 - INFO - Drone 3: Flying to {'x': 0.0, 'y': 0.0, 'z': 3.823857307434082}
2026-02-13 18:15:06,308 - Drone_4 - INFO - Drone 4: Flying to {'x': 0.0, 'y': 0.0, 'z': 3.823857307434082}
2026-02-13 18:15:06,308 - Drone_5 - INFO - Drone 5: Flying to {'x': 0.0, 'y': 0.0, 'z': 3.823857307434082}
2026-02-13 18:15:06,357 - Drone_1 - INFO - Drone 1: Flying to {'x': 0, 'y': 100, 'z': 3.823857307434082}
2026-02-13 18:15:06,381 - Drone_1 - INFO - Drone 1: Flying to {'x': 1785.0, 'y': 1180.0, 'z': 60.0}
2026-02-13 18:15:06,383 - Drone_2 - INFO - Drone 2: Flying to {'x': 1753.9057647468726, 'y': 1222.7975432332819, 'z': 60.0}
2026-02-13 18:15:06,383 - Drone_3 - INFO - Drone 3: Flying to {'x': 1703.5942352531274, 'y': 1206.4503363531612, 'z': 60.0}
2026-02-13 18:15:06,384 - Drone_4 - INFO - Drone 4: Flying to {'x': 1703.5942352531274, 'y': 1153.5496636468388, 'z': 60.0}
2026-02-13 18:15:06,385 - Drone_5 - INFO - Drone 5: Flying to {'x': 1753.9057647468726, 'y': 1137.2024567667181, 'z': 60.0}
2026-02-13 18:15:07,309 - Drone_2 - INFO - Drone 2: Flying to {'x': 1766.591498248252, 'y': 1153.4457712735639, 'z': 60.0}
2026-02-13 18:15:07,309 - Drone_3 - INFO - Drone 3: Flying to {'x': 1743.346032974529, 'y': 1166.849067293877, 'z': 60.0}
2026-02-13 18:15:07,310 - Drone_4 - INFO - Drone 4: Flying to {'x': 1753.1882022279387, 'y': 1130.200305999841, 'z': 60.0}
2026-02-13 18:15:07,311 - Drone_5 - INFO - Drone 5: Flying to {'x': 1716.7076831433628, 'y': 1163.6244249458935, 'z': 60.0}
2026-02-13 18:15:08,312 - Drone_2 - INFO - Drone 2: Flying to {'x': 1766.591498248252, 'y': 1153.4457712735639, 'z': 60.0}
2026-02-13 18:15:08,313 - Drone_3 - INFO - Drone 3: Flying to {'x': 1743.346032974529, 'y': 1166.849067293877, 'z': 60.0}
2026-02-13 18:15:08,313 - Drone_4 - INFO - Drone 4: Flying to {'x': 1753.1882022279387, 'y': 1130.200305999841, 'z': 60.0}
2026-02-13 18:15:08,314 - Drone_5 - INFO - Drone 5: Flying to {'x': 1716.7076831433628, 'y': 1163.6244249458935, 'z': 60.0}
2026-02-13 18:15:09,316 - Drone_2 - INFO - Drone 2: Flying to {'x': 1766.591498248252, 'y': 1153.4457712735639, 'z': 60.0}
2026-02-13 18:15:09,316 - Drone_3 - INFO - Drone 3: Flying to {'x': 1743.346032974529, 'y': 1166.849067293877, 'z': 60.0}
2026-02-13 18:15:09,317 - Drone_4 - INFO - Drone 4: Flying to {'x': 1753.1882022279387, 'y': 1130.200305999841, 'z': 60.0}
2026-02-13 18:15:09,317 - Drone_5 - INFO - Drone 5: Flying to {'x': 1716.7076831433628, 'y': 1163.6244249458935, 'z': 60.0}
2026-02-13 18:15:10,319 - Drone_2 - INFO - Drone 2: Flying to {'x': 1766.591498248252, 'y': 1153.4457712735639, 'z': 60.0}
2026-02-13 18:15:10,320 - Drone_3 - INFO - Drone 3: Flying to {'x': 1743.346032974529, 'y': 1166.849067293877, 'z': 60.0}
2026-02-13 18:15:10,321 - Drone_4 - INFO - Drone 4: Flying to {'x': 1753.1882022279387, 'y': 1130.200305999841, 'z': 60.0}
2026-02-13 18:15:10,322 - Drone_5 - INFO - Drone 5: Flying to {'x': 1716.7076831433628, 'y': 1163.6244249458935, 'z': 60.0}
2026-02-13 18:15:11,324 - Drone_2 - INFO - Drone 2: Flying to {'x': 1766.591498248252, 'y': 1153.4457712735639, 'z': 60.0}
2026-02-13 18:15:11,324 - Drone_3 - INFO - Drone 3: Flying to {'x': 1743.346032974529, 'y': 1166.849067293877, 'z': 60.0}
2026-02-13 18:15:11,324 - Drone_4 - INFO - Drone 4: Flying to {'x': 1753.1882022279387, 'y': 1130.200305999841, 'z': 60.0}
2026-02-13 18:15:11,325 - Drone_5 - INFO - Drone 5: Flying to {'x': 1716.7076831433628, 'y': 1163.6244249458935, 'z': 60.0}
2026-02-13 18:15:12,326 - Drone_2 - INFO - Drone 2: Flying to {'x': 1766.591498248252, 'y': 1153.4457712735639, 'z': 60.0}
2026-02-13 18:15:12,326 - Drone_3 - INFO - Drone 3: Flying to {'x': 1743.346032974529, 'y': 1166.849067293877, 'z': 60.0}
2026-02-13 18:15:12,326 - Drone_4 - INFO - Drone 4: Flying to {'x': 1753.1882022279387, 'y': 1130.200305999841, 'z': 60.0}
2026-02-13 18:15:12,326 - Drone_5 - INFO - Drone 5: Flying to {'x': 1716.7076831433628, 'y': 1163.6244249458935, 'z': 60.0}
2026-02-13 18:15:13,327 - Drone_2 - INFO - Drone 2: Flying to {'x': 1766.591498248252, 'y': 1153.4457712735639, 'z': 60.0}
2026-02-13 18:15:13,328 - Drone_3 - INFO - Drone 3: Flying to {'x': 1743.346032974529, 'y': 1166.849067293877, 'z': 60.0}
2026-02-13 18:15:13,329 - Drone_4 - INFO - Drone 4: Flying to {'x': 1753.1882022279387, 'y': 1130.200305999841, 'z': 60.0}
2026-02-13 18:15:13,329 - Drone_5 - INFO - Drone 5: Flying to {'x': 1716.7076831433628, 'y': 1163.6244249458935, 'z': 60.0}
2026-02-13 18:15:14,331 - Drone_2 - INFO - Drone 2: Flying to {'x': 1766.591498248252, 'y': 1153.4457712735639, 'z': 60.0}
2026-02-13 18:15:14,331 - Drone_3 - INFO - Drone 3: Flying to {'x': 1743.346032974529, 'y': 1166.849067293877, 'z': 60.0}
2026-02-13 18:15:14,332 - Drone_4 - INFO - Drone 4: Flying to {'x': 1753.1882022279387, 'y': 1130.200305999841, 'z': 60.0}
2026-02-13 18:15:14,332 - Drone_5 - INFO - Drone 5: Flying to {'x': 1716.7076831433628, 'y': 1163.6244249458935, 'z': 60.0}
2026-02-13 18:15:15,334 - Drone_2 - INFO - Drone 2: Flying to {'x': 1766.591498248252, 'y': 1153.4457712735639, 'z': 60.0}
2026-02-13 18:15:15,334 - Drone_3 - INFO - Drone 3: Flying to {'x': 1743.346032974529, 'y': 1166.849067293877, 'z': 60.0}
2026-02-13 18:15:15,335 - Drone_4 - INFO - Drone 4: Flying to {'x': 1753.1882022279387, 'y': 1130.200305999841, 'z': 60.0}
2026-02-13 18:15:15,335 - Drone_5 - INFO - Drone 5: Flying to {'x': 1716.7076831433628, 'y': 1163.6244249458935, 'z': 60.0}
2026-02-13 18:15:16,337 - Drone_2 - INFO - Drone 2: Flying to {'x': 1766.591498248252, 'y': 1153.4457712735639, 'z': 60.0}
2026-02-13 18:15:16,338 - Drone_3 - INFO - Drone 3: Flying to {'x': 1743.346032974529, 'y': 1166.849067293877, 'z': 60.0}
2026-02-13 18:15:16,339 - Drone_4 - INFO - Drone 4: Flying to {'x': 1753.1882022279387, 'y': 1130.200305999841, 'z': 60.0}
2026-02-13 18:15:16,339 - Drone_5 - INFO - Drone 5: Flying to {'x': 1716.7076831433628, 'y': 1163.6244249458935, 'z': 60.0}
2026-02-13 18:15:17,341 - Drone_2 - INFO - Drone 2: Flying to {'x': 1766.591498248252, 'y': 1153.4457712735639, 'z': 60.0}
2026-02-13 18:15:17,341 - Drone_3 - INFO - Drone 3: Flying to {'x': 1743.346032974529, 'y': 1166.849067293877, 'z': 60.0}
2026-02-13 18:15:17,341 - Drone_4 - INFO - Drone 4: Flying to {'x': 1753.1882022279387, 'y': 1130.200305999841, 'z': 60.0}
2026-02-13 18:15:17,341 - Drone_5 - INFO - Drone 5: Flying to {'x': 1716.7076831433628, 'y': 1163.6244249458935, 'z': 60.0}
2026-02-13 18:15:18,342 - Drone_2 - INFO - Drone 2: Flying to {'x': 1766.591498248252, 'y': 1153.4457712735639, 'z': 60.0}
2026-02-13 18:15:18,343 - Drone_3 - INFO - Drone 3: Flying to {'x': 1743.346032974529, 'y': 1166.849067293877, 'z': 60.0}
2026-02-13 18:15:18,344 - Drone_4 - INFO - Drone 4: Flying to {'x': 1753.1882022279387, 'y': 1130.200305999841, 'z': 60.0}
2026-02-13 18:15:18,345 - Drone_5 - INFO - Drone 5: Flying to {'x': 1716.7076831433628, 'y': 1163.6244249458935, 'z': 60.0}
2026-02-13 18:15:19,347 - Drone_2 - INFO - Drone 2: Flying to {'x': 1766.591498248252, 'y': 1153.4457712735639, 'z': 60.0}
2026-02-13 18:15:19,347 - Drone_3 - INFO - Drone 3: Flying to {'x': 1743.346032974529, 'y': 1166.849067293877, 'z': 60.0}
2026-02-13 18:15:19,347 - Drone_4 - INFO - Drone 4: Flying to {'x': 1753.1882022279387, 'y': 1130.200305999841, 'z': 60.0}
2026-02-13 18:15:19,348 - Drone_5 - INFO - Drone 5: Flying to {'x': 1716.7076831433628, 'y': 1163.6244249458935, 'z': 60.0}
2026-02-13 18:15:20,348 - Drone_2 - INFO - Drone 2: Flying to {'x': 1766.591498248252, 'y': 1153.4457712735639, 'z': 60.0}
2026-02-13 18:15:20,349 - Drone_3 - INFO - Drone 3: Flying to {'x': 1743.346032974529, 'y': 1166.849067293877, 'z': 60.0}
2026-02-13 18:15:20,349 - Drone_4 - INFO - Drone 4: Flying to {'x': 1753.1882022279387, 'y': 1130.200305999841, 'z': 60.0}
2026-02-13 18:15:20,349 - Drone_5 - INFO - Drone 5: Flying to {'x': 1716.7076831433628, 'y': 1163.6244249458935, 'z': 60.0}
2026-02-13 18:15:20,462 - PhysicalMLTrainer_Drone5 - INFO - Physical ML model trained drone=5 samples=501 degree=2 alpha=0.0 val_mse=0.000780
2026-02-13 18:15:20,462 - PhysicalMLTrainer_Drone2 - INFO - Physical ML model trained drone=2 samples=501 degree=2 alpha=0.0 val_mse=0.003680
2026-02-13 18:15:20,466 - PhysicalMLTrainer_Drone3 - INFO - Physical ML model trained drone=3 samples=501 degree=2 alpha=0.0 val_mse=0.000538
2026-02-13 18:15:20,472 - PhysicalMLTrainer_Drone4 - INFO - Physical ML model trained drone=4 samples=501 degree=2 alpha=0.0 val_mse=0.000885
2026-02-13 18:15:20,474 - PhysicalMLTrainer_Drone1 - INFO - Physical ML model trained drone=1 samples=451 degree=2 alpha=0.0 val_mse=0.000932
2026-02-13 18:15:21,350 - Drone_2 - INFO - Drone 2: Flying to {'x': 1766.591498248252, 'y': 1153.4457712735639, 'z': 60.0}
2026-02-13 18:15:21,350 - Drone_3 - INFO - Drone 3: Flying to {'x': 1743.346032974529, 'y': 1166.849067293877, 'z': 60.0}
2026-02-13 18:15:21,351 - Drone_4 - INFO - Drone 4: Flying to {'x': 1753.1882022279387, 'y': 1130.200305999841, 'z': 60.0}
2026-02-13 18:15:21,351 - Drone_5 - INFO - Drone 5: Flying to {'x': 1716.7076831433628, 'y': 1163.6244249458935, 'z': 60.0}
2026-02-13 18:15:22,354 - Drone_2 - INFO - Drone 2: Flying to {'x': 1766.591498248252, 'y': 1153.4457712735639, 'z': 60.0}
2026-02-13 18:15:22,355 - Drone_3 - INFO - Drone 3: Flying to {'x': 1743.346032974529, 'y': 1166.849067293877, 'z': 60.0}
2026-02-13 18:15:22,356 - Drone_4 - INFO - Drone 4: Flying to {'x': 1753.1882022279387, 'y': 1130.200305999841, 'z': 60.0}
2026-02-13 18:15:22,356 - Drone_5 - INFO - Drone 5: Flying to {'x': 1716.7076831433628, 'y': 1163.6244249458935, 'z': 60.0}
2026-02-13 18:15:23,358 - Drone_2 - INFO - Drone 2: Flying to {'x': 1766.591498248252, 'y': 1153.4457712735639, 'z': 60.0}
2026-02-13 18:15:23,358 - Drone_3 - INFO - Drone 3: Flying to {'x': 1743.346032974529, 'y': 1166.849067293877, 'z': 60.0}
2026-02-13 18:15:23,358 - Drone_4 - INFO - Drone 4: Flying to {'x': 1753.1882022279387, 'y': 1130.200305999841, 'z': 60.0}
2026-02-13 18:15:23,358 - Drone_5 - INFO - Drone 5: Flying to {'x': 1716.7076831433628, 'y': 1163.6244249458935, 'z': 60.0}
2026-02-13 18:15:24,359 - Drone_2 - INFO - Drone 2: Flying to {'x': 1766.591498248252, 'y': 1153.4457712735639, 'z': 60.0}
2026-02-13 18:15:24,359 - Drone_3 - INFO - Drone 3: Flying to {'x': 1743.346032974529, 'y': 1166.849067293877, 'z': 60.0}
2026-02-13 18:15:24,360 - Drone_4 - INFO - Drone 4: Flying to {'x': 1753.1882022279387, 'y': 1130.200305999841, 'z': 60.0}
2026-02-13 18:15:24,360 - Drone_5 - INFO - Drone 5: Flying to {'x': 1716.7076831433628, 'y': 1163.6244249458935, 'z': 60.0}
2026-02-13 18:15:25,361 - Drone_2 - INFO - Drone 2: Flying to {'x': 1766.591498248252, 'y': 1153.4457712735639, 'z': 60.0}
2026-02-13 18:15:25,362 - Drone_3 - INFO - Drone 3: Flying to {'x': 1743.3460329745292, 'y': 1166.849067293877, 'z': 60.0}
2026-02-13 18:15:25,363 - Drone_4 - INFO - Drone 4: Flying to {'x': 1753.1882022279387, 'y': 1130.200305999841, 'z': 60.0}
2026-02-13 18:15:25,364 - Drone_5 - INFO - Drone 5: Flying to {'x': 1716.7076831433628, 'y': 1163.6244249458935, 'z': 60.0}
2026-02-13 18:15:26,366 - Drone_2 - INFO - Drone 2: Flying to {'x': 1766.591498248252, 'y': 1153.4457712735639, 'z': 60.0}
2026-02-13 18:15:26,367 - Drone_3 - INFO - Drone 3: Flying to {'x': 1743.346032974529, 'y': 1166.849067293877, 'z': 60.0}
2026-02-13 18:15:26,367 - Drone_4 - INFO - Drone 4: Flying to {'x': 1753.1882022279387, 'y': 1130.200305999841, 'z': 60.0}
2026-02-13 18:15:26,368 - Drone_5 - INFO - Drone 5: Flying to {'x': 1716.7076831433628, 'y': 1163.6244249458935, 'z': 60.0}
2026-02-13 18:15:27,370 - Drone_2 - INFO - Drone 2: Flying to {'x': 1766.591498248252, 'y': 1153.4457712735639, 'z': 60.0}
2026-02-13 18:15:27,371 - Drone_3 - INFO - Drone 3: Flying to {'x': 1743.346032974529, 'y': 1166.849067293877, 'z': 60.0}
2026-02-13 18:15:27,371 - Drone_4 - INFO - Drone 4: Flying to {'x': 1753.1882022279387, 'y': 1130.200305999841, 'z': 60.0}
2026-02-13 18:15:27,372 - Drone_5 - INFO - Drone 5: Flying to {'x': 1716.7076831433628, 'y': 1163.6244249458935, 'z': 60.0}
2026-02-13 18:15:28,373 - Drone_2 - INFO - Drone 2: Flying to {'x': 1766.591498248252, 'y': 1153.4457712735639, 'z': 60.0}
2026-02-13 18:15:28,374 - Drone_3 - INFO - Drone 3: Flying to {'x': 1743.346032974529, 'y': 1166.849067293877, 'z': 60.0}
2026-02-13 18:15:28,374 - Drone_4 - INFO - Drone 4: Flying to {'x': 1753.1882022279387, 'y': 1130.200305999841, 'z': 60.0}
2026-02-13 18:15:28,374 - Drone_5 - INFO - Drone 5: Flying to {'x': 1716.7076831433628, 'y': 1163.6244249458935, 'z': 60.0}
2026-02-13 18:15:29,375 - Drone_2 - INFO - Drone 2: Flying to {'x': 1766.591498248252, 'y': 1153.4457712735639, 'z': 60.0}
2026-02-13 18:15:29,376 - Drone_3 - INFO - Drone 3: Flying to {'x': 1743.346032974529, 'y': 1166.849067293877, 'z': 60.0}
2026-02-13 18:15:29,377 - Drone_4 - INFO - Drone 4: Flying to {'x': 1753.1882022279387, 'y': 1130.200305999841, 'z': 60.0}
2026-02-13 18:15:29,378 - Drone_5 - INFO - Drone 5: Flying to {'x': 1716.7076831433628, 'y': 1163.6244249458935, 'z': 60.0}
2026-02-13 18:15:30,379 - Drone_2 - INFO - Drone 2: Flying to {'x': 1766.591498248252, 'y': 1153.4457712735639, 'z': 60.0}
2026-02-13 18:15:30,380 - Drone_3 - INFO - Drone 3: Flying to {'x': 1743.346032974529, 'y': 1166.849067293877, 'z': 60.0}
2026-02-13 18:15:30,381 - Drone_4 - INFO - Drone 4: Flying to {'x': 1753.1882022279387, 'y': 1130.200305999841, 'z': 60.0}
2026-02-13 18:15:30,382 - Drone_5 - INFO - Drone 5: Flying to {'x': 1716.7076831433628, 'y': 1163.6244249458935, 'z': 60.0}
2026-02-13 18:15:31,384 - Drone_2 - INFO - Drone 2: Flying to {'x': 1766.591498248252, 'y': 1153.4457712735639, 'z': 60.0}
2026-02-13 18:15:31,384 - Drone_3 - INFO - Drone 3: Flying to {'x': 1743.346032974529, 'y': 1166.849067293877, 'z': 60.0}
2026-02-13 18:15:31,385 - Drone_4 - INFO - Drone 4: Flying to {'x': 1753.1882022279387, 'y': 1130.200305999841, 'z': 60.0}
2026-02-13 18:15:31,385 - Drone_5 - INFO - Drone 5: Flying to {'x': 1716.7076831433628, 'y': 1163.6244249458935, 'z': 60.0}
2026-02-13 18:15:32,386 - Drone_2 - INFO - Drone 2: Flying to {'x': 1766.591498248252, 'y': 1153.4457712735639, 'z': 60.0}
2026-02-13 18:15:32,387 - Drone_3 - INFO - Drone 3: Flying to {'x': 1743.346032974529, 'y': 1166.849067293877, 'z': 60.0}
2026-02-13 18:15:32,388 - Drone_4 - INFO - Drone 4: Flying to {'x': 1753.1882022279387, 'y': 1130.200305999841, 'z': 60.0}
2026-02-13 18:15:32,388 - Drone_5 - INFO - Drone 5: Flying to {'x': 1716.7076831433628, 'y': 1163.6244249458935, 'z': 60.0}
2026-02-13 18:15:33,390 - Drone_2 - INFO - Drone 2: Flying to {'x': 1766.591498248252, 'y': 1153.4457712735639, 'z': 60.0}
2026-02-13 18:15:33,391 - Drone_3 - INFO - Drone 3: Flying to {'x': 1743.346032974529, 'y': 1166.849067293877, 'z': 60.0}
2026-02-13 18:15:33,391 - Drone_4 - INFO - Drone 4: Flying to {'x': 1753.1882022279387, 'y': 1130.200305999841, 'z': 60.0}
2026-02-13 18:15:33,391 - Drone_5 - INFO - Drone 5: Flying to {'x': 1716.7076831433628, 'y': 1163.6244249458935, 'z': 60.0}
2026-02-13 18:15:34,394 - Drone_2 - INFO - Drone 2: Flying to {'x': 1766.591498248252, 'y': 1153.4457712735639, 'z': 60.0}
2026-02-13 18:15:34,394 - Drone_3 - INFO - Drone 3: Flying to {'x': 1743.346032974529, 'y': 1166.849067293877, 'z': 60.0}
2026-02-13 18:15:34,395 - Drone_4 - INFO - Drone 4: Flying to {'x': 1753.1882022279387, 'y': 1130.200305999841, 'z': 60.0}
2026-02-13 18:15:34,395 - Drone_5 - INFO - Drone 5: Flying to {'x': 1716.7076831433628, 'y': 1163.6244249458937, 'z': 60.0}
2026-02-13 18:15:35,396 - Drone_2 - INFO - Drone 2: Flying to {'x': 1766.591498248252, 'y': 1153.4457712735639, 'z': 60.0}
2026-02-13 18:15:35,397 - Drone_3 - INFO - Drone 3: Flying to {'x': 1743.346032974529, 'y': 1166.849067293877, 'z': 60.0}
2026-02-13 18:15:35,398 - Drone_4 - INFO - Drone 4: Flying to {'x': 1753.1882022279387, 'y': 1130.200305999841, 'z': 60.0}
2026-02-13 18:15:35,398 - Drone_5 - INFO - Drone 5: Flying to {'x': 1716.7076831433628, 'y': 1163.6244249458937, 'z': 60.0}
2026-02-13 18:15:36,400 - Drone_2 - INFO - Drone 2: Flying to {'x': 1766.591498248252, 'y': 1153.4457712735639, 'z': 60.0}
2026-02-13 18:15:36,401 - Drone_3 - INFO - Drone 3: Flying to {'x': 1743.346032974529, 'y': 1166.849067293877, 'z': 60.0}
2026-02-13 18:15:36,401 - Drone_4 - INFO - Drone 4: Flying to {'x': 1753.1882022279387, 'y': 1130.200305999841, 'z': 60.0}
2026-02-13 18:15:36,402 - Drone_5 - INFO - Drone 5: Flying to {'x': 1716.7076831433628, 'y': 1163.6244249458935, 'z': 60.0}
2026-02-13 18:15:37,404 - Drone_2 - INFO - Drone 2: Flying to {'x': 1766.591498248252, 'y': 1153.4457712735639, 'z': 60.0}
2026-02-13 18:15:37,405 - Drone_3 - INFO - Drone 3: Flying to {'x': 1743.346032974529, 'y': 1166.849067293877, 'z': 60.0}
2026-02-13 18:15:37,406 - Drone_4 - INFO - Drone 4: Flying to {'x': 1753.1882022279387, 'y': 1130.200305999841, 'z': 60.0}
2026-02-13 18:15:37,406 - Drone_5 - INFO - Drone 5: Flying to {'x': 1716.7076831433628, 'y': 1163.6244249458935, 'z': 60.0}
2026-02-13 18:15:38,408 - Drone_2 - INFO - Drone 2: Flying to {'x': 1766.591498248252, 'y': 1153.4457712735639, 'z': 60.0}
2026-02-13 18:15:38,409 - Drone_3 - INFO - Drone 3: Flying to {'x': 1743.346032974529, 'y': 1166.849067293877, 'z': 60.0}
2026-02-13 18:15:38,409 - Drone_4 - INFO - Drone 4: Flying to {'x': 1753.1882022279387, 'y': 1130.200305999841, 'z': 60.0}
2026-02-13 18:15:38,410 - Drone_5 - INFO - Drone 5: Flying to {'x': 1716.7076831433628, 'y': 1163.6244249458937, 'z': 60.0}
2026-02-13 18:15:39,413 - Drone_2 - INFO - Drone 2: Flying to {'x': 1766.591498248252, 'y': 1153.4457712735639, 'z': 60.0}
2026-02-13 18:15:39,413 - Drone_3 - INFO - Drone 3: Flying to {'x': 1743.346032974529, 'y': 1166.849067293877, 'z': 60.0}
2026-02-13 18:15:39,414 - Drone_4 - INFO - Drone 4: Flying to {'x': 1753.1882022279387, 'y': 1130.200305999841, 'z': 60.0}
2026-02-13 18:15:39,414 - Drone_5 - INFO - Drone 5: Flying to {'x': 1716.7076831433628, 'y': 1163.6244249458937, 'z': 60.0}
2026-02-13 18:15:40,416 - Drone_2 - INFO - Drone 2: Flying to {'x': 1766.591498248252, 'y': 1153.4457712735639, 'z': 60.0}
2026-02-13 18:15:40,416 - Drone_3 - INFO - Drone 3: Flying to {'x': 1743.346032974529, 'y': 1166.849067293877, 'z': 60.0}
2026-02-13 18:15:40,416 - Drone_4 - INFO - Drone 4: Flying to {'x': 1753.1882022279387, 'y': 1130.200305999841, 'z': 60.0}
2026-02-13 18:15:40,417 - Drone_5 - INFO - Drone 5: Flying to {'x': 1716.7076831433628, 'y': 1163.6244249458937, 'z': 60.0}
2026-02-13 18:15:40,605 - PhysicalMLTrainer_Drone1 - INFO - Physical ML model trained drone=1 samples=651 degree=2 alpha=0.0 val_mse=0.002714
2026-02-13 18:15:40,605 - PhysicalMLTrainer_Drone3 - INFO - Physical ML model trained drone=3 samples=701 degree=2 alpha=0.0 val_mse=0.001263
2026-02-13 18:15:40,607 - PhysicalMLTrainer_Drone2 - INFO - Physical ML model trained drone=2 samples=701 degree=2 alpha=0.0 val_mse=0.007689
2026-02-13 18:15:40,608 - PhysicalMLTrainer_Drone5 - INFO - Physical ML model trained drone=5 samples=701 degree=2 alpha=0.0 val_mse=0.002149
2026-02-13 18:15:40,608 - PhysicalMLTrainer_Drone4 - INFO - Physical ML model trained drone=4 samples=701 degree=2 alpha=0.0 val_mse=0.001963
2026-02-13 18:15:41,418 - Drone_2 - INFO - Drone 2: Flying to {'x': 1766.591498248252, 'y': 1153.4457712735639, 'z': 60.0}
2026-02-13 18:15:41,419 - Drone_3 - INFO - Drone 3: Flying to {'x': 1743.346032974529, 'y': 1166.849067293877, 'z': 60.0}
2026-02-13 18:15:41,419 - Drone_4 - INFO - Drone 4: Flying to {'x': 1753.1882022279387, 'y': 1130.200305999841, 'z': 60.0}
2026-02-13 18:15:41,420 - Drone_5 - INFO - Drone 5: Flying to {'x': 1716.7076831433628, 'y': 1163.6244249458937, 'z': 60.0}
2026-02-13 18:15:42,421 - Drone_2 - INFO - Drone 2: Flying to {'x': 1766.591498248252, 'y': 1153.4457712735639, 'z': 60.0}
2026-02-13 18:15:42,421 - Drone_3 - INFO - Drone 3: Flying to {'x': 1743.346032974529, 'y': 1166.849067293877, 'z': 60.0}
2026-02-13 18:15:42,422 - Drone_4 - INFO - Drone 4: Flying to {'x': 1753.1882022279387, 'y': 1130.200305999841, 'z': 60.0}
2026-02-13 18:15:42,422 - Drone_5 - INFO - Drone 5: Flying to {'x': 1716.7076831433628, 'y': 1163.6244249458937, 'z': 60.0}
2026-02-13 18:15:43,424 - Drone_2 - INFO - Drone 2: Flying to {'x': 1766.591498248252, 'y': 1153.4457712735639, 'z': 60.0}
2026-02-13 18:15:43,424 - Drone_3 - INFO - Drone 3: Flying to {'x': 1743.346032974529, 'y': 1166.849067293877, 'z': 60.0}
2026-02-13 18:15:43,425 - Drone_4 - INFO - Drone 4: Flying to {'x': 1753.1882022279387, 'y': 1130.200305999841, 'z': 60.0}
2026-02-13 18:15:43,425 - Drone_5 - INFO - Drone 5: Flying to {'x': 1716.7076831433628, 'y': 1163.6244249458937, 'z': 60.0}
2026-02-13 18:15:44,426 - Drone_2 - INFO - Drone 2: Flying to {'x': 1766.591498248252, 'y': 1153.4457712735639, 'z': 60.0}
2026-02-13 18:15:44,427 - Drone_3 - INFO - Drone 3: Flying to {'x': 1743.346032974529, 'y': 1166.849067293877, 'z': 60.0}
2026-02-13 18:15:44,428 - Drone_4 - INFO - Drone 4: Flying to {'x': 1753.1882022279387, 'y': 1130.200305999841, 'z': 60.0}
2026-02-13 18:15:44,428 - Drone_5 - INFO - Drone 5: Flying to {'x': 1716.7076831433628, 'y': 1163.6244249458935, 'z': 60.0}
2026-02-13 18:15:45,430 - Drone_2 - INFO - Drone 2: Flying to {'x': 1766.591498248252, 'y': 1153.4457712735639, 'z': 60.0}
2026-02-13 18:15:45,431 - Drone_3 - INFO - Drone 3: Flying to {'x': 1743.346032974529, 'y': 1166.849067293877, 'z': 60.0}
2026-02-13 18:15:45,431 - Drone_4 - INFO - Drone 4: Flying to {'x': 1753.1882022279387, 'y': 1130.200305999841, 'z': 60.0}
2026-02-13 18:15:45,432 - Drone_5 - INFO - Drone 5: Flying to {'x': 1716.7076831433628, 'y': 1163.6244249458935, 'z': 60.0}
2026-02-13 18:15:46,434 - Drone_2 - INFO - Drone 2: Flying to {'x': 1766.591498248252, 'y': 1153.4457712735639, 'z': 60.0}
2026-02-13 18:15:46,435 - Drone_3 - INFO - Drone 3: Flying to {'x': 1743.346032974529, 'y': 1166.849067293877, 'z': 60.0}
2026-02-13 18:15:46,436 - Drone_4 - INFO - Drone 4: Flying to {'x': 1753.1882022279387, 'y': 1130.200305999841, 'z': 60.0}
2026-02-13 18:15:46,436 - Drone_5 - INFO - Drone 5: Flying to {'x': 1716.7076831433628, 'y': 1163.6244249458937, 'z': 60.0}
2026-02-13 18:15:47,438 - Drone_2 - INFO - Drone 2: Flying to {'x': 1766.591498248252, 'y': 1153.4457712735639, 'z': 60.0}
2026-02-13 18:15:47,439 - Drone_3 - INFO - Drone 3: Flying to {'x': 1743.346032974529, 'y': 1166.849067293877, 'z': 60.0}
2026-02-13 18:15:47,439 - Drone_4 - INFO - Drone 4: Flying to {'x': 1753.1882022279387, 'y': 1130.200305999841, 'z': 60.0}
2026-02-13 18:15:47,440 - Drone_5 - INFO - Drone 5: Flying to {'x': 1716.7076831433628, 'y': 1163.6244249458935, 'z': 60.0}
2026-02-13 18:15:48,441 - Drone_2 - INFO - Drone 2: Flying to {'x': 1766.591498248252, 'y': 1153.4457712735639, 'z': 60.0}
2026-02-13 18:15:48,442 - Drone_3 - INFO - Drone 3: Flying to {'x': 1743.346032974529, 'y': 1166.849067293877, 'z': 60.0}
2026-02-13 18:15:48,442 - Drone_4 - INFO - Drone 4: Flying to {'x': 1753.1882022279387, 'y': 1130.200305999841, 'z': 60.0}
2026-02-13 18:15:48,442 - Drone_5 - INFO - Drone 5: Flying to {'x': 1716.7076831433628, 'y': 1163.6244249458935, 'z': 60.0}
2026-02-13 18:15:49,444 - Drone_2 - INFO - Drone 2: Flying to {'x': 1766.591498248252, 'y': 1153.4457712735639, 'z': 60.0}
2026-02-13 18:15:49,445 - Drone_3 - INFO - Drone 3: Flying to {'x': 1743.346032974529, 'y': 1166.849067293877, 'z': 60.0}
2026-02-13 18:15:49,445 - Drone_4 - INFO - Drone 4: Flying to {'x': 1753.1882022279387, 'y': 1130.200305999841, 'z': 60.0}
2026-02-13 18:15:49,446 - Drone_5 - INFO - Drone 5: Flying to {'x': 1716.7076831433628, 'y': 1163.6244249458937, 'z': 60.0}
2026-02-13 18:15:50,446 - Drone_2 - INFO - Drone 2: Flying to {'x': 1766.591498248252, 'y': 1153.4457712735639, 'z': 60.0}
2026-02-13 18:15:50,447 - Drone_3 - INFO - Drone 3: Flying to {'x': 1743.346032974529, 'y': 1166.849067293877, 'z': 60.0}
2026-02-13 18:15:50,447 - Drone_4 - INFO - Drone 4: Flying to {'x': 1753.1882022279387, 'y': 1130.200305999841, 'z': 60.0}
2026-02-13 18:15:50,448 - Drone_5 - INFO - Drone 5: Flying to {'x': 1716.7076831433628, 'y': 1163.6244249458937, 'z': 60.0}
2026-02-13 18:15:51,448 - Drone_2 - INFO - Drone 2: Flying to {'x': 1766.591498248252, 'y': 1153.4457712735639, 'z': 60.0}
2026-02-13 18:15:51,449 - Drone_3 - INFO - Drone 3: Flying to {'x': 1743.346032974529, 'y': 1166.849067293877, 'z': 60.0}
2026-02-13 18:15:51,450 - Drone_4 - INFO - Drone 4: Flying to {'x': 1753.1882022279387, 'y': 1130.200305999841, 'z': 60.0}
2026-02-13 18:15:51,451 - Drone_5 - INFO - Drone 5: Flying to {'x': 1716.7076831433628, 'y': 1163.6244249458935, 'z': 60.0}
2026-02-13 18:15:52,452 - Drone_2 - INFO - Drone 2: Flying to {'x': 1766.591498248252, 'y': 1153.4457712735639, 'z': 60.0}
2026-02-13 18:15:52,452 - Drone_3 - INFO - Drone 3: Flying to {'x': 1743.346032974529, 'y': 1166.849067293877, 'z': 60.0}
2026-02-13 18:15:52,453 - Drone_4 - INFO - Drone 4: Flying to {'x': 1753.1882022279387, 'y': 1130.200305999841, 'z': 60.0}
2026-02-13 18:15:52,454 - Drone_5 - INFO - Drone 5: Flying to {'x': 1716.7076831433628, 'y': 1163.6244249458935, 'z': 60.0}
2026-02-13 18:15:53,456 - Drone_2 - INFO - Drone 2: Flying to {'x': 1766.591498248252, 'y': 1153.4457712735639, 'z': 60.0}
2026-02-13 18:15:53,457 - Drone_3 - INFO - Drone 3: Flying to {'x': 1743.346032974529, 'y': 1166.849067293877, 'z': 60.0}
2026-02-13 18:15:53,457 - Drone_4 - INFO - Drone 4: Flying to {'x': 1753.1882022279387, 'y': 1130.200305999841, 'z': 60.0}
2026-02-13 18:15:53,459 - Drone_5 - INFO - Drone 5: Flying to {'x': 1716.7076831433628, 'y': 1163.6244249458935, 'z': 60.0}
2026-02-13 18:15:54,461 - Drone_2 - INFO - Drone 2: Flying to {'x': 1766.591498248252, 'y': 1153.4457712735639, 'z': 60.0}
2026-02-13 18:15:54,461 - Drone_3 - INFO - Drone 3: Flying to {'x': 1743.346032974529, 'y': 1166.849067293877, 'z': 60.0}
2026-02-13 18:15:54,461 - Drone_4 - INFO - Drone 4: Flying to {'x': 1753.1882022279387, 'y': 1130.200305999841, 'z': 60.0}
2026-02-13 18:15:54,461 - Drone_5 - INFO - Drone 5: Flying to {'x': 1716.7076831433628, 'y': 1163.6244249458935, 'z': 60.0}
2026-02-13 18:15:55,462 - Drone_2 - INFO - Drone 2: Flying to {'x': 1766.591498248252, 'y': 1153.4457712735639, 'z': 60.0}
2026-02-13 18:15:55,462 - Drone_3 - INFO - Drone 3: Flying to {'x': 1743.346032974529, 'y': 1166.849067293877, 'z': 60.0}
2026-02-13 18:15:55,463 - Drone_4 - INFO - Drone 4: Flying to {'x': 1753.1882022279387, 'y': 1130.200305999841, 'z': 60.0}
2026-02-13 18:15:55,463 - Drone_5 - INFO - Drone 5: Flying to {'x': 1716.7076831433628, 'y': 1163.6244249458935, 'z': 60.0}
2026-02-13 18:15:56,464 - Drone_2 - INFO - Drone 2: Flying to {'x': 1766.591498248252, 'y': 1153.4457712735639, 'z': 60.0}
2026-02-13 18:15:56,465 - Drone_3 - INFO - Drone 3: Flying to {'x': 1743.3460329745292, 'y': 1166.849067293877, 'z': 60.0}
2026-02-13 18:15:56,465 - Drone_4 - INFO - Drone 4: Flying to {'x': 1753.1882022279387, 'y': 1130.200305999841, 'z': 60.0}
2026-02-13 18:15:56,466 - Drone_5 - INFO - Drone 5: Flying to {'x': 1716.7076831433628, 'y': 1163.6244249458935, 'z': 60.0}
2026-02-13 18:15:57,467 - Drone_2 - INFO - Drone 2: Flying to {'x': 1766.591498248252, 'y': 1153.4457712735639, 'z': 60.0}
2026-02-13 18:15:57,468 - Drone_3 - INFO - Drone 3: Flying to {'x': 1743.346032974529, 'y': 1166.849067293877, 'z': 60.0}
2026-02-13 18:15:57,469 - Drone_4 - INFO - Drone 4: Flying to {'x': 1753.1882022279387, 'y': 1130.200305999841, 'z': 60.0}
2026-02-13 18:15:57,470 - Drone_5 - INFO - Drone 5: Flying to {'x': 1716.7076831433628, 'y': 1163.6244249458935, 'z': 60.0}
2026-02-13 18:15:58,471 - Drone_2 - INFO - Drone 2: Flying to {'x': 1766.591498248252, 'y': 1153.4457712735639, 'z': 60.0}
2026-02-13 18:15:58,471 - Drone_3 - INFO - Drone 3: Flying to {'x': 1743.346032974529, 'y': 1166.849067293877, 'z': 60.0}
2026-02-13 18:15:58,472 - Drone_4 - INFO - Drone 4: Flying to {'x': 1753.1882022279387, 'y': 1130.200305999841, 'z': 60.0}
2026-02-13 18:15:58,472 - Drone_5 - INFO - Drone 5: Flying to {'x': 1716.7076831433628, 'y': 1163.6244249458935, 'z': 60.0}
2026-02-13 18:15:59,473 - Drone_2 - INFO - Drone 2: Flying to {'x': 1766.591498248252, 'y': 1153.4457712735639, 'z': 60.0}
2026-02-13 18:15:59,474 - Drone_3 - INFO - Drone 3: Flying to {'x': 1743.346032974529, 'y': 1166.849067293877, 'z': 60.0}
2026-02-13 18:15:59,475 - Drone_4 - INFO - Drone 4: Flying to {'x': 1753.1882022279387, 'y': 1130.200305999841, 'z': 60.0}
2026-02-13 18:15:59,475 - Drone_5 - INFO - Drone 5: Flying to {'x': 1716.7076831433628, 'y': 1163.6244249458935, 'z': 60.0}
2026-02-13 18:16:00,477 - Drone_2 - INFO - Drone 2: Flying to {'x': 1766.591498248252, 'y': 1153.4457712735639, 'z': 60.0}
2026-02-13 18:16:00,477 - Drone_3 - INFO - Drone 3: Flying to {'x': 1743.3460329745292, 'y': 1166.849067293877, 'z': 60.0}
2026-02-13 18:16:00,478 - Drone_4 - INFO - Drone 4: Flying to {'x': 1753.1882022279387, 'y': 1130.200305999841, 'z': 60.0}
2026-02-13 18:16:00,478 - Drone_5 - INFO - Drone 5: Flying to {'x': 1716.7076831433628, 'y': 1163.6244249458935, 'z': 60.0}
2026-02-13 18:16:00,739 - PhysicalMLTrainer_Drone3 - INFO - Physical ML model trained drone=3 samples=901 degree=2 alpha=0.0 val_mse=0.002162
2026-02-13 18:16:00,741 - PhysicalMLTrainer_Drone1 - INFO - Physical ML model trained drone=1 samples=851 degree=2 alpha=0.0 val_mse=0.002959
2026-02-13 18:16:00,744 - PhysicalMLTrainer_Drone5 - INFO - Physical ML model trained drone=5 samples=901 degree=2 alpha=0.0 val_mse=0.003096
2026-02-13 18:16:00,745 - PhysicalMLTrainer_Drone2 - INFO - Physical ML model trained drone=2 samples=901 degree=2 alpha=0.0 val_mse=0.004163
2026-02-13 18:16:00,745 - PhysicalMLTrainer_Drone4 - INFO - Physical ML model trained drone=4 samples=901 degree=2 alpha=0.0 val_mse=0.002840
2026-02-13 18:16:01,479 - Drone_2 - INFO - Drone 2: Flying to {'x': 1766.591498248252, 'y': 1153.4457712735639, 'z': 60.0}
2026-02-13 18:16:01,480 - Drone_3 - INFO - Drone 3: Flying to {'x': 1743.346032974529, 'y': 1166.849067293877, 'z': 60.0}
2026-02-13 18:16:01,480 - Drone_4 - INFO - Drone 4: Flying to {'x': 1753.1882022279387, 'y': 1130.200305999841, 'z': 60.0}
2026-02-13 18:16:01,480 - Drone_5 - INFO - Drone 5: Flying to {'x': 1716.7076831433628, 'y': 1163.6244249458935, 'z': 60.0}
2026-02-13 18:16:02,481 - Drone_2 - INFO - Drone 2: Flying to {'x': 1766.591498248252, 'y': 1153.4457712735639, 'z': 60.0}
2026-02-13 18:16:02,481 - Drone_3 - INFO - Drone 3: Flying to {'x': 1743.3460329745292, 'y': 1166.849067293877, 'z': 60.0}
2026-02-13 18:16:02,481 - Drone_4 - INFO - Drone 4: Flying to {'x': 1753.1882022279387, 'y': 1130.200305999841, 'z': 60.0}
2026-02-13 18:16:02,481 - Drone_5 - INFO - Drone 5: Flying to {'x': 1716.7076831433628, 'y': 1163.6244249458935, 'z': 60.0}
2026-02-13 18:16:03,482 - Drone_2 - INFO - Drone 2: Flying to {'x': 1766.591498248252, 'y': 1153.4457712735639, 'z': 60.0}
2026-02-13 18:16:03,483 - Drone_3 - INFO - Drone 3: Flying to {'x': 1743.346032974529, 'y': 1166.849067293877, 'z': 60.0}
2026-02-13 18:16:03,483 - Drone_4 - INFO - Drone 4: Flying to {'x': 1753.1882022279387, 'y': 1130.200305999841, 'z': 60.0}
2026-02-13 18:16:03,484 - Drone_5 - INFO - Drone 5: Flying to {'x': 1716.7076831433628, 'y': 1163.6244249458935, 'z': 60.0}
2026-02-13 18:16:04,485 - Drone_2 - INFO - Drone 2: Flying to {'x': 1766.591498248252, 'y': 1153.4457712735639, 'z': 60.0}
2026-02-13 18:16:04,485 - Drone_3 - INFO - Drone 3: Flying to {'x': 1743.346032974529, 'y': 1166.849067293877, 'z': 60.0}
2026-02-13 18:16:04,486 - Drone_4 - INFO - Drone 4: Flying to {'x': 1753.1882022279387, 'y': 1130.200305999841, 'z': 60.0}
2026-02-13 18:16:04,486 - Drone_5 - INFO - Drone 5: Flying to {'x': 1716.7076831433628, 'y': 1163.6244249458935, 'z': 60.0}
2026-02-13 18:16:05,487 - Drone_2 - INFO - Drone 2: Flying to {'x': 1766.591498248252, 'y': 1153.4457712735639, 'z': 60.0}
2026-02-13 18:16:05,488 - Drone_3 - INFO - Drone 3: Flying to {'x': 1743.346032974529, 'y': 1166.849067293877, 'z': 60.0}
2026-02-13 18:16:05,488 - Drone_4 - INFO - Drone 4: Flying to {'x': 1753.1882022279387, 'y': 1130.200305999841, 'z': 60.0}
2026-02-13 18:16:05,488 - Drone_5 - INFO - Drone 5: Flying to {'x': 1716.7076831433628, 'y': 1163.6244249458935, 'z': 60.0}
2026-02-13 18:16:06,489 - Drone_2 - INFO - Drone 2: Flying to {'x': 1766.591498248252, 'y': 1153.4457712735639, 'z': 60.0}
2026-02-13 18:16:06,490 - Drone_3 - INFO - Drone 3: Flying to {'x': 1743.346032974529, 'y': 1166.849067293877, 'z': 60.0}
2026-02-13 18:16:06,490 - Drone_4 - INFO - Drone 4: Flying to {'x': 1753.1882022279387, 'y': 1130.200305999841, 'z': 60.0}
2026-02-13 18:16:06,490 - Drone_5 - INFO - Drone 5: Flying to {'x': 1716.7076831433628, 'y': 1163.6244249458935, 'z': 60.0}
2026-02-13 18:16:07,491 - Drone_2 - INFO - Drone 2: Flying to {'x': 1766.591498248252, 'y': 1153.4457712735639, 'z': 60.0}
2026-02-13 18:16:07,492 - Drone_3 - INFO - Drone 3: Flying to {'x': 1743.346032974529, 'y': 1166.849067293877, 'z': 60.0}
2026-02-13 18:16:07,492 - Drone_4 - INFO - Drone 4: Flying to {'x': 1753.1882022279387, 'y': 1130.200305999841, 'z': 60.0}
2026-02-13 18:16:07,493 - Drone_5 - INFO - Drone 5: Flying to {'x': 1716.7076831433628, 'y': 1163.6244249458935, 'z': 60.0}
2026-02-13 18:16:08,494 - Drone_2 - INFO - Drone 2: Flying to {'x': 1766.591498248252, 'y': 1153.4457712735639, 'z': 60.0}
2026-02-13 18:16:08,494 - Drone_3 - INFO - Drone 3: Flying to {'x': 1743.346032974529, 'y': 1166.849067293877, 'z': 60.0}
2026-02-13 18:16:08,495 - Drone_4 - INFO - Drone 4: Flying to {'x': 1753.1882022279387, 'y': 1130.200305999841, 'z': 60.0}
2026-02-13 18:16:08,495 - Drone_5 - INFO - Drone 5: Flying to {'x': 1716.7076831433628, 'y': 1163.6244249458935, 'z': 60.0}
2026-02-13 18:16:09,496 - Drone_2 - INFO - Drone 2: Flying to {'x': 1766.591498248252, 'y': 1153.4457712735639, 'z': 60.0}
2026-02-13 18:16:09,496 - Drone_3 - INFO - Drone 3: Flying to {'x': 1743.3460329745292, 'y': 1166.849067293877, 'z': 60.0}
2026-02-13 18:16:09,497 - Drone_4 - INFO - Drone 4: Flying to {'x': 1753.1882022279387, 'y': 1130.200305999841, 'z': 60.0}
2026-02-13 18:16:09,497 - Drone_5 - INFO - Drone 5: Flying to {'x': 1716.7076831433628, 'y': 1163.6244249458935, 'z': 60.0}
2026-02-13 18:16:10,498 - Drone_2 - INFO - Drone 2: Flying to {'x': 1766.591498248252, 'y': 1153.4457712735639, 'z': 60.0}
2026-02-13 18:16:10,499 - Drone_3 - INFO - Drone 3: Flying to {'x': 1743.346032974529, 'y': 1166.849067293877, 'z': 60.0}
2026-02-13 18:16:10,499 - Drone_4 - INFO - Drone 4: Flying to {'x': 1753.1882022279387, 'y': 1130.200305999841, 'z': 60.0}
2026-02-13 18:16:10,500 - Drone_5 - INFO - Drone 5: Flying to {'x': 1716.7076831433628, 'y': 1163.6244249458935, 'z': 60.0}
2026-02-13 18:16:11,501 - Drone_2 - INFO - Drone 2: Flying to {'x': 1766.591498248252, 'y': 1153.4457712735639, 'z': 60.0}
2026-02-13 18:16:11,502 - Drone_3 - INFO - Drone 3: Flying to {'x': 1743.3460329745292, 'y': 1166.849067293877, 'z': 60.0}
2026-02-13 18:16:11,503 - Drone_4 - INFO - Drone 4: Flying to {'x': 1753.1882022279387, 'y': 1130.200305999841, 'z': 60.0}
2026-02-13 18:16:11,503 - Drone_5 - INFO - Drone 5: Flying to {'x': 1716.7076831433628, 'y': 1163.6244249458935, 'z': 60.0}
2026-02-13 18:16:12,505 - Drone_2 - INFO - Drone 2: Flying to {'x': 1766.591498248252, 'y': 1153.4457712735639, 'z': 60.0}
2026-02-13 18:16:12,506 - Drone_3 - INFO - Drone 3: Flying to {'x': 1743.346032974529, 'y': 1166.849067293877, 'z': 60.0}
2026-02-13 18:16:12,507 - Drone_4 - INFO - Drone 4: Flying to {'x': 1753.1882022279387, 'y': 1130.200305999841, 'z': 60.0}
2026-02-13 18:16:12,507 - Drone_5 - INFO - Drone 5: Flying to {'x': 1716.7076831433628, 'y': 1163.6244249458937, 'z': 60.0}
2026-02-13 18:16:13,509 - Drone_2 - INFO - Drone 2: Flying to {'x': 1766.591498248252, 'y': 1153.4457712735639, 'z': 60.0}
2026-02-13 18:16:13,510 - Drone_3 - INFO - Drone 3: Flying to {'x': 1743.346032974529, 'y': 1166.849067293877, 'z': 60.0}
2026-02-13 18:16:13,511 - Drone_4 - INFO - Drone 4: Flying to {'x': 1753.1882022279387, 'y': 1130.200305999841, 'z': 60.0}
2026-02-13 18:16:13,511 - Drone_5 - INFO - Drone 5: Flying to {'x': 1716.7076831433628, 'y': 1163.6244249458935, 'z': 60.0}
2026-02-13 18:16:14,513 - Drone_2 - INFO - Drone 2: Flying to {'x': 1766.591498248252, 'y': 1153.4457712735639, 'z': 60.0}
2026-02-13 18:16:14,514 - Drone_3 - INFO - Drone 3: Flying to {'x': 1743.346032974529, 'y': 1166.849067293877, 'z': 60.0}
2026-02-13 18:16:14,514 - Drone_4 - INFO - Drone 4: Flying to {'x': 1753.1882022279387, 'y': 1130.200305999841, 'z': 60.0}
2026-02-13 18:16:14,515 - Drone_5 - INFO - Drone 5: Flying to {'x': 1716.7076831433628, 'y': 1163.6244249458937, 'z': 60.0}
2026-02-13 18:16:14,934 - Drone_2 - INFO - Drone 2: Reached target position
2026-02-13 18:16:15,515 - Drone_2 - INFO - Drone 2: Flying to {'x': 1766.591498248252, 'y': 1153.4457712735639, 'z': 60.0}
2026-02-13 18:16:15,516 - Drone_3 - INFO - Drone 3: Flying to {'x': 1743.346032974529, 'y': 1166.849067293877, 'z': 60.0}
2026-02-13 18:16:15,516 - Drone_4 - INFO - Drone 4: Flying to {'x': 1753.1882022279387, 'y': 1130.200305999841, 'z': 60.0}
2026-02-13 18:16:15,516 - Drone_5 - INFO - Drone 5: Flying to {'x': 1716.7076831433628, 'y': 1163.6244249458937, 'z': 60.0}
2026-02-13 18:16:15,841 - Drone_2 - INFO - Drone 2: Reached target position
2026-02-13 18:16:16,517 - Drone_2 - INFO - Drone 2: Flying to {'x': 1766.591498248252, 'y': 1153.4457712735639, 'z': 60.0}
2026-02-13 18:16:16,517 - Drone_3 - INFO - Drone 3: Flying to {'x': 1743.346032974529, 'y': 1166.849067293877, 'z': 60.0}
2026-02-13 18:16:16,518 - Drone_4 - INFO - Drone 4: Flying to {'x': 1753.1882022279387, 'y': 1130.200305999841, 'z': 60.0}
2026-02-13 18:16:16,518 - Drone_5 - INFO - Drone 5: Flying to {'x': 1716.7076831433628, 'y': 1163.6244249458935, 'z': 60.0}
2026-02-13 18:16:16,847 - Drone_2 - INFO - Drone 2: Reached target position
2026-02-13 18:16:17,518 - Drone_2 - INFO - Drone 2: Flying to {'x': 1766.591498248252, 'y': 1153.4457712735639, 'z': 60.0}
2026-02-13 18:16:17,519 - Drone_3 - INFO - Drone 3: Flying to {'x': 1743.346032974529, 'y': 1166.849067293877, 'z': 60.0}
2026-02-13 18:16:17,519 - Drone_4 - INFO - Drone 4: Flying to {'x': 1753.1882022279387, 'y': 1130.200305999841, 'z': 60.0}
2026-02-13 18:16:17,519 - Drone_5 - INFO - Drone 5: Flying to {'x': 1716.7076831433628, 'y': 1163.6244249458937, 'z': 60.0}
2026-02-13 18:16:17,853 - Drone_2 - INFO - Drone 2: Reached target position
2026-02-13 18:16:18,520 - Drone_2 - INFO - Drone 2: Flying to {'x': 1766.591498248252, 'y': 1153.4457712735639, 'z': 60.0}
2026-02-13 18:16:18,520 - Drone_3 - INFO - Drone 3: Flying to {'x': 1743.346032974529, 'y': 1166.849067293877, 'z': 60.0}
2026-02-13 18:16:18,521 - Drone_4 - INFO - Drone 4: Flying to {'x': 1753.1882022279387, 'y': 1130.200305999841, 'z': 60.0}
2026-02-13 18:16:18,521 - Drone_5 - INFO - Drone 5: Flying to {'x': 1716.7076831433628, 'y': 1163.6244249458937, 'z': 60.0}
2026-02-13 18:16:18,859 - Drone_2 - INFO - Drone 2: Reached target position
2026-02-13 18:16:19,522 - Drone_2 - INFO - Drone 2: Flying to {'x': 1766.591498248252, 'y': 1153.4457712735639, 'z': 60.0}
2026-02-13 18:16:19,523 - Drone_3 - INFO - Drone 3: Flying to {'x': 1743.346032974529, 'y': 1166.849067293877, 'z': 60.0}
2026-02-13 18:16:19,523 - Drone_4 - INFO - Drone 4: Flying to {'x': 1753.1882022279387, 'y': 1130.200305999841, 'z': 60.0}
2026-02-13 18:16:19,524 - Drone_5 - INFO - Drone 5: Flying to {'x': 1716.7076831433628, 'y': 1163.6244249458937, 'z': 60.0}
2026-02-13 18:16:19,866 - Drone_2 - INFO - Drone 2: Reached target position
2026-02-13 18:16:20,525 - Drone_2 - INFO - Drone 2: Flying to {'x': 1766.591498248252, 'y': 1153.4457712735639, 'z': 60.0}
2026-02-13 18:16:20,526 - Drone_3 - INFO - Drone 3: Flying to {'x': 1743.346032974529, 'y': 1166.849067293877, 'z': 60.0}
2026-02-13 18:16:20,527 - Drone_4 - INFO - Drone 4: Flying to {'x': 1753.1882022279387, 'y': 1130.200305999841, 'z': 60.0}
2026-02-13 18:16:20,528 - Drone_5 - INFO - Drone 5: Flying to {'x': 1716.7076831433628, 'y': 1163.6244249458937, 'z': 60.0}
2026-02-13 18:16:20,871 - Drone_2 - INFO - Drone 2: Reached target position
2026-02-13 18:16:20,878 - PhysicalMLTrainer_Drone3 - INFO - Physical ML model trained drone=3 samples=1101 degree=2 alpha=0.0 val_mse=0.002230
2026-02-13 18:16:20,881 - PhysicalMLTrainer_Drone1 - INFO - Physical ML model trained drone=1 samples=1051 degree=2 alpha=0.0 val_mse=0.001946
2026-02-13 18:16:20,884 - PhysicalMLTrainer_Drone5 - INFO - Physical ML model trained drone=5 samples=1101 degree=2 alpha=0.0 val_mse=0.002524
2026-02-13 18:16:20,885 - PhysicalMLTrainer_Drone4 - INFO - Physical ML model trained drone=4 samples=1101 degree=2 alpha=0.0 val_mse=0.002349
2026-02-13 18:16:20,885 - PhysicalMLTrainer_Drone2 - INFO - Physical ML model trained drone=2 samples=1101 degree=2 alpha=1.0 val_mse=0.037563
2026-02-13 18:16:21,529 - Drone_2 - INFO - Drone 2: Flying to {'x': 1766.591498248252, 'y': 1153.4457712735639, 'z': 60.0}
2026-02-13 18:16:21,530 - Drone_3 - INFO - Drone 3: Flying to {'x': 1743.346032974529, 'y': 1166.849067293877, 'z': 60.0}
2026-02-13 18:16:21,530 - Drone_4 - INFO - Drone 4: Flying to {'x': 1753.1882022279387, 'y': 1130.200305999841, 'z': 60.0}
2026-02-13 18:16:21,531 - Drone_5 - INFO - Drone 5: Flying to {'x': 1716.7076831433628, 'y': 1163.6244249458937, 'z': 60.0}
2026-02-13 18:16:21,891 - Drone_2 - INFO - Drone 2: Reached target position
2026-02-13 18:16:22,532 - Drone_2 - INFO - Drone 2: Flying to {'x': 1766.591498248252, 'y': 1153.4457712735639, 'z': 60.0}
2026-02-13 18:16:22,533 - Drone_3 - INFO - Drone 3: Flying to {'x': 1743.346032974529, 'y': 1166.849067293877, 'z': 60.0}
2026-02-13 18:16:22,534 - Drone_4 - INFO - Drone 4: Flying to {'x': 1753.1882022279387, 'y': 1130.200305999841, 'z': 60.0}
2026-02-13 18:16:22,535 - Drone_5 - INFO - Drone 5: Flying to {'x': 1716.7076831433628, 'y': 1163.6244249458937, 'z': 60.0}
2026-02-13 18:16:22,898 - Drone_2 - INFO - Drone 2: Reached target position
2026-02-13 18:16:23,536 - Drone_2 - INFO - Drone 2: Flying to {'x': 1766.591498248252, 'y': 1153.4457712735639, 'z': 60.0}
2026-02-13 18:16:23,536 - Drone_3 - INFO - Drone 3: Flying to {'x': 1743.346032974529, 'y': 1166.849067293877, 'z': 60.0}
2026-02-13 18:16:23,536 - Drone_4 - INFO - Drone 4: Flying to {'x': 1753.1882022279387, 'y': 1130.200305999841, 'z': 60.0}
2026-02-13 18:16:23,536 - Drone_5 - INFO - Drone 5: Flying to {'x': 1716.7076831433628, 'y': 1163.6244249458935, 'z': 60.0}
2026-02-13 18:16:23,904 - Drone_2 - INFO - Drone 2: Reached target position
2026-02-13 18:16:24,537 - Drone_2 - INFO - Drone 2: Flying to {'x': 1766.591498248252, 'y': 1153.4457712735639, 'z': 60.0}
2026-02-13 18:16:24,537 - Drone_3 - INFO - Drone 3: Flying to {'x': 1743.346032974529, 'y': 1166.849067293877, 'z': 60.0}
2026-02-13 18:16:24,538 - Drone_4 - INFO - Drone 4: Flying to {'x': 1753.1882022279387, 'y': 1130.200305999841, 'z': 60.0}
2026-02-13 18:16:24,538 - Drone_5 - INFO - Drone 5: Flying to {'x': 1716.7076831433628, 'y': 1163.6244249458935, 'z': 60.0}
2026-02-13 18:16:24,909 - Drone_2 - INFO - Drone 2: Reached target position
2026-02-13 18:16:25,539 - Drone_2 - INFO - Drone 2: Flying to {'x': 1766.591498248252, 'y': 1153.4457712735639, 'z': 60.0}
2026-02-13 18:16:25,540 - Drone_3 - INFO - Drone 3: Flying to {'x': 1743.3460329745292, 'y': 1166.849067293877, 'z': 60.0}
2026-02-13 18:16:25,540 - Drone_4 - INFO - Drone 4: Flying to {'x': 1753.1882022279387, 'y': 1130.200305999841, 'z': 60.0}
2026-02-13 18:16:25,541 - Drone_5 - INFO - Drone 5: Flying to {'x': 1716.7076831433628, 'y': 1163.6244249458935, 'z': 60.0}
2026-02-13 18:16:25,918 - Drone_2 - INFO - Drone 2: Reached target position
2026-02-13 18:16:26,542 - Drone_2 - INFO - Drone 2: Flying to {'x': 1766.591498248252, 'y': 1153.4457712735639, 'z': 60.0}
2026-02-13 18:16:26,543 - Drone_3 - INFO - Drone 3: Flying to {'x': 1743.346032974529, 'y': 1166.849067293877, 'z': 60.0}
2026-02-13 18:16:26,543 - Drone_4 - INFO - Drone 4: Flying to {'x': 1753.1882022279387, 'y': 1130.200305999841, 'z': 60.0}
2026-02-13 18:16:26,544 - Drone_5 - INFO - Drone 5: Flying to {'x': 1716.7076831433628, 'y': 1163.6244249458935, 'z': 60.0}
2026-02-13 18:16:26,924 - Drone_2 - INFO - Drone 2: Reached target position
2026-02-13 18:16:27,545 - Drone_2 - INFO - Drone 2: Flying to {'x': 1766.591498248252, 'y': 1153.4457712735639, 'z': 60.0}
2026-02-13 18:16:27,546 - Drone_3 - INFO - Drone 3: Flying to {'x': 1743.346032974529, 'y': 1166.849067293877, 'z': 60.0}
2026-02-13 18:16:27,547 - Drone_4 - INFO - Drone 4: Flying to {'x': 1753.1882022279387, 'y': 1130.200305999841, 'z': 60.0}
2026-02-13 18:16:27,547 - Drone_5 - INFO - Drone 5: Flying to {'x': 1716.7076831433628, 'y': 1163.6244249458935, 'z': 60.0}
2026-02-13 18:16:27,930 - Drone_2 - INFO - Drone 2: Reached target position
2026-02-13 18:16:28,548 - Drone_2 - INFO - Drone 2: Flying to {'x': 1766.591498248252, 'y': 1153.4457712735639, 'z': 60.0}
2026-02-13 18:16:28,549 - Drone_3 - INFO - Drone 3: Flying to {'x': 1743.346032974529, 'y': 1166.849067293877, 'z': 60.0}
2026-02-13 18:16:28,549 - Drone_4 - INFO - Drone 4: Flying to {'x': 1753.1882022279387, 'y': 1130.200305999841, 'z': 60.0}
2026-02-13 18:16:28,550 - Drone_5 - INFO - Drone 5: Flying to {'x': 1716.7076831433628, 'y': 1163.6244249458935, 'z': 60.0}
2026-02-13 18:16:28,937 - Drone_2 - INFO - Drone 2: Reached target position
2026-02-13 18:16:29,551 - Drone_2 - INFO - Drone 2: Flying to {'x': 1766.591498248252, 'y': 1153.4457712735639, 'z': 60.0}
2026-02-13 18:16:29,552 - Drone_3 - INFO - Drone 3: Flying to {'x': 1743.3460329745292, 'y': 1166.849067293877, 'z': 60.0}
2026-02-13 18:16:29,553 - Drone_4 - INFO - Drone 4: Flying to {'x': 1753.1882022279387, 'y': 1130.2003059998408, 'z': 60.0}
2026-02-13 18:16:29,553 - Drone_5 - INFO - Drone 5: Flying to {'x': 1716.7076831433628, 'y': 1163.6244249458935, 'z': 60.0}
2026-02-13 18:16:29,943 - Drone_2 - INFO - Drone 2: Reached target position
2026-02-13 18:16:30,554 - Drone_2 - INFO - Drone 2: Flying to {'x': 1766.591498248252, 'y': 1153.4457712735639, 'z': 60.0}
2026-02-13 18:16:30,555 - Drone_3 - INFO - Drone 3: Flying to {'x': 1743.3460329745292, 'y': 1166.849067293877, 'z': 60.0}
2026-02-13 18:16:30,556 - Drone_4 - INFO - Drone 4: Flying to {'x': 1753.1882022279387, 'y': 1130.2003059998408, 'z': 60.0}
2026-02-13 18:16:30,557 - Drone_5 - INFO - Drone 5: Flying to {'x': 1716.7076831433628, 'y': 1163.6244249458935, 'z': 60.0}
2026-02-13 18:16:30,950 - Drone_2 - INFO - Drone 2: Reached target position
2026-02-13 18:16:31,558 - Drone_2 - INFO - Drone 2: Flying to {'x': 1766.591498248252, 'y': 1153.4457712735639, 'z': 60.0}
2026-02-13 18:16:31,558 - Drone_3 - INFO - Drone 3: Flying to {'x': 1743.3460329745292, 'y': 1166.8490672938767, 'z': 60.0}
2026-02-13 18:16:31,559 - Drone_4 - INFO - Drone 4: Flying to {'x': 1753.1882022279387, 'y': 1130.2003059998408, 'z': 60.0}
2026-02-13 18:16:31,559 - Drone_5 - INFO - Drone 5: Flying to {'x': 1716.7076831433628, 'y': 1163.6244249458935, 'z': 60.0}
2026-02-13 18:16:31,958 - Drone_2 - INFO - Drone 2: Reached target position
2026-02-13 18:16:32,560 - Drone_2 - INFO - Drone 2: Flying to {'x': 1766.591498248252, 'y': 1153.4457712735639, 'z': 60.0}
2026-02-13 18:16:32,560 - Drone_3 - INFO - Drone 3: Flying to {'x': 1743.3460329745292, 'y': 1166.849067293877, 'z': 60.0}
2026-02-13 18:16:32,561 - Drone_4 - INFO - Drone 4: Flying to {'x': 1753.1882022279387, 'y': 1130.2003059998408, 'z': 60.0}
2026-02-13 18:16:32,561 - Drone_5 - INFO - Drone 5: Flying to {'x': 1716.7076831433628, 'y': 1163.6244249458935, 'z': 60.0}
2026-02-13 18:16:32,864 - Drone_2 - INFO - Drone 2: Reached target position
2026-02-13 18:16:33,561 - Drone_2 - INFO - Drone 2: Flying to {'x': 1766.591498248252, 'y': 1153.4457712735639, 'z': 60.0}
2026-02-13 18:16:33,562 - Drone_3 - INFO - Drone 3: Flying to {'x': 1743.3460329745292, 'y': 1166.849067293877, 'z': 60.0}
2026-02-13 18:16:33,562 - Drone_4 - INFO - Drone 4: Flying to {'x': 1753.1882022279387, 'y': 1130.2003059998408, 'z': 60.0}
2026-02-13 18:16:33,562 - Drone_5 - INFO - Drone 5: Flying to {'x': 1716.7076831433628, 'y': 1163.6244249458935, 'z': 60.0}
2026-02-13 18:16:33,870 - Drone_2 - INFO - Drone 2: Reached target position
2026-02-13 18:16:34,563 - Drone_2 - INFO - Drone 2: Flying to {'x': 1766.591498248252, 'y': 1153.4457712735639, 'z': 60.0}
2026-02-13 18:16:34,564 - Drone_3 - INFO - Drone 3: Flying to {'x': 1743.3460329745292, 'y': 1166.8490672938767, 'z': 60.0}
2026-02-13 18:16:34,564 - Drone_4 - INFO - Drone 4: Flying to {'x': 1753.1882022279387, 'y': 1130.2003059998408, 'z': 60.0}
2026-02-13 18:16:34,564 - Drone_5 - INFO - Drone 5: Flying to {'x': 1716.7076831433628, 'y': 1163.6244249458935, 'z': 60.0}
2026-02-13 18:16:34,876 - Drone_2 - INFO - Drone 2: Reached target position
2026-02-13 18:16:35,565 - Drone_2 - INFO - Drone 2: Flying to {'x': 1766.591498248252, 'y': 1153.4457712735639, 'z': 60.0}
2026-02-13 18:16:35,566 - Drone_3 - INFO - Drone 3: Flying to {'x': 1743.3460329745292, 'y': 1166.849067293877, 'z': 60.0}
2026-02-13 18:16:35,566 - Drone_4 - INFO - Drone 4: Flying to {'x': 1753.1882022279387, 'y': 1130.2003059998408, 'z': 60.0}
2026-02-13 18:16:35,567 - Drone_5 - INFO - Drone 5: Flying to {'x': 1716.7076831433628, 'y': 1163.6244249458935, 'z': 60.0}
2026-02-13 18:16:35,883 - Drone_2 - INFO - Drone 2: Reached target position
2026-02-13 18:16:36,569 - Drone_2 - INFO - Drone 2: Flying to {'x': 1766.591498248252, 'y': 1153.4457712735639, 'z': 60.0}
2026-02-13 18:16:36,570 - Drone_3 - INFO - Drone 3: Flying to {'x': 1743.3460329745292, 'y': 1166.849067293877, 'z': 60.0}
2026-02-13 18:16:36,571 - Drone_4 - INFO - Drone 4: Flying to {'x': 1753.1882022279387, 'y': 1130.2003059998408, 'z': 60.0}
2026-02-13 18:16:36,571 - Drone_5 - INFO - Drone 5: Flying to {'x': 1716.7076831433628, 'y': 1163.6244249458935, 'z': 60.0}
2026-02-13 18:16:36,889 - Drone_2 - INFO - Drone 2: Reached target position
2026-02-13 18:16:37,573 - Drone_2 - INFO - Drone 2: Flying to {'x': 1766.591498248252, 'y': 1153.4457712735639, 'z': 60.0}
2026-02-13 18:16:37,573 - Drone_3 - INFO - Drone 3: Flying to {'x': 1743.3460329745292, 'y': 1166.849067293877, 'z': 60.0}
2026-02-13 18:16:37,574 - Drone_4 - INFO - Drone 4: Flying to {'x': 1753.1882022279387, 'y': 1130.2003059998408, 'z': 60.0}
2026-02-13 18:16:37,575 - Drone_5 - INFO - Drone 5: Flying to {'x': 1716.7076831433628, 'y': 1163.6244249458935, 'z': 60.0}
2026-02-13 18:16:37,896 - Drone_2 - INFO - Drone 2: Reached target position
2026-02-13 18:16:38,576 - Drone_2 - INFO - Drone 2: Flying to {'x': 1766.591498248252, 'y': 1153.4457712735639, 'z': 60.0}
2026-02-13 18:16:38,577 - Drone_3 - INFO - Drone 3: Flying to {'x': 1743.3460329745292, 'y': 1166.849067293877, 'z': 60.0}
2026-02-13 18:16:38,578 - Drone_4 - INFO - Drone 4: Flying to {'x': 1753.1882022279387, 'y': 1130.2003059998408, 'z': 60.0}
2026-02-13 18:16:38,578 - Drone_5 - INFO - Drone 5: Flying to {'x': 1716.7076831433628, 'y': 1163.6244249458935, 'z': 60.0}
2026-02-13 18:16:38,905 - Drone_2 - INFO - Drone 2: Reached target position
2026-02-13 18:16:39,580 - Drone_2 - INFO - Drone 2: Flying to {'x': 1766.591498248252, 'y': 1153.4457712735639, 'z': 60.0}
2026-02-13 18:16:39,580 - Drone_3 - INFO - Drone 3: Flying to {'x': 1743.3460329745292, 'y': 1166.849067293877, 'z': 60.0}
2026-02-13 18:16:39,580 - Drone_4 - INFO - Drone 4: Flying to {'x': 1753.1882022279387, 'y': 1130.2003059998408, 'z': 60.0}
2026-02-13 18:16:39,580 - Drone_5 - INFO - Drone 5: Flying to {'x': 1716.7076831433628, 'y': 1163.6244249458935, 'z': 60.0}
2026-02-13 18:16:39,911 - Drone_2 - INFO - Drone 2: Reached target position
2026-02-13 18:16:40,582 - Drone_2 - INFO - Drone 2: Flying to {'x': 1766.591498248252, 'y': 1153.4457712735639, 'z': 60.0}
2026-02-13 18:16:40,583 - Drone_3 - INFO - Drone 3: Flying to {'x': 1743.3460329745292, 'y': 1166.849067293877, 'z': 60.0}
2026-02-13 18:16:40,583 - Drone_4 - INFO - Drone 4: Flying to {'x': 1753.1882022279387, 'y': 1130.2003059998408, 'z': 60.0}
2026-02-13 18:16:40,584 - Drone_5 - INFO - Drone 5: Flying to {'x': 1716.7076831433628, 'y': 1163.6244249458935, 'z': 60.0}
2026-02-13 18:16:40,917 - Drone_2 - INFO - Drone 2: Reached target position
2026-02-13 18:16:41,001 - PhysicalMLTrainer_Drone3 - INFO - Physical ML model trained drone=3 samples=1301 degree=2 alpha=0.0 val_mse=0.001739
2026-02-13 18:16:41,025 - PhysicalMLTrainer_Drone5 - INFO - Physical ML model trained drone=5 samples=1301 degree=2 alpha=0.0 val_mse=0.001689
2026-02-13 18:16:41,026 - PhysicalMLTrainer_Drone4 - INFO - Physical ML model trained drone=4 samples=1301 degree=2 alpha=0.0 val_mse=0.001554
2026-02-13 18:16:41,026 - PhysicalMLTrainer_Drone1 - INFO - Physical ML model trained drone=1 samples=1251 degree=2 alpha=0.0 val_mse=0.001252
2026-02-13 18:16:41,030 - PhysicalMLTrainer_Drone2 - INFO - Physical ML model trained drone=2 samples=1301 degree=2 alpha=1.0 val_mse=0.145618
2026-02-13 18:16:41,584 - Drone_2 - INFO - Drone 2: Flying to {'x': 1766.591498248252, 'y': 1153.4457712735639, 'z': 60.0}
2026-02-13 18:16:41,585 - Drone_3 - INFO - Drone 3: Flying to {'x': 1743.3460329745292, 'y': 1166.849067293877, 'z': 60.0}
2026-02-13 18:16:41,586 - Drone_4 - INFO - Drone 4: Flying to {'x': 1753.1882022279387, 'y': 1130.2003059998408, 'z': 60.0}
2026-02-13 18:16:41,586 - Drone_5 - INFO - Drone 5: Flying to {'x': 1716.7076831433628, 'y': 1163.6244249458935, 'z': 60.0}
2026-02-13 18:16:41,938 - Drone_2 - INFO - Drone 2: Reached target position
2026-02-13 18:16:42,588 - Drone_2 - INFO - Drone 2: Flying to {'x': 1766.591498248252, 'y': 1153.4457712735639, 'z': 60.0}
2026-02-13 18:16:42,588 - Drone_3 - INFO - Drone 3: Flying to {'x': 1743.3460329745292, 'y': 1166.849067293877, 'z': 60.0}
2026-02-13 18:16:42,589 - Drone_4 - INFO - Drone 4: Flying to {'x': 1753.1882022279387, 'y': 1130.2003059998408, 'z': 60.0}
2026-02-13 18:16:42,590 - Drone_5 - INFO - Drone 5: Flying to {'x': 1716.7076831433628, 'y': 1163.6244249458935, 'z': 60.0}
2026-02-13 18:16:42,943 - Drone_2 - INFO - Drone 2: Reached target position
2026-02-13 18:16:43,591 - Drone_2 - INFO - Drone 2: Flying to {'x': 1766.591498248252, 'y': 1153.4457712735639, 'z': 60.0}
2026-02-13 18:16:43,592 - Drone_3 - INFO - Drone 3: Flying to {'x': 1743.3460329745292, 'y': 1166.849067293877, 'z': 60.0}
2026-02-13 18:16:43,593 - Drone_4 - INFO - Drone 4: Flying to {'x': 1753.1882022279387, 'y': 1130.2003059998408, 'z': 60.0}
2026-02-13 18:16:43,594 - Drone_5 - INFO - Drone 5: Flying to {'x': 1716.7076831433628, 'y': 1163.6244249458935, 'z': 60.0}
2026-02-13 18:16:43,949 - Drone_2 - INFO - Drone 2: Reached target position
2026-02-13 18:16:44,595 - Drone_2 - INFO - Drone 2: Flying to {'x': 1766.591498248252, 'y': 1153.4457712735639, 'z': 60.0}
2026-02-13 18:16:44,595 - Drone_3 - INFO - Drone 3: Flying to {'x': 1743.3460329745292, 'y': 1166.849067293877, 'z': 60.0}
2026-02-13 18:16:44,596 - Drone_4 - INFO - Drone 4: Flying to {'x': 1753.1882022279387, 'y': 1130.2003059998408, 'z': 60.0}
2026-02-13 18:16:44,597 - Drone_5 - INFO - Drone 5: Flying to {'x': 1716.7076831433628, 'y': 1163.6244249458935, 'z': 60.0}
2026-02-13 18:16:44,955 - Drone_2 - INFO - Drone 2: Reached target position
2026-02-13 18:16:45,598 - Drone_2 - INFO - Drone 2: Flying to {'x': 1766.591498248252, 'y': 1153.4457712735639, 'z': 60.0}
2026-02-13 18:16:45,599 - Drone_3 - INFO - Drone 3: Flying to {'x': 1743.3460329745292, 'y': 1166.8490672938767, 'z': 60.0}
2026-02-13 18:16:45,600 - Drone_4 - INFO - Drone 4: Flying to {'x': 1753.1882022279387, 'y': 1130.2003059998408, 'z': 60.0}
2026-02-13 18:16:45,600 - Drone_5 - INFO - Drone 5: Flying to {'x': 1716.7076831433628, 'y': 1163.6244249458935, 'z': 60.0}
2026-02-13 18:16:45,961 - Drone_2 - INFO - Drone 2: Reached target position
2026-02-13 18:16:46,602 - Drone_2 - INFO - Drone 2: Flying to {'x': 1766.591498248252, 'y': 1153.4457712735639, 'z': 60.0}
2026-02-13 18:16:46,603 - Drone_3 - INFO - Drone 3: Flying to {'x': 1743.3460329745292, 'y': 1166.849067293877, 'z': 60.0}
2026-02-13 18:16:46,603 - Drone_4 - INFO - Drone 4: Flying to {'x': 1753.1882022279387, 'y': 1130.2003059998408, 'z': 60.0}
2026-02-13 18:16:46,605 - Drone_5 - INFO - Drone 5: Flying to {'x': 1716.7076831433628, 'y': 1163.6244249458935, 'z': 60.0}
2026-02-13 18:16:46,966 - Drone_2 - INFO - Drone 2: Reached target position
2026-02-13 18:16:47,606 - Drone_2 - INFO - Drone 2: Flying to {'x': 1766.591498248252, 'y': 1153.4457712735639, 'z': 60.0}
2026-02-13 18:16:47,607 - Drone_3 - INFO - Drone 3: Flying to {'x': 1743.3460329745292, 'y': 1166.849067293877, 'z': 60.0}
2026-02-13 18:16:47,607 - Drone_4 - INFO - Drone 4: Flying to {'x': 1753.1882022279387, 'y': 1130.2003059998408, 'z': 60.0}
2026-02-13 18:16:47,607 - Drone_5 - INFO - Drone 5: Flying to {'x': 1716.7076831433628, 'y': 1163.6244249458935, 'z': 60.0}
2026-02-13 18:16:47,972 - Drone_2 - INFO - Drone 2: Reached target position
2026-02-13 18:16:48,608 - Drone_2 - INFO - Drone 2: Flying to {'x': 1766.591498248252, 'y': 1153.4457712735639, 'z': 60.0}
2026-02-13 18:16:48,609 - Drone_3 - INFO - Drone 3: Flying to {'x': 1743.3460329745292, 'y': 1166.849067293877, 'z': 60.0}
2026-02-13 18:16:48,610 - Drone_4 - INFO - Drone 4: Flying to {'x': 1753.1882022279387, 'y': 1130.2003059998408, 'z': 60.0}
2026-02-13 18:16:48,611 - Drone_5 - INFO - Drone 5: Flying to {'x': 1716.7076831433628, 'y': 1163.6244249458935, 'z': 60.0}
2026-02-13 18:16:48,983 - Drone_2 - INFO - Drone 2: Reached target position
2026-02-13 18:16:49,612 - Drone_2 - INFO - Drone 2: Flying to {'x': 1766.591498248252, 'y': 1153.4457712735639, 'z': 60.0}
2026-02-13 18:16:49,612 - Drone_3 - INFO - Drone 3: Flying to {'x': 1743.3460329745292, 'y': 1166.849067293877, 'z': 60.0}
2026-02-13 18:16:49,613 - Drone_4 - INFO - Drone 4: Flying to {'x': 1753.1882022279387, 'y': 1130.2003059998408, 'z': 60.0}
2026-02-13 18:16:49,614 - Drone_5 - INFO - Drone 5: Flying to {'x': 1716.7076831433628, 'y': 1163.6244249458935, 'z': 60.0}
2026-02-13 18:16:49,988 - Drone_2 - INFO - Drone 2: Reached target position
2026-02-13 18:16:50,615 - Drone_2 - INFO - Drone 2: Flying to {'x': 1766.591498248252, 'y': 1153.4457712735639, 'z': 60.0}
2026-02-13 18:16:50,615 - Drone_3 - INFO - Drone 3: Flying to {'x': 1743.3460329745292, 'y': 1166.849067293877, 'z': 60.0}
2026-02-13 18:16:50,615 - Drone_4 - INFO - Drone 4: Flying to {'x': 1753.1882022279387, 'y': 1130.2003059998408, 'z': 60.0}
2026-02-13 18:16:50,616 - Drone_5 - INFO - Drone 5: Flying to {'x': 1716.7076831433628, 'y': 1163.6244249458935, 'z': 60.0}
2026-02-13 18:16:50,995 - Drone_2 - INFO - Drone 2: Reached target position
2026-02-13 18:16:51,617 - Drone_2 - INFO - Drone 2: Flying to {'x': 1766.591498248252, 'y': 1153.4457712735639, 'z': 60.0}
2026-02-13 18:16:51,618 - Drone_3 - INFO - Drone 3: Flying to {'x': 1743.3460329745292, 'y': 1166.849067293877, 'z': 60.0}
2026-02-13 18:16:51,618 - Drone_4 - INFO - Drone 4: Flying to {'x': 1753.1882022279387, 'y': 1130.2003059998408, 'z': 60.0}
2026-02-13 18:16:51,619 - Drone_5 - INFO - Drone 5: Flying to {'x': 1716.7076831433628, 'y': 1163.6244249458935, 'z': 60.0}
2026-02-13 18:16:52,001 - Drone_2 - INFO - Drone 2: Reached target position
2026-02-13 18:16:52,620 - Drone_2 - INFO - Drone 2: Flying to {'x': 1766.591498248252, 'y': 1153.4457712735639, 'z': 60.0}
2026-02-13 18:16:52,621 - Drone_3 - INFO - Drone 3: Flying to {'x': 1743.3460329745292, 'y': 1166.849067293877, 'z': 60.0}
2026-02-13 18:16:52,622 - Drone_4 - INFO - Drone 4: Flying to {'x': 1753.1882022279387, 'y': 1130.2003059998408, 'z': 60.0}
2026-02-13 18:16:52,623 - Drone_5 - INFO - Drone 5: Flying to {'x': 1716.7076831433628, 'y': 1163.6244249458935, 'z': 60.0}
2026-02-13 18:16:53,008 - Drone_2 - INFO - Drone 2: Reached target position
2026-02-13 18:16:53,624 - Drone_2 - INFO - Drone 2: Flying to {'x': 1766.591498248252, 'y': 1153.4457712735639, 'z': 60.0}
2026-02-13 18:16:53,626 - Drone_3 - INFO - Drone 3: Flying to {'x': 1743.3460329745292, 'y': 1166.849067293877, 'z': 60.0}
2026-02-13 18:16:53,626 - Drone_4 - INFO - Drone 4: Flying to {'x': 1753.1882022279387, 'y': 1130.2003059998408, 'z': 60.0}
2026-02-13 18:16:53,627 - Drone_5 - INFO - Drone 5: Flying to {'x': 1716.7076831433628, 'y': 1163.6244249458935, 'z': 60.0}
2026-02-13 18:16:54,014 - Drone_2 - INFO - Drone 2: Reached target position
2026-02-13 18:16:54,629 - Drone_2 - INFO - Drone 2: Flying to {'x': 1766.591498248252, 'y': 1153.4457712735639, 'z': 60.0}
2026-02-13 18:16:54,629 - Drone_3 - INFO - Drone 3: Flying to {'x': 1743.3460329745292, 'y': 1166.849067293877, 'z': 60.0}
2026-02-13 18:16:54,629 - Drone_4 - INFO - Drone 4: Flying to {'x': 1753.1882022279387, 'y': 1130.2003059998408, 'z': 60.0}
2026-02-13 18:16:54,630 - Drone_5 - INFO - Drone 5: Flying to {'x': 1716.7076831433628, 'y': 1163.6244249458935, 'z': 60.0}
2026-02-13 18:16:55,024 - Drone_2 - INFO - Drone 2: Reached target position
2026-02-13 18:16:55,630 - Drone_2 - INFO - Drone 2: Flying to {'x': 1766.591498248252, 'y': 1153.4457712735639, 'z': 60.0}
2026-02-13 18:16:55,631 - Drone_3 - INFO - Drone 3: Flying to {'x': 1743.3460329745292, 'y': 1166.849067293877, 'z': 60.0}
2026-02-13 18:16:55,631 - Drone_4 - INFO - Drone 4: Flying to {'x': 1753.1882022279387, 'y': 1130.2003059998408, 'z': 60.0}
2026-02-13 18:16:55,631 - Drone_5 - INFO - Drone 5: Flying to {'x': 1716.7076831433628, 'y': 1163.6244249458935, 'z': 60.0}
2026-02-13 18:16:56,029 - Drone_2 - INFO - Drone 2: Reached target position
2026-02-13 18:16:56,632 - Drone_2 - INFO - Drone 2: Flying to {'x': 1766.591498248252, 'y': 1153.4457712735639, 'z': 60.0}
2026-02-13 18:16:56,633 - Drone_3 - INFO - Drone 3: Flying to {'x': 1743.346032974529, 'y': 1166.849067293877, 'z': 60.0}
2026-02-13 18:16:56,633 - Drone_4 - INFO - Drone 4: Flying to {'x': 1753.1882022279387, 'y': 1130.200305999841, 'z': 60.0}
2026-02-13 18:16:56,633 - Drone_5 - INFO - Drone 5: Flying to {'x': 1716.7076831433628, 'y': 1163.6244249458935, 'z': 60.0}
2026-02-13 18:16:56,934 - Drone_2 - INFO - Drone 2: Reached target position
2026-02-13 18:16:57,634 - Drone_2 - INFO - Drone 2: Flying to {'x': 1766.591498248252, 'y': 1153.4457712735639, 'z': 60.0}
2026-02-13 18:16:57,635 - Drone_3 - INFO - Drone 3: Flying to {'x': 1743.346032974529, 'y': 1166.849067293877, 'z': 60.0}
2026-02-13 18:16:57,636 - Drone_4 - INFO - Drone 4: Flying to {'x': 1753.1882022279387, 'y': 1130.200305999841, 'z': 60.0}
2026-02-13 18:16:57,636 - Drone_5 - INFO - Drone 5: Flying to {'x': 1716.7076831433628, 'y': 1163.6244249458935, 'z': 60.0}
2026-02-13 18:16:57,940 - Drone_2 - INFO - Drone 2: Reached target position
2026-02-13 18:16:58,638 - Drone_2 - INFO - Drone 2: Flying to {'x': 1766.591498248252, 'y': 1153.4457712735639, 'z': 60.0}
2026-02-13 18:16:58,638 - Drone_3 - INFO - Drone 3: Flying to {'x': 1743.346032974529, 'y': 1166.849067293877, 'z': 60.0}
2026-02-13 18:16:58,639 - Drone_4 - INFO - Drone 4: Flying to {'x': 1753.1882022279387, 'y': 1130.200305999841, 'z': 60.0}
2026-02-13 18:16:58,641 - Drone_5 - INFO - Drone 5: Flying to {'x': 1716.7076831433628, 'y': 1163.6244249458935, 'z': 60.0}
2026-02-13 18:16:58,946 - Drone_2 - INFO - Drone 2: Reached target position
2026-02-13 18:16:59,642 - Drone_2 - INFO - Drone 2: Flying to {'x': 1766.591498248252, 'y': 1153.4457712735639, 'z': 60.0}
2026-02-13 18:16:59,643 - Drone_3 - INFO - Drone 3: Flying to {'x': 1743.346032974529, 'y': 1166.849067293877, 'z': 60.0}
2026-02-13 18:16:59,643 - Drone_4 - INFO - Drone 4: Flying to {'x': 1753.1882022279387, 'y': 1130.200305999841, 'z': 60.0}
2026-02-13 18:16:59,645 - Drone_5 - INFO - Drone 5: Flying to {'x': 1716.7076831433628, 'y': 1163.6244249458935, 'z': 60.0}
2026-02-13 18:16:59,953 - Drone_2 - INFO - Drone 2: Reached target position
2026-02-13 18:17:00,645 - Drone_2 - INFO - Drone 2: Flying to {'x': 1766.591498248252, 'y': 1153.4457712735639, 'z': 60.0}
2026-02-13 18:17:00,646 - Drone_3 - INFO - Drone 3: Flying to {'x': 1743.3460329745292, 'y': 1166.849067293877, 'z': 60.0}
2026-02-13 18:17:00,646 - Drone_4 - INFO - Drone 4: Flying to {'x': 1753.1882022279387, 'y': 1130.2003059998408, 'z': 60.0}
2026-02-13 18:17:00,647 - Drone_5 - INFO - Drone 5: Flying to {'x': 1716.7076831433628, 'y': 1163.6244249458935, 'z': 60.0}
2026-02-13 18:17:00,958 - Drone_2 - INFO - Drone 2: Reached target position
2026-02-13 18:17:01,133 - PhysicalMLTrainer_Drone3 - INFO - Physical ML model trained drone=3 samples=1501 degree=2 alpha=0.0 val_mse=0.001241
2026-02-13 18:17:01,146 - PhysicalMLTrainer_Drone5 - INFO - Physical ML model trained drone=5 samples=1501 degree=2 alpha=0.0 val_mse=0.001159
2026-02-13 18:17:01,148 - PhysicalMLTrainer_Drone1 - INFO - Physical ML model trained drone=1 samples=1451 degree=2 alpha=0.0 val_mse=0.000936
2026-02-13 18:17:01,161 - PhysicalMLTrainer_Drone4 - INFO - Physical ML model trained drone=4 samples=1501 degree=2 alpha=0.0 val_mse=0.001023
2026-02-13 18:17:01,164 - PhysicalMLTrainer_Drone2 - INFO - Physical ML model trained drone=2 samples=1501 degree=2 alpha=0.0 val_mse=0.003000
2026-02-13 18:17:01,648 - Drone_2 - INFO - Drone 2: Flying to {'x': 1766.591498248252, 'y': 1153.4457712735639, 'z': 60.0}
2026-02-13 18:17:01,649 - Drone_3 - INFO - Drone 3: Flying to {'x': 1743.3460329745292, 'y': 1166.849067293877, 'z': 60.0}
2026-02-13 18:17:01,649 - Drone_4 - INFO - Drone 4: Flying to {'x': 1753.1882022279387, 'y': 1130.200305999841, 'z': 60.0}
2026-02-13 18:17:01,651 - Drone_5 - INFO - Drone 5: Flying to {'x': 1716.7076831433628, 'y': 1163.6244249458935, 'z': 60.0}
2026-02-13 18:17:01,970 - Drone_2 - INFO - Drone 2: Reached target position
2026-02-13 18:17:02,653 - Drone_2 - INFO - Drone 2: Flying to {'x': 1766.591498248252, 'y': 1153.4457712735639, 'z': 60.0}
2026-02-13 18:17:02,654 - Drone_3 - INFO - Drone 3: Flying to {'x': 1743.3460329745292, 'y': 1166.849067293877, 'z': 60.0}
2026-02-13 18:17:02,654 - Drone_4 - INFO - Drone 4: Flying to {'x': 1753.1882022279387, 'y': 1130.200305999841, 'z': 60.0}
2026-02-13 18:17:02,655 - Drone_5 - INFO - Drone 5: Flying to {'x': 1716.7076831433628, 'y': 1163.6244249458935, 'z': 60.0}
2026-02-13 18:17:02,977 - Drone_2 - INFO - Drone 2: Reached target position
2026-02-13 18:17:03,656 - Drone_2 - INFO - Drone 2: Flying to {'x': 1766.591498248252, 'y': 1153.4457712735639, 'z': 60.0}
2026-02-13 18:17:03,656 - Drone_3 - INFO - Drone 3: Flying to {'x': 1743.346032974529, 'y': 1166.849067293877, 'z': 60.0}
2026-02-13 18:17:03,656 - Drone_4 - INFO - Drone 4: Flying to {'x': 1753.1882022279387, 'y': 1130.200305999841, 'z': 60.0}
2026-02-13 18:17:03,657 - Drone_5 - INFO - Drone 5: Flying to {'x': 1716.7076831433628, 'y': 1163.6244249458935, 'z': 60.0}
2026-02-13 18:17:03,983 - Drone_2 - INFO - Drone 2: Reached target position
2026-02-13 18:17:04,657 - Drone_2 - INFO - Drone 2: Flying to {'x': 1766.591498248252, 'y': 1153.4457712735639, 'z': 60.0}
2026-02-13 18:17:04,658 - Drone_3 - INFO - Drone 3: Flying to {'x': 1743.346032974529, 'y': 1166.849067293877, 'z': 60.0}
2026-02-13 18:17:04,659 - Drone_4 - INFO - Drone 4: Flying to {'x': 1753.1882022279387, 'y': 1130.200305999841, 'z': 60.0}
2026-02-13 18:17:04,659 - Drone_5 - INFO - Drone 5: Flying to {'x': 1716.7076831433628, 'y': 1163.6244249458937, 'z': 60.0}
2026-02-13 18:17:04,988 - Drone_2 - INFO - Drone 2: Reached target position
2026-02-13 18:17:05,660 - Drone_2 - INFO - Drone 2: Flying to {'x': 1766.591498248252, 'y': 1153.4457712735639, 'z': 60.0}
2026-02-13 18:17:05,661 - Drone_3 - INFO - Drone 3: Flying to {'x': 1743.346032974529, 'y': 1166.849067293877, 'z': 60.0}
2026-02-13 18:17:05,662 - Drone_4 - INFO - Drone 4: Flying to {'x': 1753.1882022279387, 'y': 1130.200305999841, 'z': 60.0}
2026-02-13 18:17:05,662 - Drone_5 - INFO - Drone 5: Flying to {'x': 1716.7076831433628, 'y': 1163.6244249458935, 'z': 60.0}
2026-02-13 18:17:05,995 - Drone_2 - INFO - Drone 2: Reached target position
2026-02-13 18:17:06,663 - Drone_2 - INFO - Drone 2: Flying to {'x': 1766.591498248252, 'y': 1153.4457712735639, 'z': 60.0}
2026-02-13 18:17:06,664 - Drone_3 - INFO - Drone 3: Flying to {'x': 1743.3460329745292, 'y': 1166.8490672938767, 'z': 60.0}
2026-02-13 18:17:06,664 - Drone_4 - INFO - Drone 4: Flying to {'x': 1753.188202227939, 'y': 1130.2003059998408, 'z': 60.0}
2026-02-13 18:17:06,664 - Drone_5 - INFO - Drone 5: Flying to {'x': 1716.7076831433628, 'y': 1163.6244249458935, 'z': 60.0}
2026-02-13 18:17:07,001 - Drone_2 - INFO - Drone 2: Reached target position
2026-02-13 18:17:07,665 - Drone_2 - INFO - Drone 2: Flying to {'x': 1766.591498248252, 'y': 1153.4457712735639, 'z': 60.0}
2026-02-13 18:17:07,666 - Drone_3 - INFO - Drone 3: Flying to {'x': 1743.3460329745292, 'y': 1166.8490672938767, 'z': 60.0}
2026-02-13 18:17:07,667 - Drone_4 - INFO - Drone 4: Flying to {'x': 1753.188202227939, 'y': 1130.2003059998408, 'z': 60.0}
2026-02-13 18:17:07,667 - Drone_5 - INFO - Drone 5: Flying to {'x': 1716.7076831433628, 'y': 1163.6244249458935, 'z': 60.0}
2026-02-13 18:17:08,009 - Drone_2 - INFO - Drone 2: Reached target position
2026-02-13 18:17:08,668 - Drone_2 - INFO - Drone 2: Flying to {'x': 1766.591498248252, 'y': 1153.4457712735639, 'z': 60.0}
2026-02-13 18:17:08,670 - Drone_3 - INFO - Drone 3: Flying to {'x': 1743.3460329745292, 'y': 1166.8490672938767, 'z': 60.0}
2026-02-13 18:17:08,671 - Drone_4 - INFO - Drone 4: Flying to {'x': 1753.1882022279387, 'y': 1130.2003059998408, 'z': 60.0}
2026-02-13 18:17:08,672 - Drone_5 - INFO - Drone 5: Flying to {'x': 1716.7076831433628, 'y': 1163.6244249458935, 'z': 60.0}
2026-02-13 18:17:09,016 - Drone_2 - INFO - Drone 2: Reached target position
2026-02-13 18:17:09,673 - Drone_2 - INFO - Drone 2: Flying to {'x': 1766.591498248252, 'y': 1153.4457712735639, 'z': 60.0}
2026-02-13 18:17:09,674 - Drone_3 - INFO - Drone 3: Flying to {'x': 1743.3460329745292, 'y': 1166.849067293877, 'z': 60.0}
2026-02-13 18:17:09,674 - Drone_4 - INFO - Drone 4: Flying to {'x': 1753.1882022279387, 'y': 1130.2003059998408, 'z': 60.0}
2026-02-13 18:17:09,674 - Drone_5 - INFO - Drone 5: Flying to {'x': 1716.7076831433628, 'y': 1163.6244249458935, 'z': 60.0}
2026-02-13 18:17:10,024 - Drone_2 - INFO - Drone 2: Reached target position
2026-02-13 18:17:10,675 - Drone_2 - INFO - Drone 2: Flying to {'x': 1766.591498248252, 'y': 1153.4457712735639, 'z': 60.0}
2026-02-13 18:17:10,676 - Drone_3 - INFO - Drone 3: Flying to {'x': 1743.3460329745292, 'y': 1166.849067293877, 'z': 60.0}
2026-02-13 18:17:10,677 - Drone_4 - INFO - Drone 4: Flying to {'x': 1753.1882022279387, 'y': 1130.2003059998408, 'z': 60.0}
2026-02-13 18:17:10,678 - Drone_5 - INFO - Drone 5: Flying to {'x': 1716.7076831433628, 'y': 1163.6244249458935, 'z': 60.0}
2026-02-13 18:17:11,030 - Drone_2 - INFO - Drone 2: Reached target position
2026-02-13 18:17:11,679 - Drone_2 - INFO - Drone 2: Flying to {'x': 1766.591498248252, 'y': 1153.4457712735639, 'z': 60.0}
2026-02-13 18:17:11,679 - Drone_3 - INFO - Drone 3: Flying to {'x': 1743.346032974529, 'y': 1166.849067293877, 'z': 60.0}
2026-02-13 18:17:11,680 - Drone_4 - INFO - Drone 4: Flying to {'x': 1753.1882022279387, 'y': 1130.200305999841, 'z': 60.0}
2026-02-13 18:17:11,680 - Drone_5 - INFO - Drone 5: Flying to {'x': 1716.7076831433628, 'y': 1163.6244249458935, 'z': 60.0}
2026-02-13 18:17:12,037 - Drone_2 - INFO - Drone 2: Reached target position
2026-02-13 18:17:12,681 - Drone_2 - INFO - Drone 2: Flying to {'x': 1766.591498248252, 'y': 1153.4457712735639, 'z': 60.0}
2026-02-13 18:17:12,682 - Drone_3 - INFO - Drone 3: Flying to {'x': 1743.346032974529, 'y': 1166.849067293877, 'z': 60.0}
2026-02-13 18:17:12,683 - Drone_4 - INFO - Drone 4: Flying to {'x': 1753.1882022279387, 'y': 1130.200305999841, 'z': 60.0}
2026-02-13 18:17:12,684 - Drone_5 - INFO - Drone 5: Flying to {'x': 1716.7076831433628, 'y': 1163.6244249458935, 'z': 60.0}
2026-02-13 18:17:13,044 - Drone_2 - INFO - Drone 2: Reached target position
2026-02-13 18:17:13,685 - Drone_2 - INFO - Drone 2: Flying to {'x': 1766.591498248252, 'y': 1153.4457712735639, 'z': 60.0}
2026-02-13 18:17:13,686 - Drone_3 - INFO - Drone 3: Flying to {'x': 1743.346032974529, 'y': 1166.849067293877, 'z': 60.0}
2026-02-13 18:17:13,687 - Drone_4 - INFO - Drone 4: Flying to {'x': 1753.1882022279387, 'y': 1130.200305999841, 'z': 60.0}
2026-02-13 18:17:13,688 - Drone_5 - INFO - Drone 5: Flying to {'x': 1716.7076831433628, 'y': 1163.6244249458937, 'z': 60.0}
2026-02-13 18:17:14,052 - Drone_2 - INFO - Drone 2: Reached target position
2026-02-13 18:17:14,689 - Drone_2 - INFO - Drone 2: Flying to {'x': 1766.591498248252, 'y': 1153.4457712735639, 'z': 60.0}
2026-02-13 18:17:14,690 - Drone_3 - INFO - Drone 3: Flying to {'x': 1743.346032974529, 'y': 1166.849067293877, 'z': 60.0}
2026-02-13 18:17:14,690 - Drone_4 - INFO - Drone 4: Flying to {'x': 1753.1882022279387, 'y': 1130.200305999841, 'z': 60.0}
2026-02-13 18:17:14,690 - Drone_5 - INFO - Drone 5: Flying to {'x': 1716.7076831433628, 'y': 1163.6244249458937, 'z': 60.0}
2026-02-13 18:17:15,058 - Drone_2 - INFO - Drone 2: Reached target position
2026-02-13 18:17:15,691 - Drone_2 - INFO - Drone 2: Flying to {'x': 1766.591498248252, 'y': 1153.4457712735639, 'z': 60.0}
2026-02-13 18:17:15,691 - Drone_3 - INFO - Drone 3: Flying to {'x': 1743.3460329745292, 'y': 1166.849067293877, 'z': 60.0}
2026-02-13 18:17:15,691 - Drone_4 - INFO - Drone 4: Flying to {'x': 1753.1882022279387, 'y': 1130.200305999841, 'z': 60.0}
2026-02-13 18:17:15,692 - Drone_5 - INFO - Drone 5: Flying to {'x': 1716.7076831433628, 'y': 1163.6244249458935, 'z': 60.0}
2026-02-13 18:17:16,064 - Drone_2 - INFO - Drone 2: Reached target position
2026-02-13 18:17:16,693 - Drone_2 - INFO - Drone 2: Flying to {'x': 1766.591498248252, 'y': 1153.4457712735639, 'z': 60.0}
2026-02-13 18:17:16,694 - Drone_3 - INFO - Drone 3: Flying to {'x': 1743.3460329745292, 'y': 1166.849067293877, 'z': 60.0}
2026-02-13 18:17:16,695 - Drone_4 - INFO - Drone 4: Flying to {'x': 1753.1882022279387, 'y': 1130.2003059998408, 'z': 60.0}
2026-02-13 18:17:16,695 - Drone_5 - INFO - Drone 5: Flying to {'x': 1716.7076831433628, 'y': 1163.6244249458935, 'z': 60.0}
2026-02-13 18:17:17,071 - Drone_2 - INFO - Drone 2: Reached target position
2026-02-13 18:17:17,696 - Drone_2 - INFO - Drone 2: Flying to {'x': 1766.591498248252, 'y': 1153.4457712735639, 'z': 60.0}
2026-02-13 18:17:17,696 - Drone_3 - INFO - Drone 3: Flying to {'x': 1743.3460329745292, 'y': 1166.849067293877, 'z': 60.0}
2026-02-13 18:17:17,697 - Drone_4 - INFO - Drone 4: Flying to {'x': 1753.1882022279387, 'y': 1130.200305999841, 'z': 60.0}
2026-02-13 18:17:17,697 - Drone_5 - INFO - Drone 5: Flying to {'x': 1716.7076831433628, 'y': 1163.6244249458935, 'z': 60.0}
2026-02-13 18:17:18,080 - Drone_2 - INFO - Drone 2: Reached target position
2026-02-13 18:17:18,698 - Drone_2 - INFO - Drone 2: Flying to {'x': 1766.591498248252, 'y': 1153.4457712735639, 'z': 60.0}
2026-02-13 18:17:18,698 - Drone_3 - INFO - Drone 3: Flying to {'x': 1743.3460329745292, 'y': 1166.849067293877, 'z': 60.0}
2026-02-13 18:17:18,699 - Drone_4 - INFO - Drone 4: Flying to {'x': 1753.1882022279387, 'y': 1130.2003059998408, 'z': 60.0}
2026-02-13 18:17:18,699 - Drone_5 - INFO - Drone 5: Flying to {'x': 1716.7076831433628, 'y': 1163.6244249458935, 'z': 60.0}
2026-02-13 18:17:19,087 - Drone_2 - INFO - Drone 2: Reached target position
2026-02-13 18:17:19,699 - Drone_2 - INFO - Drone 2: Flying to {'x': 1766.591498248252, 'y': 1153.4457712735639, 'z': 60.0}
2026-02-13 18:17:19,700 - Drone_3 - INFO - Drone 3: Flying to {'x': 1743.346032974529, 'y': 1166.849067293877, 'z': 60.0}
2026-02-13 18:17:19,701 - Drone_4 - INFO - Drone 4: Flying to {'x': 1753.1882022279387, 'y': 1130.200305999841, 'z': 60.0}
2026-02-13 18:17:19,702 - Drone_5 - INFO - Drone 5: Flying to {'x': 1716.7076831433628, 'y': 1163.6244249458937, 'z': 60.0}
2026-02-13 18:17:20,092 - Drone_2 - INFO - Drone 2: Reached target position
2026-02-13 18:17:20,703 - Drone_2 - INFO - Drone 2: Flying to {'x': 1766.5914982482518, 'y': 1153.4457712735639, 'z': 60.0}
2026-02-13 18:17:20,705 - Drone_3 - INFO - Drone 3: Flying to {'x': 1743.346032974529, 'y': 1166.849067293877, 'z': 60.0}
2026-02-13 18:17:20,705 - Drone_4 - INFO - Drone 4: Flying to {'x': 1753.1882022279387, 'y': 1130.200305999841, 'z': 60.0}
2026-02-13 18:17:20,706 - Drone_5 - INFO - Drone 5: Flying to {'x': 1716.7076831433628, 'y': 1163.6244249458937, 'z': 60.0}
2026-02-13 18:17:21,098 - Drone_2 - INFO - Drone 2: Reached target position
2026-02-13 18:17:21,257 - PhysicalMLTrainer_Drone3 - INFO - Physical ML model trained drone=3 samples=1701 degree=2 alpha=0.0 val_mse=0.000906
2026-02-13 18:17:21,267 - PhysicalMLTrainer_Drone5 - INFO - Physical ML model trained drone=5 samples=1701 degree=2 alpha=0.0 val_mse=0.000884
2026-02-13 18:17:21,271 - PhysicalMLTrainer_Drone1 - INFO - Physical ML model trained drone=1 samples=1651 degree=2 alpha=0.0 val_mse=0.000812
2026-02-13 18:17:21,283 - PhysicalMLTrainer_Drone4 - INFO - Physical ML model trained drone=4 samples=1701 degree=2 alpha=0.0 val_mse=0.000732
2026-02-13 18:17:21,306 - PhysicalMLTrainer_Drone2 - INFO - Physical ML model trained drone=2 samples=1701 degree=2 alpha=0.0 val_mse=0.000746
2026-02-13 18:17:21,707 - Drone_2 - INFO - Drone 2: Flying to {'x': 1766.5914982482518, 'y': 1153.4457712735639, 'z': 60.0}
2026-02-13 18:17:21,707 - Drone_3 - INFO - Drone 3: Flying to {'x': 1743.346032974529, 'y': 1166.849067293877, 'z': 60.0}
2026-02-13 18:17:21,708 - Drone_4 - INFO - Drone 4: Flying to {'x': 1753.1882022279387, 'y': 1130.200305999841, 'z': 60.0}
2026-02-13 18:17:21,708 - Drone_5 - INFO - Drone 5: Flying to {'x': 1716.7076831433628, 'y': 1163.6244249458937, 'z': 60.0}
2026-02-13 18:17:22,009 - Drone_2 - INFO - Drone 2: Reached target position
2026-02-13 18:17:22,709 - Drone_2 - INFO - Drone 2: Flying to {'x': 1766.5914982482518, 'y': 1153.4457712735639, 'z': 60.0}
2026-02-13 18:17:22,709 - Drone_3 - INFO - Drone 3: Flying to {'x': 1743.346032974529, 'y': 1166.8490672938772, 'z': 60.0}
2026-02-13 18:17:22,709 - Drone_4 - INFO - Drone 4: Flying to {'x': 1753.1882022279387, 'y': 1130.200305999841, 'z': 60.0}
2026-02-13 18:17:22,710 - Drone_5 - INFO - Drone 5: Flying to {'x': 1716.7076831433626, 'y': 1163.6244249458941, 'z': 60.0}
2026-02-13 18:17:23,018 - Drone_2 - INFO - Drone 2: Reached target position
2026-02-13 18:17:23,710 - Drone_2 - INFO - Drone 2: Flying to {'x': 1766.5914982482518, 'y': 1153.4457712735639, 'z': 60.0}
2026-02-13 18:17:23,711 - Drone_3 - INFO - Drone 3: Flying to {'x': 1743.346032974529, 'y': 1166.8490672938772, 'z': 60.0}
2026-02-13 18:17:23,711 - Drone_4 - INFO - Drone 4: Flying to {'x': 1753.1882022279387, 'y': 1130.200305999841, 'z': 60.0}
2026-02-13 18:17:23,711 - Drone_5 - INFO - Drone 5: Flying to {'x': 1716.7076831433626, 'y': 1163.6244249458941, 'z': 60.0}
2026-02-13 18:17:24,024 - Drone_2 - INFO - Drone 2: Reached target position
2026-02-13 18:17:24,712 - Drone_2 - INFO - Drone 2: Flying to {'x': 1766.5914982482518, 'y': 1153.445771273564, 'z': 60.0}
2026-02-13 18:17:24,713 - Drone_3 - INFO - Drone 3: Flying to {'x': 1743.346032974529, 'y': 1166.8490672938772, 'z': 60.0}
2026-02-13 18:17:24,714 - Drone_4 - INFO - Drone 4: Flying to {'x': 1753.1882022279383, 'y': 1130.2003059998412, 'z': 60.0}
2026-02-13 18:17:24,715 - Drone_5 - INFO - Drone 5: Flying to {'x': 1716.7076831433628, 'y': 1163.6244249458944, 'z': 60.0}
2026-02-13 18:17:25,031 - Drone_2 - INFO - Drone 2: Reached target position
2026-02-13 18:17:25,716 - Drone_2 - INFO - Drone 2: Flying to {'x': 1766.5914982482518, 'y': 1153.445771273564, 'z': 60.0}
2026-02-13 18:17:25,717 - Drone_3 - INFO - Drone 3: Flying to {'x': 1743.346032974529, 'y': 1166.8490672938772, 'z': 60.0}
2026-02-13 18:17:25,717 - Drone_4 - INFO - Drone 4: Flying to {'x': 1753.1882022279383, 'y': 1130.200305999841, 'z': 60.0}
2026-02-13 18:17:25,718 - Drone_5 - INFO - Drone 5: Flying to {'x': 1716.7076831433628, 'y': 1163.6244249458944, 'z': 60.0}
2026-02-13 18:17:26,037 - Drone_2 - INFO - Drone 2: Reached target position
2026-02-13 18:17:26,719 - Drone_2 - INFO - Drone 2: Flying to {'x': 1766.5914982482518, 'y': 1153.4457712735639, 'z': 60.0}
2026-02-13 18:17:26,720 - Drone_3 - INFO - Drone 3: Flying to {'x': 1743.3460329745287, 'y': 1166.8490672938776, 'z': 60.0}
2026-02-13 18:17:26,721 - Drone_4 - INFO - Drone 4: Flying to {'x': 1753.1882022279383, 'y': 1130.2003059998412, 'z': 60.0}
2026-02-13 18:17:26,722 - Drone_5 - INFO - Drone 5: Flying to {'x': 1716.7076831433626, 'y': 1163.6244249458946, 'z': 60.0}
2026-02-13 18:17:27,044 - Drone_2 - INFO - Drone 2: Reached target position
2026-02-13 18:17:27,723 - Drone_2 - INFO - Drone 2: Flying to {'x': 1766.5914982482518, 'y': 1153.4457712735639, 'z': 60.0}
2026-02-13 18:17:27,724 - Drone_3 - INFO - Drone 3: Flying to {'x': 1743.3460329745287, 'y': 1166.8490672938776, 'z': 60.0}
2026-02-13 18:17:27,725 - Drone_4 - INFO - Drone 4: Flying to {'x': 1753.1882022279383, 'y': 1130.2003059998412, 'z': 60.0}
2026-02-13 18:17:27,726 - Drone_5 - INFO - Drone 5: Flying to {'x': 1716.7076831433626, 'y': 1163.6244249458946, 'z': 60.0}
2026-02-13 18:17:28,051 - Drone_2 - INFO - Drone 2: Reached target position
2026-02-13 18:17:28,618 - Drone_1 - INFO - Drone 1: Returning to home - Reached Y, auto return to X
2026-02-13 18:17:41,384 - PhysicalMLTrainer_Drone3 - INFO - Physical ML model trained drone=3 samples=1901 degree=2 alpha=0.0 val_mse=0.000708
2026-02-13 18:17:41,397 - PhysicalMLTrainer_Drone5 - INFO - Physical ML model trained drone=5 samples=1901 degree=2 alpha=0.0 val_mse=0.000753
2026-02-13 18:17:41,399 - PhysicalMLTrainer_Drone1 - INFO - Physical ML model trained drone=1 samples=1851 degree=2 alpha=1.0 val_mse=0.225977
2026-02-13 18:17:41,405 - PhysicalMLTrainer_Drone4 - INFO - Physical ML model trained drone=4 samples=1901 degree=2 alpha=0.0 val_mse=0.000579
2026-02-13 18:17:41,436 - PhysicalMLTrainer_Drone2 - INFO - Physical ML model trained drone=2 samples=1901 degree=2 alpha=0.0 val_mse=0.000659
2026-02-13 18:18:01,527 - PhysicalMLTrainer_Drone3 - INFO - Physical ML model trained drone=3 samples=2101 degree=2 alpha=0.0 val_mse=0.000599
2026-02-13 18:18:01,531 - PhysicalMLTrainer_Drone5 - INFO - Physical ML model trained drone=5 samples=2101 degree=2 alpha=0.0 val_mse=0.000695
2026-02-13 18:18:01,533 - PhysicalMLTrainer_Drone1 - INFO - Physical ML model trained drone=1 samples=2051 degree=2 alpha=1.0 val_mse=0.515858
2026-02-13 18:18:01,533 - PhysicalMLTrainer_Drone4 - INFO - Physical ML model trained drone=4 samples=2101 degree=2 alpha=0.0 val_mse=0.000499
2026-02-13 18:18:01,558 - PhysicalMLTrainer_Drone2 - INFO - Physical ML model trained drone=2 samples=2101 degree=2 alpha=0.0 val_mse=0.005496
2026-02-13 18:18:03,342 - Drone_5 - INFO - Drone 5: Reached target position
2026-02-13 18:18:12,897 - Drone_4 - INFO - Drone 4: Reached target position
2026-02-13 18:18:21,661 - PhysicalMLTrainer_Drone1 - INFO - Physical ML model trained drone=1 samples=2251 degree=2 alpha=0.0 val_mse=0.002211
2026-02-13 18:18:21,662 - PhysicalMLTrainer_Drone3 - INFO - Physical ML model trained drone=3 samples=2301 degree=2 alpha=0.0 val_mse=0.000545
2026-02-13 18:18:21,665 - PhysicalMLTrainer_Drone5 - INFO - Physical ML model trained drone=5 samples=2301 degree=2 alpha=1.0 val_mse=0.084577
2026-02-13 18:18:21,666 - PhysicalMLTrainer_Drone4 - INFO - Physical ML model trained drone=4 samples=2301 degree=2 alpha=1.0 val_mse=0.038536
2026-02-13 18:18:21,679 - PhysicalMLTrainer_Drone2 - INFO - Physical ML model trained drone=2 samples=2301 degree=2 alpha=0.0 val_mse=0.013517
2026-02-13 18:18:41,788 - PhysicalMLTrainer_Drone1 - INFO - Physical ML model trained drone=1 samples=2451 degree=2 alpha=0.0 val_mse=0.004557
2026-02-13 18:18:41,792 - PhysicalMLTrainer_Drone3 - INFO - Physical ML model trained drone=3 samples=2501 degree=2 alpha=0.0 val_mse=0.000521
2026-02-13 18:18:41,812 - PhysicalMLTrainer_Drone5 - INFO - Physical ML model trained drone=5 samples=2501 degree=2 alpha=1.0 val_mse=0.167108
2026-02-13 18:18:41,813 - PhysicalMLTrainer_Drone4 - INFO - Physical ML model trained drone=4 samples=2501 degree=2 alpha=1.0 val_mse=0.117348
2026-02-13 18:18:41,813 - PhysicalMLTrainer_Drone2 - INFO - Physical ML model trained drone=2 samples=2501 degree=2 alpha=0.0 val_mse=0.005242
2026-02-13 18:19:01,956 - PhysicalMLTrainer_Drone3 - INFO - Physical ML model trained drone=3 samples=2701 degree=2 alpha=0.0 val_mse=0.000514
2026-02-13 18:19:01,958 - PhysicalMLTrainer_Drone1 - INFO - Physical ML model trained drone=1 samples=2651 degree=2 alpha=0.0 val_mse=0.003534
2026-02-13 18:19:01,963 - PhysicalMLTrainer_Drone5 - INFO - Physical ML model trained drone=5 samples=2701 degree=2 alpha=1.0 val_mse=0.001708
2026-02-13 18:19:01,965 - PhysicalMLTrainer_Drone4 - INFO - Physical ML model trained drone=4 samples=2701 degree=2 alpha=1.0 val_mse=0.185239
2026-02-13 18:19:01,965 - PhysicalMLTrainer_Drone2 - INFO - Physical ML model trained drone=2 samples=2701 degree=2 alpha=0.0 val_mse=0.001710
2026-02-13 18:19:03,566 - Drone_3 - INFO - Drone 3: Reached target position
2026-02-13 18:19:22,107 - PhysicalMLTrainer_Drone3 - INFO - Physical ML model trained drone=3 samples=2901 degree=2 alpha=1.0 val_mse=0.097297
2026-02-13 18:19:22,109 - PhysicalMLTrainer_Drone1 - INFO - Physical ML model trained drone=1 samples=2851 degree=2 alpha=0.0 val_mse=0.001942
2026-02-13 18:19:22,113 - PhysicalMLTrainer_Drone2 - INFO - Physical ML model trained drone=2 samples=2901 degree=2 alpha=0.0 val_mse=0.001782
2026-02-13 18:19:22,113 - PhysicalMLTrainer_Drone5 - INFO - Physical ML model trained drone=5 samples=2901 degree=2 alpha=0.1 val_mse=0.001302
2026-02-13 18:19:22,117 - PhysicalMLTrainer_Drone4 - INFO - Physical ML model trained drone=4 samples=2901 degree=2 alpha=1.0 val_mse=0.002818
2026-02-13 18:19:42,272 - PhysicalMLTrainer_Drone2 - INFO - Physical ML model trained drone=2 samples=3101 degree=2 alpha=0.0 val_mse=0.001708
2026-02-13 18:19:42,274 - PhysicalMLTrainer_Drone4 - INFO - Physical ML model trained drone=4 samples=3101 degree=2 alpha=0.0 val_mse=0.003371
2026-02-13 18:19:42,275 - PhysicalMLTrainer_Drone3 - INFO - Physical ML model trained drone=3 samples=3101 degree=2 alpha=1.0 val_mse=0.191999
2026-02-13 18:19:42,275 - PhysicalMLTrainer_Drone1 - INFO - Physical ML model trained drone=1 samples=3051 degree=2 alpha=0.0 val_mse=0.001030
2026-02-13 18:19:42,275 - PhysicalMLTrainer_Drone5 - INFO - Physical ML model trained drone=5 samples=3101 degree=2 alpha=0.0 val_mse=0.002256
2026-02-13 18:19:51,031 - Drone_1 - INFO - Drone 1: Reached home position
2026-02-13 18:19:51,032 - Drone_1 - INFO - Drone 1: Landing initiated
2026-02-13 18:19:51,534 - Drone_1 - INFO - Drone 1: Landed safely
2026-02-13 18:20:02,426 - PhysicalMLTrainer_Drone2 - INFO - Physical ML model trained drone=2 samples=3301 degree=2 alpha=0.0 val_mse=0.001501
2026-02-13 18:20:02,428 - PhysicalMLTrainer_Drone1 - INFO - Physical ML model trained drone=1 samples=3251 degree=2 alpha=0.0 val_mse=0.000556
2026-02-13 18:20:02,430 - PhysicalMLTrainer_Drone5 - INFO - Physical ML model trained drone=5 samples=3301 degree=2 alpha=0.0 val_mse=0.001706
2026-02-13 18:20:02,431 - PhysicalMLTrainer_Drone3 - INFO - Physical ML model trained drone=3 samples=3301 degree=2 alpha=1.0 val_mse=0.276759
2026-02-13 18:20:02,431 - PhysicalMLTrainer_Drone4 - INFO - Physical ML model trained drone=4 samples=3301 degree=2 alpha=0.0 val_mse=0.001593
2026-02-13 18:20:22,606 - PhysicalMLTrainer_Drone4 - INFO - Physical ML model trained drone=4 samples=3501 degree=2 alpha=0.0 val_mse=0.000828
2026-02-13 18:20:22,606 - PhysicalMLTrainer_Drone3 - INFO - Physical ML model trained drone=3 samples=3501 degree=2 alpha=1.0 val_mse=0.002297
2026-02-13 18:20:22,606 - PhysicalMLTrainer_Drone5 - INFO - Physical ML model trained drone=5 samples=3501 degree=2 alpha=0.0 val_mse=0.000713
2026-02-13 18:20:22,607 - PhysicalMLTrainer_Drone1 - INFO - Physical ML model trained drone=1 samples=3451 degree=2 alpha=0.01 val_mse=0.000451
2026-02-13 18:20:22,607 - PhysicalMLTrainer_Drone2 - INFO - Physical ML model trained drone=2 samples=3501 degree=2 alpha=0.0 val_mse=0.003605
2026-02-13 18:20:42,782 - PhysicalMLTrainer_Drone1 - INFO - Physical ML model trained drone=1 samples=3651 degree=2 alpha=0.0 val_mse=0.000392
2026-02-13 18:20:42,782 - PhysicalMLTrainer_Drone5 - INFO - Physical ML model trained drone=5 samples=3701 degree=2 alpha=0.0 val_mse=0.000573
2026-02-13 18:20:42,783 - PhysicalMLTrainer_Drone4 - INFO - Physical ML model trained drone=4 samples=3701 degree=2 alpha=0.0 val_mse=0.000787
2026-02-13 18:20:42,784 - PhysicalMLTrainer_Drone2 - INFO - Physical ML model trained drone=2 samples=3701 degree=2 alpha=0.0 val_mse=0.004367
2026-02-13 18:20:42,784 - PhysicalMLTrainer_Drone3 - INFO - Physical ML model trained drone=3 samples=3701 degree=2 alpha=0.0 val_mse=0.001500
2026-02-13 18:21:02,937 - PhysicalMLTrainer_Drone4 - INFO - Physical ML model trained drone=4 samples=3901 degree=2 alpha=0.0 val_mse=0.000785
2026-02-13 18:21:02,939 - PhysicalMLTrainer_Drone1 - INFO - Physical ML model trained drone=1 samples=3851 degree=2 alpha=0.0 val_mse=0.000353
2026-02-13 18:21:02,940 - PhysicalMLTrainer_Drone5 - INFO - Physical ML model trained drone=5 samples=3901 degree=2 alpha=0.0 val_mse=0.000582
2026-02-13 18:21:02,940 - PhysicalMLTrainer_Drone3 - INFO - Physical ML model trained drone=3 samples=3901 degree=2 alpha=0.0 val_mse=0.000856
2026-02-13 18:21:02,941 - PhysicalMLTrainer_Drone2 - INFO - Physical ML model trained drone=2 samples=3901 degree=2 alpha=0.0 val_mse=0.004982
2026-02-13 18:21:23,077 - PhysicalMLTrainer_Drone1 - INFO - Physical ML model trained drone=1 samples=4051 degree=2 alpha=0.0 val_mse=0.000014
2026-02-13 18:21:23,083 - PhysicalMLTrainer_Drone3 - INFO - Physical ML model trained drone=3 samples=4101 degree=2 alpha=0.0 val_mse=0.000548
2026-02-13 18:21:23,084 - PhysicalMLTrainer_Drone4 - INFO - Physical ML model trained drone=4 samples=4101 degree=2 alpha=0.0 val_mse=0.000789
2026-02-13 18:21:23,085 - PhysicalMLTrainer_Drone2 - INFO - Physical ML model trained drone=2 samples=4101 degree=2 alpha=0.0 val_mse=0.002590
2026-02-13 18:21:23,085 - PhysicalMLTrainer_Drone5 - INFO - Physical ML model trained drone=5 samples=4101 degree=2 alpha=0.0 val_mse=0.000719
2026-02-13 18:21:43,183 - PhysicalMLTrainer_Drone1 - INFO - Physical ML model trained drone=1 samples=4251 degree=2 alpha=0.0 val_mse=0.000003
2026-02-13 18:21:43,210 - PhysicalMLTrainer_Drone3 - INFO - Physical ML model trained drone=3 samples=4301 degree=2 alpha=0.0 val_mse=0.000467
2026-02-13 18:21:43,217 - PhysicalMLTrainer_Drone4 - INFO - Physical ML model trained drone=4 samples=4301 degree=2 alpha=0.0 val_mse=0.000631
2026-02-13 18:21:43,219 - PhysicalMLTrainer_Drone5 - INFO - Physical ML model trained drone=5 samples=4301 degree=2 alpha=0.0 val_mse=0.000781
2026-02-13 18:21:43,219 - PhysicalMLTrainer_Drone2 - INFO - Physical ML model trained drone=2 samples=4301 degree=2 alpha=0.0 val_mse=0.001358
2026-02-13 18:22:01,976 - Drone_1 - INFO - Drone 1 stopped
2026-02-13 18:22:02,015 - Drone_2 - INFO - Drone 2 stopped
2026-02-13 18:22:02,112 - Drone_3 - INFO - Drone 3 stopped
2026-02-13 18:22:02,127 - Drone_4 - INFO - Drone 4 stopped
2026-02-13 18:22:02,227 - Drone_5 - INFO - Drone 5 stopped
2026-02-13 18:22:02,228 - SwarmManager - INFO - Swarm monitoring stopped
2026-02-13 18:22:02,229 - Main - INFO - System shutdown complete
