2026-02-12 10:07:31,750 - Main - INFO - Starting Drone Swarm Management System
2026-02-12 10:07:31,750 - SwarmManager - INFO - Swarm Manager initialized
2026-02-12 10:07:31,751 - MLDecisionSupport_Drone1 - INFO - ML Decision Support initialized
2026-02-12 10:07:31,758 - Drone_1 - INFO - Drone 1: Personal ML system initialized
2026-02-12 10:07:31,758 - Drone_1 - INFO - Drone 1 initialized at {'x': 0, 'y': 0, 'z': 0}
2026-02-12 10:07:31,759 - Drone_1 - INFO - Drone 1 started
2026-02-12 10:07:31,759 - SwarmManager - INFO - Drone 1 added to swarm
2026-02-12 10:07:31,760 - SwarmManager - INFO - Starting leader election...
2026-02-12 10:07:31,761 - SwarmManager - INFO -   Drone 1: suitability score = 100.00
2026-02-12 10:07:31,761 - Drone_1 - INFO - Drone 1: Role changed from follower to leader
2026-02-12 10:07:31,766 - MLDecisionSupport_Drone2 - INFO - ML Decision Support initialized
2026-02-12 10:07:31,768 - Drone_2 - INFO - Drone 2: Personal ML system initialized
2026-02-12 10:07:31,769 - Drone_2 - INFO - Drone 2 initialized at {'x': 1200, 'y': 300, 'z': 0}
2026-02-12 10:07:31,769 - Drone_2 - INFO - Drone 2 started
2026-02-12 10:07:31,769 - SwarmManager - INFO - Drone 2 added to swarm
2026-02-12 10:07:31,770 - MLDecisionSupport_Drone3 - INFO - ML Decision Support initialized
2026-02-12 10:07:31,771 - Drone_3 - INFO - Drone 3: Personal ML system initialized
2026-02-12 10:07:31,771 - Drone_3 - INFO - Drone 3 initialized at {'x': -1400, 'y': -500, 'z': 0}
2026-02-12 10:07:31,771 - Drone_3 - INFO - Drone 3 started
2026-02-12 10:07:31,772 - SwarmManager - INFO - Drone 3 added to swarm
2026-02-12 10:07:31,772 - MLDecisionSupport_Drone4 - INFO - ML Decision Support initialized
2026-02-12 10:07:31,773 - Drone_4 - INFO - Drone 4: Personal ML system initialized
2026-02-12 10:07:31,773 - Drone_4 - INFO - Drone 4 initialized at {'x': 800, 'y': -1500, 'z': 0}
2026-02-12 10:07:31,773 - Drone_4 - INFO - Drone 4 started
2026-02-12 10:07:31,774 - SwarmManager - INFO - Drone 4 added to swarm
2026-02-12 10:07:31,774 - MLDecisionSupport_Drone5 - INFO - ML Decision Support initialized
2026-02-12 10:07:31,775 - Drone_5 - INFO - Drone 5: Personal ML system initialized
2026-02-12 10:07:31,775 - Drone_5 - INFO - Drone 5 initialized at {'x': -900, 'y': 1600, 'z': 0}
2026-02-12 10:07:31,776 - Drone_5 - INFO - Drone 5 started
2026-02-12 10:07:31,776 - SwarmManager - INFO - Drone 5 added to swarm
2026-02-12 10:07:31,776 - SwarmManager - INFO - Swarm monitoring started
2026-02-12 10:07:31,776 - Main - INFO - Swarm created with 5 drones
2026-02-12 10:07:31,776 - Main - INFO - Leader elected: Drone 1
2026-02-12 10:07:31,777 - Main - INFO - Starting GUI...
2026-02-12 10:07:45,812 - Drone_2 - WARNING - Drone 2: Cannot goto - invalid flight mode
2026-02-12 10:07:45,812 - Drone_3 - WARNING - Drone 3: Cannot goto - invalid flight mode
2026-02-12 10:07:45,813 - Drone_4 - WARNING - Drone 4: Cannot goto - invalid flight mode
2026-02-12 10:07:45,813 - Drone_5 - WARNING - Drone 5: Cannot goto - invalid flight mode
2026-02-12 10:07:45,813 - SwarmManager - INFO - Formation 'line' commanded to 4 followers
2026-02-12 10:07:50,853 - Drone_2 - WARNING - Drone 2: Cannot goto - invalid flight mode
2026-02-12 10:07:50,853 - Drone_3 - WARNING - Drone 3: Cannot goto - invalid flight mode
2026-02-12 10:07:50,853 - Drone_4 - WARNING - Drone 4: Cannot goto - invalid flight mode
2026-02-12 10:07:50,853 - Drone_5 - WARNING - Drone 5: Cannot goto - invalid flight mode
2026-02-12 10:07:50,854 - SwarmManager - INFO - Formation 'circle' commanded to 4 followers
2026-02-12 10:07:51,824 - PhysicalMLTrainer_Drone2 - INFO - Physical ML model trained for drone=2 samples=200
2026-02-12 10:07:51,827 - PhysicalMLTrainer_Drone4 - INFO - Physical ML model trained for drone=4 samples=200
2026-02-12 10:07:51,827 - PhysicalMLTrainer_Drone3 - INFO - Physical ML model trained for drone=3 samples=200
2026-02-12 10:07:51,828 - PhysicalMLTrainer_Drone1 - INFO - Physical ML model trained for drone=1 samples=200
2026-02-12 10:07:51,829 - PhysicalMLTrainer_Drone5 - INFO - Physical ML model trained for drone=5 samples=200
2026-02-12 10:07:53,158 - Drone_2 - WARNING - Drone 2: Cannot goto - invalid flight mode
2026-02-12 10:07:53,159 - Drone_3 - WARNING - Drone 3: Cannot goto - invalid flight mode
2026-02-12 10:07:53,159 - Drone_4 - WARNING - Drone 4: Cannot goto - invalid flight mode
2026-02-12 10:07:53,160 - Drone_5 - WARNING - Drone 5: Cannot goto - invalid flight mode
2026-02-12 10:07:53,160 - SwarmManager - INFO - Formation 'v' commanded to 4 followers
2026-02-12 10:07:56,078 - Drone_1 - INFO - Drone 1: Armed
2026-02-12 10:07:56,080 - Drone_2 - INFO - Drone 2: Armed
2026-02-12 10:07:56,080 - Drone_3 - INFO - Drone 3: Armed
2026-02-12 10:07:56,081 - Drone_4 - INFO - Drone 4: Armed
2026-02-12 10:07:56,082 - Drone_5 - INFO - Drone 5: Armed
2026-02-12 10:07:57,148 - Drone_1 - INFO - Drone 1: Taking off
2026-02-12 10:07:57,149 - Drone_2 - INFO - Drone 2: Taking off
2026-02-12 10:07:57,149 - Drone_3 - INFO - Drone 3: Taking off
2026-02-12 10:07:57,150 - Drone_4 - INFO - Drone 4: Taking off
2026-02-12 10:07:57,150 - Drone_5 - INFO - Drone 5: Taking off
2026-02-12 10:07:57,789 - Drone_2 - WARNING - Drone 2: Cannot goto - invalid flight mode
2026-02-12 10:07:57,790 - Drone_3 - WARNING - Drone 3: Cannot goto - invalid flight mode
2026-02-12 10:07:57,790 - Drone_4 - WARNING - Drone 4: Cannot goto - invalid flight mode
2026-02-12 10:07:57,790 - Drone_5 - WARNING - Drone 5: Cannot goto - invalid flight mode
2026-02-12 10:07:58,790 - Drone_2 - WARNING - Drone 2: Cannot goto - invalid flight mode
2026-02-12 10:07:58,791 - Drone_3 - WARNING - Drone 3: Cannot goto - invalid flight mode
2026-02-12 10:07:58,791 - Drone_4 - WARNING - Drone 4: Cannot goto - invalid flight mode
2026-02-12 10:07:58,791 - Drone_5 - WARNING - Drone 5: Cannot goto - invalid flight mode
2026-02-12 10:07:59,792 - Drone_2 - WARNING - Drone 2: Cannot goto - invalid flight mode
2026-02-12 10:07:59,792 - Drone_3 - WARNING - Drone 3: Cannot goto - invalid flight mode
2026-02-12 10:07:59,793 - Drone_4 - WARNING - Drone 4: Cannot goto - invalid flight mode
2026-02-12 10:07:59,793 - Drone_5 - WARNING - Drone 5: Cannot goto - invalid flight mode
2026-02-12 10:07:59,953 - Drone_2 - WARNING - Drone 2: Cannot goto - invalid flight mode
2026-02-12 10:07:59,953 - Drone_3 - WARNING - Drone 3: Cannot goto - invalid flight mode
2026-02-12 10:07:59,953 - Drone_4 - WARNING - Drone 4: Cannot goto - invalid flight mode
2026-02-12 10:07:59,953 - Drone_5 - WARNING - Drone 5: Cannot goto - invalid flight mode
2026-02-12 10:07:59,953 - SwarmManager - INFO - Formation 'circle' commanded to 4 followers
2026-02-12 10:08:00,794 - Drone_2 - WARNING - Drone 2: Cannot goto - invalid flight mode
2026-02-12 10:08:00,794 - Drone_3 - WARNING - Drone 3: Cannot goto - invalid flight mode
2026-02-12 10:08:00,794 - Drone_4 - WARNING - Drone 4: Cannot goto - invalid flight mode
2026-02-12 10:08:00,794 - Drone_5 - WARNING - Drone 5: Cannot goto - invalid flight mode
2026-02-12 10:08:01,795 - Drone_2 - WARNING - Drone 2: Cannot goto - invalid flight mode
2026-02-12 10:08:01,795 - Drone_3 - WARNING - Drone 3: Cannot goto - invalid flight mode
2026-02-12 10:08:01,795 - Drone_4 - WARNING - Drone 4: Cannot goto - invalid flight mode
2026-02-12 10:08:01,795 - Drone_5 - WARNING - Drone 5: Cannot goto - invalid flight mode
2026-02-12 10:08:02,796 - Drone_2 - WARNING - Drone 2: Cannot goto - invalid flight mode
2026-02-12 10:08:02,796 - Drone_3 - WARNING - Drone 3: Cannot goto - invalid flight mode
2026-02-12 10:08:02,798 - Drone_4 - WARNING - Drone 4: Cannot goto - invalid flight mode
2026-02-12 10:08:02,799 - Drone_5 - WARNING - Drone 5: Cannot goto - invalid flight mode
2026-02-12 10:08:03,800 - Drone_2 - WARNING - Drone 2: Cannot goto - invalid flight mode
2026-02-12 10:08:03,801 - Drone_3 - WARNING - Drone 3: Cannot goto - invalid flight mode
2026-02-12 10:08:03,802 - Drone_4 - WARNING - Drone 4: Cannot goto - invalid flight mode
2026-02-12 10:08:03,803 - Drone_5 - WARNING - Drone 5: Cannot goto - invalid flight mode
2026-02-12 10:08:04,804 - Drone_2 - WARNING - Drone 2: Cannot goto - invalid flight mode
2026-02-12 10:08:04,805 - Drone_3 - WARNING - Drone 3: Cannot goto - invalid flight mode
2026-02-12 10:08:04,806 - Drone_4 - WARNING - Drone 4: Cannot goto - invalid flight mode
2026-02-12 10:08:04,806 - Drone_5 - WARNING - Drone 5: Cannot goto - invalid flight mode
2026-02-12 10:08:05,807 - Drone_2 - WARNING - Drone 2: Cannot goto - invalid flight mode
2026-02-12 10:08:05,808 - Drone_3 - WARNING - Drone 3: Cannot goto - invalid flight mode
2026-02-12 10:08:05,809 - Drone_4 - WARNING - Drone 4: Cannot goto - invalid flight mode
2026-02-12 10:08:05,810 - Drone_5 - WARNING - Drone 5: Cannot goto - invalid flight mode
2026-02-12 10:08:06,811 - Drone_2 - WARNING - Drone 2: Cannot goto - invalid flight mode
2026-02-12 10:08:06,811 - Drone_3 - WARNING - Drone 3: Cannot goto - invalid flight mode
2026-02-12 10:08:06,812 - Drone_4 - WARNING - Drone 4: Cannot goto - invalid flight mode
2026-02-12 10:08:06,812 - Drone_5 - WARNING - Drone 5: Cannot goto - invalid flight mode
2026-02-12 10:08:07,812 - Drone_2 - WARNING - Drone 2: Cannot goto - invalid flight mode
2026-02-12 10:08:07,813 - Drone_3 - WARNING - Drone 3: Cannot goto - invalid flight mode
2026-02-12 10:08:07,813 - Drone_4 - WARNING - Drone 4: Cannot goto - invalid flight mode
2026-02-12 10:08:07,813 - Drone_5 - WARNING - Drone 5: Cannot goto - invalid flight mode
2026-02-12 10:08:08,814 - Drone_2 - WARNING - Drone 2: Cannot goto - invalid flight mode
2026-02-12 10:08:08,814 - Drone_3 - WARNING - Drone 3: Cannot goto - invalid flight mode
2026-02-12 10:08:08,814 - Drone_4 - WARNING - Drone 4: Cannot goto - invalid flight mode
2026-02-12 10:08:08,814 - Drone_5 - WARNING - Drone 5: Cannot goto - invalid flight mode
2026-02-12 10:08:09,815 - Drone_2 - WARNING - Drone 2: Cannot goto - invalid flight mode
2026-02-12 10:08:09,815 - Drone_3 - WARNING - Drone 3: Cannot goto - invalid flight mode
2026-02-12 10:08:09,816 - Drone_4 - WARNING - Drone 4: Cannot goto - invalid flight mode
2026-02-12 10:08:09,816 - Drone_5 - WARNING - Drone 5: Cannot goto - invalid flight mode
2026-02-12 10:08:10,817 - Drone_2 - WARNING - Drone 2: Cannot goto - invalid flight mode
2026-02-12 10:08:10,817 - Drone_3 - WARNING - Drone 3: Cannot goto - invalid flight mode
2026-02-12 10:08:10,818 - Drone_4 - WARNING - Drone 4: Cannot goto - invalid flight mode
2026-02-12 10:08:10,819 - Drone_5 - WARNING - Drone 5: Cannot goto - invalid flight mode
2026-02-12 10:08:11,819 - Drone_2 - WARNING - Drone 2: Cannot goto - invalid flight mode
2026-02-12 10:08:11,820 - Drone_3 - WARNING - Drone 3: Cannot goto - invalid flight mode
2026-02-12 10:08:11,821 - Drone_4 - WARNING - Drone 4: Cannot goto - invalid flight mode
2026-02-12 10:08:11,822 - Drone_5 - WARNING - Drone 5: Cannot goto - invalid flight mode
2026-02-12 10:08:11,920 - PhysicalMLTrainer_Drone4 - INFO - Physical ML model trained for drone=4 samples=400
2026-02-12 10:08:11,920 - PhysicalMLTrainer_Drone3 - INFO - Physical ML model trained for drone=3 samples=400
2026-02-12 10:08:11,921 - PhysicalMLTrainer_Drone5 - INFO - Physical ML model trained for drone=5 samples=400
2026-02-12 10:08:11,921 - PhysicalMLTrainer_Drone2 - INFO - Physical ML model trained for drone=2 samples=400
2026-02-12 10:08:11,921 - PhysicalMLTrainer_Drone1 - INFO - Physical ML model trained for drone=1 samples=400
2026-02-12 10:08:12,823 - Drone_2 - WARNING - Drone 2: Cannot goto - invalid flight mode
2026-02-12 10:08:12,824 - Drone_3 - WARNING - Drone 3: Cannot goto - invalid flight mode
2026-02-12 10:08:12,825 - Drone_4 - WARNING - Drone 4: Cannot goto - invalid flight mode
2026-02-12 10:08:12,825 - Drone_5 - WARNING - Drone 5: Cannot goto - invalid flight mode
2026-02-12 10:08:13,827 - Drone_2 - WARNING - Drone 2: Cannot goto - invalid flight mode
2026-02-12 10:08:13,827 - Drone_3 - WARNING - Drone 3: Cannot goto - invalid flight mode
2026-02-12 10:08:13,828 - Drone_4 - WARNING - Drone 4: Cannot goto - invalid flight mode
2026-02-12 10:08:13,828 - Drone_5 - WARNING - Drone 5: Cannot goto - invalid flight mode
2026-02-12 10:08:14,829 - Drone_2 - WARNING - Drone 2: Cannot goto - invalid flight mode
2026-02-12 10:08:14,829 - Drone_3 - WARNING - Drone 3: Cannot goto - invalid flight mode
2026-02-12 10:08:14,830 - Drone_4 - WARNING - Drone 4: Cannot goto - invalid flight mode
2026-02-12 10:08:14,830 - Drone_5 - WARNING - Drone 5: Cannot goto - invalid flight mode
2026-02-12 10:08:15,831 - Drone_2 - WARNING - Drone 2: Cannot goto - invalid flight mode
2026-02-12 10:08:15,831 - Drone_3 - WARNING - Drone 3: Cannot goto - invalid flight mode
2026-02-12 10:08:15,832 - Drone_4 - WARNING - Drone 4: Cannot goto - invalid flight mode
2026-02-12 10:08:15,832 - Drone_5 - WARNING - Drone 5: Cannot goto - invalid flight mode
2026-02-12 10:08:16,833 - Drone_2 - WARNING - Drone 2: Cannot goto - invalid flight mode
2026-02-12 10:08:16,834 - Drone_3 - WARNING - Drone 3: Cannot goto - invalid flight mode
2026-02-12 10:08:16,835 - Drone_4 - WARNING - Drone 4: Cannot goto - invalid flight mode
2026-02-12 10:08:16,836 - Drone_5 - WARNING - Drone 5: Cannot goto - invalid flight mode
2026-02-12 10:08:17,837 - Drone_2 - WARNING - Drone 2: Cannot goto - invalid flight mode
2026-02-12 10:08:17,838 - Drone_3 - WARNING - Drone 3: Cannot goto - invalid flight mode
2026-02-12 10:08:17,841 - Drone_4 - WARNING - Drone 4: Cannot goto - invalid flight mode
2026-02-12 10:08:17,841 - Drone_5 - WARNING - Drone 5: Cannot goto - invalid flight mode
2026-02-12 10:08:18,843 - Drone_2 - WARNING - Drone 2: Cannot goto - invalid flight mode
2026-02-12 10:08:18,844 - Drone_3 - WARNING - Drone 3: Cannot goto - invalid flight mode
2026-02-12 10:08:18,845 - Drone_4 - WARNING - Drone 4: Cannot goto - invalid flight mode
2026-02-12 10:08:18,845 - Drone_5 - WARNING - Drone 5: Cannot goto - invalid flight mode
2026-02-12 10:08:19,846 - Drone_2 - WARNING - Drone 2: Cannot goto - invalid flight mode
2026-02-12 10:08:19,846 - Drone_3 - WARNING - Drone 3: Cannot goto - invalid flight mode
2026-02-12 10:08:19,847 - Drone_4 - WARNING - Drone 4: Cannot goto - invalid flight mode
2026-02-12 10:08:19,847 - Drone_5 - WARNING - Drone 5: Cannot goto - invalid flight mode
2026-02-12 10:08:20,848 - Drone_2 - WARNING - Drone 2: Cannot goto - invalid flight mode
2026-02-12 10:08:20,848 - Drone_3 - WARNING - Drone 3: Cannot goto - invalid flight mode
2026-02-12 10:08:20,848 - Drone_4 - WARNING - Drone 4: Cannot goto - invalid flight mode
2026-02-12 10:08:20,849 - Drone_5 - WARNING - Drone 5: Cannot goto - invalid flight mode
2026-02-12 10:08:21,849 - Drone_2 - WARNING - Drone 2: Cannot goto - invalid flight mode
2026-02-12 10:08:21,850 - Drone_3 - WARNING - Drone 3: Cannot goto - invalid flight mode
2026-02-12 10:08:21,850 - Drone_4 - WARNING - Drone 4: Cannot goto - invalid flight mode
2026-02-12 10:08:21,850 - Drone_5 - WARNING - Drone 5: Cannot goto - invalid flight mode
2026-02-12 10:08:22,851 - Drone_2 - WARNING - Drone 2: Cannot goto - invalid flight mode
2026-02-12 10:08:22,852 - Drone_3 - WARNING - Drone 3: Cannot goto - invalid flight mode
2026-02-12 10:08:22,853 - Drone_4 - WARNING - Drone 4: Cannot goto - invalid flight mode
2026-02-12 10:08:22,853 - Drone_5 - WARNING - Drone 5: Cannot goto - invalid flight mode
2026-02-12 10:08:23,855 - Drone_2 - WARNING - Drone 2: Cannot goto - invalid flight mode
2026-02-12 10:08:23,855 - Drone_3 - WARNING - Drone 3: Cannot goto - invalid flight mode
2026-02-12 10:08:23,856 - Drone_4 - WARNING - Drone 4: Cannot goto - invalid flight mode
2026-02-12 10:08:23,857 - Drone_5 - WARNING - Drone 5: Cannot goto - invalid flight mode
2026-02-12 10:08:24,858 - Drone_2 - WARNING - Drone 2: Cannot goto - invalid flight mode
2026-02-12 10:08:24,859 - Drone_3 - WARNING - Drone 3: Cannot goto - invalid flight mode
2026-02-12 10:08:24,862 - Drone_4 - WARNING - Drone 4: Cannot goto - invalid flight mode
2026-02-12 10:08:24,863 - Drone_5 - WARNING - Drone 5: Cannot goto - invalid flight mode
2026-02-12 10:08:25,864 - Drone_2 - WARNING - Drone 2: Cannot goto - invalid flight mode
2026-02-12 10:08:25,864 - Drone_3 - WARNING - Drone 3: Cannot goto - invalid flight mode
2026-02-12 10:08:25,865 - Drone_4 - WARNING - Drone 4: Cannot goto - invalid flight mode
2026-02-12 10:08:25,865 - Drone_5 - WARNING - Drone 5: Cannot goto - invalid flight mode
2026-02-12 10:08:26,866 - Drone_2 - WARNING - Drone 2: Cannot goto - invalid flight mode
2026-02-12 10:08:26,866 - Drone_3 - WARNING - Drone 3: Cannot goto - invalid flight mode
2026-02-12 10:08:26,866 - Drone_4 - WARNING - Drone 4: Cannot goto - invalid flight mode
2026-02-12 10:08:26,866 - Drone_5 - WARNING - Drone 5: Cannot goto - invalid flight mode
2026-02-12 10:08:27,867 - Drone_2 - WARNING - Drone 2: Cannot goto - invalid flight mode
2026-02-12 10:08:27,868 - Drone_3 - WARNING - Drone 3: Cannot goto - invalid flight mode
2026-02-12 10:08:27,868 - Drone_4 - WARNING - Drone 4: Cannot goto - invalid flight mode
2026-02-12 10:08:27,868 - Drone_5 - WARNING - Drone 5: Cannot goto - invalid flight mode
2026-02-12 10:08:28,869 - Drone_2 - WARNING - Drone 2: Cannot goto - invalid flight mode
2026-02-12 10:08:28,869 - Drone_3 - WARNING - Drone 3: Cannot goto - invalid flight mode
2026-02-12 10:08:28,869 - Drone_4 - WARNING - Drone 4: Cannot goto - invalid flight mode
2026-02-12 10:08:28,869 - Drone_5 - WARNING - Drone 5: Cannot goto - invalid flight mode
2026-02-12 10:08:29,870 - Drone_2 - WARNING - Drone 2: Cannot goto - invalid flight mode
2026-02-12 10:08:29,871 - Drone_3 - WARNING - Drone 3: Cannot goto - invalid flight mode
2026-02-12 10:08:29,871 - Drone_4 - WARNING - Drone 4: Cannot goto - invalid flight mode
2026-02-12 10:08:29,871 - Drone_5 - WARNING - Drone 5: Cannot goto - invalid flight mode
2026-02-12 10:08:30,872 - Drone_2 - WARNING - Drone 2: Cannot goto - invalid flight mode
2026-02-12 10:08:30,873 - Drone_3 - WARNING - Drone 3: Cannot goto - invalid flight mode
2026-02-12 10:08:30,873 - Drone_4 - WARNING - Drone 4: Cannot goto - invalid flight mode
2026-02-12 10:08:30,874 - Drone_5 - WARNING - Drone 5: Cannot goto - invalid flight mode
2026-02-12 10:08:31,875 - Drone_2 - WARNING - Drone 2: Cannot goto - invalid flight mode
2026-02-12 10:08:31,875 - Drone_3 - WARNING - Drone 3: Cannot goto - invalid flight mode
2026-02-12 10:08:31,875 - Drone_4 - WARNING - Drone 4: Cannot goto - invalid flight mode
2026-02-12 10:08:31,875 - Drone_5 - WARNING - Drone 5: Cannot goto - invalid flight mode
2026-02-12 10:08:32,031 - PhysicalMLTrainer_Drone1 - INFO - Physical ML model trained for drone=1 samples=600
2026-02-12 10:08:32,040 - PhysicalMLTrainer_Drone4 - INFO - Physical ML model trained for drone=4 samples=600
2026-02-12 10:08:32,041 - PhysicalMLTrainer_Drone3 - INFO - Physical ML model trained for drone=3 samples=600
2026-02-12 10:08:32,041 - PhysicalMLTrainer_Drone2 - INFO - Physical ML model trained for drone=2 samples=600
2026-02-12 10:08:32,042 - PhysicalMLTrainer_Drone5 - INFO - Physical ML model trained for drone=5 samples=600
2026-02-12 10:08:32,876 - Drone_2 - WARNING - Drone 2: Cannot goto - invalid flight mode
2026-02-12 10:08:32,876 - Drone_3 - WARNING - Drone 3: Cannot goto - invalid flight mode
2026-02-12 10:08:32,876 - Drone_4 - WARNING - Drone 4: Cannot goto - invalid flight mode
2026-02-12 10:08:32,876 - Drone_5 - WARNING - Drone 5: Cannot goto - invalid flight mode
2026-02-12 10:08:33,877 - Drone_2 - WARNING - Drone 2: Cannot goto - invalid flight mode
2026-02-12 10:08:33,877 - Drone_3 - WARNING - Drone 3: Cannot goto - invalid flight mode
2026-02-12 10:08:33,877 - Drone_4 - WARNING - Drone 4: Cannot goto - invalid flight mode
2026-02-12 10:08:33,877 - Drone_5 - WARNING - Drone 5: Cannot goto - invalid flight mode
2026-02-12 10:08:34,878 - Drone_2 - WARNING - Drone 2: Cannot goto - invalid flight mode
2026-02-12 10:08:34,879 - Drone_3 - WARNING - Drone 3: Cannot goto - invalid flight mode
2026-02-12 10:08:34,879 - Drone_4 - WARNING - Drone 4: Cannot goto - invalid flight mode
2026-02-12 10:08:34,879 - Drone_5 - WARNING - Drone 5: Cannot goto - invalid flight mode
2026-02-12 10:08:35,880 - Drone_2 - WARNING - Drone 2: Cannot goto - invalid flight mode
2026-02-12 10:08:35,881 - Drone_3 - WARNING - Drone 3: Cannot goto - invalid flight mode
2026-02-12 10:08:35,882 - Drone_4 - WARNING - Drone 4: Cannot goto - invalid flight mode
2026-02-12 10:08:35,883 - Drone_5 - WARNING - Drone 5: Cannot goto - invalid flight mode
2026-02-12 10:08:36,885 - Drone_2 - WARNING - Drone 2: Cannot goto - invalid flight mode
2026-02-12 10:08:36,885 - Drone_3 - WARNING - Drone 3: Cannot goto - invalid flight mode
2026-02-12 10:08:36,886 - Drone_4 - WARNING - Drone 4: Cannot goto - invalid flight mode
2026-02-12 10:08:36,886 - Drone_5 - WARNING - Drone 5: Cannot goto - invalid flight mode
2026-02-12 10:08:37,887 - Drone_2 - WARNING - Drone 2: Cannot goto - invalid flight mode
2026-02-12 10:08:37,887 - Drone_3 - WARNING - Drone 3: Cannot goto - invalid flight mode
2026-02-12 10:08:37,888 - Drone_4 - WARNING - Drone 4: Cannot goto - invalid flight mode
2026-02-12 10:08:37,888 - Drone_5 - WARNING - Drone 5: Cannot goto - invalid flight mode
2026-02-12 10:08:38,889 - Drone_2 - WARNING - Drone 2: Cannot goto - invalid flight mode
2026-02-12 10:08:38,890 - Drone_3 - WARNING - Drone 3: Cannot goto - invalid flight mode
2026-02-12 10:08:38,890 - Drone_4 - WARNING - Drone 4: Cannot goto - invalid flight mode
2026-02-12 10:08:38,891 - Drone_5 - WARNING - Drone 5: Cannot goto - invalid flight mode
2026-02-12 10:08:39,894 - Drone_2 - WARNING - Drone 2: Cannot goto - invalid flight mode
2026-02-12 10:08:39,895 - Drone_3 - WARNING - Drone 3: Cannot goto - invalid flight mode
2026-02-12 10:08:39,895 - Drone_4 - WARNING - Drone 4: Cannot goto - invalid flight mode
2026-02-12 10:08:39,896 - Drone_5 - WARNING - Drone 5: Cannot goto - invalid flight mode
2026-02-12 10:08:40,896 - Drone_2 - WARNING - Drone 2: Cannot goto - invalid flight mode
2026-02-12 10:08:40,896 - Drone_3 - WARNING - Drone 3: Cannot goto - invalid flight mode
2026-02-12 10:08:40,897 - Drone_4 - WARNING - Drone 4: Cannot goto - invalid flight mode
2026-02-12 10:08:40,897 - Drone_5 - WARNING - Drone 5: Cannot goto - invalid flight mode
2026-02-12 10:08:41,897 - Drone_2 - WARNING - Drone 2: Cannot goto - invalid flight mode
2026-02-12 10:08:41,898 - Drone_3 - WARNING - Drone 3: Cannot goto - invalid flight mode
2026-02-12 10:08:41,898 - Drone_4 - WARNING - Drone 4: Cannot goto - invalid flight mode
2026-02-12 10:08:41,899 - Drone_5 - WARNING - Drone 5: Cannot goto - invalid flight mode
2026-02-12 10:08:42,900 - Drone_2 - WARNING - Drone 2: Cannot goto - invalid flight mode
2026-02-12 10:08:42,901 - Drone_3 - WARNING - Drone 3: Cannot goto - invalid flight mode
2026-02-12 10:08:42,902 - Drone_4 - WARNING - Drone 4: Cannot goto - invalid flight mode
2026-02-12 10:08:42,903 - Drone_5 - WARNING - Drone 5: Cannot goto - invalid flight mode
2026-02-12 10:08:43,904 - Drone_2 - WARNING - Drone 2: Cannot goto - invalid flight mode
2026-02-12 10:08:43,905 - Drone_3 - WARNING - Drone 3: Cannot goto - invalid flight mode
2026-02-12 10:08:43,905 - Drone_4 - WARNING - Drone 4: Cannot goto - invalid flight mode
2026-02-12 10:08:43,905 - Drone_5 - WARNING - Drone 5: Cannot goto - invalid flight mode
2026-02-12 10:08:44,906 - Drone_2 - WARNING - Drone 2: Cannot goto - invalid flight mode
2026-02-12 10:08:44,907 - Drone_3 - WARNING - Drone 3: Cannot goto - invalid flight mode
2026-02-12 10:08:44,908 - Drone_4 - WARNING - Drone 4: Cannot goto - invalid flight mode
2026-02-12 10:08:44,908 - Drone_5 - WARNING - Drone 5: Cannot goto - invalid flight mode
2026-02-12 10:08:45,909 - Drone_2 - WARNING - Drone 2: Cannot goto - invalid flight mode
2026-02-12 10:08:45,910 - Drone_3 - WARNING - Drone 3: Cannot goto - invalid flight mode
2026-02-12 10:08:45,910 - Drone_4 - WARNING - Drone 4: Cannot goto - invalid flight mode
2026-02-12 10:08:45,911 - Drone_5 - WARNING - Drone 5: Cannot goto - invalid flight mode
2026-02-12 10:08:46,912 - Drone_2 - WARNING - Drone 2: Cannot goto - invalid flight mode
2026-02-12 10:08:46,912 - Drone_3 - WARNING - Drone 3: Cannot goto - invalid flight mode
2026-02-12 10:08:46,913 - Drone_4 - WARNING - Drone 4: Cannot goto - invalid flight mode
2026-02-12 10:08:46,913 - Drone_5 - WARNING - Drone 5: Cannot goto - invalid flight mode
2026-02-12 10:08:46,994 - Drone_2 - ERROR - Drone 2: EMERGENCY LANDING - Personal emergency button pressed (source=personal_command, site={'x': 1200, 'y': 300, 'z': 0.0})
2026-02-12 10:08:46,995 - SwarmManager - ERROR - Personal emergency landing triggered for Drone 2: Personal emergency button pressed
2026-02-12 10:08:47,917 - Drone_3 - WARNING - Drone 3: Cannot goto - invalid flight mode
2026-02-12 10:08:47,918 - Drone_4 - WARNING - Drone 4: Cannot goto - invalid flight mode
2026-02-12 10:08:47,918 - Drone_5 - WARNING - Drone 5: Cannot goto - invalid flight mode
2026-02-12 10:08:48,919 - Drone_3 - WARNING - Drone 3: Cannot goto - invalid flight mode
2026-02-12 10:08:48,920 - Drone_4 - WARNING - Drone 4: Cannot goto - invalid flight mode
2026-02-12 10:08:48,920 - Drone_5 - WARNING - Drone 5: Cannot goto - invalid flight mode
2026-02-12 10:08:49,921 - Drone_3 - WARNING - Drone 3: Cannot goto - invalid flight mode
2026-02-12 10:08:49,923 - Drone_4 - WARNING - Drone 4: Cannot goto - invalid flight mode
2026-02-12 10:08:49,924 - Drone_5 - WARNING - Drone 5: Cannot goto - invalid flight mode
2026-02-12 10:08:50,925 - Drone_3 - WARNING - Drone 3: Cannot goto - invalid flight mode
2026-02-12 10:08:50,927 - Drone_4 - WARNING - Drone 4: Cannot goto - invalid flight mode
2026-02-12 10:08:50,927 - Drone_5 - WARNING - Drone 5: Cannot goto - invalid flight mode
2026-02-12 10:08:51,929 - Drone_3 - WARNING - Drone 3: Cannot goto - invalid flight mode
2026-02-12 10:08:51,930 - Drone_4 - WARNING - Drone 4: Cannot goto - invalid flight mode
2026-02-12 10:08:51,931 - Drone_5 - WARNING - Drone 5: Cannot goto - invalid flight mode
2026-02-12 10:08:52,134 - PhysicalMLTrainer_Drone1 - INFO - Physical ML model trained for drone=1 samples=800
2026-02-12 10:08:52,144 - PhysicalMLTrainer_Drone4 - INFO - Physical ML model trained for drone=4 samples=800
2026-02-12 10:08:52,149 - PhysicalMLTrainer_Drone3 - INFO - Physical ML model trained for drone=3 samples=800
2026-02-12 10:08:52,151 - PhysicalMLTrainer_Drone2 - INFO - Physical ML model trained for drone=2 samples=800
2026-02-12 10:08:52,155 - PhysicalMLTrainer_Drone5 - INFO - Physical ML model trained for drone=5 samples=800
2026-02-12 10:08:52,932 - Drone_3 - WARNING - Drone 3: Cannot goto - invalid flight mode
2026-02-12 10:08:52,933 - Drone_4 - WARNING - Drone 4: Cannot goto - invalid flight mode
2026-02-12 10:08:52,933 - Drone_5 - WARNING - Drone 5: Cannot goto - invalid flight mode
2026-02-12 10:08:53,934 - Drone_3 - WARNING - Drone 3: Cannot goto - invalid flight mode
2026-02-12 10:08:53,935 - Drone_4 - WARNING - Drone 4: Cannot goto - invalid flight mode
2026-02-12 10:08:53,935 - Drone_5 - WARNING - Drone 5: Cannot goto - invalid flight mode
2026-02-12 10:08:54,936 - Drone_3 - WARNING - Drone 3: Cannot goto - invalid flight mode
2026-02-12 10:08:54,937 - Drone_4 - WARNING - Drone 4: Cannot goto - invalid flight mode
2026-02-12 10:08:54,937 - Drone_5 - WARNING - Drone 5: Cannot goto - invalid flight mode
2026-02-12 10:08:55,938 - Drone_3 - WARNING - Drone 3: Cannot goto - invalid flight mode
2026-02-12 10:08:55,938 - Drone_4 - WARNING - Drone 4: Cannot goto - invalid flight mode
2026-02-12 10:08:55,939 - Drone_5 - WARNING - Drone 5: Cannot goto - invalid flight mode
2026-02-12 10:08:56,940 - Drone_3 - WARNING - Drone 3: Cannot goto - invalid flight mode
2026-02-12 10:08:56,941 - Drone_4 - WARNING - Drone 4: Cannot goto - invalid flight mode
2026-02-12 10:08:56,943 - Drone_5 - WARNING - Drone 5: Cannot goto - invalid flight mode
2026-02-12 10:08:57,944 - Drone_3 - WARNING - Drone 3: Cannot goto - invalid flight mode
2026-02-12 10:08:57,946 - Drone_4 - WARNING - Drone 4: Cannot goto - invalid flight mode
2026-02-12 10:08:57,947 - Drone_5 - WARNING - Drone 5: Cannot goto - invalid flight mode
2026-02-12 10:08:58,949 - Drone_3 - WARNING - Drone 3: Cannot goto - invalid flight mode
2026-02-12 10:08:58,950 - Drone_4 - WARNING - Drone 4: Cannot goto - invalid flight mode
2026-02-12 10:08:58,952 - Drone_5 - WARNING - Drone 5: Cannot goto - invalid flight mode
2026-02-12 10:08:59,953 - Drone_3 - WARNING - Drone 3: Cannot goto - invalid flight mode
2026-02-12 10:08:59,955 - Drone_4 - WARNING - Drone 4: Cannot goto - invalid flight mode
2026-02-12 10:08:59,957 - Drone_5 - WARNING - Drone 5: Cannot goto - invalid flight mode
2026-02-12 10:09:00,958 - Drone_3 - WARNING - Drone 3: Cannot goto - invalid flight mode
2026-02-12 10:09:00,959 - Drone_4 - WARNING - Drone 4: Cannot goto - invalid flight mode
2026-02-12 10:09:00,959 - Drone_5 - WARNING - Drone 5: Cannot goto - invalid flight mode
2026-02-12 10:09:01,960 - Drone_3 - WARNING - Drone 3: Cannot goto - invalid flight mode
2026-02-12 10:09:01,961 - Drone_4 - WARNING - Drone 4: Cannot goto - invalid flight mode
2026-02-12 10:09:01,961 - Drone_5 - WARNING - Drone 5: Cannot goto - invalid flight mode
2026-02-12 10:09:02,962 - Drone_3 - WARNING - Drone 3: Cannot goto - invalid flight mode
2026-02-12 10:09:02,963 - Drone_4 - WARNING - Drone 4: Cannot goto - invalid flight mode
2026-02-12 10:09:02,964 - Drone_5 - WARNING - Drone 5: Cannot goto - invalid flight mode
2026-02-12 10:09:03,965 - Drone_3 - WARNING - Drone 3: Cannot goto - invalid flight mode
2026-02-12 10:09:03,966 - Drone_4 - WARNING - Drone 4: Cannot goto - invalid flight mode
2026-02-12 10:09:03,966 - Drone_5 - WARNING - Drone 5: Cannot goto - invalid flight mode
2026-02-12 10:09:04,967 - Drone_3 - WARNING - Drone 3: Cannot goto - invalid flight mode
2026-02-12 10:09:04,967 - Drone_4 - WARNING - Drone 4: Cannot goto - invalid flight mode
2026-02-12 10:09:04,968 - Drone_5 - WARNING - Drone 5: Cannot goto - invalid flight mode
2026-02-12 10:09:05,968 - Drone_3 - WARNING - Drone 3: Cannot goto - invalid flight mode
2026-02-12 10:09:05,969 - Drone_4 - WARNING - Drone 4: Cannot goto - invalid flight mode
2026-02-12 10:09:05,969 - Drone_5 - WARNING - Drone 5: Cannot goto - invalid flight mode
2026-02-12 10:09:06,969 - Drone_3 - WARNING - Drone 3: Cannot goto - invalid flight mode
2026-02-12 10:09:06,970 - Drone_4 - WARNING - Drone 4: Cannot goto - invalid flight mode
2026-02-12 10:09:06,970 - Drone_5 - WARNING - Drone 5: Cannot goto - invalid flight mode
2026-02-12 10:09:07,970 - Drone_3 - WARNING - Drone 3: Cannot goto - invalid flight mode
2026-02-12 10:09:07,971 - Drone_4 - WARNING - Drone 4: Cannot goto - invalid flight mode
2026-02-12 10:09:07,971 - Drone_5 - WARNING - Drone 5: Cannot goto - invalid flight mode
2026-02-12 10:09:08,972 - Drone_3 - WARNING - Drone 3: Cannot goto - invalid flight mode
2026-02-12 10:09:08,972 - Drone_4 - WARNING - Drone 4: Cannot goto - invalid flight mode
2026-02-12 10:09:08,973 - Drone_5 - WARNING - Drone 5: Cannot goto - invalid flight mode
2026-02-12 10:09:09,973 - Drone_3 - WARNING - Drone 3: Cannot goto - invalid flight mode
2026-02-12 10:09:09,974 - Drone_4 - WARNING - Drone 4: Cannot goto - invalid flight mode
2026-02-12 10:09:09,974 - Drone_5 - WARNING - Drone 5: Cannot goto - invalid flight mode
2026-02-12 10:09:10,975 - Drone_3 - WARNING - Drone 3: Cannot goto - invalid flight mode
2026-02-12 10:09:10,976 - Drone_4 - WARNING - Drone 4: Cannot goto - invalid flight mode
2026-02-12 10:09:10,976 - Drone_5 - WARNING - Drone 5: Cannot goto - invalid flight mode
2026-02-12 10:09:11,977 - Drone_3 - WARNING - Drone 3: Cannot goto - invalid flight mode
2026-02-12 10:09:11,977 - Drone_4 - WARNING - Drone 4: Cannot goto - invalid flight mode
2026-02-12 10:09:11,978 - Drone_5 - WARNING - Drone 5: Cannot goto - invalid flight mode
2026-02-12 10:09:12,248 - PhysicalMLTrainer_Drone1 - INFO - Physical ML model trained for drone=1 samples=1000
2026-02-12 10:09:12,254 - PhysicalMLTrainer_Drone4 - INFO - Physical ML model trained for drone=4 samples=1000
2026-02-12 10:09:12,263 - PhysicalMLTrainer_Drone5 - INFO - Physical ML model trained for drone=5 samples=1000
2026-02-12 10:09:12,263 - PhysicalMLTrainer_Drone2 - INFO - Physical ML model trained for drone=2 samples=1000
2026-02-12 10:09:12,264 - PhysicalMLTrainer_Drone3 - INFO - Physical ML model trained for drone=3 samples=1000
2026-02-12 10:09:12,978 - Drone_3 - WARNING - Drone 3: Cannot goto - invalid flight mode
2026-02-12 10:09:12,979 - Drone_4 - WARNING - Drone 4: Cannot goto - invalid flight mode
2026-02-12 10:09:12,980 - Drone_5 - WARNING - Drone 5: Cannot goto - invalid flight mode
2026-02-12 10:09:13,981 - Drone_3 - WARNING - Drone 3: Cannot goto - invalid flight mode
2026-02-12 10:09:13,981 - Drone_4 - WARNING - Drone 4: Cannot goto - invalid flight mode
2026-02-12 10:09:13,982 - Drone_5 - WARNING - Drone 5: Cannot goto - invalid flight mode
2026-02-12 10:09:14,982 - Drone_3 - WARNING - Drone 3: Cannot goto - invalid flight mode
2026-02-12 10:09:14,983 - Drone_4 - WARNING - Drone 4: Cannot goto - invalid flight mode
2026-02-12 10:09:14,983 - Drone_5 - WARNING - Drone 5: Cannot goto - invalid flight mode
2026-02-12 10:09:15,983 - Drone_3 - WARNING - Drone 3: Cannot goto - invalid flight mode
2026-02-12 10:09:15,983 - Drone_4 - WARNING - Drone 4: Cannot goto - invalid flight mode
2026-02-12 10:09:15,984 - Drone_5 - WARNING - Drone 5: Cannot goto - invalid flight mode
2026-02-12 10:09:16,985 - Drone_3 - WARNING - Drone 3: Cannot goto - invalid flight mode
2026-02-12 10:09:16,985 - Drone_4 - WARNING - Drone 4: Cannot goto - invalid flight mode
2026-02-12 10:09:16,985 - Drone_5 - WARNING - Drone 5: Cannot goto - invalid flight mode
2026-02-12 10:09:17,986 - Drone_3 - WARNING - Drone 3: Cannot goto - invalid flight mode
2026-02-12 10:09:17,986 - Drone_4 - WARNING - Drone 4: Cannot goto - invalid flight mode
2026-02-12 10:09:17,986 - Drone_5 - WARNING - Drone 5: Cannot goto - invalid flight mode
2026-02-12 10:09:18,987 - Drone_3 - WARNING - Drone 3: Cannot goto - invalid flight mode
2026-02-12 10:09:18,987 - Drone_4 - WARNING - Drone 4: Cannot goto - invalid flight mode
2026-02-12 10:09:18,988 - Drone_5 - WARNING - Drone 5: Cannot goto - invalid flight mode
2026-02-12 10:09:19,989 - Drone_3 - WARNING - Drone 3: Cannot goto - invalid flight mode
2026-02-12 10:09:19,989 - Drone_4 - WARNING - Drone 4: Cannot goto - invalid flight mode
2026-02-12 10:09:19,989 - Drone_5 - WARNING - Drone 5: Cannot goto - invalid flight mode
2026-02-12 10:09:20,990 - Drone_3 - WARNING - Drone 3: Cannot goto - invalid flight mode
2026-02-12 10:09:20,990 - Drone_4 - WARNING - Drone 4: Cannot goto - invalid flight mode
2026-02-12 10:09:20,991 - Drone_5 - WARNING - Drone 5: Cannot goto - invalid flight mode
2026-02-12 10:09:21,991 - Drone_3 - WARNING - Drone 3: Cannot goto - invalid flight mode
2026-02-12 10:09:21,992 - Drone_4 - WARNING - Drone 4: Cannot goto - invalid flight mode
2026-02-12 10:09:21,992 - Drone_5 - WARNING - Drone 5: Cannot goto - invalid flight mode
2026-02-12 10:09:22,993 - Drone_3 - WARNING - Drone 3: Cannot goto - invalid flight mode
2026-02-12 10:09:22,993 - Drone_4 - WARNING - Drone 4: Cannot goto - invalid flight mode
2026-02-12 10:09:22,993 - Drone_5 - WARNING - Drone 5: Cannot goto - invalid flight mode
2026-02-12 10:09:23,994 - Drone_3 - WARNING - Drone 3: Cannot goto - invalid flight mode
2026-02-12 10:09:23,994 - Drone_4 - WARNING - Drone 4: Cannot goto - invalid flight mode
2026-02-12 10:09:23,995 - Drone_5 - WARNING - Drone 5: Cannot goto - invalid flight mode
2026-02-12 10:09:24,995 - Drone_3 - WARNING - Drone 3: Cannot goto - invalid flight mode
2026-02-12 10:09:24,996 - Drone_4 - WARNING - Drone 4: Cannot goto - invalid flight mode
2026-02-12 10:09:24,996 - Drone_5 - WARNING - Drone 5: Cannot goto - invalid flight mode
2026-02-12 10:09:25,997 - Drone_3 - WARNING - Drone 3: Cannot goto - invalid flight mode
2026-02-12 10:09:25,998 - Drone_4 - WARNING - Drone 4: Cannot goto - invalid flight mode
2026-02-12 10:09:25,999 - Drone_5 - WARNING - Drone 5: Cannot goto - invalid flight mode
2026-02-12 10:09:26,999 - Drone_3 - WARNING - Drone 3: Cannot goto - invalid flight mode
2026-02-12 10:09:26,999 - Drone_4 - WARNING - Drone 4: Cannot goto - invalid flight mode
2026-02-12 10:09:27,000 - Drone_5 - WARNING - Drone 5: Cannot goto - invalid flight mode
2026-02-12 10:09:28,000 - Drone_3 - WARNING - Drone 3: Cannot goto - invalid flight mode
2026-02-12 10:09:28,000 - Drone_4 - WARNING - Drone 4: Cannot goto - invalid flight mode
2026-02-12 10:09:28,000 - Drone_5 - WARNING - Drone 5: Cannot goto - invalid flight mode
2026-02-12 10:09:29,001 - Drone_3 - WARNING - Drone 3: Cannot goto - invalid flight mode
2026-02-12 10:09:29,001 - Drone_4 - WARNING - Drone 4: Cannot goto - invalid flight mode
2026-02-12 10:09:29,002 - Drone_5 - WARNING - Drone 5: Cannot goto - invalid flight mode
2026-02-12 10:09:30,002 - Drone_3 - WARNING - Drone 3: Cannot goto - invalid flight mode
2026-02-12 10:09:30,003 - Drone_4 - WARNING - Drone 4: Cannot goto - invalid flight mode
2026-02-12 10:09:30,003 - Drone_5 - WARNING - Drone 5: Cannot goto - invalid flight mode
2026-02-12 10:09:31,003 - Drone_3 - WARNING - Drone 3: Cannot goto - invalid flight mode
2026-02-12 10:09:31,004 - Drone_4 - WARNING - Drone 4: Cannot goto - invalid flight mode
2026-02-12 10:09:31,004 - Drone_5 - WARNING - Drone 5: Cannot goto - invalid flight mode
2026-02-12 10:09:32,004 - Drone_3 - WARNING - Drone 3: Cannot goto - invalid flight mode
2026-02-12 10:09:32,005 - Drone_4 - WARNING - Drone 4: Cannot goto - invalid flight mode
2026-02-12 10:09:32,005 - Drone_5 - WARNING - Drone 5: Cannot goto - invalid flight mode
2026-02-12 10:09:32,340 - PhysicalMLTrainer_Drone1 - INFO - Physical ML model trained for drone=1 samples=1200
2026-02-12 10:09:32,349 - PhysicalMLTrainer_Drone5 - INFO - Physical ML model trained for drone=5 samples=1200
2026-02-12 10:09:32,349 - PhysicalMLTrainer_Drone4 - INFO - Physical ML model trained for drone=4 samples=1200
2026-02-12 10:09:32,363 - PhysicalMLTrainer_Drone3 - INFO - Physical ML model trained for drone=3 samples=1200
2026-02-12 10:09:32,363 - PhysicalMLTrainer_Drone2 - INFO - Physical ML model trained for drone=2 samples=1200
2026-02-12 10:09:33,006 - Drone_3 - WARNING - Drone 3: Cannot goto - invalid flight mode
2026-02-12 10:09:33,006 - Drone_4 - WARNING - Drone 4: Cannot goto - invalid flight mode
2026-02-12 10:09:33,006 - Drone_5 - WARNING - Drone 5: Cannot goto - invalid flight mode
2026-02-12 10:09:34,007 - Drone_3 - WARNING - Drone 3: Cannot goto - invalid flight mode
2026-02-12 10:09:34,008 - Drone_4 - WARNING - Drone 4: Cannot goto - invalid flight mode
2026-02-12 10:09:34,008 - Drone_5 - WARNING - Drone 5: Cannot goto - invalid flight mode
2026-02-12 10:09:35,009 - Drone_3 - WARNING - Drone 3: Cannot goto - invalid flight mode
2026-02-12 10:09:35,009 - Drone_4 - WARNING - Drone 4: Cannot goto - invalid flight mode
2026-02-12 10:09:35,009 - Drone_5 - WARNING - Drone 5: Cannot goto - invalid flight mode
2026-02-12 10:09:36,010 - Drone_3 - WARNING - Drone 3: Cannot goto - invalid flight mode
2026-02-12 10:09:36,010 - Drone_4 - WARNING - Drone 4: Cannot goto - invalid flight mode
2026-02-12 10:09:36,011 - Drone_5 - WARNING - Drone 5: Cannot goto - invalid flight mode
2026-02-12 10:09:37,012 - Drone_3 - WARNING - Drone 3: Cannot goto - invalid flight mode
2026-02-12 10:09:37,012 - Drone_4 - WARNING - Drone 4: Cannot goto - invalid flight mode
2026-02-12 10:09:37,013 - Drone_5 - WARNING - Drone 5: Cannot goto - invalid flight mode
2026-02-12 10:09:38,014 - Drone_3 - WARNING - Drone 3: Cannot goto - invalid flight mode
2026-02-12 10:09:38,014 - Drone_4 - WARNING - Drone 4: Cannot goto - invalid flight mode
2026-02-12 10:09:38,014 - Drone_5 - WARNING - Drone 5: Cannot goto - invalid flight mode
2026-02-12 10:09:39,015 - Drone_3 - WARNING - Drone 3: Cannot goto - invalid flight mode
2026-02-12 10:09:39,015 - Drone_4 - WARNING - Drone 4: Cannot goto - invalid flight mode
2026-02-12 10:09:39,015 - Drone_5 - WARNING - Drone 5: Cannot goto - invalid flight mode
2026-02-12 10:09:40,016 - Drone_3 - WARNING - Drone 3: Cannot goto - invalid flight mode
2026-02-12 10:09:40,016 - Drone_4 - WARNING - Drone 4: Cannot goto - invalid flight mode
2026-02-12 10:09:40,017 - Drone_5 - WARNING - Drone 5: Cannot goto - invalid flight mode
2026-02-12 10:09:41,018 - Drone_3 - WARNING - Drone 3: Cannot goto - invalid flight mode
2026-02-12 10:09:41,018 - Drone_4 - WARNING - Drone 4: Cannot goto - invalid flight mode
2026-02-12 10:09:41,019 - Drone_5 - WARNING - Drone 5: Cannot goto - invalid flight mode
2026-02-12 10:09:42,020 - Drone_3 - WARNING - Drone 3: Cannot goto - invalid flight mode
2026-02-12 10:09:42,020 - Drone_4 - WARNING - Drone 4: Cannot goto - invalid flight mode
2026-02-12 10:09:42,021 - Drone_5 - WARNING - Drone 5: Cannot goto - invalid flight mode
2026-02-12 10:09:43,022 - Drone_3 - WARNING - Drone 3: Cannot goto - invalid flight mode
2026-02-12 10:09:43,022 - Drone_4 - WARNING - Drone 4: Cannot goto - invalid flight mode
2026-02-12 10:09:43,023 - Drone_5 - WARNING - Drone 5: Cannot goto - invalid flight mode
2026-02-12 10:09:44,023 - Drone_3 - WARNING - Drone 3: Cannot goto - invalid flight mode
2026-02-12 10:09:44,023 - Drone_4 - WARNING - Drone 4: Cannot goto - invalid flight mode
2026-02-12 10:09:44,024 - Drone_5 - WARNING - Drone 5: Cannot goto - invalid flight mode
2026-02-12 10:09:45,024 - Drone_3 - WARNING - Drone 3: Cannot goto - invalid flight mode
2026-02-12 10:09:45,025 - Drone_4 - WARNING - Drone 4: Cannot goto - invalid flight mode
2026-02-12 10:09:45,025 - Drone_5 - WARNING - Drone 5: Cannot goto - invalid flight mode
2026-02-12 10:09:46,025 - Drone_3 - WARNING - Drone 3: Cannot goto - invalid flight mode
2026-02-12 10:09:46,026 - Drone_4 - WARNING - Drone 4: Cannot goto - invalid flight mode
2026-02-12 10:09:46,026 - Drone_5 - WARNING - Drone 5: Cannot goto - invalid flight mode
2026-02-12 10:09:47,027 - Drone_3 - WARNING - Drone 3: Cannot goto - invalid flight mode
2026-02-12 10:09:47,027 - Drone_4 - WARNING - Drone 4: Cannot goto - invalid flight mode
2026-02-12 10:09:47,027 - Drone_5 - WARNING - Drone 5: Cannot goto - invalid flight mode
2026-02-12 10:09:48,027 - Drone_3 - WARNING - Drone 3: Cannot goto - invalid flight mode
2026-02-12 10:09:48,028 - Drone_4 - WARNING - Drone 4: Cannot goto - invalid flight mode
2026-02-12 10:09:48,028 - Drone_5 - WARNING - Drone 5: Cannot goto - invalid flight mode
2026-02-12 10:09:49,029 - Drone_3 - WARNING - Drone 3: Cannot goto - invalid flight mode
2026-02-12 10:09:49,029 - Drone_4 - WARNING - Drone 4: Cannot goto - invalid flight mode
2026-02-12 10:09:49,029 - Drone_5 - WARNING - Drone 5: Cannot goto - invalid flight mode
2026-02-12 10:09:50,030 - Drone_3 - WARNING - Drone 3: Cannot goto - invalid flight mode
2026-02-12 10:09:50,030 - Drone_4 - WARNING - Drone 4: Cannot goto - invalid flight mode
2026-02-12 10:09:50,031 - Drone_5 - WARNING - Drone 5: Cannot goto - invalid flight mode
2026-02-12 10:09:51,032 - Drone_3 - WARNING - Drone 3: Cannot goto - invalid flight mode
2026-02-12 10:09:51,032 - Drone_4 - WARNING - Drone 4: Cannot goto - invalid flight mode
2026-02-12 10:09:51,032 - Drone_5 - WARNING - Drone 5: Cannot goto - invalid flight mode
2026-02-12 10:09:52,033 - Drone_3 - WARNING - Drone 3: Cannot goto - invalid flight mode
2026-02-12 10:09:52,033 - Drone_4 - WARNING - Drone 4: Cannot goto - invalid flight mode
2026-02-12 10:09:52,033 - Drone_5 - WARNING - Drone 5: Cannot goto - invalid flight mode
2026-02-12 10:09:52,436 - PhysicalMLTrainer_Drone1 - INFO - Physical ML model trained for drone=1 samples=1400
2026-02-12 10:09:52,451 - PhysicalMLTrainer_Drone5 - INFO - Physical ML model trained for drone=5 samples=1400
2026-02-12 10:09:52,452 - PhysicalMLTrainer_Drone2 - INFO - Physical ML model trained for drone=2 samples=1400
2026-02-12 10:09:52,453 - PhysicalMLTrainer_Drone3 - INFO - Physical ML model trained for drone=3 samples=1400
2026-02-12 10:09:52,453 - PhysicalMLTrainer_Drone4 - INFO - Physical ML model trained for drone=4 samples=1400
2026-02-12 10:09:53,036 - Drone_3 - WARNING - Drone 3: Cannot goto - invalid flight mode
2026-02-12 10:09:53,037 - Drone_4 - WARNING - Drone 4: Cannot goto - invalid flight mode
2026-02-12 10:09:53,037 - Drone_5 - WARNING - Drone 5: Cannot goto - invalid flight mode
2026-02-12 10:09:53,459 - Drone_2 - INFO - Drone 2: Landed safely
2026-02-12 10:09:54,038 - Drone_3 - WARNING - Drone 3: Cannot goto - invalid flight mode
2026-02-12 10:09:54,038 - Drone_4 - WARNING - Drone 4: Cannot goto - invalid flight mode
2026-02-12 10:09:54,039 - Drone_5 - WARNING - Drone 5: Cannot goto - invalid flight mode
2026-02-12 10:09:55,040 - Drone_3 - WARNING - Drone 3: Cannot goto - invalid flight mode
2026-02-12 10:09:55,040 - Drone_4 - WARNING - Drone 4: Cannot goto - invalid flight mode
2026-02-12 10:09:55,041 - Drone_5 - WARNING - Drone 5: Cannot goto - invalid flight mode
2026-02-12 10:09:56,042 - Drone_3 - WARNING - Drone 3: Cannot goto - invalid flight mode
2026-02-12 10:09:56,043 - Drone_4 - WARNING - Drone 4: Cannot goto - invalid flight mode
2026-02-12 10:09:56,043 - Drone_5 - WARNING - Drone 5: Cannot goto - invalid flight mode
2026-02-12 10:09:57,044 - Drone_3 - WARNING - Drone 3: Cannot goto - invalid flight mode
2026-02-12 10:09:57,045 - Drone_4 - WARNING - Drone 4: Cannot goto - invalid flight mode
2026-02-12 10:09:57,046 - Drone_5 - WARNING - Drone 5: Cannot goto - invalid flight mode
2026-02-12 10:09:58,047 - Drone_3 - WARNING - Drone 3: Cannot goto - invalid flight mode
2026-02-12 10:09:58,047 - Drone_4 - WARNING - Drone 4: Cannot goto - invalid flight mode
2026-02-12 10:09:58,047 - Drone_5 - WARNING - Drone 5: Cannot goto - invalid flight mode
2026-02-12 10:09:59,048 - Drone_3 - WARNING - Drone 3: Cannot goto - invalid flight mode
2026-02-12 10:09:59,049 - Drone_4 - WARNING - Drone 4: Cannot goto - invalid flight mode
2026-02-12 10:09:59,050 - Drone_5 - WARNING - Drone 5: Cannot goto - invalid flight mode
2026-02-12 10:10:00,051 - Drone_3 - WARNING - Drone 3: Cannot goto - invalid flight mode
2026-02-12 10:10:00,051 - Drone_4 - WARNING - Drone 4: Cannot goto - invalid flight mode
2026-02-12 10:10:00,052 - Drone_5 - WARNING - Drone 5: Cannot goto - invalid flight mode
2026-02-12 10:10:01,053 - Drone_3 - WARNING - Drone 3: Cannot goto - invalid flight mode
2026-02-12 10:10:01,053 - Drone_4 - WARNING - Drone 4: Cannot goto - invalid flight mode
2026-02-12 10:10:01,053 - Drone_5 - WARNING - Drone 5: Cannot goto - invalid flight mode
2026-02-12 10:10:02,054 - Drone_3 - WARNING - Drone 3: Cannot goto - invalid flight mode
2026-02-12 10:10:02,054 - Drone_4 - WARNING - Drone 4: Cannot goto - invalid flight mode
2026-02-12 10:10:02,055 - Drone_5 - WARNING - Drone 5: Cannot goto - invalid flight mode
2026-02-12 10:10:03,056 - Drone_3 - WARNING - Drone 3: Cannot goto - invalid flight mode
2026-02-12 10:10:03,056 - Drone_4 - WARNING - Drone 4: Cannot goto - invalid flight mode
2026-02-12 10:10:03,057 - Drone_5 - WARNING - Drone 5: Cannot goto - invalid flight mode
2026-02-12 10:10:04,058 - Drone_3 - WARNING - Drone 3: Cannot goto - invalid flight mode
2026-02-12 10:10:04,058 - Drone_4 - WARNING - Drone 4: Cannot goto - invalid flight mode
2026-02-12 10:10:04,059 - Drone_5 - WARNING - Drone 5: Cannot goto - invalid flight mode
2026-02-12 10:10:05,060 - Drone_3 - WARNING - Drone 3: Cannot goto - invalid flight mode
2026-02-12 10:10:05,060 - Drone_4 - WARNING - Drone 4: Cannot goto - invalid flight mode
2026-02-12 10:10:05,060 - Drone_5 - WARNING - Drone 5: Cannot goto - invalid flight mode
2026-02-12 10:10:06,061 - Drone_3 - WARNING - Drone 3: Cannot goto - invalid flight mode
2026-02-12 10:10:06,062 - Drone_4 - WARNING - Drone 4: Cannot goto - invalid flight mode
2026-02-12 10:10:06,062 - Drone_5 - WARNING - Drone 5: Cannot goto - invalid flight mode
2026-02-12 10:10:07,063 - Drone_3 - WARNING - Drone 3: Cannot goto - invalid flight mode
2026-02-12 10:10:07,064 - Drone_4 - WARNING - Drone 4: Cannot goto - invalid flight mode
2026-02-12 10:10:07,064 - Drone_5 - WARNING - Drone 5: Cannot goto - invalid flight mode
2026-02-12 10:10:08,065 - Drone_3 - WARNING - Drone 3: Cannot goto - invalid flight mode
2026-02-12 10:10:08,065 - Drone_4 - WARNING - Drone 4: Cannot goto - invalid flight mode
2026-02-12 10:10:08,066 - Drone_5 - WARNING - Drone 5: Cannot goto - invalid flight mode
2026-02-12 10:10:09,066 - Drone_3 - WARNING - Drone 3: Cannot goto - invalid flight mode
2026-02-12 10:10:09,066 - Drone_4 - WARNING - Drone 4: Cannot goto - invalid flight mode
2026-02-12 10:10:09,067 - Drone_5 - WARNING - Drone 5: Cannot goto - invalid flight mode
2026-02-12 10:10:10,068 - Drone_3 - WARNING - Drone 3: Cannot goto - invalid flight mode
2026-02-12 10:10:10,068 - Drone_4 - WARNING - Drone 4: Cannot goto - invalid flight mode
2026-02-12 10:10:10,068 - Drone_5 - WARNING - Drone 5: Cannot goto - invalid flight mode
2026-02-12 10:10:11,069 - Drone_3 - WARNING - Drone 3: Cannot goto - invalid flight mode
2026-02-12 10:10:11,069 - Drone_4 - WARNING - Drone 4: Cannot goto - invalid flight mode
2026-02-12 10:10:11,069 - Drone_5 - WARNING - Drone 5: Cannot goto - invalid flight mode
2026-02-12 10:10:12,070 - Drone_3 - WARNING - Drone 3: Cannot goto - invalid flight mode
2026-02-12 10:10:12,070 - Drone_4 - WARNING - Drone 4: Cannot goto - invalid flight mode
2026-02-12 10:10:12,070 - Drone_5 - WARNING - Drone 5: Cannot goto - invalid flight mode
2026-02-12 10:10:12,522 - PhysicalMLTrainer_Drone1 - INFO - Physical ML model trained for drone=1 samples=1600
2026-02-12 10:10:12,552 - PhysicalMLTrainer_Drone3 - INFO - Physical ML model trained for drone=3 samples=1600
2026-02-12 10:10:12,552 - PhysicalMLTrainer_Drone2 - INFO - Physical ML model trained for drone=2 samples=1600
2026-02-12 10:10:12,552 - PhysicalMLTrainer_Drone4 - INFO - Physical ML model trained for drone=4 samples=1600
2026-02-12 10:10:12,555 - PhysicalMLTrainer_Drone5 - INFO - Physical ML model trained for drone=5 samples=1600
2026-02-12 10:10:13,071 - Drone_3 - WARNING - Drone 3: Cannot goto - invalid flight mode
2026-02-12 10:10:13,072 - Drone_4 - WARNING - Drone 4: Cannot goto - invalid flight mode
2026-02-12 10:10:13,072 - Drone_5 - WARNING - Drone 5: Cannot goto - invalid flight mode
2026-02-12 10:10:14,073 - Drone_3 - WARNING - Drone 3: Cannot goto - invalid flight mode
2026-02-12 10:10:14,073 - Drone_4 - WARNING - Drone 4: Cannot goto - invalid flight mode
2026-02-12 10:10:14,074 - Drone_5 - WARNING - Drone 5: Cannot goto - invalid flight mode
2026-02-12 10:10:15,075 - Drone_3 - WARNING - Drone 3: Cannot goto - invalid flight mode
2026-02-12 10:10:15,075 - Drone_4 - WARNING - Drone 4: Cannot goto - invalid flight mode
2026-02-12 10:10:15,075 - Drone_5 - WARNING - Drone 5: Cannot goto - invalid flight mode
2026-02-12 10:10:16,076 - Drone_3 - WARNING - Drone 3: Cannot goto - invalid flight mode
2026-02-12 10:10:16,076 - Drone_4 - WARNING - Drone 4: Cannot goto - invalid flight mode
2026-02-12 10:10:16,076 - Drone_5 - WARNING - Drone 5: Cannot goto - invalid flight mode
2026-02-12 10:10:17,077 - Drone_3 - WARNING - Drone 3: Cannot goto - invalid flight mode
2026-02-12 10:10:17,078 - Drone_4 - WARNING - Drone 4: Cannot goto - invalid flight mode
2026-02-12 10:10:17,078 - Drone_5 - WARNING - Drone 5: Cannot goto - invalid flight mode
2026-02-12 10:10:18,079 - Drone_3 - WARNING - Drone 3: Cannot goto - invalid flight mode
2026-02-12 10:10:18,079 - Drone_4 - WARNING - Drone 4: Cannot goto - invalid flight mode
2026-02-12 10:10:18,079 - Drone_5 - WARNING - Drone 5: Cannot goto - invalid flight mode
2026-02-12 10:10:19,080 - Drone_3 - WARNING - Drone 3: Cannot goto - invalid flight mode
2026-02-12 10:10:19,080 - Drone_4 - WARNING - Drone 4: Cannot goto - invalid flight mode
2026-02-12 10:10:19,081 - Drone_5 - WARNING - Drone 5: Cannot goto - invalid flight mode
2026-02-12 10:10:20,081 - Drone_3 - WARNING - Drone 3: Cannot goto - invalid flight mode
2026-02-12 10:10:20,082 - Drone_4 - WARNING - Drone 4: Cannot goto - invalid flight mode
2026-02-12 10:10:20,082 - Drone_5 - WARNING - Drone 5: Cannot goto - invalid flight mode
2026-02-12 10:10:21,083 - Drone_3 - WARNING - Drone 3: Cannot goto - invalid flight mode
2026-02-12 10:10:21,084 - Drone_4 - WARNING - Drone 4: Cannot goto - invalid flight mode
2026-02-12 10:10:21,084 - Drone_5 - WARNING - Drone 5: Cannot goto - invalid flight mode
2026-02-12 10:10:22,084 - Drone_3 - WARNING - Drone 3: Cannot goto - invalid flight mode
2026-02-12 10:10:22,085 - Drone_4 - WARNING - Drone 4: Cannot goto - invalid flight mode
2026-02-12 10:10:22,085 - Drone_5 - WARNING - Drone 5: Cannot goto - invalid flight mode
2026-02-12 10:10:23,036 - Drone_1 - ERROR - Drone 1: EMERGENCY LANDING - Personal emergency button pressed (source=personal_command, site={'x': 0, 'y': 0, 'z': 0.0})
2026-02-12 10:10:23,037 - SwarmManager - ERROR - Personal emergency landing triggered for Drone 1: Personal emergency button pressed
2026-02-12 10:10:23,085 - SwarmManager - WARNING - Leader drone 1 no longer operational
2026-02-12 10:10:23,086 - SwarmManager - ERROR - Handling failure of drone 1: Leader failure
2026-02-12 10:10:23,086 - SwarmManager - WARNING - Leader drone 1 failed - initiating leader election
2026-02-12 10:10:24,087 - SwarmManager - INFO - Starting leader election...
2026-02-12 10:10:24,088 - SwarmManager - INFO -   Drone 3: suitability score = 98.23
2026-02-12 10:10:24,089 - SwarmManager - INFO -   Drone 4: suitability score = 98.23
2026-02-12 10:10:24,091 - SwarmManager - INFO -   Drone 5: suitability score = 98.23
2026-02-12 10:10:24,091 - Drone_1 - INFO - Drone 1: Role changed from emergency to follower
2026-02-12 10:10:24,092 - Drone_2 - INFO - Drone 2: Role changed from grounded to follower
2026-02-12 10:10:24,093 - Drone_3 - INFO - Drone 3: Role changed from follower to follower
2026-02-12 10:10:24,093 - Drone_4 - INFO - Drone 4: Role changed from follower to follower
2026-02-12 10:10:24,093 - Drone_5 - INFO - Drone 5: Role changed from follower to leader
2026-02-12 10:10:24,113 - Drone_2 - INFO - Drone 2: Armed
2026-02-12 10:10:24,113 - Drone_2 - INFO - Drone 2: Flying to {'x': -900.0, 'y': 1600.0, 'z': 294.1050262451172}
2026-02-12 10:10:24,113 - Drone_3 - WARNING - Drone 3: Cannot goto - invalid flight mode
2026-02-12 10:10:24,114 - Drone_4 - WARNING - Drone 4: Cannot goto - invalid flight mode
2026-02-12 10:10:25,114 - Drone_2 - INFO - Drone 2: Flying to {'x': -900.0, 'y': 1600.0, 'z': 296.11690282821655}
2026-02-12 10:10:25,115 - Drone_3 - WARNING - Drone 3: Cannot goto - invalid flight mode
2026-02-12 10:10:25,116 - Drone_4 - WARNING - Drone 4: Cannot goto - invalid flight mode
2026-02-12 10:10:26,117 - Drone_2 - INFO - Drone 2: Flying to {'x': -900.0, 'y': 1600.0, 'z': 297.92423963546753}
2026-02-12 10:10:26,117 - Drone_3 - WARNING - Drone 3: Cannot goto - invalid flight mode
2026-02-12 10:10:26,118 - Drone_4 - WARNING - Drone 4: Cannot goto - invalid flight mode
2026-02-12 10:10:27,118 - Drone_2 - INFO - Drone 2: Flying to {'x': -900.0, 'y': 1600.0, 'z': 299.9309287071228}
2026-02-12 10:10:27,119 - Drone_3 - WARNING - Drone 3: Cannot goto - invalid flight mode
2026-02-12 10:10:27,119 - Drone_4 - WARNING - Drone 4: Cannot goto - invalid flight mode
2026-02-12 10:10:28,120 - Drone_2 - INFO - Drone 2: Flying to {'x': -900.0, 'y': 1600.0, 'z': 301.94282722473145}
2026-02-12 10:10:28,120 - Drone_3 - WARNING - Drone 3: Cannot goto - invalid flight mode
2026-02-12 10:10:28,121 - Drone_4 - WARNING - Drone 4: Cannot goto - invalid flight mode
2026-02-12 10:10:29,121 - Drone_2 - INFO - Drone 2: Flying to {'x': -900.0, 'y': 1600.0, 'z': 303.9502201080322}
2026-02-12 10:10:29,122 - Drone_3 - WARNING - Drone 3: Cannot goto - invalid flight mode
2026-02-12 10:10:29,122 - Drone_4 - WARNING - Drone 4: Cannot goto - invalid flight mode
2026-02-12 10:10:30,123 - Drone_2 - INFO - Drone 2: Flying to {'x': -900.0, 'y': 1600.0, 'z': 305.9587116241455}
2026-02-12 10:10:30,124 - Drone_3 - WARNING - Drone 3: Cannot goto - invalid flight mode
2026-02-12 10:10:30,125 - Drone_4 - WARNING - Drone 4: Cannot goto - invalid flight mode
2026-02-12 10:10:31,125 - Drone_2 - INFO - Drone 2: Flying to {'x': -900.0, 'y': 1600.0, 'z': 307.96692514419556}
2026-02-12 10:10:31,126 - Drone_3 - WARNING - Drone 3: Cannot goto - invalid flight mode
2026-02-12 10:10:31,126 - Drone_4 - WARNING - Drone 4: Cannot goto - invalid flight mode
2026-02-12 10:10:32,127 - Drone_2 - INFO - Drone 2: Flying to {'x': -900.0, 'y': 1600.0, 'z': 309.9736924171448}
2026-02-12 10:10:32,128 - Drone_3 - WARNING - Drone 3: Cannot goto - invalid flight mode
2026-02-12 10:10:32,128 - Drone_4 - WARNING - Drone 4: Cannot goto - invalid flight mode
2026-02-12 10:10:32,611 - PhysicalMLTrainer_Drone1 - INFO - Physical ML model trained for drone=1 samples=1800
2026-02-12 10:10:32,646 - PhysicalMLTrainer_Drone5 - INFO - Physical ML model trained for drone=5 samples=1800
2026-02-12 10:10:32,660 - PhysicalMLTrainer_Drone3 - INFO - Physical ML model trained for drone=3 samples=1800
2026-02-12 10:10:32,660 - PhysicalMLTrainer_Drone2 - INFO - Physical ML model trained for drone=2 samples=1800
2026-02-12 10:10:32,661 - PhysicalMLTrainer_Drone4 - INFO - Physical ML model trained for drone=4 samples=1800
2026-02-12 10:10:33,129 - Drone_2 - INFO - Drone 2: Flying to {'x': -900.0, 'y': 1600.0, 'z': 311.9852705001831}
2026-02-12 10:10:33,130 - Drone_3 - WARNING - Drone 3: Cannot goto - invalid flight mode
2026-02-12 10:10:33,130 - Drone_4 - WARNING - Drone 4: Cannot goto - invalid flight mode
2026-02-12 10:10:34,131 - Drone_2 - INFO - Drone 2: Flying to {'x': -900.0, 'y': 1600.0, 'z': 314.00572538375854}
2026-02-12 10:10:34,131 - Drone_3 - WARNING - Drone 3: Cannot goto - invalid flight mode
2026-02-12 10:10:34,132 - Drone_4 - WARNING - Drone 4: Cannot goto - invalid flight mode
2026-02-12 10:10:35,133 - Drone_2 - INFO - Drone 2: Flying to {'x': -900.0, 'y': 1600.0, 'z': 316.0125036239624}
2026-02-12 10:10:35,133 - Drone_3 - WARNING - Drone 3: Cannot goto - invalid flight mode
2026-02-12 10:10:35,133 - Drone_4 - WARNING - Drone 4: Cannot goto - invalid flight mode
2026-02-12 10:10:36,134 - Drone_2 - INFO - Drone 2: Flying to {'x': -900.0, 'y': 1600.0, 'z': 318.02216958999634}
2026-02-12 10:10:36,135 - Drone_3 - WARNING - Drone 3: Cannot goto - invalid flight mode
2026-02-12 10:10:36,135 - Drone_4 - WARNING - Drone 4: Cannot goto - invalid flight mode
2026-02-12 10:10:37,135 - Drone_2 - INFO - Drone 2: Flying to {'x': -900.0, 'y': 1600.0, 'z': 320.03111505508423}
2026-02-12 10:10:37,136 - Drone_3 - WARNING - Drone 3: Cannot goto - invalid flight mode
2026-02-12 10:10:37,136 - Drone_4 - WARNING - Drone 4: Cannot goto - invalid flight mode
2026-02-12 10:10:38,137 - Drone_2 - INFO - Drone 2: Flying to {'x': -900.0, 'y': 1600.0, 'z': 322.0407977104187}
2026-02-12 10:10:38,137 - Drone_3 - WARNING - Drone 3: Cannot goto - invalid flight mode
2026-02-12 10:10:38,138 - Drone_4 - WARNING - Drone 4: Cannot goto - invalid flight mode
2026-02-12 10:10:39,139 - Drone_2 - INFO - Drone 2: Flying to {'x': -900.0, 'y': 1600.0, 'z': 324.04760551452637}
2026-02-12 10:10:39,139 - Drone_3 - WARNING - Drone 3: Cannot goto - invalid flight mode
2026-02-12 10:10:39,140 - Drone_4 - WARNING - Drone 4: Cannot goto - invalid flight mode
2026-02-12 10:10:40,141 - Drone_2 - INFO - Drone 2: Flying to {'x': -900.0, 'y': 1600.0, 'z': 326.0584716796875}
2026-02-12 10:10:40,142 - Drone_3 - WARNING - Drone 3: Cannot goto - invalid flight mode
2026-02-12 10:10:40,143 - Drone_4 - WARNING - Drone 4: Cannot goto - invalid flight mode
2026-02-12 10:10:41,144 - Drone_2 - INFO - Drone 2: Flying to {'x': -900.0, 'y': 1600.0, 'z': 328.06649684906006}
2026-02-12 10:10:41,144 - Drone_3 - WARNING - Drone 3: Cannot goto - invalid flight mode
2026-02-12 10:10:41,144 - Drone_4 - WARNING - Drone 4: Cannot goto - invalid flight mode
2026-02-12 10:10:42,148 - Drone_2 - INFO - Drone 2: Flying to {'x': -900.0, 'y': 1600.0, 'z': 330.079393863678}
2026-02-12 10:10:42,148 - Drone_3 - WARNING - Drone 3: Cannot goto - invalid flight mode
2026-02-12 10:10:42,149 - Drone_4 - WARNING - Drone 4: Cannot goto - invalid flight mode
2026-02-12 10:10:43,149 - Drone_2 - INFO - Drone 2: Flying to {'x': -900.0, 'y': 1600.0, 'z': 332.08680534362793}
2026-02-12 10:10:43,150 - Drone_3 - WARNING - Drone 3: Cannot goto - invalid flight mode
2026-02-12 10:10:43,150 - Drone_4 - WARNING - Drone 4: Cannot goto - invalid flight mode
2026-02-12 10:10:44,151 - Drone_2 - INFO - Drone 2: Flying to {'x': -900.0, 'y': 1600.0, 'z': 334.09571504592896}
2026-02-12 10:10:44,151 - Drone_3 - WARNING - Drone 3: Cannot goto - invalid flight mode
2026-02-12 10:10:44,151 - Drone_4 - WARNING - Drone 4: Cannot goto - invalid flight mode
2026-02-12 10:10:45,152 - Drone_2 - INFO - Drone 2: Flying to {'x': -900.0, 'y': 1600.0, 'z': 336.1046862602234}
2026-02-12 10:10:45,152 - Drone_3 - WARNING - Drone 3: Cannot goto - invalid flight mode
2026-02-12 10:10:45,152 - Drone_4 - WARNING - Drone 4: Cannot goto - invalid flight mode
2026-02-12 10:10:46,153 - Drone_2 - INFO - Drone 2: Flying to {'x': -900.0, 'y': 1600.0, 'z': 338.1131548881531}
2026-02-12 10:10:46,154 - Drone_3 - WARNING - Drone 3: Cannot goto - invalid flight mode
2026-02-12 10:10:46,154 - Drone_4 - WARNING - Drone 4: Cannot goto - invalid flight mode
2026-02-12 10:10:47,155 - Drone_2 - INFO - Drone 2: Flying to {'x': -900.0, 'y': 1600.0, 'z': 340.1223335266113}
2026-02-12 10:10:47,155 - Drone_3 - WARNING - Drone 3: Cannot goto - invalid flight mode
2026-02-12 10:10:47,155 - Drone_4 - WARNING - Drone 4: Cannot goto - invalid flight mode
2026-02-12 10:10:48,156 - Drone_2 - INFO - Drone 2: Flying to {'x': -900.0, 'y': 1600.0, 'z': 342.1314010620117}
2026-02-12 10:10:48,157 - Drone_3 - WARNING - Drone 3: Cannot goto - invalid flight mode
2026-02-12 10:10:48,157 - Drone_4 - WARNING - Drone 4: Cannot goto - invalid flight mode
2026-02-12 10:10:49,158 - Drone_2 - INFO - Drone 2: Flying to {'x': -900.0, 'y': 1600.0, 'z': 344.14144134521484}
2026-02-12 10:10:49,158 - Drone_3 - WARNING - Drone 3: Cannot goto - invalid flight mode
2026-02-12 10:10:49,159 - Drone_4 - WARNING - Drone 4: Cannot goto - invalid flight mode
2026-02-12 10:10:50,159 - Drone_2 - INFO - Drone 2: Flying to {'x': -900.0, 'y': 1600.0, 'z': 346.1526708602905}
2026-02-12 10:10:50,160 - Drone_3 - WARNING - Drone 3: Cannot goto - invalid flight mode
2026-02-12 10:10:50,160 - Drone_4 - WARNING - Drone 4: Cannot goto - invalid flight mode
2026-02-12 10:10:51,161 - Drone_2 - INFO - Drone 2: Flying to {'x': -900.0, 'y': 1600.0, 'z': 348.1626572608948}
2026-02-12 10:10:51,162 - Drone_3 - WARNING - Drone 3: Cannot goto - invalid flight mode
2026-02-12 10:10:51,163 - Drone_4 - WARNING - Drone 4: Cannot goto - invalid flight mode
2026-02-12 10:10:52,163 - Drone_2 - INFO - Drone 2: Flying to {'x': -900.0, 'y': 1600.0, 'z': 350.1802439689636}
2026-02-12 10:10:52,164 - Drone_3 - WARNING - Drone 3: Cannot goto - invalid flight mode
2026-02-12 10:10:52,165 - Drone_4 - WARNING - Drone 4: Cannot goto - invalid flight mode
2026-02-12 10:10:52,714 - PhysicalMLTrainer_Drone1 - INFO - Physical ML model trained for drone=1 samples=2000
2026-02-12 10:10:52,751 - PhysicalMLTrainer_Drone5 - INFO - Physical ML model trained for drone=5 samples=2000
2026-02-12 10:10:52,760 - PhysicalMLTrainer_Drone3 - INFO - Physical ML model trained for drone=3 samples=2000
2026-02-12 10:10:52,760 - PhysicalMLTrainer_Drone2 - INFO - Physical ML model trained for drone=2 samples=2000
2026-02-12 10:10:52,763 - PhysicalMLTrainer_Drone4 - INFO - Physical ML model trained for drone=4 samples=2000
2026-02-12 10:10:53,166 - Drone_2 - INFO - Drone 2: Flying to {'x': -900.0, 'y': 1600.0, 'z': 352.1978054046631}
2026-02-12 10:10:53,167 - Drone_3 - WARNING - Drone 3: Cannot goto - invalid flight mode
2026-02-12 10:10:53,168 - Drone_4 - WARNING - Drone 4: Cannot goto - invalid flight mode
2026-02-12 10:10:54,169 - Drone_2 - INFO - Drone 2: Flying to {'x': -900.0, 'y': 1600.0, 'z': 354.20651388168335}
2026-02-12 10:10:54,170 - Drone_3 - WARNING - Drone 3: Cannot goto - invalid flight mode
2026-02-12 10:10:54,171 - Drone_4 - WARNING - Drone 4: Cannot goto - invalid flight mode
2026-02-12 10:10:55,172 - Drone_2 - INFO - Drone 2: Flying to {'x': -900.0, 'y': 1600.0, 'z': 356.2151679992676}
2026-02-12 10:10:55,173 - Drone_3 - WARNING - Drone 3: Cannot goto - invalid flight mode
2026-02-12 10:10:55,173 - Drone_4 - WARNING - Drone 4: Cannot goto - invalid flight mode
2026-02-12 10:10:56,174 - Drone_2 - INFO - Drone 2: Flying to {'x': -900.0, 'y': 1600.0, 'z': 358.2240881919861}
2026-02-12 10:10:56,175 - Drone_3 - WARNING - Drone 3: Cannot goto - invalid flight mode
2026-02-12 10:10:56,176 - Drone_4 - WARNING - Drone 4: Cannot goto - invalid flight mode
2026-02-12 10:10:57,179 - Drone_2 - INFO - Drone 2: Flying to {'x': -900.0, 'y': 1600.0, 'z': 360.2361059188843}
2026-02-12 10:10:57,179 - Drone_3 - WARNING - Drone 3: Cannot goto - invalid flight mode
2026-02-12 10:10:57,180 - Drone_4 - WARNING - Drone 4: Cannot goto - invalid flight mode
2026-02-12 10:10:58,180 - Drone_2 - INFO - Drone 2: Flying to {'x': -900.0, 'y': 1600.0, 'z': 362.2440505027771}
2026-02-12 10:10:58,181 - Drone_3 - WARNING - Drone 3: Cannot goto - invalid flight mode
2026-02-12 10:10:58,181 - Drone_4 - WARNING - Drone 4: Cannot goto - invalid flight mode
2026-02-12 10:10:59,182 - Drone_2 - INFO - Drone 2: Flying to {'x': -900.0, 'y': 1600.0, 'z': 364.05384731292725}
2026-02-12 10:10:59,182 - Drone_3 - WARNING - Drone 3: Cannot goto - invalid flight mode
2026-02-12 10:10:59,183 - Drone_4 - WARNING - Drone 4: Cannot goto - invalid flight mode
2026-02-12 10:11:00,183 - Drone_2 - INFO - Drone 2: Flying to {'x': -900.0, 'y': 1600.0, 'z': 366.0674514770508}
2026-02-12 10:11:00,184 - Drone_3 - WARNING - Drone 3: Cannot goto - invalid flight mode
2026-02-12 10:11:00,184 - Drone_4 - WARNING - Drone 4: Cannot goto - invalid flight mode
2026-02-12 10:11:01,185 - Drone_2 - INFO - Drone 2: Flying to {'x': -900.0, 'y': 1600.0, 'z': 368.0793786048889}
2026-02-12 10:11:01,186 - Drone_3 - WARNING - Drone 3: Cannot goto - invalid flight mode
2026-02-12 10:11:01,186 - Drone_4 - WARNING - Drone 4: Cannot goto - invalid flight mode
2026-02-12 10:11:02,186 - Drone_2 - INFO - Drone 2: Flying to {'x': -900.0, 'y': 1600.0, 'z': 370.0883274078369}
2026-02-12 10:11:02,187 - Drone_3 - WARNING - Drone 3: Cannot goto - invalid flight mode
2026-02-12 10:11:02,187 - Drone_4 - WARNING - Drone 4: Cannot goto - invalid flight mode
2026-02-12 10:11:03,188 - Drone_2 - INFO - Drone 2: Flying to {'x': -900.0, 'y': 1600.0, 'z': 372.09907388687134}
2026-02-12 10:11:03,189 - Drone_3 - WARNING - Drone 3: Cannot goto - invalid flight mode
2026-02-12 10:11:03,190 - Drone_4 - WARNING - Drone 4: Cannot goto - invalid flight mode
2026-02-12 10:11:04,191 - Drone_2 - INFO - Drone 2: Flying to {'x': -900.0, 'y': 1600.0, 'z': 374.1096148490906}
2026-02-12 10:11:04,192 - Drone_3 - WARNING - Drone 3: Cannot goto - invalid flight mode
2026-02-12 10:11:04,192 - Drone_4 - WARNING - Drone 4: Cannot goto - invalid flight mode
2026-02-12 10:11:05,193 - Drone_2 - INFO - Drone 2: Flying to {'x': -900.0, 'y': 1600.0, 'z': 376.1214408874512}
2026-02-12 10:11:05,193 - Drone_3 - WARNING - Drone 3: Cannot goto - invalid flight mode
2026-02-12 10:11:05,193 - Drone_4 - WARNING - Drone 4: Cannot goto - invalid flight mode
2026-02-12 10:11:06,194 - Drone_2 - INFO - Drone 2: Flying to {'x': -900.0, 'y': 1600.0, 'z': 378.13694858551025}
2026-02-12 10:11:06,195 - Drone_3 - WARNING - Drone 3: Cannot goto - invalid flight mode
2026-02-12 10:11:06,195 - Drone_4 - WARNING - Drone 4: Cannot goto - invalid flight mode
2026-02-12 10:11:07,196 - Drone_2 - INFO - Drone 2: Flying to {'x': -900.0, 'y': 1600.0, 'z': 380.15088510513306}
2026-02-12 10:11:07,197 - Drone_3 - WARNING - Drone 3: Cannot goto - invalid flight mode
2026-02-12 10:11:07,197 - Drone_4 - WARNING - Drone 4: Cannot goto - invalid flight mode
2026-02-12 10:11:08,198 - Drone_2 - INFO - Drone 2: Flying to {'x': -900.0, 'y': 1600.0, 'z': 382.1626787185669}
2026-02-12 10:11:08,200 - Drone_3 - WARNING - Drone 3: Cannot goto - invalid flight mode
2026-02-12 10:11:08,200 - Drone_4 - WARNING - Drone 4: Cannot goto - invalid flight mode
2026-02-12 10:11:09,202 - Drone_2 - INFO - Drone 2: Flying to {'x': -900.0, 'y': 1600.0, 'z': 384.17347240448}
2026-02-12 10:11:09,203 - Drone_3 - WARNING - Drone 3: Cannot goto - invalid flight mode
2026-02-12 10:11:09,203 - Drone_4 - WARNING - Drone 4: Cannot goto - invalid flight mode
2026-02-12 10:11:10,203 - Drone_2 - INFO - Drone 2: Flying to {'x': -900.0, 'y': 1600.0, 'z': 386.1820068359375}
2026-02-12 10:11:10,204 - Drone_3 - WARNING - Drone 3: Cannot goto - invalid flight mode
2026-02-12 10:11:10,204 - Drone_4 - WARNING - Drone 4: Cannot goto - invalid flight mode
2026-02-12 10:11:11,204 - Drone_2 - INFO - Drone 2: Flying to {'x': -900.0, 'y': 1600.0, 'z': 388.18977785110474}
2026-02-12 10:11:11,205 - Drone_3 - WARNING - Drone 3: Cannot goto - invalid flight mode
2026-02-12 10:11:11,205 - Drone_4 - WARNING - Drone 4: Cannot goto - invalid flight mode
2026-02-12 10:11:12,206 - Drone_2 - INFO - Drone 2: Flying to {'x': -900.0, 'y': 1600.0, 'z': 390.1983904838562}
2026-02-12 10:11:12,206 - Drone_3 - WARNING - Drone 3: Cannot goto - invalid flight mode
2026-02-12 10:11:12,206 - Drone_4 - WARNING - Drone 4: Cannot goto - invalid flight mode
2026-02-12 10:11:12,835 - PhysicalMLTrainer_Drone1 - INFO - Physical ML model trained for drone=1 samples=2200
2026-02-12 10:11:12,860 - PhysicalMLTrainer_Drone5 - INFO - Physical ML model trained for drone=5 samples=2200
2026-02-12 10:11:12,867 - PhysicalMLTrainer_Drone3 - INFO - Physical ML model trained for drone=3 samples=2200
2026-02-12 10:11:12,874 - PhysicalMLTrainer_Drone2 - INFO - Physical ML model trained for drone=2 samples=2200
2026-02-12 10:11:12,875 - PhysicalMLTrainer_Drone4 - INFO - Physical ML model trained for drone=4 samples=2200
2026-02-12 10:11:13,206 - Drone_2 - INFO - Drone 2: Flying to {'x': -900.0, 'y': 1600.0, 'z': 392.2138624191284}
2026-02-12 10:11:13,207 - Drone_3 - WARNING - Drone 3: Cannot goto - invalid flight mode
2026-02-12 10:11:13,207 - Drone_4 - WARNING - Drone 4: Cannot goto - invalid flight mode
2026-02-12 10:11:14,207 - Drone_2 - INFO - Drone 2: Flying to {'x': -900.0, 'y': 1600.0, 'z': 394.2203187942505}
2026-02-12 10:11:14,208 - Drone_3 - WARNING - Drone 3: Cannot goto - invalid flight mode
2026-02-12 10:11:14,208 - Drone_4 - WARNING - Drone 4: Cannot goto - invalid flight mode
2026-02-12 10:11:15,209 - Drone_2 - INFO - Drone 2: Flying to {'x': -900.0, 'y': 1600.0, 'z': 396.22900676727295}
2026-02-12 10:11:15,209 - Drone_3 - WARNING - Drone 3: Cannot goto - invalid flight mode
2026-02-12 10:11:15,209 - Drone_4 - WARNING - Drone 4: Cannot goto - invalid flight mode
2026-02-12 10:11:16,210 - Drone_2 - INFO - Drone 2: Flying to {'x': -900.0, 'y': 1600.0, 'z': 398.2414321899414}
2026-02-12 10:11:16,210 - Drone_3 - WARNING - Drone 3: Cannot goto - invalid flight mode
2026-02-12 10:11:16,211 - Drone_4 - WARNING - Drone 4: Cannot goto - invalid flight mode
2026-02-12 10:11:17,212 - Drone_2 - INFO - Drone 2: Flying to {'x': -900.0, 'y': 1600.0, 'z': 400.2539520263672}
2026-02-12 10:11:17,213 - Drone_3 - WARNING - Drone 3: Cannot goto - invalid flight mode
2026-02-12 10:11:17,213 - Drone_4 - WARNING - Drone 4: Cannot goto - invalid flight mode
2026-02-12 10:11:18,214 - Drone_2 - INFO - Drone 2: Flying to {'x': -900.0, 'y': 1600.0, 'z': 402.2660446166992}
2026-02-12 10:11:18,215 - Drone_3 - WARNING - Drone 3: Cannot goto - invalid flight mode
2026-02-12 10:11:18,216 - Drone_4 - WARNING - Drone 4: Cannot goto - invalid flight mode
2026-02-12 10:11:19,217 - Drone_2 - INFO - Drone 2: Flying to {'x': -900.0, 'y': 1600.0, 'z': 404.2797131538391}
2026-02-12 10:11:19,217 - Drone_3 - WARNING - Drone 3: Cannot goto - invalid flight mode
2026-02-12 10:11:19,217 - Drone_4 - WARNING - Drone 4: Cannot goto - invalid flight mode
2026-02-12 10:11:20,218 - Drone_2 - INFO - Drone 2: Flying to {'x': -900.0, 'y': 1600.0, 'z': 406.29077529907227}
2026-02-12 10:11:20,219 - Drone_3 - WARNING - Drone 3: Cannot goto - invalid flight mode
2026-02-12 10:11:20,219 - Drone_4 - WARNING - Drone 4: Cannot goto - invalid flight mode
2026-02-12 10:11:21,220 - Drone_2 - INFO - Drone 2: Flying to {'x': -900.0, 'y': 1600.0, 'z': 408.3032650947571}
2026-02-12 10:11:21,220 - Drone_3 - WARNING - Drone 3: Cannot goto - invalid flight mode
2026-02-12 10:11:21,220 - Drone_4 - WARNING - Drone 4: Cannot goto - invalid flight mode
2026-02-12 10:11:22,222 - Drone_2 - INFO - Drone 2: Flying to {'x': -900.0, 'y': 1600.0, 'z': 410.3098406791687}
2026-02-12 10:11:22,222 - Drone_3 - WARNING - Drone 3: Cannot goto - invalid flight mode
2026-02-12 10:11:22,223 - Drone_4 - WARNING - Drone 4: Cannot goto - invalid flight mode
2026-02-12 10:11:23,224 - Drone_2 - INFO - Drone 2: Flying to {'x': -900.0, 'y': 1600.0, 'z': 412.319504737854}
2026-02-12 10:11:23,225 - Drone_3 - WARNING - Drone 3: Cannot goto - invalid flight mode
2026-02-12 10:11:23,226 - Drone_4 - WARNING - Drone 4: Cannot goto - invalid flight mode
2026-02-12 10:11:24,227 - Drone_2 - INFO - Drone 2: Flying to {'x': -900.0, 'y': 1600.0, 'z': 414.3316340446472}
2026-02-12 10:11:24,228 - Drone_3 - WARNING - Drone 3: Cannot goto - invalid flight mode
2026-02-12 10:11:24,229 - Drone_4 - WARNING - Drone 4: Cannot goto - invalid flight mode
2026-02-12 10:11:25,231 - Drone_2 - INFO - Drone 2: Flying to {'x': -900.0, 'y': 1600.0, 'z': 416.3427572250366}
2026-02-12 10:11:25,231 - Drone_3 - WARNING - Drone 3: Cannot goto - invalid flight mode
2026-02-12 10:11:25,231 - Drone_4 - WARNING - Drone 4: Cannot goto - invalid flight mode
2026-02-12 10:11:26,232 - Drone_2 - INFO - Drone 2: Flying to {'x': -900.0, 'y': 1600.0, 'z': 418.1534466743469}
2026-02-12 10:11:26,233 - Drone_3 - WARNING - Drone 3: Cannot goto - invalid flight mode
2026-02-12 10:11:26,234 - Drone_4 - WARNING - Drone 4: Cannot goto - invalid flight mode
2026-02-12 10:11:27,234 - Drone_2 - INFO - Drone 2: Flying to {'x': -900.0, 'y': 1600.0, 'z': 420.1677474975586}
2026-02-12 10:11:27,235 - Drone_3 - WARNING - Drone 3: Cannot goto - invalid flight mode
2026-02-12 10:11:27,235 - Drone_4 - WARNING - Drone 4: Cannot goto - invalid flight mode
2026-02-12 10:11:28,236 - Drone_2 - INFO - Drone 2: Flying to {'x': -900.0, 'y': 1600.0, 'z': 422.1806044578552}
2026-02-12 10:11:28,236 - Drone_3 - WARNING - Drone 3: Cannot goto - invalid flight mode
2026-02-12 10:11:28,236 - Drone_4 - WARNING - Drone 4: Cannot goto - invalid flight mode
2026-02-12 10:11:29,237 - Drone_2 - INFO - Drone 2: Flying to {'x': -900.0, 'y': 1600.0, 'z': 424.1921010017395}
2026-02-12 10:11:29,238 - Drone_3 - WARNING - Drone 3: Cannot goto - invalid flight mode
2026-02-12 10:11:29,239 - Drone_4 - WARNING - Drone 4: Cannot goto - invalid flight mode
2026-02-12 10:11:30,240 - Drone_2 - INFO - Drone 2: Flying to {'x': -900.0, 'y': 1600.0, 'z': 426.20315313339233}
2026-02-12 10:11:30,241 - Drone_3 - WARNING - Drone 3: Cannot goto - invalid flight mode
2026-02-12 10:11:30,241 - Drone_4 - WARNING - Drone 4: Cannot goto - invalid flight mode
2026-02-12 10:11:31,243 - Drone_2 - INFO - Drone 2: Flying to {'x': -900.0, 'y': 1600.0, 'z': 428.21503019332886}
2026-02-12 10:11:31,243 - Drone_3 - WARNING - Drone 3: Cannot goto - invalid flight mode
2026-02-12 10:11:31,244 - Drone_4 - WARNING - Drone 4: Cannot goto - invalid flight mode
2026-02-12 10:11:32,245 - Drone_2 - INFO - Drone 2: Flying to {'x': -900.0, 'y': 1600.0, 'z': 430.2283425331116}
2026-02-12 10:11:32,246 - Drone_3 - WARNING - Drone 3: Cannot goto - invalid flight mode
2026-02-12 10:11:32,247 - Drone_4 - WARNING - Drone 4: Cannot goto - invalid flight mode
2026-02-12 10:11:32,942 - PhysicalMLTrainer_Drone1 - INFO - Physical ML model trained for drone=1 samples=2400
2026-02-12 10:11:32,977 - PhysicalMLTrainer_Drone5 - INFO - Physical ML model trained for drone=5 samples=2400
2026-02-12 10:11:32,983 - PhysicalMLTrainer_Drone3 - INFO - Physical ML model trained for drone=3 samples=2400
2026-02-12 10:11:32,994 - PhysicalMLTrainer_Drone2 - INFO - Physical ML model trained for drone=2 samples=2400
2026-02-12 10:11:32,995 - PhysicalMLTrainer_Drone4 - INFO - Physical ML model trained for drone=4 samples=2400
2026-02-12 10:11:33,248 - Drone_2 - INFO - Drone 2: Flying to {'x': -900.0, 'y': 1600.0, 'z': 432.24785804748535}
2026-02-12 10:11:33,248 - Drone_3 - WARNING - Drone 3: Cannot goto - invalid flight mode
2026-02-12 10:11:33,249 - Drone_4 - WARNING - Drone 4: Cannot goto - invalid flight mode
2026-02-12 10:11:34,249 - Drone_2 - INFO - Drone 2: Flying to {'x': -900.0, 'y': 1600.0, 'z': 434.25610733032227}
2026-02-12 10:11:34,249 - Drone_3 - WARNING - Drone 3: Cannot goto - invalid flight mode
2026-02-12 10:11:34,249 - Drone_4 - WARNING - Drone 4: Cannot goto - invalid flight mode
2026-02-12 10:11:35,250 - Drone_2 - INFO - Drone 2: Flying to {'x': -900.0, 'y': 1600.0, 'z': 436.2679080963135}
2026-02-12 10:11:35,251 - Drone_3 - WARNING - Drone 3: Cannot goto - invalid flight mode
2026-02-12 10:11:35,252 - Drone_4 - WARNING - Drone 4: Cannot goto - invalid flight mode
2026-02-12 10:11:36,253 - Drone_2 - INFO - Drone 2: Flying to {'x': -900.0, 'y': 1600.0, 'z': 438.2780690193176}
2026-02-12 10:11:36,254 - Drone_3 - WARNING - Drone 3: Cannot goto - invalid flight mode
2026-02-12 10:11:36,255 - Drone_4 - WARNING - Drone 4: Cannot goto - invalid flight mode
2026-02-12 10:11:37,257 - Drone_2 - INFO - Drone 2: Flying to {'x': -900.0, 'y': 1600.0, 'z': 440.2893362045288}
2026-02-12 10:11:37,257 - Drone_3 - WARNING - Drone 3: Cannot goto - invalid flight mode
2026-02-12 10:11:37,258 - Drone_4 - WARNING - Drone 4: Cannot goto - invalid flight mode
2026-02-12 10:11:38,260 - Drone_2 - INFO - Drone 2: Flying to {'x': -900.0, 'y': 1600.0, 'z': 442.30267238616943}
2026-02-12 10:11:38,260 - Drone_3 - WARNING - Drone 3: Cannot goto - invalid flight mode
2026-02-12 10:11:38,260 - Drone_4 - WARNING - Drone 4: Cannot goto - invalid flight mode
2026-02-12 10:11:39,261 - Drone_2 - INFO - Drone 2: Flying to {'x': -900.0, 'y': 1600.0, 'z': 444.3134779930115}
2026-02-12 10:11:39,262 - Drone_3 - WARNING - Drone 3: Cannot goto - invalid flight mode
2026-02-12 10:11:39,262 - Drone_4 - WARNING - Drone 4: Cannot goto - invalid flight mode
2026-02-12 10:11:40,264 - Drone_2 - INFO - Drone 2: Flying to {'x': -900.0, 'y': 1600.0, 'z': 446.32303047180176}
2026-02-12 10:11:40,264 - Drone_3 - WARNING - Drone 3: Cannot goto - invalid flight mode
2026-02-12 10:11:40,264 - Drone_4 - WARNING - Drone 4: Cannot goto - invalid flight mode
2026-02-12 10:11:41,265 - Drone_2 - INFO - Drone 2: Flying to {'x': -900.0, 'y': 1600.0, 'z': 448.33275270462036}
2026-02-12 10:11:41,265 - Drone_3 - WARNING - Drone 3: Cannot goto - invalid flight mode
2026-02-12 10:11:41,266 - Drone_4 - WARNING - Drone 4: Cannot goto - invalid flight mode
2026-02-12 10:11:42,267 - Drone_2 - INFO - Drone 2: Flying to {'x': -900.0, 'y': 1600.0, 'z': 450.34176778793335}
2026-02-12 10:11:42,268 - Drone_3 - WARNING - Drone 3: Cannot goto - invalid flight mode
2026-02-12 10:11:42,269 - Drone_4 - WARNING - Drone 4: Cannot goto - invalid flight mode
2026-02-12 10:11:43,270 - Drone_2 - INFO - Drone 2: Flying to {'x': -900.0, 'y': 1600.0, 'z': 452.3528151512146}
2026-02-12 10:11:43,270 - Drone_3 - WARNING - Drone 3: Cannot goto - invalid flight mode
2026-02-12 10:11:43,271 - Drone_4 - WARNING - Drone 4: Cannot goto - invalid flight mode
2026-02-12 10:11:44,272 - Drone_2 - INFO - Drone 2: Flying to {'x': -900.0, 'y': 1600.0, 'z': 454.36451053619385}
2026-02-12 10:11:44,273 - Drone_3 - WARNING - Drone 3: Cannot goto - invalid flight mode
2026-02-12 10:11:44,273 - Drone_4 - WARNING - Drone 4: Cannot goto - invalid flight mode
2026-02-12 10:11:45,275 - Drone_2 - INFO - Drone 2: Flying to {'x': -900.0, 'y': 1600.0, 'z': 456.37390756607056}
2026-02-12 10:11:45,276 - Drone_3 - WARNING - Drone 3: Cannot goto - invalid flight mode
2026-02-12 10:11:45,276 - Drone_4 - WARNING - Drone 4: Cannot goto - invalid flight mode
2026-02-12 10:11:46,278 - Drone_2 - INFO - Drone 2: Flying to {'x': -900.0, 'y': 1600.0, 'z': 458.38707160949707}
2026-02-12 10:11:46,279 - Drone_3 - WARNING - Drone 3: Cannot goto - invalid flight mode
2026-02-12 10:11:46,279 - Drone_4 - WARNING - Drone 4: Cannot goto - invalid flight mode
2026-02-12 10:11:47,280 - Drone_2 - INFO - Drone 2: Flying to {'x': -900.0, 'y': 1600.0, 'z': 460.3982849121094}
2026-02-12 10:11:47,281 - Drone_3 - WARNING - Drone 3: Cannot goto - invalid flight mode
2026-02-12 10:11:47,281 - Drone_4 - WARNING - Drone 4: Cannot goto - invalid flight mode
2026-02-12 10:11:48,281 - Drone_2 - INFO - Drone 2: Flying to {'x': -900.0, 'y': 1600.0, 'z': 462.40925788879395}
2026-02-12 10:11:48,282 - Drone_3 - WARNING - Drone 3: Cannot goto - invalid flight mode
2026-02-12 10:11:48,282 - Drone_4 - WARNING - Drone 4: Cannot goto - invalid flight mode
2026-02-12 10:11:49,283 - Drone_2 - INFO - Drone 2: Flying to {'x': -900.0, 'y': 1600.0, 'z': 464.41880226135254}
2026-02-12 10:11:49,283 - Drone_3 - WARNING - Drone 3: Cannot goto - invalid flight mode
2026-02-12 10:11:49,284 - Drone_4 - WARNING - Drone 4: Cannot goto - invalid flight mode
2026-02-12 10:11:50,285 - Drone_2 - INFO - Drone 2: Flying to {'x': -900.0, 'y': 1600.0, 'z': 466.42747831344604}
2026-02-12 10:11:50,285 - Drone_3 - WARNING - Drone 3: Cannot goto - invalid flight mode
2026-02-12 10:11:50,286 - Drone_4 - WARNING - Drone 4: Cannot goto - invalid flight mode
2026-02-12 10:11:51,288 - Drone_2 - INFO - Drone 2: Flying to {'x': -900.0, 'y': 1600.0, 'z': 468.43722772598267}
2026-02-12 10:11:51,289 - Drone_3 - WARNING - Drone 3: Cannot goto - invalid flight mode
2026-02-12 10:11:51,290 - Drone_4 - WARNING - Drone 4: Cannot goto - invalid flight mode
2026-02-12 10:11:52,292 - Drone_2 - INFO - Drone 2: Flying to {'x': -900.0, 'y': 1600.0, 'z': 470.45270252227783}
2026-02-12 10:11:52,293 - Drone_3 - WARNING - Drone 3: Cannot goto - invalid flight mode
2026-02-12 10:11:52,293 - Drone_4 - WARNING - Drone 4: Cannot goto - invalid flight mode
2026-02-12 10:11:53,063 - PhysicalMLTrainer_Drone1 - INFO - Physical ML model trained for drone=1 samples=2600
2026-02-12 10:11:53,092 - PhysicalMLTrainer_Drone5 - INFO - Physical ML model trained for drone=5 samples=2600
2026-02-12 10:11:53,092 - PhysicalMLTrainer_Drone3 - INFO - Physical ML model trained for drone=3 samples=2600
2026-02-12 10:11:53,109 - PhysicalMLTrainer_Drone2 - INFO - Physical ML model trained for drone=2 samples=2600
2026-02-12 10:11:53,109 - PhysicalMLTrainer_Drone4 - INFO - Physical ML model trained for drone=4 samples=2600
2026-02-12 10:11:53,295 - Drone_2 - INFO - Drone 2: Flying to {'x': -900.0, 'y': 1600.0, 'z': 472.28094959259033}
2026-02-12 10:11:53,295 - Drone_3 - WARNING - Drone 3: Cannot goto - invalid flight mode
2026-02-12 10:11:53,296 - Drone_4 - WARNING - Drone 4: Cannot goto - invalid flight mode
2026-02-12 10:11:54,297 - Drone_2 - INFO - Drone 2: Flying to {'x': -900.0, 'y': 1600.0, 'z': 474.29389476776123}
2026-02-12 10:11:54,297 - Drone_3 - WARNING - Drone 3: Cannot goto - invalid flight mode
2026-02-12 10:11:54,297 - Drone_4 - WARNING - Drone 4: Cannot goto - invalid flight mode
2026-02-12 10:11:55,298 - Drone_2 - INFO - Drone 2: Flying to {'x': -900.0, 'y': 1600.0, 'z': 476.3023543357849}
2026-02-12 10:11:55,298 - Drone_3 - WARNING - Drone 3: Cannot goto - invalid flight mode
2026-02-12 10:11:55,298 - Drone_4 - WARNING - Drone 4: Cannot goto - invalid flight mode
2026-02-12 10:11:56,299 - Drone_2 - INFO - Drone 2: Flying to {'x': -900.0, 'y': 1600.0, 'z': 478.312490940094}
2026-02-12 10:11:56,299 - Drone_3 - WARNING - Drone 3: Cannot goto - invalid flight mode
2026-02-12 10:11:56,300 - Drone_4 - WARNING - Drone 4: Cannot goto - invalid flight mode
2026-02-12 10:11:57,301 - Drone_2 - INFO - Drone 2: Flying to {'x': -900.0, 'y': 1600.0, 'z': 480.3240442276001}
2026-02-12 10:11:57,301 - Drone_3 - WARNING - Drone 3: Cannot goto - invalid flight mode
2026-02-12 10:11:57,302 - Drone_4 - WARNING - Drone 4: Cannot goto - invalid flight mode
2026-02-12 10:11:58,303 - Drone_2 - INFO - Drone 2: Flying to {'x': -900.0, 'y': 1600.0, 'z': 482.3357729911804}
2026-02-12 10:11:58,304 - Drone_3 - WARNING - Drone 3: Cannot goto - invalid flight mode
2026-02-12 10:11:58,305 - Drone_4 - WARNING - Drone 4: Cannot goto - invalid flight mode
2026-02-12 10:11:59,306 - Drone_2 - INFO - Drone 2: Flying to {'x': -900.0, 'y': 1600.0, 'z': 484.34760332107544}
2026-02-12 10:11:59,306 - Drone_3 - WARNING - Drone 3: Cannot goto - invalid flight mode
2026-02-12 10:11:59,306 - Drone_4 - WARNING - Drone 4: Cannot goto - invalid flight mode
2026-02-12 10:12:00,307 - Drone_2 - INFO - Drone 2: Flying to {'x': -900.0, 'y': 1600.0, 'z': 486.35812044143677}
2026-02-12 10:12:00,308 - Drone_3 - WARNING - Drone 3: Cannot goto - invalid flight mode
2026-02-12 10:12:00,308 - Drone_4 - WARNING - Drone 4: Cannot goto - invalid flight mode
2026-02-12 10:12:01,308 - Drone_2 - INFO - Drone 2: Flying to {'x': -900.0, 'y': 1600.0, 'z': 488.36643505096436}
2026-02-12 10:12:01,309 - Drone_3 - WARNING - Drone 3: Cannot goto - invalid flight mode
2026-02-12 10:12:01,309 - Drone_4 - WARNING - Drone 4: Cannot goto - invalid flight mode
2026-02-12 10:12:02,310 - Drone_2 - INFO - Drone 2: Flying to {'x': -900.0, 'y': 1600.0, 'z': 490.3753094673157}
2026-02-12 10:12:02,311 - Drone_3 - WARNING - Drone 3: Cannot goto - invalid flight mode
2026-02-12 10:12:02,311 - Drone_4 - WARNING - Drone 4: Cannot goto - invalid flight mode
2026-02-12 10:12:03,313 - Drone_2 - INFO - Drone 2: Flying to {'x': -900.0, 'y': 1600.0, 'z': 492.38469076156616}
2026-02-12 10:12:03,313 - Drone_3 - WARNING - Drone 3: Cannot goto - invalid flight mode
2026-02-12 10:12:03,314 - Drone_4 - WARNING - Drone 4: Cannot goto - invalid flight mode
2026-02-12 10:12:04,315 - Drone_2 - INFO - Drone 2: Flying to {'x': -900.0, 'y': 1600.0, 'z': 494.39642333984375}
2026-02-12 10:12:04,315 - Drone_3 - WARNING - Drone 3: Cannot goto - invalid flight mode
2026-02-12 10:12:04,315 - Drone_4 - WARNING - Drone 4: Cannot goto - invalid flight mode
2026-02-12 10:12:05,316 - Drone_2 - INFO - Drone 2: Flying to {'x': -900.0, 'y': 1600.0, 'z': 496.4069662094116}
2026-02-12 10:12:05,317 - Drone_3 - WARNING - Drone 3: Cannot goto - invalid flight mode
2026-02-12 10:12:05,318 - Drone_4 - WARNING - Drone 4: Cannot goto - invalid flight mode
2026-02-12 10:12:06,319 - Drone_2 - INFO - Drone 2: Flying to {'x': -900.0, 'y': 1600.0, 'z': 498.41763830184937}
2026-02-12 10:12:06,320 - Drone_3 - WARNING - Drone 3: Cannot goto - invalid flight mode
2026-02-12 10:12:06,320 - Drone_4 - WARNING - Drone 4: Cannot goto - invalid flight mode
2026-02-12 10:12:07,322 - Drone_2 - INFO - Drone 2: Flying to {'x': -900.0, 'y': 1600.0, 'z': 500.42735385894775}
2026-02-12 10:12:07,323 - Drone_3 - WARNING - Drone 3: Cannot goto - invalid flight mode
2026-02-12 10:12:07,323 - Drone_4 - WARNING - Drone 4: Cannot goto - invalid flight mode
2026-02-12 10:12:08,324 - Drone_2 - INFO - Drone 2: Flying to {'x': -900.0, 'y': 1600.0, 'z': 502.4375514984131}
2026-02-12 10:12:08,325 - Drone_3 - WARNING - Drone 3: Cannot goto - invalid flight mode
2026-02-12 10:12:08,325 - Drone_4 - WARNING - Drone 4: Cannot goto - invalid flight mode
2026-02-12 10:12:09,325 - Drone_2 - INFO - Drone 2: Flying to {'x': -900.0, 'y': 1600.0, 'z': 504.4479193687439}
2026-02-12 10:12:09,326 - Drone_3 - WARNING - Drone 3: Cannot goto - invalid flight mode
2026-02-12 10:12:09,326 - Drone_4 - WARNING - Drone 4: Cannot goto - invalid flight mode
2026-02-12 10:12:10,327 - Drone_2 - INFO - Drone 2: Flying to {'x': -900.0, 'y': 1600.0, 'z': 506.45887184143066}
2026-02-12 10:12:10,328 - Drone_3 - WARNING - Drone 3: Cannot goto - invalid flight mode
2026-02-12 10:12:10,328 - Drone_4 - WARNING - Drone 4: Cannot goto - invalid flight mode
2026-02-12 10:12:11,330 - Drone_2 - INFO - Drone 2: Flying to {'x': -900.0, 'y': 1600.0, 'z': 508.47040033340454}
2026-02-12 10:12:11,330 - Drone_3 - WARNING - Drone 3: Cannot goto - invalid flight mode
2026-02-12 10:12:11,331 - Drone_4 - WARNING - Drone 4: Cannot goto - invalid flight mode
2026-02-12 10:12:12,332 - Drone_2 - INFO - Drone 2: Flying to {'x': -900.0, 'y': 1600.0, 'z': 510.47864866256714}
2026-02-12 10:12:12,333 - Drone_3 - WARNING - Drone 3: Cannot goto - invalid flight mode
2026-02-12 10:12:12,333 - Drone_4 - WARNING - Drone 4: Cannot goto - invalid flight mode
2026-02-12 10:12:13,176 - PhysicalMLTrainer_Drone1 - INFO - Physical ML model trained for drone=1 samples=2800
2026-02-12 10:12:13,202 - PhysicalMLTrainer_Drone5 - INFO - Physical ML model trained for drone=5 samples=2800
2026-02-12 10:12:13,208 - PhysicalMLTrainer_Drone3 - INFO - Physical ML model trained for drone=3 samples=2800
2026-02-12 10:12:13,227 - PhysicalMLTrainer_Drone4 - INFO - Physical ML model trained for drone=4 samples=2800
2026-02-12 10:12:13,228 - PhysicalMLTrainer_Drone2 - INFO - Physical ML model trained for drone=2 samples=2800
2026-02-12 10:12:13,378 - Drone_1 - INFO - Drone 1 stopped
2026-02-12 10:12:13,429 - Drone_2 - INFO - Drone 2 stopped
2026-02-12 10:12:13,511 - Drone_3 - INFO - Drone 3 stopped
2026-02-12 10:12:13,530 - Drone_4 - INFO - Drone 4 stopped
2026-02-12 10:12:13,604 - Drone_5 - INFO - Drone 5 stopped
2026-02-12 10:12:13,604 - SwarmManager - INFO - Swarm monitoring stopped
2026-02-12 10:12:13,605 - Main - INFO - System shutdown complete
