2026-02-13 17:54:33,201 - Main - INFO - Starting Drone Swarm Management System
2026-02-13 17:54:33,202 - SwarmManager - INFO - Swarm Manager initialized
2026-02-13 17:54:33,203 - MLDecisionSupport_Drone1 - INFO - ML Decision Support initialized
2026-02-13 17:54:33,217 - PhysicalMLTrainer_Drone1 - INFO - Physical ML model trained drone=1 samples=250 degree=2 alpha=0.0 val_mse=0.000155
2026-02-13 17:54:33,217 - Drone_1 - INFO - Drone 1: bootstrap personal trainer loaded 250 rows from datasets/personal_drone_1.csv
2026-02-13 17:54:33,218 - Drone_1 - INFO - Drone 1: Personal ML system initialized
2026-02-13 17:54:33,219 - Drone_1 - INFO - Drone 1 initialized at {'x': 0, 'y': 0, 'z': 0}
2026-02-13 17:54:33,220 - Drone_1 - INFO - Drone 1 started
2026-02-13 17:54:33,221 - SwarmManager - INFO - Drone 1 added to swarm
2026-02-13 17:54:33,221 - SwarmManager - INFO - Starting leader election...
2026-02-13 17:54:33,221 - SwarmManager - INFO -   Drone 1: suitability score = 100.00
2026-02-13 17:54:33,222 - Drone_1 - INFO - Drone 1: Role changed from follower to leader
2026-02-13 17:54:33,226 - PhysicalMLTrainer_Drone1 - INFO - Physical ML model trained drone=1 samples=251 degree=2 alpha=0.0 val_mse=0.000157
2026-02-13 17:54:33,229 - MLDecisionSupport_Drone2 - INFO - ML Decision Support initialized
2026-02-13 17:54:33,236 - PhysicalMLTrainer_Drone2 - INFO - Physical ML model trained drone=2 samples=300 degree=2 alpha=0.1 val_mse=0.000128
2026-02-13 17:54:33,237 - Drone_2 - INFO - Drone 2: bootstrap personal trainer loaded 300 rows from datasets/personal_training.csv
2026-02-13 17:54:33,237 - Drone_2 - INFO - Drone 2: Personal ML system initialized
2026-02-13 17:54:33,237 - Drone_2 - INFO - Drone 2 initialized at {'x': 1200, 'y': 300, 'z': 0}
2026-02-13 17:54:33,238 - Drone_2 - INFO - Drone 2 started
2026-02-13 17:54:33,238 - SwarmManager - INFO - Drone 2 added to swarm
2026-02-13 17:54:33,239 - MLDecisionSupport_Drone3 - INFO - ML Decision Support initialized
2026-02-13 17:54:33,241 - PhysicalMLTrainer_Drone2 - INFO - Physical ML model trained drone=2 samples=301 degree=2 alpha=0.1 val_mse=0.000128
2026-02-13 17:54:33,247 - PhysicalMLTrainer_Drone3 - INFO - Physical ML model trained drone=3 samples=300 degree=2 alpha=0.1 val_mse=0.000128
2026-02-13 17:54:33,247 - Drone_3 - INFO - Drone 3: bootstrap personal trainer loaded 300 rows from datasets/personal_training.csv
2026-02-13 17:54:33,248 - Drone_3 - INFO - Drone 3: Personal ML system initialized
2026-02-13 17:54:33,248 - Drone_3 - INFO - Drone 3 initialized at {'x': -1400, 'y': -500, 'z': 0}
2026-02-13 17:54:33,249 - Drone_3 - INFO - Drone 3 started
2026-02-13 17:54:33,249 - SwarmManager - INFO - Drone 3 added to swarm
2026-02-13 17:54:33,250 - MLDecisionSupport_Drone4 - INFO - ML Decision Support initialized
2026-02-13 17:54:33,251 - PhysicalMLTrainer_Drone3 - INFO - Physical ML model trained drone=3 samples=301 degree=2 alpha=0.1 val_mse=0.000128
2026-02-13 17:54:33,256 - PhysicalMLTrainer_Drone4 - INFO - Physical ML model trained drone=4 samples=300 degree=2 alpha=0.1 val_mse=0.000128
2026-02-13 17:54:33,256 - Drone_4 - INFO - Drone 4: bootstrap personal trainer loaded 300 rows from datasets/personal_training.csv
2026-02-13 17:54:33,256 - Drone_4 - INFO - Drone 4: Personal ML system initialized
2026-02-13 17:54:33,257 - Drone_4 - INFO - Drone 4 initialized at {'x': 800, 'y': -1500, 'z': 0}
2026-02-13 17:54:33,257 - Drone_4 - INFO - Drone 4 started
2026-02-13 17:54:33,258 - SwarmManager - INFO - Drone 4 added to swarm
2026-02-13 17:54:33,259 - MLDecisionSupport_Drone5 - INFO - ML Decision Support initialized
2026-02-13 17:54:33,260 - PhysicalMLTrainer_Drone4 - INFO - Physical ML model trained drone=4 samples=301 degree=2 alpha=0.1 val_mse=0.000128
2026-02-13 17:54:33,265 - PhysicalMLTrainer_Drone5 - INFO - Physical ML model trained drone=5 samples=300 degree=2 alpha=0.1 val_mse=0.000128
2026-02-13 17:54:33,266 - Drone_5 - INFO - Drone 5: bootstrap personal trainer loaded 300 rows from datasets/personal_training.csv
2026-02-13 17:54:33,266 - Drone_5 - INFO - Drone 5: Personal ML system initialized
2026-02-13 17:54:33,266 - Drone_5 - INFO - Drone 5 initialized at {'x': -900, 'y': 1600, 'z': 0}
2026-02-13 17:54:33,267 - Drone_5 - INFO - Drone 5 started
2026-02-13 17:54:33,267 - SwarmManager - INFO - Drone 5 added to swarm
2026-02-13 17:54:33,268 - SwarmManager - INFO - Swarm monitoring started
2026-02-13 17:54:33,268 - Main - INFO - Swarm created with 5 drones
2026-02-13 17:54:33,268 - Main - INFO - Leader elected: Drone 1
2026-02-13 17:54:33,269 - Main - INFO - Starting GUI...
2026-02-13 17:54:33,270 - PhysicalMLTrainer_Drone5 - INFO - Physical ML model trained drone=5 samples=301 degree=2 alpha=0.1 val_mse=0.000128
2026-02-13 17:54:41,983 - Drone_1 - INFO - Drone 1: Armed
2026-02-13 17:54:41,986 - Drone_2 - INFO - Drone 2: Armed
2026-02-13 17:54:41,987 - Drone_3 - INFO - Drone 3: Armed
2026-02-13 17:54:41,987 - Drone_4 - INFO - Drone 4: Armed
2026-02-13 17:54:41,988 - Drone_5 - INFO - Drone 5: Armed
2026-02-13 17:54:42,893 - Drone_1 - INFO - Drone 1: Taking off
2026-02-13 17:54:42,893 - Drone_2 - INFO - Drone 2: Taking off
2026-02-13 17:54:42,894 - Drone_3 - INFO - Drone 3: Taking off
2026-02-13 17:54:42,895 - Drone_4 - INFO - Drone 4: Taking off
2026-02-13 17:54:42,895 - Drone_5 - INFO - Drone 5: Taking off
2026-02-13 17:54:53,445 - PhysicalMLTrainer_Drone3 - INFO - Physical ML model trained drone=3 samples=501 degree=2 alpha=0.0 val_mse=0.036537
2026-02-13 17:54:53,462 - PhysicalMLTrainer_Drone1 - INFO - Physical ML model trained drone=1 samples=451 degree=2 alpha=0.0 val_mse=0.008140
2026-02-13 17:54:53,464 - PhysicalMLTrainer_Drone4 - INFO - Physical ML model trained drone=4 samples=501 degree=2 alpha=0.0 val_mse=0.036540
2026-02-13 17:54:53,465 - PhysicalMLTrainer_Drone2 - INFO - Physical ML model trained drone=2 samples=501 degree=2 alpha=0.0 val_mse=0.036540
2026-02-13 17:54:53,465 - PhysicalMLTrainer_Drone5 - INFO - Physical ML model trained drone=5 samples=501 degree=2 alpha=0.0 val_mse=0.036539
2026-02-13 17:55:00,258 - Drone_1 - INFO - Drone 1: Flying to {'x': 0, 'y': 100, 'z': 34.630258083343506}
2026-02-13 17:55:00,356 - Drone_1 - INFO - Drone 1: Flying to {'x': 1785.0, 'y': 1180.0, 'z': 60.0}
2026-02-13 17:55:06,379 - Drone_2 - INFO - Drone 2: Flying to {'x': 1200, 'y': 400, 'z': 46.907711029052734}
2026-02-13 17:55:06,382 - Drone_2 - INFO - Drone 2: Flying to {'x': 1753.9057647468726, 'y': 1222.7975432332819, 'z': 60.0}
2026-02-13 17:55:07,284 - Drone_2 - INFO - Drone 2: Flying to {'x': 68.41770066231162, 'y': 32.29863926389583, 'z': 35.86449962487316}
2026-02-13 17:55:08,188 - Drone_3 - INFO - Drone 3: Flying to {'x': -1400, 'y': -400, 'z': 50.479825496673584}
2026-02-13 17:55:08,239 - Drone_3 - INFO - Drone 3: Flying to {'x': 1703.5942352531274, 'y': 1206.4503363531612, 'z': 60.0}
2026-02-13 17:55:08,285 - Drone_2 - INFO - Drone 2: Flying to {'x': 81.00041175816176, 'y': 40.60600385813921, 'z': 36.043334433340156}
2026-02-13 17:55:08,286 - Drone_3 - INFO - Drone 3: Flying to {'x': 57.76445883149426, 'y': 54.02200981465108, 'z': 36.043334433340156}
2026-02-13 17:55:09,287 - Drone_2 - INFO - Drone 2: Flying to {'x': 93.57001886622236, 'y': 48.904716930196216, 'z': 36.221982998228256}
2026-02-13 17:55:09,288 - Drone_3 - INFO - Drone 3: Flying to {'x': 70.33406593955476, 'y': 62.32072288670788, 'z': 36.221982998228256}
2026-02-13 17:55:10,289 - Drone_2 - INFO - Drone 2: Flying to {'x': 106.15060515239209, 'y': 57.21067868139784, 'z': 36.40078760732649}
2026-02-13 17:55:10,290 - Drone_3 - INFO - Drone 3: Flying to {'x': 82.91465222572452, 'y': 70.62668463790958, 'z': 36.40078760732649}
2026-02-13 17:55:10,433 - Drone_4 - INFO - Drone 4: Flying to {'x': 800, 'y': -1400, 'z': 54.946359157562256}
2026-02-13 17:55:10,532 - Drone_4 - INFO - Drone 4: Flying to {'x': 1703.5942352531274, 'y': 1153.5496636468388, 'z': 60.0}
2026-02-13 17:55:11,291 - Drone_2 - INFO - Drone 2: Flying to {'x': 118.75293492638633, 'y': 65.53099593035589, 'z': 36.579901250976256}
2026-02-13 17:55:11,292 - Drone_3 - INFO - Drone 3: Flying to {'x': 95.51698199971875, 'y': 78.94700188686758, 'z': 36.579901250976256}
2026-02-13 17:55:11,292 - Drone_4 - INFO - Drone 4: Flying to {'x': 105.33692896987463, 'y': 42.29504300368829, 'z': 36.579901250976256}
2026-02-13 17:55:12,049 - Drone_5 - INFO - Drone 5: Flying to {'x': -900, 'y': 1700, 'z': 58.16651916503906}
2026-02-13 17:55:12,070 - Drone_5 - INFO - Drone 5: Flying to {'x': 1753.9057647468726, 'y': 1137.2024567667181, 'z': 60.0}
2026-02-13 17:55:12,293 - Drone_2 - INFO - Drone 2: Flying to {'x': 131.34319327459826, 'y': 73.84334337579692, 'z': 36.75884332658308}
2026-02-13 17:55:12,293 - Drone_3 - INFO - Drone 3: Flying to {'x': 108.10724034793067, 'y': 87.25934933230862, 'z': 36.75884332658308}
2026-02-13 17:55:12,294 - Drone_4 - INFO - Drone 4: Flying to {'x': 117.92718731808655, 'y': 50.607390449129326, 'z': 36.75884332658308}
2026-02-13 17:55:12,294 - Drone_5 - INFO - Drone 5: Flying to {'x': 81.46887443268956, 'y': 84.05058234151741, 'z': 36.75884332658308}
2026-02-13 17:55:13,295 - Drone_2 - INFO - Drone 2: Flying to {'x': 143.9405691383825, 'y': 82.16038995137107, 'z': 36.93788656159224}
2026-02-13 17:55:13,295 - Drone_3 - INFO - Drone 3: Flying to {'x': 120.70461621171499, 'y': 95.57639590788287, 'z': 36.93788656159224}
2026-02-13 17:55:13,295 - Drone_4 - INFO - Drone 4: Flying to {'x': 130.52456318187072, 'y': 58.924437024703536, 'z': 36.93788656159224}
2026-02-13 17:55:13,296 - Drone_5 - INFO - Drone 5: Flying to {'x': 94.0662502964739, 'y': 92.3676289170918, 'z': 36.93788656159224}
2026-02-13 17:55:13,553 - PhysicalMLTrainer_Drone3 - INFO - Physical ML model trained drone=3 samples=701 degree=2 alpha=0.0 val_mse=0.291742
2026-02-13 17:55:13,586 - PhysicalMLTrainer_Drone2 - INFO - Physical ML model trained drone=2 samples=701 degree=2 alpha=0.0 val_mse=0.387013
2026-02-13 17:55:13,587 - PhysicalMLTrainer_Drone1 - INFO - Physical ML model trained drone=1 samples=651 degree=2 alpha=0.0 val_mse=0.079489
2026-02-13 17:55:13,586 - PhysicalMLTrainer_Drone4 - INFO - Physical ML model trained drone=4 samples=701 degree=2 alpha=0.0 val_mse=0.198887
2026-02-13 17:55:13,588 - PhysicalMLTrainer_Drone5 - INFO - Physical ML model trained drone=5 samples=701 degree=2 alpha=0.0 val_mse=0.100878
2026-02-13 17:55:14,297 - Drone_2 - INFO - Drone 2: Flying to {'x': 156.70273712372332, 'y': 90.58623567409214, 'z': 37.11927194427298}
2026-02-13 17:55:14,297 - Drone_3 - INFO - Drone 3: Flying to {'x': 133.46678419705574, 'y': 104.00224163060383, 'z': 37.11927194427298}
2026-02-13 17:55:14,297 - Drone_4 - INFO - Drone 4: Flying to {'x': 143.28673116721163, 'y': 67.35028274742456, 'z': 37.11927194427298}
2026-02-13 17:55:14,298 - Drone_5 - INFO - Drone 5: Flying to {'x': 106.82841828181466, 'y': 100.79347463981264, 'z': 37.11927194427298}
2026-02-13 17:55:15,298 - Drone_2 - INFO - Drone 2: Flying to {'x': 168.03904441079584, 'y': 98.0706988449225, 'z': 37.2803919387609}
2026-02-13 17:55:15,299 - Drone_3 - INFO - Drone 3: Flying to {'x': 144.80309148412823, 'y': 111.48670480143424, 'z': 37.2803919387609}
2026-02-13 17:55:15,299 - Drone_4 - INFO - Drone 4: Flying to {'x': 155.88029908555768, 'y': 75.66481523912034, 'z': 37.29826105794151}
2026-02-13 17:55:15,299 - Drone_5 - INFO - Drone 5: Flying to {'x': 119.4219862001607, 'y': 109.10800713150849, 'z': 37.29826105794151}
2026-02-13 17:55:16,300 - Drone_2 - INFO - Drone 2: Flying to {'x': 180.616347985381, 'y': 106.37449328243582, 'z': 37.45914989153102}
2026-02-13 17:55:16,301 - Drone_3 - INFO - Drone 3: Flying to {'x': 157.3803950587134, 'y': 119.79049923894743, 'z': 37.45914989153102}
2026-02-13 17:55:16,302 - Drone_4 - INFO - Drone 4: Flying to {'x': 167.20034202886941, 'y': 83.1385403557682, 'z': 37.45914989153102}
2026-02-13 17:55:16,303 - Drone_5 - INFO - Drone 5: Flying to {'x': 130.7420291434723, 'y': 116.58173224815616, 'z': 37.45914989153102}
2026-02-13 17:55:17,305 - Drone_2 - INFO - Drone 2: Flying to {'x': 193.19736400834, 'y': 114.6807387547021, 'z': 37.637960608366754}
2026-02-13 17:55:17,305 - Drone_3 - INFO - Drone 3: Flying to {'x': 169.96141108167248, 'y': 128.09674471121386, 'z': 37.637960608366754}
2026-02-13 17:55:17,306 - Drone_4 - INFO - Drone 4: Flying to {'x': 179.78135805182828, 'y': 91.44478582803455, 'z': 37.637960608366754}
2026-02-13 17:55:17,307 - Drone_5 - INFO - Drone 5: Flying to {'x': 143.32304516643134, 'y': 124.8879777204227, 'z': 37.637960608366754}
2026-02-13 17:55:18,307 - Drone_2 - INFO - Drone 2: Flying to {'x': 205.80139482379147, 'y': 123.00217906620787, 'z': 37.81709842847745}
2026-02-13 17:55:18,308 - Drone_3 - INFO - Drone 3: Flying to {'x': 182.56544189712403, 'y': 136.41818502271988, 'z': 37.81709842847745}
2026-02-13 17:55:18,308 - Drone_4 - INFO - Drone 4: Flying to {'x': 192.3853888672795, 'y': 99.76622613954046, 'z': 37.81709842847745}
2026-02-13 17:55:18,308 - Drone_5 - INFO - Drone 5: Flying to {'x': 155.9270759818829, 'y': 133.209418031929, 'z': 37.81709842847745}
2026-02-13 17:55:19,309 - Drone_2 - INFO - Drone 2: Flying to {'x': 218.39723079741447, 'y': 131.31820897463354, 'z': 37.99611977742723}
2026-02-13 17:55:19,309 - Drone_3 - INFO - Drone 3: Flying to {'x': 195.1612778707469, 'y': 144.73421493114532, 'z': 37.99611977742723}
2026-02-13 17:55:19,309 - Drone_4 - INFO - Drone 4: Flying to {'x': 204.98122484090263, 'y': 108.08225604796598, 'z': 37.99611977742723}
2026-02-13 17:55:19,310 - Drone_5 - INFO - Drone 5: Flying to {'x': 168.5229119555058, 'y': 141.52544794035424, 'z': 37.99611977742723}
2026-02-13 17:55:20,310 - Drone_2 - INFO - Drone 2: Flying to {'x': 231.00481589422745, 'y': 139.64199589577794, 'z': 38.17530811361683}
2026-02-13 17:55:20,311 - Drone_3 - INFO - Drone 3: Flying to {'x': 207.76886296755995, 'y': 153.05800185228983, 'z': 38.17530811361683}
2026-02-13 17:55:20,311 - Drone_4 - INFO - Drone 4: Flying to {'x': 217.58880993771552, 'y': 116.40604296911046, 'z': 38.17530811361683}
2026-02-13 17:55:20,311 - Drone_5 - INFO - Drone 5: Flying to {'x': 181.13049705231884, 'y': 149.84923486149887, 'z': 38.17530811361683}
2026-02-13 17:55:21,312 - Drone_2 - INFO - Drone 2: Flying to {'x': 243.59218844052805, 'y': 147.95243807545847, 'z': 38.35420917406975}
2026-02-13 17:55:21,313 - Drone_3 - INFO - Drone 3: Flying to {'x': 220.35623551386058, 'y': 161.36844403197037, 'z': 38.35420917406975}
2026-02-13 17:55:21,313 - Drone_4 - INFO - Drone 4: Flying to {'x': 230.17618248401618, 'y': 124.71648514879098, 'z': 38.35420917406975}
2026-02-13 17:55:21,314 - Drone_5 - INFO - Drone 5: Flying to {'x': 193.71786959861944, 'y': 158.15967704117938, 'z': 38.35420917406975}
2026-02-13 17:55:22,315 - Drone_2 - INFO - Drone 2: Flying to {'x': 256.18783043573933, 'y': 156.2683399153479, 'z': 38.53322776605468}
2026-02-13 17:55:22,315 - Drone_3 - INFO - Drone 3: Flying to {'x': 232.95187750907166, 'y': 169.68434587185948, 'z': 38.53322776605468}
2026-02-13 17:55:22,316 - Drone_4 - INFO - Drone 4: Flying to {'x': 242.77182447922772, 'y': 133.03238698868023, 'z': 38.53322776605468}
2026-02-13 17:55:22,316 - Drone_5 - INFO - Drone 5: Flying to {'x': 206.3135115938306, 'y': 166.47557888106817, 'z': 38.53322776605468}
2026-02-13 17:55:23,318 - Drone_2 - INFO - Drone 2: Flying to {'x': 268.7733527264188, 'y': 164.57756051822273, 'z': 38.712102529304474}
2026-02-13 17:55:23,318 - Drone_3 - INFO - Drone 3: Flying to {'x': 245.53739979975146, 'y': 177.9935664747348, 'z': 38.712102529304474}
2026-02-13 17:55:23,319 - Drone_4 - INFO - Drone 4: Flying to {'x': 255.35734676990683, 'y': 141.34160759155534, 'z': 38.712102529304474}
2026-02-13 17:55:23,319 - Drone_5 - INFO - Drone 5: Flying to {'x': 218.89903388451032, 'y': 174.784799483944, 'z': 38.712102529304474}
2026-02-13 17:55:24,320 - Drone_2 - INFO - Drone 2: Flying to {'x': 281.360531294308, 'y': 172.8878746293669, 'z': 38.89100083279255}
2026-02-13 17:55:24,321 - Drone_3 - INFO - Drone 3: Flying to {'x': 258.12457836764037, 'y': 186.3038805858786, 'z': 38.89100083279255}
2026-02-13 17:55:24,322 - Drone_4 - INFO - Drone 4: Flying to {'x': 267.9445253377963, 'y': 149.65192170269933, 'z': 38.89100083279255}
2026-02-13 17:55:24,322 - Drone_5 - INFO - Drone 5: Flying to {'x': 231.4862124523993, 'y': 183.0951135950874, 'z': 38.89100083279255}
2026-02-13 17:55:25,323 - Drone_2 - INFO - Drone 2: Flying to {'x': 293.95172372317955, 'y': 181.20083877406682, 'z': 39.06995618424546}
2026-02-13 17:55:25,324 - Drone_3 - INFO - Drone 3: Flying to {'x': 270.71577079651223, 'y': 194.6168447305789, 'z': 39.06995618424546}
2026-02-13 17:55:25,325 - Drone_4 - INFO - Drone 4: Flying to {'x': 280.53571776666746, 'y': 157.96488584739944, 'z': 39.06995618424546}
2026-02-13 17:55:25,326 - Drone_5 - INFO - Drone 5: Flying to {'x': 244.07740488127106, 'y': 191.40807773978815, 'z': 39.06995618424546}
2026-02-13 17:55:26,328 - Drone_2 - INFO - Drone 2: Flying to {'x': 306.5575361557369, 'y': 189.5234553458195, 'z': 39.24911932601787}
2026-02-13 17:55:26,329 - Drone_3 - INFO - Drone 3: Flying to {'x': 283.32158322906946, 'y': 202.93946130233155, 'z': 39.24911932601787}
2026-02-13 17:55:26,329 - Drone_4 - INFO - Drone 4: Flying to {'x': 293.14153019922486, 'y': 166.28750241915213, 'z': 39.24911932601787}
2026-02-13 17:55:26,329 - Drone_5 - INFO - Drone 5: Flying to {'x': 256.6832173138284, 'y': 199.73069431154076, 'z': 39.24911932601787}
2026-02-13 17:55:27,330 - Drone_2 - INFO - Drone 2: Flying to {'x': 319.1371137541655, 'y': 197.82875114063307, 'z': 39.42790959889892}
2026-02-13 17:55:27,331 - Drone_3 - INFO - Drone 3: Flying to {'x': 295.901160827498, 'y': 211.24475709714486, 'z': 39.42790959889892}
2026-02-13 17:55:27,331 - Drone_4 - INFO - Drone 4: Flying to {'x': 305.72110779765364, 'y': 174.59279821396552, 'z': 39.42790959889892}
2026-02-13 17:55:27,331 - Drone_5 - INFO - Drone 5: Flying to {'x': 269.2627949122569, 'y': 208.03599010635384, 'z': 39.42790959889892}
2026-02-13 17:55:28,332 - Drone_2 - INFO - Drone 2: Flying to {'x': 331.74173247341895, 'y': 206.15057959831753, 'z': 39.607055774733816}
2026-02-13 17:55:28,333 - Drone_3 - INFO - Drone 3: Flying to {'x': 308.50577954675157, 'y': 219.56658555482971, 'z': 39.607055774733816}
2026-02-13 17:55:28,333 - Drone_4 - INFO - Drone 4: Flying to {'x': 318.32572651690674, 'y': 182.9146266716502, 'z': 39.607055774733816}
2026-02-13 17:55:28,333 - Drone_5 - INFO - Drone 5: Flying to {'x': 281.86741363151043, 'y': 216.357818564039, 'z': 39.607055774733816}
2026-02-13 17:55:29,334 - Drone_2 - INFO - Drone 2: Flying to {'x': 344.3104890607508, 'y': 214.44873113910077, 'z': 39.785692251391445}
2026-02-13 17:55:29,335 - Drone_3 - INFO - Drone 3: Flying to {'x': 321.07453613408336, 'y': 227.8647370956127, 'z': 39.785692251391445}
2026-02-13 17:55:29,336 - Drone_4 - INFO - Drone 4: Flying to {'x': 330.8944831042389, 'y': 191.2127782124333, 'z': 39.785692251391445}
2026-02-13 17:55:29,337 - Drone_5 - INFO - Drone 5: Flying to {'x': 294.4361702188422, 'y': 224.65597010482176, 'z': 39.785692251391445}
2026-02-13 17:55:30,339 - Drone_2 - INFO - Drone 2: Flying to {'x': 356.9085005768698, 'y': 222.76619738541595, 'z': 39.96474452076232}
2026-02-13 17:55:30,340 - Drone_3 - INFO - Drone 3: Flying to {'x': 333.6725476502021, 'y': 236.18220334192742, 'z': 39.96474452076232}
2026-02-13 17:55:30,340 - Drone_4 - INFO - Drone 4: Flying to {'x': 343.4924946203583, 'y': 199.53024445874823, 'z': 39.96474452076232}
2026-02-13 17:55:30,341 - Drone_5 - INFO - Drone 5: Flying to {'x': 307.03418173496107, 'y': 232.973436351136, 'z': 39.96474452076232}
2026-02-13 17:55:31,342 - Drone_2 - INFO - Drone 2: Flying to {'x': 369.5009314832935, 'y': 231.07997919846196, 'z': 40.14371747437539}
2026-02-13 17:55:31,343 - Drone_3 - INFO - Drone 3: Flying to {'x': 346.2649785566262, 'y': 244.49598515497408, 'z': 40.14371747437539}
2026-02-13 17:55:31,343 - Drone_4 - INFO - Drone 4: Flying to {'x': 356.08492552678143, 'y': 207.84402627179463, 'z': 40.14371747437539}
2026-02-13 17:55:31,345 - Drone_5 - INFO - Drone 5: Flying to {'x': 319.626612641385, 'y': 241.28721816418334, 'z': 40.14371747437539}
2026-02-13 17:55:32,346 - Drone_2 - INFO - Drone 2: Flying to {'x': 382.08598524150244, 'y': 239.38889046656433, 'z': 40.322585578494724}
2026-02-13 17:55:32,346 - Drone_3 - INFO - Drone 3: Flying to {'x': 358.85003231483483, 'y': 252.80489642307603, 'z': 40.322585578494724}
2026-02-13 17:55:32,346 - Drone_4 - INFO - Drone 4: Flying to {'x': 368.6699792849907, 'y': 216.15293753989675, 'z': 40.322585578494724}
2026-02-13 17:55:32,347 - Drone_5 - INFO - Drone 5: Flying to {'x': 332.21166639959375, 'y': 249.59612943228484, 'z': 40.322585578494724}
2026-02-13 17:55:33,347 - Drone_2 - INFO - Drone 2: Flying to {'x': 394.6709196283807, 'y': 247.69772292326005, 'z': 40.50145198602029}
2026-02-13 17:55:33,348 - Drone_3 - INFO - Drone 3: Flying to {'x': 371.434966701713, 'y': 261.11372887977154, 'z': 40.50145198602029}
2026-02-13 17:55:33,348 - Drone_4 - INFO - Drone 4: Flying to {'x': 381.2549136718692, 'y': 224.46176999659232, 'z': 40.50145198602029}
2026-02-13 17:55:33,349 - Drone_5 - INFO - Drone 5: Flying to {'x': 344.79660078647197, 'y': 257.9049618889801, 'z': 40.50145198602029}
2026-02-13 17:55:33,678 - PhysicalMLTrainer_Drone3 - INFO - Physical ML model trained drone=3 samples=901 degree=2 alpha=0.0 val_mse=0.000201
2026-02-13 17:55:33,706 - PhysicalMLTrainer_Drone5 - INFO - Physical ML model trained drone=5 samples=901 degree=2 alpha=0.0 val_mse=0.000445
2026-02-13 17:55:33,706 - PhysicalMLTrainer_Drone2 - INFO - Physical ML model trained drone=2 samples=901 degree=2 alpha=0.0 val_mse=0.009590
2026-02-13 17:55:33,713 - PhysicalMLTrainer_Drone1 - INFO - Physical ML model trained drone=1 samples=851 degree=2 alpha=1.0 val_mse=0.000746
2026-02-13 17:55:33,713 - PhysicalMLTrainer_Drone4 - INFO - Physical ML model trained drone=4 samples=901 degree=2 alpha=0.0 val_mse=0.000212
2026-02-13 17:55:34,349 - Drone_2 - INFO - Drone 2: Flying to {'x': 407.3497276294499, 'y': 256.068532670298, 'z': 40.68165259487071}
2026-02-13 17:55:34,350 - Drone_3 - INFO - Drone 3: Flying to {'x': 384.1137747027826, 'y': 269.48453862681015, 'z': 40.68165259487071}
2026-02-13 17:55:34,350 - Drone_4 - INFO - Drone 4: Flying to {'x': 393.9337216729377, 'y': 232.83257974363067, 'z': 40.68165259487071}
2026-02-13 17:55:34,351 - Drone_5 - INFO - Drone 5: Flying to {'x': 357.4754087875415, 'y': 266.27577163601956, 'z': 40.68165259487071}
2026-02-13 17:55:35,351 - Drone_2 - INFO - Drone 2: Flying to {'x': 419.90887184040497, 'y': 264.36033792254506, 'z': 40.860152453316644}
2026-02-13 17:55:35,352 - Drone_3 - INFO - Drone 3: Flying to {'x': 396.6729189137375, 'y': 277.776343879057, 'z': 40.860152453316644}
2026-02-13 17:55:35,352 - Drone_4 - INFO - Drone 4: Flying to {'x': 406.49286588389305, 'y': 241.12438499587762, 'z': 40.860152453316644}
2026-02-13 17:55:35,352 - Drone_5 - INFO - Drone 5: Flying to {'x': 370.0345529984964, 'y': 274.567576888266, 'z': 40.860152453316644}
2026-02-13 17:55:36,352 - Drone_2 - INFO - Drone 2: Flying to {'x': 432.4926871210612, 'y': 272.6684315223016, 'z': 41.039002955275805}
2026-02-13 17:55:36,353 - Drone_3 - INFO - Drone 3: Flying to {'x': 409.2567341943936, 'y': 286.08443747881336, 'z': 41.039002955275805}
2026-02-13 17:55:36,353 - Drone_4 - INFO - Drone 4: Flying to {'x': 419.07668116454937, 'y': 249.43247859563408, 'z': 41.039002955275805}
2026-02-13 17:55:36,353 - Drone_5 - INFO - Drone 5: Flying to {'x': 382.6183682791525, 'y': 282.87567048802225, 'z': 41.039002955275805}
2026-02-13 17:55:37,354 - Drone_2 - INFO - Drone 2: Flying to {'x': 445.0619361151305, 'y': 280.9669081601382, 'z': 41.21764643038264}
2026-02-13 17:55:37,355 - Drone_3 - INFO - Drone 3: Flying to {'x': 421.82598318846294, 'y': 294.38291411665, 'z': 41.21764643038264}
2026-02-13 17:55:37,355 - Drone_4 - INFO - Drone 4: Flying to {'x': 431.64593015861874, 'y': 257.73095523347064, 'z': 41.21764643038264}
2026-02-13 17:55:37,355 - Drone_5 - INFO - Drone 5: Flying to {'x': 395.18761727322186, 'y': 291.1741471258589, 'z': 41.21764643038264}
2026-02-13 17:55:38,437 - Drone_1 - INFO - Drone 1 stopped
2026-02-13 17:55:38,531 - Drone_2 - INFO - Drone 2 stopped
2026-02-13 17:55:38,602 - Drone_3 - INFO - Drone 3 stopped
2026-02-13 17:55:38,638 - Drone_4 - INFO - Drone 4 stopped
2026-02-13 17:55:38,728 - Drone_5 - INFO - Drone 5 stopped
2026-02-13 17:55:38,728 - SwarmManager - INFO - Swarm monitoring stopped
2026-02-13 17:55:38,728 - Main - INFO - System shutdown complete
