2026-02-15 10:35:44,033 - Main - INFO - Starting Drone Swarm Management System
2026-02-15 10:35:44,034 - MLDecisionSupport_Drone1 - INFO - ML Decision Support initialized
2026-02-15 10:35:44,048 - PhysicalMLTrainer_Drone1 - INFO - Physical ML model trained drone=1 samples=250 degree=2 alpha=0.0 val_mse=0.000155
2026-02-15 10:35:44,048 - Drone_1 - INFO - Drone 1: bootstrap personal trainer loaded 250 rows from datasets/personal_drone_1.csv
2026-02-15 10:35:44,048 - Drone_1 - INFO - Drone 1: Personal ML system initialized
2026-02-15 10:35:44,049 - Drone_1 - INFO - Drone 1 initialized at {'x': 0, 'y': 0, 'z': 0}
2026-02-15 10:35:44,050 - Drone_1 - INFO - Drone 1 started
2026-02-15 10:35:44,051 - Drone_1 - INFO - Drone 1: Role changed from follower to leader
2026-02-15 10:35:44,052 - MLDecisionSupport_Drone2 - INFO - ML Decision Support initialized
2026-02-15 10:35:44,053 - PhysicalMLTrainer_Drone1 - INFO - Physical ML model trained drone=1 samples=251 degree=2 alpha=0.0 val_mse=0.000157
2026-02-15 10:35:44,059 - PhysicalMLTrainer_Drone2 - INFO - Physical ML model trained drone=2 samples=300 degree=2 alpha=0.1 val_mse=0.000128
2026-02-15 10:35:44,060 - Drone_2 - INFO - Drone 2: bootstrap personal trainer loaded 300 rows from datasets/personal_training.csv
2026-02-15 10:35:44,060 - Drone_2 - INFO - Drone 2: Personal ML system initialized
2026-02-15 10:35:44,060 - Drone_2 - INFO - Drone 2 initialized at {'x': 1200, 'y': 300, 'z': 0}
2026-02-15 10:35:44,061 - Drone_2 - INFO - Drone 2 started
2026-02-15 10:35:44,062 - MLDecisionSupport_Drone3 - INFO - ML Decision Support initialized
2026-02-15 10:35:44,063 - PhysicalMLTrainer_Drone2 - INFO - Physical ML model trained drone=2 samples=301 degree=2 alpha=0.1 val_mse=0.000128
2026-02-15 10:35:44,068 - PhysicalMLTrainer_Drone3 - INFO - Physical ML model trained drone=3 samples=300 degree=2 alpha=0.1 val_mse=0.000128
2026-02-15 10:35:44,068 - Drone_3 - INFO - Drone 3: bootstrap personal trainer loaded 300 rows from datasets/personal_training.csv
2026-02-15 10:35:44,068 - Drone_3 - INFO - Drone 3: Personal ML system initialized
2026-02-15 10:35:44,069 - Drone_3 - INFO - Drone 3 initialized at {'x': -1400, 'y': -500, 'z': 0}
2026-02-15 10:35:44,070 - Drone_3 - INFO - Drone 3 started
2026-02-15 10:35:44,071 - MLDecisionSupport_Drone4 - INFO - ML Decision Support initialized
2026-02-15 10:35:44,072 - PhysicalMLTrainer_Drone3 - INFO - Physical ML model trained drone=3 samples=301 degree=2 alpha=0.1 val_mse=0.000128
2026-02-15 10:35:44,078 - PhysicalMLTrainer_Drone4 - INFO - Physical ML model trained drone=4 samples=300 degree=2 alpha=0.1 val_mse=0.000128
2026-02-15 10:35:44,078 - Drone_4 - INFO - Drone 4: bootstrap personal trainer loaded 300 rows from datasets/personal_training.csv
2026-02-15 10:35:44,078 - Drone_4 - INFO - Drone 4: Personal ML system initialized
2026-02-15 10:35:44,079 - Drone_4 - INFO - Drone 4 initialized at {'x': 800, 'y': -1500, 'z': 0}
2026-02-15 10:35:44,080 - Drone_4 - INFO - Drone 4 started
2026-02-15 10:35:44,081 - MLDecisionSupport_Drone5 - INFO - ML Decision Support initialized
2026-02-15 10:35:44,082 - PhysicalMLTrainer_Drone4 - INFO - Physical ML model trained drone=4 samples=301 degree=2 alpha=0.1 val_mse=0.000128
2026-02-15 10:35:44,088 - PhysicalMLTrainer_Drone5 - INFO - Physical ML model trained drone=5 samples=300 degree=2 alpha=0.1 val_mse=0.000128
2026-02-15 10:35:44,089 - Drone_5 - INFO - Drone 5: bootstrap personal trainer loaded 300 rows from datasets/personal_training.csv
2026-02-15 10:35:44,089 - Drone_5 - INFO - Drone 5: Personal ML system initialized
2026-02-15 10:35:44,089 - Drone_5 - INFO - Drone 5 initialized at {'x': -900, 'y': 1600, 'z': 0}
2026-02-15 10:35:44,090 - Drone_5 - INFO - Drone 5 started
2026-02-15 10:35:44,091 - ObstacleManager - INFO - Dynamic obstacle added id=1 type=linear start=(547.6, 1511.6) vel=(-3.8, -7.6)
2026-02-15 10:35:44,091 - ObstacleManager - INFO - Dynamic obstacle added id=2 type=linear start=(405.8, 990.6) vel=(-4.5, -0.7)
2026-02-15 10:35:44,091 - ObstacleManager - INFO - Dynamic obstacle added id=3 type=random_walk start=(1424.4, -527.1) vel=(-3.2, -1.8)
2026-02-15 10:35:44,092 - ObstacleManager - INFO - Dynamic obstacle added id=4 type=random_walk start=(-1777.4, 200.9) vel=(-2.6, -0.4)
2026-02-15 10:35:44,092 - ObstacleManager - INFO - Dynamic obstacle added id=5 type=linear start=(-401.9, -725.2) vel=(-9.0, -4.9)
2026-02-15 10:35:44,092 - ObstacleManager - INFO - Dynamic obstacle added id=6 type=random_walk start=(-387.7, -1043.0) vel=(3.3, 9.1)
2026-02-15 10:35:44,092 - ObstacleManager - INFO - Dynamic obstacle added id=7 type=circular start=(-1353.3, 280.1) vel=(-5.0, -4.7)
2026-02-15 10:35:44,092 - ObstacleManager - INFO - Dynamic obstacle added id=8 type=linear start=(84.2, 706.3) vel=(-5.1, -5.8)
2026-02-15 10:35:44,093 - ObstacleManager - INFO - Dynamic obstacle added id=9 type=random_walk start=(731.6, -1651.9) vel=(-8.0, -2.2)
2026-02-15 10:35:44,093 - ObstacleManager - INFO - Dynamic obstacle added id=10 type=linear start=(1176.5, 494.7) vel=(2.3, 7.0)
2026-02-15 10:35:44,093 - ObstacleManager - INFO - Dynamic obstacle added id=11 type=circular start=(-1793.5, 140.0) vel=(2.2, -0.2)
2026-02-15 10:35:44,093 - ObstacleManager - INFO - Dynamic obstacle added id=12 type=linear start=(445.2, -128.4) vel=(5.6, 3.6)
2026-02-15 10:35:44,094 - ObstacleManager - INFO - Dynamic obstacle added id=13 type=random_walk start=(-647.0, -865.5) vel=(-1.4, -1.8)
2026-02-15 10:35:44,094 - ObstacleManager - INFO - Dynamic obstacle added id=14 type=linear start=(-1280.1, 2149.3) vel=(-0.1, -4.2)
2026-02-15 10:35:44,094 - ObstacleManager - INFO - Dynamic obstacle added id=15 type=linear start=(-159.6, -2479.6) vel=(8.5, -1.1)
2026-02-15 10:35:44,094 - ObstacleManager - INFO - Dynamic obstacle added id=16 type=linear start=(-1301.0, -2094.9) vel=(-2.0, 2.7)
2026-02-15 10:35:44,094 - ObstacleManager - INFO - Dynamic obstacle added id=17 type=random_walk start=(-1747.7, 30.8) vel=(-8.1, 1.2)
2026-02-15 10:35:44,095 - ObstacleManager - INFO - Dynamic obstacle added id=18 type=random_walk start=(65.9, 813.9) vel=(0.6, -10.7)
2026-02-15 10:35:44,095 - ObstacleManager - INFO - Dynamic obstacle added id=19 type=random_walk start=(-2181.0, -1424.0) vel=(4.6, 5.5)
2026-02-15 10:35:44,095 - PhysicalMLTrainer_Drone5 - INFO - Physical ML model trained drone=5 samples=301 degree=2 alpha=0.1 val_mse=0.000128
2026-02-15 10:35:44,095 - ObstacleManager - INFO - Dynamic obstacle added id=20 type=circular start=(2219.6, 131.9) vel=(-2.7, 10.1)
2026-02-15 10:35:44,095 - ObstacleManager - INFO - Dynamic obstacle added id=21 type=circular start=(-893.0, -215.9) vel=(-7.0, -2.3)
2026-02-15 10:35:44,095 - ObstacleManager - INFO - Dynamic obstacle added id=22 type=circular start=(51.8, -1030.4) vel=(-2.6, -10.2)
2026-02-15 10:35:44,095 - ObstacleManager - INFO - Dynamic obstacle added id=23 type=circular start=(448.6, -999.5) vel=(-3.9, 4.7)
2026-02-15 10:35:44,096 - ObstacleManager - INFO - Dynamic obstacle added id=24 type=random_walk start=(787.3, -288.1) vel=(5.8, 7.1)
2026-02-15 10:35:44,096 - ObstacleManager - INFO - Dynamic obstacle added id=25 type=random_walk start=(-2134.0, 635.5) vel=(9.7, 0.9)
2026-02-15 10:35:44,096 - ObstacleManager - INFO - Dynamic obstacle added id=26 type=random_walk start=(-421.7, -1819.2) vel=(1.9, -0.5)
2026-02-15 10:35:44,096 - ObstacleManager - INFO - Dynamic obstacle added id=27 type=random_walk start=(-1150.3, -1025.8) vel=(2.7, -10.1)
2026-02-15 10:35:44,096 - ObstacleManager - INFO - Dynamic obstacle added id=28 type=circular start=(2074.5, 214.6) vel=(-0.5, 4.9)
2026-02-15 10:35:44,096 - ObstacleManager - INFO - Dynamic obstacle added id=29 type=random_walk start=(14.5, -490.1) vel=(-6.4, 3.7)
2026-02-15 10:35:44,096 - ObstacleManager - INFO - Dynamic obstacle added id=30 type=circular start=(-839.9, 2317.7) vel=(-8.3, -6.1)
2026-02-15 10:35:44,098 - Main - INFO - Swarm created with 5 drones
2026-02-15 10:35:44,098 - Main - INFO - Leader elected: Drone 1
2026-02-15 10:35:44,098 - Main - INFO - Starting GUI...
2026-02-15 10:35:50,475 - Drone_1 - INFO - Drone 1: Armed
2026-02-15 10:35:50,478 - Drone_2 - INFO - Drone 2: Armed
2026-02-15 10:35:50,479 - Drone_3 - INFO - Drone 3: Armed
2026-02-15 10:35:50,480 - Drone_4 - INFO - Drone 4: Armed
2026-02-15 10:35:50,481 - Drone_5 - INFO - Drone 5: Armed
2026-02-15 10:35:51,268 - Drone_1 - INFO - Drone 1: Taking off
2026-02-15 10:35:51,269 - DroneStateManager - INFO - Drone 1 state transition IDLE -> TAKEOFF
2026-02-15 10:35:51,269 - Drone_2 - INFO - Drone 2: Taking off
2026-02-15 10:35:51,269 - DroneStateManager - INFO - Drone 2 state transition IDLE -> TAKEOFF
2026-02-15 10:35:51,270 - Drone_3 - INFO - Drone 3: Taking off
2026-02-15 10:35:51,270 - DroneStateManager - INFO - Drone 3 state transition IDLE -> TAKEOFF
2026-02-15 10:35:51,270 - Drone_4 - INFO - Drone 4: Taking off
2026-02-15 10:35:51,270 - DroneStateManager - INFO - Drone 4 state transition IDLE -> TAKEOFF
2026-02-15 10:35:51,271 - Drone_5 - INFO - Drone 5: Taking off
2026-02-15 10:35:51,271 - DroneStateManager - INFO - Drone 5 state transition IDLE -> TAKEOFF
2026-02-15 10:35:53,103 - DroneStateManager - INFO - Drone 2 state transition TAKEOFF -> WAITING_FOR_COMMAND
2026-02-15 10:35:53,103 - DroneStateManager - INFO - Drone 3 state transition TAKEOFF -> WAITING_FOR_COMMAND
2026-02-15 10:35:53,103 - DroneStateManager - INFO - Drone 4 state transition TAKEOFF -> WAITING_FOR_COMMAND
2026-02-15 10:35:53,103 - DroneStateManager - INFO - Drone 5 state transition TAKEOFF -> WAITING_FOR_COMMAND
2026-02-15 10:35:55,945 - Drone_1 - INFO - Drone 1: Flying to {'x': 2585.0, 'y': 2580.0, 'z': 60.0}
2026-02-15 10:35:55,945 - DroneStateManager - INFO - Drone 1 state transition TAKEOFF -> MOVING_TO_TARGET
2026-02-15 10:35:55,946 - Drone_2 - INFO - Drone 2: Flying to {'x': 2553.9057647468726, 'y': 2622.797543233282, 'z': 60.0}
2026-02-15 10:35:55,946 - DroneStateManager - INFO - Drone 2 state transition WAITING_FOR_COMMAND -> MOVING_TO_TARGET
2026-02-15 10:35:55,946 - Drone_3 - INFO - Drone 3: Flying to {'x': 2503.5942352531274, 'y': 2606.450336353161, 'z': 60.0}
2026-02-15 10:35:55,946 - DroneStateManager - INFO - Drone 3 state transition WAITING_FOR_COMMAND -> MOVING_TO_TARGET
2026-02-15 10:35:55,946 - Drone_4 - INFO - Drone 4: Flying to {'x': 2503.5942352531274, 'y': 2553.549663646839, 'z': 60.0}
2026-02-15 10:35:55,947 - DroneStateManager - INFO - Drone 4 state transition WAITING_FOR_COMMAND -> MOVING_TO_TARGET
2026-02-15 10:35:55,947 - Drone_5 - INFO - Drone 5: Flying to {'x': 2553.9057647468726, 'y': 2537.202456766718, 'z': 60.0}
2026-02-15 10:35:55,947 - DroneStateManager - INFO - Drone 5 state transition WAITING_FOR_COMMAND -> MOVING_TO_TARGET
2026-02-15 10:36:04,285 - PhysicalMLTrainer_Drone5 - INFO - Physical ML model trained drone=5 samples=501 degree=2 alpha=0.0 val_mse=0.248817
2026-02-15 10:36:04,287 - PhysicalMLTrainer_Drone2 - INFO - Physical ML model trained drone=2 samples=501 degree=2 alpha=0.0 val_mse=0.278524
2026-02-15 10:36:04,288 - PhysicalMLTrainer_Drone4 - INFO - Physical ML model trained drone=4 samples=501 degree=2 alpha=0.0 val_mse=0.277531
2026-02-15 10:36:04,287 - PhysicalMLTrainer_Drone1 - INFO - Physical ML model trained drone=1 samples=451 degree=2 alpha=0.0 val_mse=0.299303
2026-02-15 10:36:04,289 - PhysicalMLTrainer_Drone3 - INFO - Physical ML model trained drone=3 samples=501 degree=2 alpha=0.0 val_mse=0.264324
2026-02-15 10:36:24,440 - PhysicalMLTrainer_Drone3 - INFO - Physical ML model trained drone=3 samples=701 degree=2 alpha=0.0 val_mse=0.000583
2026-02-15 10:36:24,445 - PhysicalMLTrainer_Drone4 - INFO - Physical ML model trained drone=4 samples=701 degree=2 alpha=0.0 val_mse=0.000767
2026-02-15 10:36:24,449 - PhysicalMLTrainer_Drone5 - INFO - Physical ML model trained drone=5 samples=701 degree=2 alpha=0.0 val_mse=0.000982
2026-02-15 10:36:24,450 - PhysicalMLTrainer_Drone2 - INFO - Physical ML model trained drone=2 samples=701 degree=2 alpha=0.0 val_mse=0.001667
2026-02-15 10:36:24,450 - PhysicalMLTrainer_Drone1 - INFO - Physical ML model trained drone=1 samples=651 degree=2 alpha=0.0 val_mse=0.000955
2026-02-15 10:36:44,576 - PhysicalMLTrainer_Drone1 - INFO - Physical ML model trained drone=1 samples=851 degree=2 alpha=0.0 val_mse=0.001918
2026-02-15 10:36:44,585 - PhysicalMLTrainer_Drone4 - INFO - Physical ML model trained drone=4 samples=901 degree=2 alpha=0.0 val_mse=0.001603
2026-02-15 10:36:44,585 - PhysicalMLTrainer_Drone3 - INFO - Physical ML model trained drone=3 samples=901 degree=2 alpha=0.0 val_mse=0.001265
2026-02-15 10:36:44,590 - PhysicalMLTrainer_Drone2 - INFO - Physical ML model trained drone=2 samples=901 degree=2 alpha=0.0 val_mse=0.002974
2026-02-15 10:36:44,591 - PhysicalMLTrainer_Drone5 - INFO - Physical ML model trained drone=5 samples=901 degree=2 alpha=0.0 val_mse=0.002035
2026-02-15 10:36:55,371 - Drone_3 - INFO - Drone 3: Flying to {'x': -652.2569240626441, 'y': 136.54832654489505, 'z': 14.282164491217792}
2026-02-15 10:36:55,373 - DroneStateManager - INFO - Drone 3 state transition MOVING_TO_TARGET -> AVOIDING_DYNAMIC_OBSTACLE
2026-02-15 10:36:56,375 - DroneStateManager - INFO - Drone 3 state transition AVOIDING_DYNAMIC_OBSTACLE -> MOVING_TO_TARGET
2026-02-15 10:37:01,802 - Drone_3 - INFO - Drone 3: Reached target position
2026-02-15 10:37:02,399 - Drone_3 - INFO - Drone 3: Flying to {'x': 2503.5942352531274, 'y': 2606.450336353161, 'z': 60.0}
2026-02-15 10:37:04,731 - PhysicalMLTrainer_Drone1 - INFO - Physical ML model trained drone=1 samples=1051 degree=2 alpha=0.0 val_mse=0.002173
2026-02-15 10:37:04,732 - PhysicalMLTrainer_Drone4 - INFO - Physical ML model trained drone=4 samples=1101 degree=2 alpha=0.0 val_mse=0.002134
2026-02-15 10:37:04,732 - PhysicalMLTrainer_Drone2 - INFO - Physical ML model trained drone=2 samples=1101 degree=2 alpha=0.0 val_mse=0.002763
2026-02-15 10:37:04,733 - PhysicalMLTrainer_Drone3 - INFO - Physical ML model trained drone=3 samples=1101 degree=2 alpha=0.0 val_mse=0.017070
2026-02-15 10:37:04,739 - PhysicalMLTrainer_Drone5 - INFO - Physical ML model trained drone=5 samples=1101 degree=2 alpha=0.0 val_mse=0.002430
2026-02-15 10:37:24,864 - PhysicalMLTrainer_Drone4 - INFO - Physical ML model trained drone=4 samples=1301 degree=2 alpha=0.0 val_mse=0.002016
2026-02-15 10:37:24,879 - PhysicalMLTrainer_Drone1 - INFO - Physical ML model trained drone=1 samples=1251 degree=2 alpha=0.0 val_mse=0.001746
2026-02-15 10:37:24,883 - PhysicalMLTrainer_Drone5 - INFO - Physical ML model trained drone=5 samples=1301 degree=2 alpha=0.0 val_mse=0.002037
2026-02-15 10:37:24,892 - PhysicalMLTrainer_Drone3 - INFO - Physical ML model trained drone=3 samples=1301 degree=2 alpha=0.0 val_mse=0.001898
2026-02-15 10:37:24,892 - PhysicalMLTrainer_Drone2 - INFO - Physical ML model trained drone=2 samples=1301 degree=2 alpha=0.0 val_mse=0.001875
2026-02-15 10:37:44,999 - PhysicalMLTrainer_Drone4 - INFO - Physical ML model trained drone=4 samples=1501 degree=2 alpha=0.0 val_mse=0.001568
2026-02-15 10:37:45,024 - PhysicalMLTrainer_Drone1 - INFO - Physical ML model trained drone=1 samples=1451 degree=2 alpha=0.0 val_mse=0.001235
2026-02-15 10:37:45,025 - PhysicalMLTrainer_Drone5 - INFO - Physical ML model trained drone=5 samples=1501 degree=2 alpha=0.0 val_mse=0.001474
2026-02-15 10:37:45,027 - PhysicalMLTrainer_Drone2 - INFO - Physical ML model trained drone=2 samples=1501 degree=2 alpha=0.0 val_mse=0.001220
2026-02-15 10:37:45,028 - PhysicalMLTrainer_Drone3 - INFO - Physical ML model trained drone=3 samples=1501 degree=2 alpha=0.0 val_mse=0.001914
2026-02-15 10:38:05,119 - PhysicalMLTrainer_Drone1 - INFO - Physical ML model trained drone=1 samples=1651 degree=2 alpha=0.0 val_mse=0.000881
2026-02-15 10:38:05,120 - PhysicalMLTrainer_Drone4 - INFO - Physical ML model trained drone=4 samples=1701 degree=2 alpha=0.0 val_mse=0.001137
2026-02-15 10:38:05,152 - PhysicalMLTrainer_Drone5 - INFO - Physical ML model trained drone=5 samples=1701 degree=2 alpha=0.0 val_mse=0.001057
2026-02-15 10:38:05,154 - PhysicalMLTrainer_Drone2 - INFO - Physical ML model trained drone=2 samples=1701 degree=2 alpha=0.0 val_mse=0.000860
2026-02-15 10:38:05,154 - PhysicalMLTrainer_Drone3 - INFO - Physical ML model trained drone=3 samples=1701 degree=2 alpha=0.0 val_mse=0.001404
2026-02-15 10:38:25,234 - PhysicalMLTrainer_Drone4 - INFO - Physical ML model trained drone=4 samples=1901 degree=2 alpha=0.0 val_mse=0.000828
2026-02-15 10:38:25,234 - PhysicalMLTrainer_Drone1 - INFO - Physical ML model trained drone=1 samples=1851 degree=2 alpha=0.0 val_mse=0.000673
2026-02-15 10:38:25,290 - PhysicalMLTrainer_Drone2 - INFO - Physical ML model trained drone=2 samples=1901 degree=2 alpha=0.0 val_mse=0.000677
2026-02-15 10:38:25,291 - PhysicalMLTrainer_Drone3 - INFO - Physical ML model trained drone=3 samples=1901 degree=2 alpha=0.0 val_mse=0.001025
2026-02-15 10:38:25,292 - PhysicalMLTrainer_Drone5 - INFO - Physical ML model trained drone=5 samples=1901 degree=2 alpha=0.0 val_mse=0.000802
2026-02-15 10:38:45,341 - PhysicalMLTrainer_Drone1 - INFO - Physical ML model trained drone=1 samples=2051 degree=2 alpha=0.0 val_mse=0.000560
2026-02-15 10:38:45,341 - PhysicalMLTrainer_Drone4 - INFO - Physical ML model trained drone=4 samples=2101 degree=2 alpha=0.0 val_mse=0.000630
2026-02-15 10:38:45,398 - PhysicalMLTrainer_Drone2 - INFO - Physical ML model trained drone=2 samples=2101 degree=2 alpha=0.0 val_mse=0.000585
2026-02-15 10:38:45,418 - PhysicalMLTrainer_Drone3 - INFO - Physical ML model trained drone=3 samples=2101 degree=2 alpha=0.0 val_mse=0.000770
2026-02-15 10:38:45,418 - PhysicalMLTrainer_Drone5 - INFO - Physical ML model trained drone=5 samples=2101 degree=2 alpha=0.0 val_mse=0.000659
2026-02-15 10:38:55,257 - Drone_2 - INFO - Drone 2: Reached target position
2026-02-15 10:38:55,812 - DroneStateManager - INFO - Drone 2 state transition MOVING_TO_TARGET -> WAITING_FOR_COMMAND
2026-02-15 10:38:55,812 - DroneStateManager - INFO - Drone 2 state transition WAITING_FOR_COMMAND -> MISSION_COMPLETE
2026-02-15 10:38:55,815 - Drone_1 - INFO - Drone 1: Returning to home - Leader broadcast RETURN_TO_HOME
2026-02-15 10:38:55,815 - DroneStateManager - INFO - Drone 1 state transition MOVING_TO_TARGET -> RETURNING_HOME
2026-02-15 10:38:55,815 - Drone_2 - INFO - Drone 2: Returning to home - Leader broadcast RETURN_TO_HOME
2026-02-15 10:38:55,816 - DroneStateManager - INFO - Drone 2 state transition MISSION_COMPLETE -> RETURNING_HOME
2026-02-15 10:38:55,816 - Drone_3 - INFO - Drone 3: Returning to home - Leader broadcast RETURN_TO_HOME
2026-02-15 10:38:55,816 - DroneStateManager - INFO - Drone 3 state transition MOVING_TO_TARGET -> RETURNING_HOME
2026-02-15 10:38:55,816 - Drone_4 - INFO - Drone 4: Returning to home - Leader broadcast RETURN_TO_HOME
2026-02-15 10:38:55,816 - DroneStateManager - INFO - Drone 4 state transition MOVING_TO_TARGET -> RETURNING_HOME
2026-02-15 10:38:55,817 - Drone_5 - INFO - Drone 5: Returning to home - Leader broadcast RETURN_TO_HOME
2026-02-15 10:38:55,817 - DroneStateManager - INFO - Drone 5 state transition MOVING_TO_TARGET -> RETURNING_HOME
2026-02-15 10:39:05,474 - PhysicalMLTrainer_Drone1 - INFO - Physical ML model trained drone=1 samples=2251 degree=2 alpha=1.0 val_mse=0.126724
2026-02-15 10:39:05,475 - PhysicalMLTrainer_Drone4 - INFO - Physical ML model trained drone=4 samples=2301 degree=2 alpha=1.0 val_mse=0.058996
2026-02-15 10:39:05,514 - PhysicalMLTrainer_Drone2 - INFO - Physical ML model trained drone=2 samples=2301 degree=2 alpha=1.0 val_mse=0.129440
2026-02-15 10:39:05,524 - PhysicalMLTrainer_Drone5 - INFO - Physical ML model trained drone=5 samples=2301 degree=2 alpha=1.0 val_mse=0.083858
2026-02-15 10:39:05,538 - PhysicalMLTrainer_Drone3 - INFO - Physical ML model trained drone=3 samples=2301 degree=2 alpha=1.0 val_mse=0.101501
2026-02-15 10:39:25,593 - PhysicalMLTrainer_Drone1 - INFO - Physical ML model trained drone=1 samples=2451 degree=2 alpha=1.0 val_mse=0.347420
2026-02-15 10:39:25,593 - PhysicalMLTrainer_Drone4 - INFO - Physical ML model trained drone=4 samples=2501 degree=2 alpha=1.0 val_mse=0.159165
2026-02-15 10:39:25,644 - PhysicalMLTrainer_Drone2 - INFO - Physical ML model trained drone=2 samples=2501 degree=2 alpha=1.0 val_mse=0.348235
2026-02-15 10:39:25,644 - PhysicalMLTrainer_Drone5 - INFO - Physical ML model trained drone=5 samples=2501 degree=2 alpha=1.0 val_mse=0.225082
2026-02-15 10:39:25,651 - PhysicalMLTrainer_Drone3 - INFO - Physical ML model trained drone=3 samples=2501 degree=2 alpha=1.0 val_mse=0.276217
2026-02-15 10:39:42,902 - Drone_1 - INFO - Drone 1 stopped
2026-02-15 10:39:42,941 - Drone_2 - INFO - Drone 2 stopped
2026-02-15 10:39:42,959 - Drone_3 - INFO - Drone 3 stopped
2026-02-15 10:39:43,001 - Drone_4 - INFO - Drone 4 stopped
2026-02-15 10:39:43,061 - Drone_5 - INFO - Drone 5 stopped
2026-02-15 10:39:43,063 - Main - INFO - System shutdown complete
