2026-02-12 10:04:19,811 - Main - INFO - Starting Drone Swarm Management System
2026-02-12 10:04:19,812 - SwarmManager - INFO - Swarm Manager initialized
2026-02-12 10:04:19,813 - MLDecisionSupport_Drone1 - INFO - ML Decision Support initialized
2026-02-12 10:04:19,821 - Drone_1 - INFO - Drone 1: Personal ML system initialized
2026-02-12 10:04:19,822 - Drone_1 - INFO - Drone 1 initialized at {'x': 0, 'y': 0, 'z': 0}
2026-02-12 10:04:19,823 - Drone_1 - INFO - Drone 1 started
2026-02-12 10:04:19,823 - SwarmManager - INFO - Drone 1 added to swarm
2026-02-12 10:04:19,823 - SwarmManager - INFO - Starting leader election...
2026-02-12 10:04:19,825 - SwarmManager - INFO -   Drone 1: suitability score = 100.00
2026-02-12 10:04:19,825 - Drone_1 - INFO - Drone 1: Role changed from follower to leader
2026-02-12 10:04:19,829 - MLDecisionSupport_Drone2 - INFO - ML Decision Support initialized
2026-02-12 10:04:19,832 - Drone_2 - INFO - Drone 2: Personal ML system initialized
2026-02-12 10:04:19,833 - Drone_2 - INFO - Drone 2 initialized at {'x': 1200, 'y': 300, 'z': 0}
2026-02-12 10:04:19,834 - Drone_2 - INFO - Drone 2 started
2026-02-12 10:04:19,834 - SwarmManager - INFO - Drone 2 added to swarm
2026-02-12 10:04:19,835 - MLDecisionSupport_Drone3 - INFO - ML Decision Support initialized
2026-02-12 10:04:19,836 - Drone_3 - INFO - Drone 3: Personal ML system initialized
2026-02-12 10:04:19,836 - Drone_3 - INFO - Drone 3 initialized at {'x': -1400, 'y': -500, 'z': 0}
2026-02-12 10:04:19,837 - Drone_3 - INFO - Drone 3 started
2026-02-12 10:04:19,837 - SwarmManager - INFO - Drone 3 added to swarm
2026-02-12 10:04:19,838 - MLDecisionSupport_Drone4 - INFO - ML Decision Support initialized
2026-02-12 10:04:19,839 - Drone_4 - INFO - Drone 4: Personal ML system initialized
2026-02-12 10:04:19,840 - Drone_4 - INFO - Drone 4 initialized at {'x': 800, 'y': -1500, 'z': 0}
2026-02-12 10:04:19,840 - Drone_4 - INFO - Drone 4 started
2026-02-12 10:04:19,840 - SwarmManager - INFO - Drone 4 added to swarm
2026-02-12 10:04:19,841 - MLDecisionSupport_Drone5 - INFO - ML Decision Support initialized
2026-02-12 10:04:19,842 - Drone_5 - INFO - Drone 5: Personal ML system initialized
2026-02-12 10:04:19,842 - Drone_5 - INFO - Drone 5 initialized at {'x': -900, 'y': 1600, 'z': 0}
2026-02-12 10:04:19,842 - Drone_5 - INFO - Drone 5 started
2026-02-12 10:04:19,843 - SwarmManager - INFO - Drone 5 added to swarm
2026-02-12 10:04:19,843 - SwarmManager - INFO - Swarm monitoring started
2026-02-12 10:04:19,844 - Main - INFO - Swarm created with 5 drones
2026-02-12 10:04:19,844 - Main - INFO - Leader elected: Drone 1
2026-02-12 10:04:19,844 - Main - INFO - Starting GUI...
2026-02-12 10:04:39,886 - PhysicalMLTrainer_Drone3 - INFO - Physical ML model trained for drone=3 samples=200
2026-02-12 10:04:39,887 - PhysicalMLTrainer_Drone2 - INFO - Physical ML model trained for drone=2 samples=200
2026-02-12 10:04:39,891 - PhysicalMLTrainer_Drone4 - INFO - Physical ML model trained for drone=4 samples=200
2026-02-12 10:04:39,895 - PhysicalMLTrainer_Drone1 - INFO - Physical ML model trained for drone=1 samples=200
2026-02-12 10:04:39,896 - PhysicalMLTrainer_Drone5 - INFO - Physical ML model trained for drone=5 samples=200
2026-02-12 10:04:59,968 - PhysicalMLTrainer_Drone3 - INFO - Physical ML model trained for drone=3 samples=400
2026-02-12 10:04:59,969 - PhysicalMLTrainer_Drone4 - INFO - Physical ML model trained for drone=4 samples=400
2026-02-12 10:04:59,969 - PhysicalMLTrainer_Drone2 - INFO - Physical ML model trained for drone=2 samples=400
2026-02-12 10:04:59,973 - PhysicalMLTrainer_Drone1 - INFO - Physical ML model trained for drone=1 samples=400
2026-02-12 10:04:59,980 - PhysicalMLTrainer_Drone5 - INFO - Physical ML model trained for drone=5 samples=400
2026-02-12 10:05:20,058 - PhysicalMLTrainer_Drone5 - INFO - Physical ML model trained for drone=5 samples=600
2026-02-12 10:05:20,058 - PhysicalMLTrainer_Drone3 - INFO - Physical ML model trained for drone=3 samples=600
2026-02-12 10:05:20,058 - PhysicalMLTrainer_Drone4 - INFO - Physical ML model trained for drone=4 samples=600
2026-02-12 10:05:20,058 - PhysicalMLTrainer_Drone2 - INFO - Physical ML model trained for drone=2 samples=600
2026-02-12 10:05:20,058 - PhysicalMLTrainer_Drone1 - INFO - Physical ML model trained for drone=1 samples=600
2026-02-12 10:05:38,941 - Drone_1 - INFO - Drone 1 stopped
2026-02-12 10:05:39,040 - Drone_2 - INFO - Drone 2 stopped
2026-02-12 10:05:39,140 - Drone_3 - INFO - Drone 3 stopped
2026-02-12 10:05:39,240 - Drone_4 - INFO - Drone 4 stopped
2026-02-12 10:05:39,242 - Drone_5 - INFO - Drone 5 stopped
2026-02-12 10:05:39,243 - SwarmManager - INFO - Swarm monitoring stopped
2026-02-12 10:05:39,243 - Main - INFO - System shutdown complete
