2026-02-17 08:19:12,749 - Main - INFO - Starting Drone Swarm Management System
2026-02-17 08:19:12,751 - MLDecisionSupport_Drone1 - INFO - ML Decision Support initialized
2026-02-17 08:19:12,759 - PhysicalMLTrainer_Drone1 - INFO - Physical ML model trained drone=1 samples=250 degree=2 alpha=0.0 val_mse=0.000155
2026-02-17 08:19:12,760 - Drone_1 - INFO - Drone 1: bootstrap personal trainer loaded 250 rows from datasets/personal_drone_1.csv
2026-02-17 08:19:12,760 - Drone_1 - INFO - Drone 1: Personal ML system initialized
2026-02-17 08:19:12,760 - Drone_1 - INFO - Drone 1 initialized at {'x': 0, 'y': 0, 'z': 0}
2026-02-17 08:19:12,770 - Drone_1 - INFO - Drone 1 started
2026-02-17 08:19:12,773 - Drone_1 - INFO - Drone 1: Role changed from follower to leader
2026-02-17 08:19:12,774 - PhysicalMLTrainer_Drone1 - INFO - Physical ML model trained drone=1 samples=251 degree=2 alpha=0.0 val_mse=0.000157
2026-02-17 08:19:12,774 - MLDecisionSupport_Drone2 - INFO - ML Decision Support initialized
2026-02-17 08:19:12,783 - PhysicalMLTrainer_Drone2 - INFO - Physical ML model trained drone=2 samples=300 degree=2 alpha=0.1 val_mse=0.000128
2026-02-17 08:19:12,783 - Drone_2 - INFO - Drone 2: bootstrap personal trainer loaded 300 rows from datasets/personal_training.csv
2026-02-17 08:19:12,784 - Drone_2 - INFO - Drone 2: Personal ML system initialized
2026-02-17 08:19:12,784 - Drone_2 - INFO - Drone 2 initialized at {'x': 1200, 'y': 300, 'z': 0}
2026-02-17 08:19:12,785 - Drone_2 - INFO - Drone 2 started
2026-02-17 08:19:12,788 - MLDecisionSupport_Drone3 - INFO - ML Decision Support initialized
2026-02-17 08:19:12,789 - PhysicalMLTrainer_Drone2 - INFO - Physical ML model trained drone=2 samples=301 degree=2 alpha=0.1 val_mse=0.000128
2026-02-17 08:19:12,795 - PhysicalMLTrainer_Drone3 - INFO - Physical ML model trained drone=3 samples=300 degree=2 alpha=0.1 val_mse=0.000128
2026-02-17 08:19:12,795 - Drone_3 - INFO - Drone 3: bootstrap personal trainer loaded 300 rows from datasets/personal_training.csv
2026-02-17 08:19:12,796 - Drone_3 - INFO - Drone 3: Personal ML system initialized
2026-02-17 08:19:12,796 - Drone_3 - INFO - Drone 3 initialized at {'x': -1400, 'y': -500, 'z': 0}
2026-02-17 08:19:12,797 - Drone_3 - INFO - Drone 3 started
2026-02-17 08:19:12,799 - MLDecisionSupport_Drone4 - INFO - ML Decision Support initialized
2026-02-17 08:19:12,800 - PhysicalMLTrainer_Drone3 - INFO - Physical ML model trained drone=3 samples=301 degree=2 alpha=0.1 val_mse=0.000128
2026-02-17 08:19:12,806 - PhysicalMLTrainer_Drone4 - INFO - Physical ML model trained drone=4 samples=300 degree=2 alpha=0.1 val_mse=0.000128
2026-02-17 08:19:12,806 - Drone_4 - INFO - Drone 4: bootstrap personal trainer loaded 300 rows from datasets/personal_training.csv
2026-02-17 08:19:12,806 - Drone_4 - INFO - Drone 4: Personal ML system initialized
2026-02-17 08:19:12,806 - Drone_4 - INFO - Drone 4 initialized at {'x': 800, 'y': -1500, 'z': 0}
2026-02-17 08:19:12,807 - Drone_4 - INFO - Drone 4 started
2026-02-17 08:19:12,809 - MLDecisionSupport_Drone5 - INFO - ML Decision Support initialized
2026-02-17 08:19:12,811 - PhysicalMLTrainer_Drone4 - INFO - Physical ML model trained drone=4 samples=301 degree=2 alpha=0.1 val_mse=0.000128
2026-02-17 08:19:12,816 - PhysicalMLTrainer_Drone5 - INFO - Physical ML model trained drone=5 samples=300 degree=2 alpha=0.1 val_mse=0.000128
2026-02-17 08:19:12,816 - Drone_5 - INFO - Drone 5: bootstrap personal trainer loaded 300 rows from datasets/personal_training.csv
2026-02-17 08:19:12,816 - Drone_5 - INFO - Drone 5: Personal ML system initialized
2026-02-17 08:19:12,817 - Drone_5 - INFO - Drone 5 initialized at {'x': -900, 'y': 1600, 'z': 0}
2026-02-17 08:19:12,818 - Drone_5 - INFO - Drone 5 started
2026-02-17 08:19:12,819 - ObstacleManager - INFO - Dynamic obstacle added id=1 type=random_walk start=(-1300.8, -70.1) vel=(7.2, 3.3)
2026-02-17 08:19:12,819 - ObstacleManager - INFO - Dynamic obstacle added id=2 type=random_walk start=(552.6, -706.8) vel=(-3.2, 2.5)
2026-02-17 08:19:12,819 - ObstacleManager - INFO - Dynamic obstacle added id=3 type=linear start=(-828.8, -2432.5) vel=(0.2, -2.7)
2026-02-17 08:19:12,819 - ObstacleManager - INFO - Dynamic obstacle added id=4 type=circular start=(130.7, 1659.8) vel=(3.3, -1.6)
2026-02-17 08:19:12,819 - ObstacleManager - INFO - Dynamic obstacle added id=5 type=linear start=(-234.3, 1606.3) vel=(8.9, 6.2)
2026-02-17 08:19:12,820 - ObstacleManager - INFO - Dynamic obstacle added id=6 type=linear start=(-489.2, 448.7) vel=(-10.2, 4.1)
2026-02-17 08:19:12,820 - ObstacleManager - INFO - Dynamic obstacle added id=7 type=random_walk start=(303.4, 2485.7) vel=(5.4, 6.5)
2026-02-17 08:19:12,820 - ObstacleManager - INFO - Dynamic obstacle added id=8 type=circular start=(-238.3, -2495.5) vel=(-3.1, 1.7)
2026-02-17 08:19:12,820 - ObstacleManager - INFO - Dynamic obstacle added id=9 type=circular start=(1678.9, 796.3) vel=(8.4, 1.4)
2026-02-17 08:19:12,820 - ObstacleManager - INFO - Dynamic obstacle added id=10 type=random_walk start=(1455.7, -1797.6) vel=(-2.6, 1.1)
2026-02-17 08:19:12,820 - ObstacleManager - INFO - Dynamic obstacle added id=11 type=random_walk start=(-378.5, -1079.8) vel=(-8.6, 2.6)
2026-02-17 08:19:12,821 - ObstacleManager - INFO - Dynamic obstacle added id=12 type=linear start=(-1119.3, -806.9) vel=(-3.1, 1.2)
2026-02-17 08:19:12,821 - ObstacleManager - INFO - Dynamic obstacle added id=13 type=circular start=(-664.5, -822.6) vel=(1.6, 3.0)
2026-02-17 08:19:12,821 - ObstacleManager - INFO - Dynamic obstacle added id=14 type=circular start=(-530.3, 90.7) vel=(-2.1, -1.0)
2026-02-17 08:19:12,821 - ObstacleManager - INFO - Dynamic obstacle added id=15 type=linear start=(-453.6, 995.8) vel=(-4.3, -5.0)
2026-02-17 08:19:12,821 - ObstacleManager - INFO - Dynamic obstacle added id=16 type=circular start=(320.3, 534.2) vel=(9.2, 0.9)
2026-02-17 08:19:12,822 - ObstacleManager - INFO - Dynamic obstacle added id=17 type=linear start=(777.1, -1970.1) vel=(-0.9, 10.1)
2026-02-17 08:19:12,821 - PhysicalMLTrainer_Drone5 - INFO - Physical ML model trained drone=5 samples=301 degree=2 alpha=0.1 val_mse=0.000128
2026-02-17 08:19:12,822 - ObstacleManager - INFO - Dynamic obstacle added id=18 type=random_walk start=(224.5, 50.9) vel=(-2.6, -9.0)
2026-02-17 08:19:12,822 - ObstacleManager - INFO - Dynamic obstacle added id=19 type=random_walk start=(-557.7, -136.8) vel=(-5.7, 0.4)
2026-02-17 08:19:12,822 - ObstacleManager - INFO - Dynamic obstacle added id=20 type=circular start=(-1105.3, -579.8) vel=(-3.2, -6.8)
2026-02-17 08:19:12,822 - ObstacleManager - INFO - Dynamic obstacle added id=21 type=circular start=(1072.4, 1608.1) vel=(3.4, 5.8)
2026-02-17 08:19:12,822 - ObstacleManager - INFO - Dynamic obstacle added id=22 type=random_walk start=(1487.9, -992.7) vel=(-1.2, 1.8)
2026-02-17 08:19:12,822 - ObstacleManager - INFO - Dynamic obstacle added id=23 type=random_walk start=(-175.4, -807.3) vel=(2.7, 7.6)
2026-02-17 08:19:12,822 - ObstacleManager - INFO - Dynamic obstacle added id=24 type=circular start=(238.8, 517.5) vel=(-0.0, -5.4)
2026-02-17 08:19:12,827 - Main - INFO - Swarm created with 5 drones
2026-02-17 08:19:12,827 - Main - INFO - Leader elected: Drone 1
2026-02-17 08:19:12,827 - Main - INFO - Starting GUI...
2026-02-17 08:19:21,092 - MLDecisionSupport_Drone6 - INFO - ML Decision Support initialized
2026-02-17 08:19:21,101 - PhysicalMLTrainer_Drone6 - INFO - Physical ML model trained drone=6 samples=300 degree=2 alpha=0.1 val_mse=0.000128
2026-02-17 08:19:21,102 - Drone_6 - INFO - Drone 6: bootstrap personal trainer loaded 300 rows from datasets/personal_training.csv
2026-02-17 08:19:21,102 - Drone_6 - INFO - Drone 6: Personal ML system initialized
2026-02-17 08:19:21,102 - Drone_6 - INFO - Drone 6 initialized at {'x': 187.57370642231035, 'y': 945.0042063196079, 'z': 0}
2026-02-17 08:19:21,104 - Drone_6 - INFO - Drone 6 started
2026-02-17 08:19:21,108 - PhysicalMLTrainer_Drone6 - INFO - Physical ML model trained drone=6 samples=301 degree=2 alpha=0.1 val_mse=0.000128
2026-02-17 08:19:21,660 - MLDecisionSupport_Drone7 - INFO - ML Decision Support initialized
2026-02-17 08:19:21,668 - PhysicalMLTrainer_Drone7 - INFO - Physical ML model trained drone=7 samples=300 degree=2 alpha=0.1 val_mse=0.000128
2026-02-17 08:19:21,669 - Drone_7 - INFO - Drone 7: bootstrap personal trainer loaded 300 rows from datasets/personal_training.csv
2026-02-17 08:19:21,669 - Drone_7 - INFO - Drone 7: Personal ML system initialized
2026-02-17 08:19:21,669 - Drone_7 - INFO - Drone 7 initialized at {'x': 1684.7970074187433, 'y': -1264.787252166184, 'z': 0}
2026-02-17 08:19:21,670 - Drone_7 - INFO - Drone 7 started
2026-02-17 08:19:21,673 - PhysicalMLTrainer_Drone7 - INFO - Physical ML model trained drone=7 samples=301 degree=2 alpha=0.1 val_mse=0.000128
2026-02-17 08:19:33,016 - PhysicalMLTrainer_Drone1 - INFO - Physical ML model trained drone=1 samples=451 degree=2 alpha=0.0 val_mse=0.000000
2026-02-17 08:19:33,018 - PhysicalMLTrainer_Drone5 - INFO - Physical ML model trained drone=5 samples=501 degree=2 alpha=0.0 val_mse=0.000000
2026-02-17 08:19:33,019 - PhysicalMLTrainer_Drone2 - INFO - Physical ML model trained drone=2 samples=501 degree=2 alpha=0.0 val_mse=0.000000
2026-02-17 08:19:33,019 - PhysicalMLTrainer_Drone4 - INFO - Physical ML model trained drone=4 samples=501 degree=2 alpha=0.0 val_mse=0.000000
2026-02-17 08:19:33,020 - PhysicalMLTrainer_Drone3 - INFO - Physical ML model trained drone=3 samples=501 degree=2 alpha=0.0 val_mse=0.000000
2026-02-17 08:19:41,231 - PhysicalMLTrainer_Drone6 - INFO - Physical ML model trained drone=6 samples=501 degree=2 alpha=0.0 val_mse=0.000000
2026-02-17 08:19:41,788 - PhysicalMLTrainer_Drone7 - INFO - Physical ML model trained drone=7 samples=501 degree=2 alpha=0.0 val_mse=0.000000
2026-02-17 08:19:53,152 - PhysicalMLTrainer_Drone4 - INFO - Physical ML model trained drone=4 samples=701 degree=2 alpha=0.0 val_mse=0.000000
2026-02-17 08:19:53,160 - PhysicalMLTrainer_Drone3 - INFO - Physical ML model trained drone=3 samples=701 degree=2 alpha=0.0 val_mse=0.000000
2026-02-17 08:19:53,172 - PhysicalMLTrainer_Drone5 - INFO - Physical ML model trained drone=5 samples=701 degree=2 alpha=0.0 val_mse=0.000000
2026-02-17 08:19:53,173 - PhysicalMLTrainer_Drone1 - INFO - Physical ML model trained drone=1 samples=651 degree=2 alpha=0.0 val_mse=0.000000
2026-02-17 08:19:53,173 - PhysicalMLTrainer_Drone2 - INFO - Physical ML model trained drone=2 samples=701 degree=2 alpha=0.0 val_mse=0.000000
2026-02-17 08:20:01,377 - PhysicalMLTrainer_Drone6 - INFO - Physical ML model trained drone=6 samples=701 degree=2 alpha=0.0 val_mse=0.000000
2026-02-17 08:20:01,926 - PhysicalMLTrainer_Drone7 - INFO - Physical ML model trained drone=7 samples=701 degree=2 alpha=0.0 val_mse=0.000000
2026-02-17 08:20:13,285 - PhysicalMLTrainer_Drone4 - INFO - Physical ML model trained drone=4 samples=901 degree=2 alpha=0.0 val_mse=0.000000
2026-02-17 08:20:13,296 - PhysicalMLTrainer_Drone3 - INFO - Physical ML model trained drone=3 samples=901 degree=2 alpha=0.0 val_mse=0.000000
2026-02-17 08:20:13,317 - PhysicalMLTrainer_Drone2 - INFO - Physical ML model trained drone=2 samples=901 degree=2 alpha=0.0 val_mse=0.000000
2026-02-17 08:20:13,317 - PhysicalMLTrainer_Drone5 - INFO - Physical ML model trained drone=5 samples=901 degree=2 alpha=0.0 val_mse=0.000000
2026-02-17 08:20:13,317 - PhysicalMLTrainer_Drone1 - INFO - Physical ML model trained drone=1 samples=851 degree=2 alpha=0.0 val_mse=0.000000
2026-02-17 08:20:21,515 - PhysicalMLTrainer_Drone6 - INFO - Physical ML model trained drone=6 samples=901 degree=2 alpha=0.0 val_mse=0.000000
2026-02-17 08:20:22,047 - PhysicalMLTrainer_Drone7 - INFO - Physical ML model trained drone=7 samples=901 degree=2 alpha=0.0 val_mse=0.000000
2026-02-17 08:20:23,083 - Drone_1 - INFO - Drone 1: Armed
2026-02-17 08:20:23,084 - Drone_2 - INFO - Drone 2: Armed
2026-02-17 08:20:23,085 - Drone_3 - INFO - Drone 3: Armed
2026-02-17 08:20:23,085 - Drone_4 - INFO - Drone 4: Armed
2026-02-17 08:20:23,086 - Drone_5 - INFO - Drone 5: Armed
2026-02-17 08:20:23,086 - Drone_6 - INFO - Drone 6: Armed
2026-02-17 08:20:23,086 - Drone_7 - INFO - Drone 7: Armed
2026-02-17 08:20:23,493 - Drone_1 - INFO - Drone 1: Taking off
2026-02-17 08:20:23,493 - DroneStateManager - INFO - Drone 1 state transition IDLE -> TAKEOFF
2026-02-17 08:20:23,494 - Drone_2 - INFO - Drone 2: Taking off
2026-02-17 08:20:23,494 - DroneStateManager - INFO - Drone 2 state transition IDLE -> TAKEOFF
2026-02-17 08:20:23,495 - Drone_3 - INFO - Drone 3: Taking off
2026-02-17 08:20:23,495 - DroneStateManager - INFO - Drone 3 state transition IDLE -> TAKEOFF
2026-02-17 08:20:23,495 - Drone_4 - INFO - Drone 4: Taking off
2026-02-17 08:20:23,495 - DroneStateManager - INFO - Drone 4 state transition IDLE -> TAKEOFF
2026-02-17 08:20:23,496 - Drone_5 - INFO - Drone 5: Taking off
2026-02-17 08:20:23,496 - DroneStateManager - INFO - Drone 5 state transition IDLE -> TAKEOFF
2026-02-17 08:20:23,497 - Drone_6 - INFO - Drone 6: Taking off
2026-02-17 08:20:23,497 - DroneStateManager - INFO - Drone 6 state transition IDLE -> TAKEOFF
2026-02-17 08:20:23,497 - Drone_7 - INFO - Drone 7: Taking off
2026-02-17 08:20:23,498 - DroneStateManager - INFO - Drone 7 state transition IDLE -> TAKEOFF
2026-02-17 08:20:25,065 - DroneStateManager - INFO - Drone 2 state transition TAKEOFF -> WAITING_FOR_COMMAND
2026-02-17 08:20:25,066 - DroneStateManager - INFO - Drone 3 state transition TAKEOFF -> WAITING_FOR_COMMAND
2026-02-17 08:20:25,067 - DroneStateManager - INFO - Drone 4 state transition TAKEOFF -> WAITING_FOR_COMMAND
2026-02-17 08:20:25,068 - DroneStateManager - INFO - Drone 5 state transition TAKEOFF -> WAITING_FOR_COMMAND
2026-02-17 08:20:25,068 - DroneStateManager - INFO - Drone 6 state transition TAKEOFF -> WAITING_FOR_COMMAND
2026-02-17 08:20:25,068 - DroneStateManager - INFO - Drone 7 state transition TAKEOFF -> WAITING_FOR_COMMAND
2026-02-17 08:20:27,189 - Drone_1 - INFO - Drone 1: Flying to {'x': 2874.7581947655262, 'y': 2540.030993450489, 'z': 60.0}
2026-02-17 08:20:27,189 - DroneStateManager - INFO - Drone 1 state transition TAKEOFF -> MOVING_TO_TARGET
2026-02-17 08:20:27,190 - Drone_2 - INFO - Drone 2: Flying to {'x': 2855.8823051305385, 'y': 2579.2271821568793, 'z': 60.0}
2026-02-17 08:20:27,190 - DroneStateManager - INFO - Drone 2 state transition WAITING_FOR_COMMAND -> MOVING_TO_TARGET
2026-02-17 08:20:27,190 - Drone_3 - INFO - Drone 3: Flying to {'x': 2813.4685661186986, 'y': 2588.9078413108186, 'z': 60.0}
2026-02-17 08:20:27,191 - DroneStateManager - INFO - Drone 3 state transition WAITING_FOR_COMMAND -> MOVING_TO_TARGET
2026-02-17 08:20:27,191 - Drone_4 - INFO - Drone 4: Flying to {'x': 2779.4553882885266, 'y': 2561.7832371199315, 'z': 60.0}
2026-02-17 08:20:27,191 - DroneStateManager - INFO - Drone 4 state transition WAITING_FOR_COMMAND -> MOVING_TO_TARGET
2026-02-17 08:20:27,192 - Drone_5 - INFO - Drone 5: Flying to {'x': 2779.4553882885266, 'y': 2518.2787497810464, 'z': 60.0}
2026-02-17 08:20:27,192 - DroneStateManager - INFO - Drone 5 state transition WAITING_FOR_COMMAND -> MOVING_TO_TARGET
2026-02-17 08:20:27,192 - Drone_6 - INFO - Drone 6: Flying to {'x': 2813.4685661186986, 'y': 2491.1541455901593, 'z': 60.0}
2026-02-17 08:20:27,193 - DroneStateManager - INFO - Drone 6 state transition WAITING_FOR_COMMAND -> MOVING_TO_TARGET
2026-02-17 08:20:27,193 - Drone_7 - INFO - Drone 7: Flying to {'x': 2855.8823051305385, 'y': 2500.8348047440986, 'z': 60.0}
2026-02-17 08:20:27,193 - DroneStateManager - INFO - Drone 7 state transition WAITING_FOR_COMMAND -> MOVING_TO_TARGET
2026-02-17 08:20:33,426 - PhysicalMLTrainer_Drone3 - INFO - Physical ML model trained drone=3 samples=1101 degree=2 alpha=0.0 val_mse=0.096778
2026-02-17 08:20:33,428 - PhysicalMLTrainer_Drone4 - INFO - Physical ML model trained drone=4 samples=1101 degree=2 alpha=0.0 val_mse=0.101850
2026-02-17 08:20:33,446 - PhysicalMLTrainer_Drone1 - INFO - Physical ML model trained drone=1 samples=1051 degree=2 alpha=0.0 val_mse=0.102691
2026-02-17 08:20:33,447 - PhysicalMLTrainer_Drone2 - INFO - Physical ML model trained drone=2 samples=1101 degree=2 alpha=0.0 val_mse=0.102568
2026-02-17 08:20:33,448 - PhysicalMLTrainer_Drone5 - INFO - Physical ML model trained drone=5 samples=1101 degree=2 alpha=0.0 val_mse=0.090581
2026-02-17 08:20:41,623 - PhysicalMLTrainer_Drone6 - INFO - Physical ML model trained drone=6 samples=1101 degree=2 alpha=0.0 val_mse=0.219181
2026-02-17 08:20:42,178 - PhysicalMLTrainer_Drone7 - INFO - Physical ML model trained drone=7 samples=1101 degree=2 alpha=0.0 val_mse=0.240502
2026-02-17 08:20:53,558 - PhysicalMLTrainer_Drone4 - INFO - Physical ML model trained drone=4 samples=1301 degree=2 alpha=0.0 val_mse=0.067900
2026-02-17 08:20:53,562 - PhysicalMLTrainer_Drone1 - INFO - Physical ML model trained drone=1 samples=1251 degree=2 alpha=0.0 val_mse=0.002811
2026-02-17 08:20:53,578 - PhysicalMLTrainer_Drone2 - INFO - Physical ML model trained drone=2 samples=1301 degree=2 alpha=0.0 val_mse=0.032591
2026-02-17 08:20:53,579 - PhysicalMLTrainer_Drone5 - INFO - Physical ML model trained drone=5 samples=1301 degree=2 alpha=0.0 val_mse=0.049377
2026-02-17 08:20:53,580 - PhysicalMLTrainer_Drone3 - INFO - Physical ML model trained drone=3 samples=1301 degree=2 alpha=0.0 val_mse=0.054967
2026-02-17 08:21:01,737 - PhysicalMLTrainer_Drone6 - INFO - Physical ML model trained drone=6 samples=1301 degree=2 alpha=1.0 val_mse=0.002197
2026-02-17 08:21:02,304 - PhysicalMLTrainer_Drone7 - INFO - Physical ML model trained drone=7 samples=1301 degree=2 alpha=0.0 val_mse=0.001626
2026-02-17 08:21:13,701 - PhysicalMLTrainer_Drone4 - INFO - Physical ML model trained drone=4 samples=1501 degree=2 alpha=1.0 val_mse=0.001688
2026-02-17 08:21:13,730 - PhysicalMLTrainer_Drone1 - INFO - Physical ML model trained drone=1 samples=1451 degree=2 alpha=1.0 val_mse=0.002057
2026-02-17 08:21:13,731 - PhysicalMLTrainer_Drone3 - INFO - Physical ML model trained drone=3 samples=1501 degree=2 alpha=1.0 val_mse=0.001306
2026-02-17 08:21:13,731 - PhysicalMLTrainer_Drone5 - INFO - Physical ML model trained drone=5 samples=1501 degree=2 alpha=1.0 val_mse=0.002066
2026-02-17 08:21:13,732 - PhysicalMLTrainer_Drone2 - INFO - Physical ML model trained drone=2 samples=1501 degree=2 alpha=1.0 val_mse=0.003530
2026-02-17 08:21:13,831 - Drone_1 - INFO - Drone 1 stopped
2026-02-17 08:21:13,835 - Drone_2 - INFO - Drone 2 stopped
2026-02-17 08:21:13,933 - Drone_3 - INFO - Drone 3 stopped
2026-02-17 08:21:14,003 - Drone_4 - INFO - Drone 4 stopped
2026-02-17 08:21:14,034 - Drone_5 - INFO - Drone 5 stopped
2026-02-17 08:21:14,129 - Drone_6 - INFO - Drone 6 stopped
2026-02-17 08:21:14,189 - Drone_7 - INFO - Drone 7 stopped
2026-02-17 08:21:14,191 - Main - INFO - System shutdown complete
