2026-02-12 10:07:13,607 - Main - INFO - Starting Drone Swarm Management System
2026-02-12 10:07:13,608 - SwarmManager - INFO - Swarm Manager initialized
2026-02-12 10:07:13,609 - MLDecisionSupport_Drone1 - INFO - ML Decision Support initialized
2026-02-12 10:07:13,618 - Drone_1 - INFO - Drone 1: Personal ML system initialized
2026-02-12 10:07:13,618 - Drone_1 - INFO - Drone 1 initialized at {'x': 0, 'y': 0, 'z': 0}
2026-02-12 10:07:13,620 - Drone_1 - INFO - Drone 1 started
2026-02-12 10:07:13,620 - SwarmManager - INFO - Drone 1 added to swarm
2026-02-12 10:07:13,620 - SwarmManager - INFO - Starting leader election...
2026-02-12 10:07:13,621 - SwarmManager - INFO -   Drone 1: suitability score = 100.00
2026-02-12 10:07:13,621 - Drone_1 - INFO - Drone 1: Role changed from follower to leader
2026-02-12 10:07:13,628 - MLDecisionSupport_Drone2 - INFO - ML Decision Support initialized
2026-02-12 10:07:13,632 - Drone_2 - INFO - Drone 2: Personal ML system initialized
2026-02-12 10:07:13,633 - Drone_2 - INFO - Drone 2 initialized at {'x': 1200, 'y': 300, 'z': 0}
2026-02-12 10:07:13,633 - Drone_2 - INFO - Drone 2 started
2026-02-12 10:07:13,634 - SwarmManager - INFO - Drone 2 added to swarm
2026-02-12 10:07:13,634 - MLDecisionSupport_Drone3 - INFO - ML Decision Support initialized
2026-02-12 10:07:13,635 - Drone_3 - INFO - Drone 3: Personal ML system initialized
2026-02-12 10:07:13,635 - Drone_3 - INFO - Drone 3 initialized at {'x': -1400, 'y': -500, 'z': 0}
2026-02-12 10:07:13,636 - Drone_3 - INFO - Drone 3 started
2026-02-12 10:07:13,636 - SwarmManager - INFO - Drone 3 added to swarm
2026-02-12 10:07:13,637 - MLDecisionSupport_Drone4 - INFO - ML Decision Support initialized
2026-02-12 10:07:13,638 - Drone_4 - INFO - Drone 4: Personal ML system initialized
2026-02-12 10:07:13,638 - Drone_4 - INFO - Drone 4 initialized at {'x': 800, 'y': -1500, 'z': 0}
2026-02-12 10:07:13,638 - Drone_4 - INFO - Drone 4 started
2026-02-12 10:07:13,639 - SwarmManager - INFO - Drone 4 added to swarm
2026-02-12 10:07:13,639 - MLDecisionSupport_Drone5 - INFO - ML Decision Support initialized
2026-02-12 10:07:13,640 - Drone_5 - INFO - Drone 5: Personal ML system initialized
2026-02-12 10:07:13,641 - Drone_5 - INFO - Drone 5 initialized at {'x': -900, 'y': 1600, 'z': 0}
2026-02-12 10:07:13,641 - Drone_5 - INFO - Drone 5 started
2026-02-12 10:07:13,641 - SwarmManager - INFO - Drone 5 added to swarm
2026-02-12 10:07:13,642 - SwarmManager - INFO - Swarm monitoring started
2026-02-12 10:07:13,642 - Main - INFO - Swarm created with 5 drones
2026-02-12 10:07:13,642 - Main - INFO - Leader elected: Drone 1
2026-02-12 10:07:13,642 - Main - INFO - Starting GUI...
2026-02-12 10:07:28,668 - Drone_1 - INFO - Drone 1 stopped
2026-02-12 10:07:28,768 - Drone_2 - INFO - Drone 2 stopped
2026-02-12 10:07:28,868 - Drone_3 - INFO - Drone 3 stopped
2026-02-12 10:07:28,970 - Drone_4 - INFO - Drone 4 stopped
2026-02-12 10:07:29,070 - Drone_5 - INFO - Drone 5 stopped
2026-02-12 10:07:29,071 - SwarmManager - INFO - Swarm monitoring stopped
2026-02-12 10:07:29,072 - Main - INFO - System shutdown complete
