2026-02-17 18:08:37,053 - Main - INFO - Starting Drone Swarm Management System
2026-02-17 18:08:37,057 - MLDecisionSupport_Drone1 - INFO - ML Decision Support initialized
2026-02-17 18:08:37,074 - PhysicalMLTrainer_Drone1 - INFO - Physical ML model trained drone=1 samples=250 degree=2 alpha=0.0 val_mse=0.000155
2026-02-17 18:08:37,075 - Drone_1 - INFO - Drone 1: bootstrap personal trainer loaded 250 rows from datasets/personal_drone_1.csv
2026-02-17 18:08:37,076 - Drone_1 - INFO - Drone 1: Personal ML system initialized
2026-02-17 18:08:37,076 - Drone_1 - INFO - Drone 1 initialized at {'x': 0, 'y': 0, 'z': 0}
2026-02-17 18:08:37,099 - Drone_1 - INFO - Drone 1 started
2026-02-17 18:08:37,104 - Drone_1 - INFO - Drone 1: Role changed from follower to leader
2026-02-17 18:08:37,106 - PhysicalMLTrainer_Drone1 - INFO - Physical ML model trained drone=1 samples=251 degree=2 alpha=0.0 val_mse=0.000157
2026-02-17 18:08:37,106 - MLDecisionSupport_Drone2 - INFO - ML Decision Support initialized
2026-02-17 18:08:37,115 - PhysicalMLTrainer_Drone2 - INFO - Physical ML model trained drone=2 samples=300 degree=2 alpha=0.1 val_mse=0.000128
2026-02-17 18:08:37,116 - Drone_2 - INFO - Drone 2: bootstrap personal trainer loaded 300 rows from datasets/personal_training.csv
2026-02-17 18:08:37,117 - Drone_2 - INFO - Drone 2: Personal ML system initialized
2026-02-17 18:08:37,117 - Drone_2 - INFO - Drone 2 initialized at {'x': 1200, 'y': 300, 'z': 0}
2026-02-17 18:08:37,119 - Drone_2 - INFO - Drone 2 started
2026-02-17 18:08:37,122 - MLDecisionSupport_Drone3 - INFO - ML Decision Support initialized
2026-02-17 18:08:37,123 - PhysicalMLTrainer_Drone2 - INFO - Physical ML model trained drone=2 samples=301 degree=2 alpha=0.1 val_mse=0.000128
2026-02-17 18:08:37,129 - PhysicalMLTrainer_Drone3 - INFO - Physical ML model trained drone=3 samples=300 degree=2 alpha=0.1 val_mse=0.000128
2026-02-17 18:08:37,130 - Drone_3 - INFO - Drone 3: bootstrap personal trainer loaded 300 rows from datasets/personal_training.csv
2026-02-17 18:08:37,131 - Drone_3 - INFO - Drone 3: Personal ML system initialized
2026-02-17 18:08:37,131 - Drone_3 - INFO - Drone 3 initialized at {'x': -1400, 'y': -500, 'z': 0}
2026-02-17 18:08:37,133 - Drone_3 - INFO - Drone 3 started
2026-02-17 18:08:37,136 - MLDecisionSupport_Drone4 - INFO - ML Decision Support initialized
2026-02-17 18:08:37,137 - PhysicalMLTrainer_Drone3 - INFO - Physical ML model trained drone=3 samples=301 degree=2 alpha=0.1 val_mse=0.000128
2026-02-17 18:08:37,144 - PhysicalMLTrainer_Drone4 - INFO - Physical ML model trained drone=4 samples=300 degree=2 alpha=0.1 val_mse=0.000128
2026-02-17 18:08:37,144 - Drone_4 - INFO - Drone 4: bootstrap personal trainer loaded 300 rows from datasets/personal_training.csv
2026-02-17 18:08:37,145 - Drone_4 - INFO - Drone 4: Personal ML system initialized
2026-02-17 18:08:37,146 - Drone_4 - INFO - Drone 4 initialized at {'x': 800, 'y': -1500, 'z': 0}
2026-02-17 18:08:37,147 - Drone_4 - INFO - Drone 4 started
2026-02-17 18:08:37,151 - PhysicalMLTrainer_Drone4 - INFO - Physical ML model trained drone=4 samples=301 degree=2 alpha=0.1 val_mse=0.000128
2026-02-17 18:08:37,151 - MLDecisionSupport_Drone5 - INFO - ML Decision Support initialized
2026-02-17 18:08:37,157 - PhysicalMLTrainer_Drone5 - INFO - Physical ML model trained drone=5 samples=300 degree=2 alpha=0.1 val_mse=0.000128
2026-02-17 18:08:37,158 - Drone_5 - INFO - Drone 5: bootstrap personal trainer loaded 300 rows from datasets/personal_training.csv
2026-02-17 18:08:37,159 - Drone_5 - INFO - Drone 5: Personal ML system initialized
2026-02-17 18:08:37,159 - Drone_5 - INFO - Drone 5 initialized at {'x': -900, 'y': 1600, 'z': 0}
2026-02-17 18:08:37,161 - Drone_5 - INFO - Drone 5 started
2026-02-17 18:08:37,163 - ObstacleManager - INFO - Dynamic obstacle added id=1 type=random_walk start=(-856.5, 2105.8) vel=(-2.3, 6.6)
2026-02-17 18:08:37,163 - ObstacleManager - INFO - Dynamic obstacle added id=2 type=circular start=(16.7, -336.3) vel=(-10.7, 0.2)
2026-02-17 18:08:37,163 - ObstacleManager - INFO - Dynamic obstacle added id=3 type=random_walk start=(958.0, 2024.1) vel=(-0.3, -5.5)
2026-02-17 18:08:37,164 - ObstacleManager - INFO - Dynamic obstacle added id=4 type=random_walk start=(-231.3, 971.9) vel=(-0.2, -6.0)
2026-02-17 18:08:37,164 - ObstacleManager - INFO - Dynamic obstacle added id=5 type=circular start=(-1868.5, 1377.2) vel=(-2.4, -4.4)
2026-02-17 18:08:37,164 - ObstacleManager - INFO - Dynamic obstacle added id=6 type=linear start=(-700.2, 489.5) vel=(-2.0, 3.8)
2026-02-17 18:08:37,165 - ObstacleManager - INFO - Dynamic obstacle added id=7 type=random_walk start=(-680.0, 648.6) vel=(-0.3, 3.1)
2026-02-17 18:08:37,165 - ObstacleManager - INFO - Dynamic obstacle added id=8 type=random_walk start=(1533.4, -981.2) vel=(3.0, 1.6)
2026-02-17 18:08:37,165 - ObstacleManager - INFO - Dynamic obstacle added id=9 type=random_walk start=(-1594.4, -581.7) vel=(5.1, -0.7)
2026-02-17 18:08:37,166 - ObstacleManager - INFO - Dynamic obstacle added id=10 type=random_walk start=(-46.8, -564.4) vel=(-6.0, 5.6)
2026-02-17 18:08:37,166 - ObstacleManager - INFO - Dynamic obstacle added id=11 type=linear start=(-289.3, -2343.4) vel=(2.9, 6.5)
2026-02-17 18:08:37,166 - ObstacleManager - INFO - Dynamic obstacle added id=12 type=circular start=(265.3, -221.4) vel=(7.8, -1.9)
2026-02-17 18:08:37,166 - PhysicalMLTrainer_Drone5 - INFO - Physical ML model trained drone=5 samples=301 degree=2 alpha=0.1 val_mse=0.000128
2026-02-17 18:08:37,167 - ObstacleManager - INFO - Dynamic obstacle added id=13 type=circular start=(1179.8, 771.9) vel=(4.6, 5.7)
2026-02-17 18:08:37,167 - ObstacleManager - INFO - Dynamic obstacle added id=14 type=random_walk start=(-46.7, 990.0) vel=(4.5, -4.9)
2026-02-17 18:08:37,167 - ObstacleManager - INFO - Dynamic obstacle added id=15 type=circular start=(646.6, -275.4) vel=(-8.6, -1.6)
2026-02-17 18:08:37,167 - ObstacleManager - INFO - Dynamic obstacle added id=16 type=random_walk start=(519.4, -75.7) vel=(8.1, 6.1)
2026-02-17 18:08:37,168 - ObstacleManager - INFO - Dynamic obstacle added id=17 type=random_walk start=(1361.4, 545.6) vel=(5.1, 1.6)
2026-02-17 18:08:37,168 - ObstacleManager - INFO - Dynamic obstacle added id=18 type=random_walk start=(1920.7, 561.0) vel=(4.5, 2.3)
2026-02-17 18:08:37,168 - ObstacleManager - INFO - Dynamic obstacle added id=19 type=linear start=(331.7, 812.1) vel=(0.1, -4.1)
2026-02-17 18:08:37,168 - ObstacleManager - INFO - Dynamic obstacle added id=20 type=circular start=(522.1, -563.0) vel=(8.1, 5.2)
2026-02-17 18:08:37,169 - ObstacleManager - INFO - Dynamic obstacle added id=21 type=linear start=(-2053.8, -84.5) vel=(4.8, 1.1)
2026-02-17 18:08:37,169 - ObstacleManager - INFO - Dynamic obstacle added id=22 type=circular start=(248.2, 865.0) vel=(0.3, -2.7)
2026-02-17 18:08:37,174 - Main - INFO - Swarm created with 5 drones
2026-02-17 18:08:37,175 - Main - INFO - Leader elected: Drone 1
2026-02-17 18:08:37,175 - Main - INFO - Starting GUI...
2026-02-17 18:08:58,309 - PhysicalMLTrainer_Drone1 - INFO - Physical ML model trained drone=1 samples=451 degree=2 alpha=0.0 val_mse=0.000000
2026-02-17 18:08:58,310 - PhysicalMLTrainer_Drone4 - INFO - Physical ML model trained drone=4 samples=501 degree=2 alpha=0.0 val_mse=0.000000
2026-02-17 18:08:58,313 - PhysicalMLTrainer_Drone3 - INFO - Physical ML model trained drone=3 samples=501 degree=2 alpha=0.0 val_mse=0.000000
2026-02-17 18:08:58,324 - PhysicalMLTrainer_Drone2 - INFO - Physical ML model trained drone=2 samples=501 degree=2 alpha=0.0 val_mse=0.000000
2026-02-17 18:08:58,347 - PhysicalMLTrainer_Drone5 - INFO - Physical ML model trained drone=5 samples=501 degree=2 alpha=0.0 val_mse=0.000000
2026-02-17 18:09:18,707 - PhysicalMLTrainer_Drone1 - INFO - Physical ML model trained drone=1 samples=651 degree=2 alpha=0.0 val_mse=0.000000
2026-02-17 18:09:18,728 - PhysicalMLTrainer_Drone5 - INFO - Physical ML model trained drone=5 samples=701 degree=2 alpha=0.0 val_mse=0.000000
2026-02-17 18:09:18,728 - PhysicalMLTrainer_Drone3 - INFO - Physical ML model trained drone=3 samples=701 degree=2 alpha=0.0 val_mse=0.000000
2026-02-17 18:09:18,728 - PhysicalMLTrainer_Drone2 - INFO - Physical ML model trained drone=2 samples=701 degree=2 alpha=0.0 val_mse=0.000000
2026-02-17 18:09:18,779 - PhysicalMLTrainer_Drone4 - INFO - Physical ML model trained drone=4 samples=701 degree=2 alpha=0.0 val_mse=0.000000
2026-02-17 18:09:39,019 - PhysicalMLTrainer_Drone1 - INFO - Physical ML model trained drone=1 samples=851 degree=2 alpha=0.0 val_mse=0.000000
2026-02-17 18:09:39,069 - PhysicalMLTrainer_Drone3 - INFO - Physical ML model trained drone=3 samples=901 degree=2 alpha=0.0 val_mse=0.000000
2026-02-17 18:09:39,126 - PhysicalMLTrainer_Drone5 - INFO - Physical ML model trained drone=5 samples=901 degree=2 alpha=0.0 val_mse=0.000000
2026-02-17 18:09:39,128 - PhysicalMLTrainer_Drone2 - INFO - Physical ML model trained drone=2 samples=901 degree=2 alpha=0.0 val_mse=0.000000
2026-02-17 18:09:39,132 - PhysicalMLTrainer_Drone4 - INFO - Physical ML model trained drone=4 samples=901 degree=2 alpha=0.0 val_mse=0.000000
2026-02-17 18:09:59,370 - PhysicalMLTrainer_Drone1 - INFO - Physical ML model trained drone=1 samples=1051 degree=2 alpha=0.0 val_mse=0.000000
2026-02-17 18:09:59,401 - PhysicalMLTrainer_Drone3 - INFO - Physical ML model trained drone=3 samples=1101 degree=2 alpha=0.0 val_mse=0.000000
2026-02-17 18:09:59,519 - PhysicalMLTrainer_Drone2 - INFO - Physical ML model trained drone=2 samples=1101 degree=2 alpha=0.0 val_mse=0.000000
2026-02-17 18:09:59,520 - PhysicalMLTrainer_Drone4 - INFO - Physical ML model trained drone=4 samples=1101 degree=2 alpha=0.0 val_mse=0.000000
2026-02-17 18:09:59,521 - PhysicalMLTrainer_Drone5 - INFO - Physical ML model trained drone=5 samples=1101 degree=2 alpha=0.0 val_mse=0.000000
2026-02-17 18:10:04,022 - Drone_1 - INFO - Drone 1: Armed
2026-02-17 18:10:04,025 - Drone_2 - INFO - Drone 2: Armed
2026-02-17 18:10:04,027 - Drone_3 - INFO - Drone 3: Armed
2026-02-17 18:10:04,029 - Drone_4 - INFO - Drone 4: Armed
2026-02-17 18:10:04,031 - Drone_5 - INFO - Drone 5: Armed
2026-02-17 18:10:05,866 - Drone_1 - INFO - Drone 1: Taking off
2026-02-17 18:10:05,868 - DroneStateManager - INFO - Drone 1 state transition IDLE -> TAKEOFF
2026-02-17 18:10:05,871 - Drone_2 - INFO - Drone 2: Taking off
2026-02-17 18:10:05,872 - DroneStateManager - INFO - Drone 2 state transition IDLE -> TAKEOFF
2026-02-17 18:10:05,874 - Drone_3 - INFO - Drone 3: Taking off
2026-02-17 18:10:05,876 - DroneStateManager - INFO - Drone 3 state transition IDLE -> TAKEOFF
2026-02-17 18:10:05,878 - Drone_4 - INFO - Drone 4: Taking off
2026-02-17 18:10:05,879 - DroneStateManager - INFO - Drone 4 state transition IDLE -> TAKEOFF
2026-02-17 18:10:05,881 - Drone_5 - INFO - Drone 5: Taking off
2026-02-17 18:10:05,882 - DroneStateManager - INFO - Drone 5 state transition IDLE -> TAKEOFF
2026-02-17 18:10:07,989 - DroneStateManager - INFO - Drone 2 state transition TAKEOFF -> WAITING_FOR_COMMAND
2026-02-17 18:10:07,992 - DroneStateManager - INFO - Drone 3 state transition TAKEOFF -> WAITING_FOR_COMMAND
2026-02-17 18:10:07,994 - DroneStateManager - INFO - Drone 4 state transition TAKEOFF -> WAITING_FOR_COMMAND
2026-02-17 18:10:07,996 - DroneStateManager - INFO - Drone 5 state transition TAKEOFF -> WAITING_FOR_COMMAND
2026-02-17 18:10:08,371 - Drone_1 - INFO - Drone 1: Flying to {'x': 2585.0, 'y': 2580.0, 'z': 60.0}
2026-02-17 18:10:08,371 - DroneStateManager - INFO - Drone 1 state transition TAKEOFF -> MOVING_TO_TARGET
2026-02-17 18:10:08,373 - Drone_2 - INFO - Drone 2: Flying to {'x': 2553.9057647468726, 'y': 2622.797543233282, 'z': 60.0}
2026-02-17 18:10:08,373 - DroneStateManager - INFO - Drone 2 state transition WAITING_FOR_COMMAND -> MOVING_TO_TARGET
2026-02-17 18:10:08,376 - Drone_3 - INFO - Drone 3: Flying to {'x': 2503.5942352531274, 'y': 2606.450336353161, 'z': 60.0}
2026-02-17 18:10:08,377 - DroneStateManager - INFO - Drone 3 state transition WAITING_FOR_COMMAND -> MOVING_TO_TARGET
2026-02-17 18:10:08,378 - Drone_4 - INFO - Drone 4: Flying to {'x': 2503.5942352531274, 'y': 2553.549663646839, 'z': 60.0}
2026-02-17 18:10:08,379 - DroneStateManager - INFO - Drone 4 state transition WAITING_FOR_COMMAND -> MOVING_TO_TARGET
2026-02-17 18:10:08,381 - Drone_5 - INFO - Drone 5: Flying to {'x': 2553.9057647468726, 'y': 2537.202456766718, 'z': 60.0}
2026-02-17 18:10:08,383 - DroneStateManager - INFO - Drone 5 state transition WAITING_FOR_COMMAND -> MOVING_TO_TARGET
2026-02-17 18:10:18,126 - ObstacleManager - INFO - Dynamic obstacle added id=23 type=linear start=(249.0, 250.0) vel=(0.0, 0.0)
2026-02-17 18:10:19,802 - PhysicalMLTrainer_Drone1 - INFO - Physical ML model trained drone=1 samples=1251 degree=2 alpha=0.0 val_mse=0.158907
2026-02-17 18:10:19,827 - PhysicalMLTrainer_Drone3 - INFO - Physical ML model trained drone=3 samples=1301 degree=2 alpha=0.0 val_mse=0.150484
2026-02-17 18:10:19,904 - PhysicalMLTrainer_Drone4 - INFO - Physical ML model trained drone=4 samples=1301 degree=2 alpha=0.0 val_mse=0.159424
2026-02-17 18:10:19,922 - PhysicalMLTrainer_Drone5 - INFO - Physical ML model trained drone=5 samples=1301 degree=2 alpha=0.0 val_mse=0.143818
2026-02-17 18:10:19,960 - PhysicalMLTrainer_Drone2 - INFO - Physical ML model trained drone=2 samples=1301 degree=2 alpha=0.0 val_mse=0.161699
2026-02-17 18:10:20,633 - ObstacleManager - INFO - Dynamic obstacle added id=24 type=linear start=(249.0, 250.0) vel=(0.0, 0.0)
2026-02-17 18:10:22,491 - ObstacleManager - INFO - Dynamic obstacle added id=25 type=linear start=(249.0, 250.0) vel=(0.0, 0.0)
2026-02-17 18:10:30,322 - Drone_1 - INFO - Drone 1: Flying to {'x': 315.7362973401137, 'y': 275.56588647043225, 'z': 9.881654449570584}
2026-02-17 18:10:30,337 - DroneStateManager - INFO - Drone 1 state transition MOVING_TO_TARGET -> AVOIDING_DYNAMIC_OBSTACLE
2026-02-17 18:10:31,345 - DroneStateManager - INFO - Drone 1 state transition AVOIDING_DYNAMIC_OBSTACLE -> MOVING_TO_TARGET
2026-02-17 18:10:36,547 - Drone_1 - INFO - Drone 1: Reached target position
2026-02-17 18:10:37,413 - Drone_1 - INFO - Drone 1: Flying to {'x': 2585.0, 'y': 2580.0, 'z': 60.0}
2026-02-17 18:10:38,419 - Drone_1 - INFO - Drone 1: Flying to {'x': 412.67954688575765, 'y': 327.8007478594584, 'z': 10.694112898930932}
2026-02-17 18:10:38,466 - DroneStateManager - INFO - Drone 1 state transition MOVING_TO_TARGET -> AVOIDING_DYNAMIC_OBSTACLE
2026-02-17 18:10:39,478 - DroneStateManager - INFO - Drone 1 state transition AVOIDING_DYNAMIC_OBSTACLE -> MOVING_TO_TARGET
2026-02-17 18:10:40,244 - PhysicalMLTrainer_Drone1 - INFO - Physical ML model trained drone=1 samples=1451 degree=2 alpha=0.0 val_mse=0.010265
2026-02-17 18:10:40,261 - PhysicalMLTrainer_Drone3 - INFO - Physical ML model trained drone=3 samples=1501 degree=2 alpha=0.0 val_mse=0.003133
2026-02-17 18:10:40,271 - PhysicalMLTrainer_Drone4 - INFO - Physical ML model trained drone=4 samples=1501 degree=2 alpha=0.0 val_mse=0.003787
2026-02-17 18:10:40,371 - PhysicalMLTrainer_Drone5 - INFO - Physical ML model trained drone=5 samples=1501 degree=2 alpha=0.0 val_mse=0.003538
2026-02-17 18:10:40,372 - PhysicalMLTrainer_Drone2 - INFO - Physical ML model trained drone=2 samples=1501 degree=2 alpha=0.0 val_mse=0.006029
2026-02-17 18:10:44,838 - Drone_1 - INFO - Drone 1: Reached target position
2026-02-17 18:10:45,543 - Drone_1 - INFO - Drone 1: Flying to {'x': 2585.0, 'y': 2580.0, 'z': 60.0}
2026-02-17 18:11:00,797 - PhysicalMLTrainer_Drone1 - INFO - Physical ML model trained drone=1 samples=1651 degree=2 alpha=0.0 val_mse=0.014607
2026-02-17 18:11:00,799 - PhysicalMLTrainer_Drone4 - INFO - Physical ML model trained drone=4 samples=1701 degree=2 alpha=1.0 val_mse=0.002025
2026-02-17 18:11:00,799 - PhysicalMLTrainer_Drone3 - INFO - Physical ML model trained drone=3 samples=1701 degree=2 alpha=1.0 val_mse=0.001635
2026-02-17 18:11:00,828 - PhysicalMLTrainer_Drone2 - INFO - Physical ML model trained drone=2 samples=1701 degree=2 alpha=1.0 val_mse=0.004360
2026-02-17 18:11:00,849 - PhysicalMLTrainer_Drone5 - INFO - Physical ML model trained drone=5 samples=1701 degree=2 alpha=1.0 val_mse=0.002592
2026-02-17 18:11:14,013 - Drone_2 - ERROR - Drone 2: Motor 0 failed!
2026-02-17 18:11:14,014 - Drone_2 - WARNING - Drone 2: Degraded return active - Motor failure simulation: return to home with degraded control
2026-02-17 18:11:15,003 - DroneStateManager - INFO - Drone 2 state transition MOVING_TO_TARGET -> RETURNING_HOME
2026-02-17 18:11:21,202 - PhysicalMLTrainer_Drone4 - INFO - Physical ML model trained drone=4 samples=1901 degree=2 alpha=1.0 val_mse=0.002653
2026-02-17 18:11:21,383 - PhysicalMLTrainer_Drone1 - INFO - Physical ML model trained drone=1 samples=1851 degree=2 alpha=1.0 val_mse=0.004209
2026-02-17 18:11:21,388 - PhysicalMLTrainer_Drone3 - INFO - Physical ML model trained drone=3 samples=1901 degree=2 alpha=1.0 val_mse=0.002329
2026-02-17 18:11:21,390 - PhysicalMLTrainer_Drone2 - INFO - Physical ML model trained drone=2 samples=1901 degree=2 alpha=0.0 val_mse=0.023101
2026-02-17 18:11:21,391 - PhysicalMLTrainer_Drone5 - INFO - Physical ML model trained drone=5 samples=1901 degree=2 alpha=1.0 val_mse=0.003194
2026-02-17 18:11:26,343 - Drone_1 - INFO - Drone 1: Role changed from leader to follower
2026-02-17 18:11:26,344 - Drone_2 - INFO - Drone 2: Role changed from emergency to follower
2026-02-17 18:11:26,346 - Drone_3 - INFO - Drone 3: Role changed from follower to follower
2026-02-17 18:11:26,347 - Drone_4 - INFO - Drone 4: Role changed from follower to follower
2026-02-17 18:11:26,348 - Drone_5 - INFO - Drone 5: Role changed from follower to leader
2026-02-17 18:11:41,723 - PhysicalMLTrainer_Drone4 - INFO - Physical ML model trained drone=4 samples=2101 degree=2 alpha=1.0 val_mse=0.002759
2026-02-17 18:11:41,922 - PhysicalMLTrainer_Drone2 - INFO - Physical ML model trained drone=2 samples=2101 degree=2 alpha=0.0 val_mse=0.082696
2026-02-17 18:11:41,923 - PhysicalMLTrainer_Drone5 - INFO - Physical ML model trained drone=5 samples=2101 degree=2 alpha=1.0 val_mse=0.002945
2026-02-17 18:11:41,947 - PhysicalMLTrainer_Drone3 - INFO - Physical ML model trained drone=3 samples=2101 degree=2 alpha=1.0 val_mse=0.002674
2026-02-17 18:12:02,208 - PhysicalMLTrainer_Drone4 - INFO - Physical ML model trained drone=4 samples=2301 degree=2 alpha=1.0 val_mse=0.002321
2026-02-17 18:12:02,377 - PhysicalMLTrainer_Drone2 - INFO - Physical ML model trained drone=2 samples=2301 degree=2 alpha=0.0 val_mse=0.006975
2026-02-17 18:12:02,378 - PhysicalMLTrainer_Drone3 - INFO - Physical ML model trained drone=3 samples=2301 degree=2 alpha=1.0 val_mse=0.002471
2026-02-17 18:12:02,378 - PhysicalMLTrainer_Drone5 - INFO - Physical ML model trained drone=5 samples=2301 degree=2 alpha=1.0 val_mse=0.002224
2026-02-17 18:12:22,704 - PhysicalMLTrainer_Drone4 - INFO - Physical ML model trained drone=4 samples=2501 degree=2 alpha=1.0 val_mse=0.001754
2026-02-17 18:12:22,962 - PhysicalMLTrainer_Drone3 - INFO - Physical ML model trained drone=3 samples=2501 degree=2 alpha=1.0 val_mse=0.001983
2026-02-17 18:12:22,962 - PhysicalMLTrainer_Drone5 - INFO - Physical ML model trained drone=5 samples=2501 degree=2 alpha=1.0 val_mse=0.001596
2026-02-17 18:12:22,964 - PhysicalMLTrainer_Drone2 - INFO - Physical ML model trained drone=2 samples=2501 degree=2 alpha=1.0 val_mse=0.001720
2026-02-17 18:12:43,247 - PhysicalMLTrainer_Drone4 - INFO - Physical ML model trained drone=4 samples=2701 degree=2 alpha=1.0 val_mse=0.001308
2026-02-17 18:12:43,476 - PhysicalMLTrainer_Drone3 - INFO - Physical ML model trained drone=3 samples=2701 degree=2 alpha=1.0 val_mse=0.001509
2026-02-17 18:12:43,480 - PhysicalMLTrainer_Drone2 - INFO - Physical ML model trained drone=2 samples=2701 degree=2 alpha=1.0 val_mse=0.002492
2026-02-17 18:12:43,481 - PhysicalMLTrainer_Drone5 - INFO - Physical ML model trained drone=5 samples=2701 degree=2 alpha=1.0 val_mse=0.001210
2026-02-17 18:13:03,694 - PhysicalMLTrainer_Drone4 - INFO - Physical ML model trained drone=4 samples=2901 degree=2 alpha=1.0 val_mse=0.001020
2026-02-17 18:13:03,901 - PhysicalMLTrainer_Drone2 - INFO - Physical ML model trained drone=2 samples=2901 degree=2 alpha=1.0 val_mse=0.002000
2026-02-17 18:13:04,035 - PhysicalMLTrainer_Drone3 - INFO - Physical ML model trained drone=3 samples=2901 degree=2 alpha=1.0 val_mse=0.001157
2026-02-17 18:13:04,037 - PhysicalMLTrainer_Drone5 - INFO - Physical ML model trained drone=5 samples=2901 degree=2 alpha=1.0 val_mse=0.001011
2026-02-17 18:13:12,977 - Drone_2 - INFO - Drone 2: Reached home position
2026-02-17 18:13:13,381 - Drone_2 - INFO - Drone 2: Landed safely
2026-02-17 18:13:13,992 - DroneStateManager - INFO - Drone 2 state transition RETURNING_HOME -> IDLE
2026-02-17 18:13:24,140 - PhysicalMLTrainer_Drone4 - INFO - Physical ML model trained drone=4 samples=3101 degree=2 alpha=0.0 val_mse=0.000809
2026-02-17 18:13:24,387 - PhysicalMLTrainer_Drone2 - INFO - Physical ML model trained drone=2 samples=3101 degree=2 alpha=0.0 val_mse=0.001033
2026-02-17 18:13:24,587 - PhysicalMLTrainer_Drone3 - INFO - Physical ML model trained drone=3 samples=3101 degree=2 alpha=0.0 val_mse=0.000921
2026-02-17 18:13:24,587 - PhysicalMLTrainer_Drone5 - INFO - Physical ML model trained drone=5 samples=3101 degree=2 alpha=0.0 val_mse=0.000912
2026-02-17 18:13:44,607 - PhysicalMLTrainer_Drone4 - INFO - Physical ML model trained drone=4 samples=3301 degree=2 alpha=0.0 val_mse=0.000655
2026-02-17 18:13:44,924 - PhysicalMLTrainer_Drone2 - INFO - Physical ML model trained drone=2 samples=3301 degree=2 alpha=0.0 val_mse=0.000418
2026-02-17 18:13:45,149 - PhysicalMLTrainer_Drone3 - INFO - Physical ML model trained drone=3 samples=3301 degree=2 alpha=0.0 val_mse=0.000747
2026-02-17 18:13:45,154 - PhysicalMLTrainer_Drone5 - INFO - Physical ML model trained drone=5 samples=3301 degree=2 alpha=0.0 val_mse=0.000817
2026-02-17 18:14:05,068 - PhysicalMLTrainer_Drone4 - INFO - Physical ML model trained drone=4 samples=3501 degree=2 alpha=0.0 val_mse=0.000564
2026-02-17 18:14:05,349 - PhysicalMLTrainer_Drone2 - INFO - Physical ML model trained drone=2 samples=3501 degree=2 alpha=0.0 val_mse=0.000248
2026-02-17 18:14:05,661 - PhysicalMLTrainer_Drone5 - INFO - Physical ML model trained drone=5 samples=3501 degree=2 alpha=0.0 val_mse=0.000771
2026-02-17 18:14:05,665 - PhysicalMLTrainer_Drone3 - INFO - Physical ML model trained drone=3 samples=3501 degree=2 alpha=0.0 val_mse=0.000640
2026-02-17 18:14:06,836 - DroneStateManager - INFO - Drone 5 state transition MOVING_TO_TARGET -> MISSION_COMPLETE
2026-02-17 18:14:06,844 - Drone_1 - INFO - Drone 1: Returning to home - Leader broadcast RETURN_TO_HOME
2026-02-17 18:14:06,846 - DroneStateManager - INFO - Drone 1 state transition MOVING_TO_TARGET -> RETURNING_HOME
2026-02-17 18:14:06,848 - DroneStateManager - INFO - Drone 2 state transition IDLE -> RETURNING_HOME
2026-02-17 18:14:06,850 - Drone_3 - INFO - Drone 3: Returning to home - Leader broadcast RETURN_TO_HOME
2026-02-17 18:14:06,851 - DroneStateManager - INFO - Drone 3 state transition MOVING_TO_TARGET -> RETURNING_HOME
2026-02-17 18:14:06,854 - Drone_4 - INFO - Drone 4: Returning to home - Leader broadcast RETURN_TO_HOME
2026-02-17 18:14:06,856 - DroneStateManager - INFO - Drone 4 state transition MOVING_TO_TARGET -> RETURNING_HOME
2026-02-17 18:14:06,858 - Drone_5 - INFO - Drone 5: Returning to home - Leader broadcast RETURN_TO_HOME
2026-02-17 18:14:06,860 - DroneStateManager - INFO - Drone 5 state transition MISSION_COMPLETE -> RETURNING_HOME
2026-02-17 18:14:07,853 - DroneStateManager - INFO - Drone 2 state transition RETURNING_HOME -> IDLE
2026-02-17 18:14:25,534 - PhysicalMLTrainer_Drone4 - INFO - Physical ML model trained drone=4 samples=3701 degree=2 alpha=1.0 val_mse=0.177415
2026-02-17 18:14:25,786 - PhysicalMLTrainer_Drone2 - INFO - Physical ML model trained drone=2 samples=3701 degree=2 alpha=0.0 val_mse=0.000107
2026-02-17 18:14:26,100 - PhysicalMLTrainer_Drone5 - INFO - Physical ML model trained drone=5 samples=3701 degree=2 alpha=1.0 val_mse=0.230345
2026-02-17 18:14:26,132 - PhysicalMLTrainer_Drone3 - INFO - Physical ML model trained drone=3 samples=3701 degree=2 alpha=1.0 val_mse=0.233482
2026-02-17 18:14:45,973 - PhysicalMLTrainer_Drone4 - INFO - Physical ML model trained drone=4 samples=3901 degree=2 alpha=1.0 val_mse=0.307768
2026-02-17 18:14:46,291 - PhysicalMLTrainer_Drone2 - INFO - Physical ML model trained drone=2 samples=3901 degree=2 alpha=0.0 val_mse=0.000009
2026-02-17 18:14:46,634 - PhysicalMLTrainer_Drone3 - INFO - Physical ML model trained drone=3 samples=3901 degree=2 alpha=1.0 val_mse=0.415231
2026-02-17 18:14:46,639 - PhysicalMLTrainer_Drone5 - INFO - Physical ML model trained drone=5 samples=3901 degree=2 alpha=1.0 val_mse=0.398722
2026-02-17 18:15:06,813 - PhysicalMLTrainer_Drone4 - INFO - Physical ML model trained drone=4 samples=4101 degree=2 alpha=1.0 val_mse=0.389917
2026-02-17 18:15:07,042 - PhysicalMLTrainer_Drone2 - INFO - Physical ML model trained drone=2 samples=4101 degree=2 alpha=0.0 val_mse=0.000005
2026-02-17 18:15:07,348 - PhysicalMLTrainer_Drone3 - INFO - Physical ML model trained drone=3 samples=4101 degree=2 alpha=1.0 val_mse=0.544246
2026-02-17 18:15:07,388 - PhysicalMLTrainer_Drone5 - INFO - Physical ML model trained drone=5 samples=4101 degree=2 alpha=1.0 val_mse=0.509684
2026-02-17 18:15:27,402 - PhysicalMLTrainer_Drone4 - INFO - Physical ML model trained drone=4 samples=4301 degree=2 alpha=1.0 val_mse=0.437806
2026-02-17 18:15:27,721 - PhysicalMLTrainer_Drone2 - INFO - Physical ML model trained drone=2 samples=4301 degree=2 alpha=0.0 val_mse=0.000004
2026-02-17 18:15:28,093 - PhysicalMLTrainer_Drone5 - INFO - Physical ML model trained drone=5 samples=4301 degree=2 alpha=1.0 val_mse=0.578440
2026-02-17 18:15:28,094 - PhysicalMLTrainer_Drone3 - INFO - Physical ML model trained drone=3 samples=4301 degree=2 alpha=1.0 val_mse=0.632336
2026-02-17 18:15:39,947 - Drone_1 - INFO - Drone 1 stopped
2026-02-17 18:15:40,012 - Drone_2 - INFO - Drone 2 stopped
2026-02-17 18:15:40,112 - Drone_3 - INFO - Drone 3 stopped
2026-02-17 18:15:40,143 - Drone_4 - INFO - Drone 4 stopped
2026-02-17 18:15:40,244 - Drone_5 - INFO - Drone 5 stopped
2026-02-17 18:15:40,245 - Main - INFO - System shutdown complete
