2026-02-12 01:23:37,792 - Main - INFO - Starting Drone Swarm Management System
2026-02-12 01:23:37,793 - SwarmManager - INFO - Swarm Manager initialized
2026-02-12 01:23:37,793 - MLDecisionSupport_Drone1 - INFO - ML Decision Support initialized
2026-02-12 01:23:37,794 - Main - ERROR - Error: 'Drone' object has no attribute 'logger'
Traceback (most recent call last):
  File "C:\Users\Shagor\OneDrive\Desktop\Drone\drone.py", line 169, in _initialize_ml_system
    self.logger.info(f"Drone {self.drone_id}: Personal ML system initialized")
    ^^^^^^^^^^^
AttributeError: 'Drone' object has no attribute 'logger'

During handling of the above exception, another exception occurred:

Traceback (most recent call last):
  File "C:\Users\Shagor\OneDrive\Desktop\Drone\main.py", line 69, in main
    swarm_manager = create_demo_swarm()
  File "C:\Users\Shagor\OneDrive\Desktop\Drone\main.py", line 48, in create_demo_swarm
    drone = Drone(i, pos)
  File "C:\Users\Shagor\OneDrive\Desktop\Drone\drone.py", line 140, in __init__
    self._initialize_ml_system()
    ~~~~~~~~~~~~~~~~~~~~~~~~~~^^
  File "C:\Users\Shagor\OneDrive\Desktop\Drone\drone.py", line 172, in _initialize_ml_system
    self.logger.warning(f"Drone {self.drone_id}: ML system unavailable - {e}")
    ^^^^^^^^^^^
AttributeError: 'Drone' object has no attribute 'logger'
2026-02-12 01:23:37,796 - Main - INFO - System shutdown complete
