2026-02-12 01:25:13,361 - Main - INFO - Starting Drone Swarm Management System
2026-02-12 01:25:13,362 - SwarmManager - INFO - Swarm Manager initialized
2026-02-12 01:25:13,363 - MLDecisionSupport_Drone1 - INFO - ML Decision Support initialized
2026-02-12 01:25:13,364 - Drone_1 - INFO - Drone 1: Personal ML system initialized
2026-02-12 01:25:13,364 - Drone_1 - INFO - Drone 1 initialized at {'x': 0, 'y': 0, 'z': 0}
2026-02-12 01:25:13,365 - Drone_1 - INFO - Drone 1 started
2026-02-12 01:25:13,366 - SwarmManager - INFO - Drone 1 added to swarm
2026-02-12 01:25:13,366 - SwarmManager - INFO - Starting leader election...
2026-02-12 01:25:13,368 - SwarmManager - INFO -   Drone 1: suitability score = 100.00
2026-02-12 01:25:13,369 - Drone_1 - INFO - Drone 1: Role changed from follower to leader
2026-02-12 01:25:13,374 - MLDecisionSupport_Drone2 - INFO - ML Decision Support initialized
2026-02-12 01:25:13,374 - Drone_2 - INFO - Drone 2: Personal ML system initialized
2026-02-12 01:25:13,375 - Drone_2 - INFO - Drone 2 initialized at {'x': 1200, 'y': 300, 'z': 0}
2026-02-12 01:25:13,375 - Drone_2 - INFO - Drone 2 started
2026-02-12 01:25:13,376 - SwarmManager - INFO - Drone 2 added to swarm
2026-02-12 01:25:13,376 - MLDecisionSupport_Drone3 - INFO - ML Decision Support initialized
2026-02-12 01:25:13,377 - Drone_3 - INFO - Drone 3: Personal ML system initialized
2026-02-12 01:25:13,377 - Drone_3 - INFO - Drone 3 initialized at {'x': -1400, 'y': -500, 'z': 0}
2026-02-12 01:25:13,377 - Drone_3 - INFO - Drone 3 started
2026-02-12 01:25:13,378 - SwarmManager - INFO - Drone 3 added to swarm
2026-02-12 01:25:13,378 - MLDecisionSupport_Drone4 - INFO - ML Decision Support initialized
2026-02-12 01:25:13,379 - Drone_4 - INFO - Drone 4: Personal ML system initialized
2026-02-12 01:25:13,379 - Drone_4 - INFO - Drone 4 initialized at {'x': 800, 'y': -1500, 'z': 0}
2026-02-12 01:25:13,379 - Drone_4 - INFO - Drone 4 started
2026-02-12 01:25:13,380 - SwarmManager - INFO - Drone 4 added to swarm
2026-02-12 01:25:13,380 - MLDecisionSupport_Drone5 - INFO - ML Decision Support initialized
2026-02-12 01:25:13,381 - Drone_5 - INFO - Drone 5: Personal ML system initialized
2026-02-12 01:25:13,381 - Drone_5 - INFO - Drone 5 initialized at {'x': -900, 'y': 1600, 'z': 0}
2026-02-12 01:25:13,382 - Drone_5 - INFO - Drone 5 started
2026-02-12 01:25:13,382 - SwarmManager - INFO - Drone 5 added to swarm
2026-02-12 01:25:13,382 - SwarmManager - INFO - Swarm monitoring started
2026-02-12 01:25:13,383 - Main - INFO - Swarm created with 5 drones
2026-02-12 01:25:13,383 - Main - INFO - Leader elected: Drone 1
2026-02-12 01:25:13,383 - Main - INFO - Starting GUI...
2026-02-12 01:25:22,331 - Drone_1 - INFO - Drone 1: Armed
2026-02-12 01:25:22,331 - Drone_2 - INFO - Drone 2: Armed
2026-02-12 01:25:22,332 - Drone_3 - INFO - Drone 3: Armed
2026-02-12 01:25:22,332 - Drone_4 - INFO - Drone 4: Armed
2026-02-12 01:25:22,333 - Drone_5 - INFO - Drone 5: Armed
2026-02-12 01:25:24,400 - Drone_1 - INFO - Drone 1: Taking off
2026-02-12 01:25:24,400 - Drone_2 - INFO - Drone 2: Taking off
2026-02-12 01:25:24,400 - Drone_3 - INFO - Drone 3: Taking off
2026-02-12 01:25:24,400 - Drone_4 - INFO - Drone 4: Taking off
2026-02-12 01:25:24,401 - Drone_5 - INFO - Drone 5: Taking off
