2026-02-12 01:14:40,316 - Main - INFO - Starting Drone Swarm Management System
2026-02-12 01:14:40,317 - SwarmManager - INFO - Swarm Manager initialized
2026-02-12 01:14:40,317 - Drone_1 - INFO - Drone 1 initialized at {'x': 0, 'y': 0, 'z': 0}
2026-02-12 01:14:40,318 - Drone_1 - INFO - Drone 1 started
2026-02-12 01:14:40,319 - SwarmManager - INFO - Drone 1 added to swarm
2026-02-12 01:14:40,319 - SwarmManager - INFO - Starting leader election...
2026-02-12 01:14:40,319 - SwarmManager - INFO -   Drone 1: suitability score = 100.00
2026-02-12 01:14:40,320 - Drone_1 - INFO - Drone 1: Role changed from follower to leader
2026-02-12 01:14:40,325 - Drone_2 - INFO - Drone 2 initialized at {'x': 10, 'y': 0, 'z': 0}
2026-02-12 01:14:40,326 - Drone_2 - INFO - Drone 2 started
2026-02-12 01:14:40,326 - SwarmManager - INFO - Drone 2 added to swarm
2026-02-12 01:14:40,327 - Drone_3 - INFO - Drone 3 initialized at {'x': -10, 'y': 0, 'z': 0}
2026-02-12 01:14:40,327 - Drone_3 - INFO - Drone 3 started
2026-02-12 01:14:40,328 - SwarmManager - INFO - Drone 3 added to swarm
2026-02-12 01:14:40,328 - Drone_4 - INFO - Drone 4 initialized at {'x': 0, 'y': 10, 'z': 0}
2026-02-12 01:14:40,329 - Drone_4 - INFO - Drone 4 started
2026-02-12 01:14:40,329 - SwarmManager - INFO - Drone 4 added to swarm
2026-02-12 01:14:40,330 - Drone_5 - INFO - Drone 5 initialized at {'x': 0, 'y': -10, 'z': 0}
2026-02-12 01:14:40,330 - Drone_5 - INFO - Drone 5 started
2026-02-12 01:14:40,331 - SwarmManager - INFO - Drone 5 added to swarm
2026-02-12 01:14:40,331 - SwarmManager - INFO - Swarm monitoring started
2026-02-12 01:14:40,331 - Main - INFO - Swarm created with 5 drones
2026-02-12 01:14:40,332 - Main - INFO - Leader elected: Drone 1
2026-02-12 01:14:40,332 - Main - INFO - Starting GUI...
2026-02-12 01:14:47,707 - Drone_1 - INFO - Drone 1: Armed
2026-02-12 01:14:47,708 - Drone_2 - INFO - Drone 2: Armed
2026-02-12 01:14:47,708 - Drone_3 - INFO - Drone 3: Armed
2026-02-12 01:14:47,709 - Drone_4 - INFO - Drone 4: Armed
2026-02-12 01:14:47,709 - Drone_5 - INFO - Drone 5: Armed
2026-02-12 01:14:50,685 - Drone_1 - INFO - Drone 1: Taking off
2026-02-12 01:14:50,685 - Drone_2 - INFO - Drone 2: Taking off
2026-02-12 01:14:50,686 - Drone_3 - INFO - Drone 3: Taking off
2026-02-12 01:14:50,686 - Drone_4 - INFO - Drone 4: Taking off
2026-02-12 01:14:50,687 - Drone_5 - INFO - Drone 5: Taking off
2026-02-12 01:14:55,728 - Drone_2 - INFO - Drone 2: Takeoff complete at 10.1m
2026-02-12 01:14:55,730 - Drone_4 - INFO - Drone 4: Takeoff complete at 10.1m
2026-02-12 01:14:55,730 - Drone_3 - INFO - Drone 3: Takeoff complete at 10.1m
2026-02-12 01:14:55,731 - Drone_1 - INFO - Drone 1: Takeoff complete at 10.1m
2026-02-12 01:14:55,731 - Drone_5 - INFO - Drone 5: Takeoff complete at 10.1m
2026-02-12 01:14:58,636 - Drone_2 - ERROR - Drone 2: EMERGENCY LANDING - Personal emergency button pressed (source=personal_command, site={'x': 10, 'y': 0, 'z': 0.0})
2026-02-12 01:14:58,636 - SwarmManager - ERROR - Personal emergency landing triggered for Drone 2: Personal emergency button pressed
2026-02-12 01:15:05,376 - Drone_2 - INFO - Drone 2: Landed safely
2026-02-12 01:15:08,264 - Drone_1 - ERROR - Drone 1: EMERGENCY LANDING - Personal emergency button pressed (source=personal_command, site={'x': 0, 'y': 0, 'z': 0.0})
2026-02-12 01:15:08,265 - SwarmManager - ERROR - Personal emergency landing triggered for Drone 1: Personal emergency button pressed
2026-02-12 01:15:08,344 - SwarmManager - WARNING - Leader drone 1 no longer operational
2026-02-12 01:15:08,345 - SwarmManager - ERROR - Handling failure of drone 1: Leader failure
2026-02-12 01:15:08,347 - SwarmManager - WARNING - Leader drone 1 failed - initiating leader election
2026-02-12 01:15:09,349 - SwarmManager - INFO - Starting leader election...
2026-02-12 01:15:09,351 - SwarmManager - INFO -   Drone 2: suitability score = 99.91
2026-02-12 01:15:09,352 - SwarmManager - INFO -   Drone 3: suitability score = 99.88
2026-02-12 01:15:09,353 - SwarmManager - INFO -   Drone 4: suitability score = 99.88
2026-02-12 01:15:09,354 - SwarmManager - INFO -   Drone 5: suitability score = 99.88
2026-02-12 01:15:09,354 - Drone_1 - INFO - Drone 1: Role changed from leader to follower
2026-02-12 01:15:09,355 - Drone_2 - INFO - Drone 2: Role changed from follower to leader
2026-02-12 01:15:09,355 - Drone_3 - INFO - Drone 3: Role changed from follower to follower
2026-02-12 01:15:09,355 - Drone_4 - INFO - Drone 4: Role changed from follower to follower
2026-02-12 01:15:09,356 - Drone_5 - INFO - Drone 5: Role changed from follower to follower
2026-02-12 01:15:15,031 - Drone_1 - INFO - Drone 1: Landed safely
2026-02-12 01:15:22,463 - Drone_1 - INFO - Drone 1 stopped
2026-02-12 01:15:22,563 - Drone_2 - INFO - Drone 2 stopped
2026-02-12 01:15:22,568 - Drone_3 - INFO - Drone 3 stopped
2026-02-12 01:15:22,669 - Drone_4 - INFO - Drone 4 stopped
2026-02-12 01:15:22,767 - Drone_5 - INFO - Drone 5 stopped
2026-02-12 01:15:22,767 - SwarmManager - INFO - Swarm monitoring stopped
2026-02-12 01:15:22,768 - Main - INFO - System shutdown complete
