2026-02-13 18:26:08,640 - Main - INFO - Starting Drone Swarm Management System
2026-02-13 18:26:08,641 - SwarmManager - INFO - Swarm Manager initialized
2026-02-13 18:26:08,642 - MLDecisionSupport_Drone1 - INFO - ML Decision Support initialized
2026-02-13 18:26:08,656 - PhysicalMLTrainer_Drone1 - INFO - Physical ML model trained drone=1 samples=250 degree=2 alpha=0.0 val_mse=0.000155
2026-02-13 18:26:08,656 - Drone_1 - INFO - Drone 1: bootstrap personal trainer loaded 250 rows from datasets/personal_drone_1.csv
2026-02-13 18:26:08,657 - Drone_1 - INFO - Drone 1: Personal ML system initialized
2026-02-13 18:26:08,659 - Drone_1 - INFO - Drone 1 initialized at {'x': 0, 'y': 0, 'z': 0}
2026-02-13 18:26:08,660 - Drone_1 - INFO - Drone 1 started
2026-02-13 18:26:08,660 - SwarmManager - INFO - Drone 1 added to swarm
2026-02-13 18:26:08,661 - SwarmManager - INFO - Starting leader election...
2026-02-13 18:26:08,661 - SwarmManager - INFO -   Drone 1: suitability score = 100.00
2026-02-13 18:26:08,661 - Drone_1 - INFO - Drone 1: Role changed from follower to leader
2026-02-13 18:26:08,663 - PhysicalMLTrainer_Drone1 - INFO - Physical ML model trained drone=1 samples=251 degree=2 alpha=0.0 val_mse=0.000157
2026-02-13 18:26:08,666 - MLDecisionSupport_Drone2 - INFO - ML Decision Support initialized
2026-02-13 18:26:08,671 - PhysicalMLTrainer_Drone2 - INFO - Physical ML model trained drone=2 samples=300 degree=2 alpha=0.1 val_mse=0.000128
2026-02-13 18:26:08,672 - Drone_2 - INFO - Drone 2: bootstrap personal trainer loaded 300 rows from datasets/personal_training.csv
2026-02-13 18:26:08,672 - Drone_2 - INFO - Drone 2: Personal ML system initialized
2026-02-13 18:26:08,673 - Drone_2 - INFO - Drone 2 initialized at {'x': 1200, 'y': 300, 'z': 0}
2026-02-13 18:26:08,673 - Drone_2 - INFO - Drone 2 started
2026-02-13 18:26:08,674 - SwarmManager - INFO - Drone 2 added to swarm
2026-02-13 18:26:08,675 - MLDecisionSupport_Drone3 - INFO - ML Decision Support initialized
2026-02-13 18:26:08,676 - PhysicalMLTrainer_Drone2 - INFO - Physical ML model trained drone=2 samples=301 degree=2 alpha=0.1 val_mse=0.000128
2026-02-13 18:26:08,681 - PhysicalMLTrainer_Drone3 - INFO - Physical ML model trained drone=3 samples=300 degree=2 alpha=0.1 val_mse=0.000128
2026-02-13 18:26:08,682 - Drone_3 - INFO - Drone 3: bootstrap personal trainer loaded 300 rows from datasets/personal_training.csv
2026-02-13 18:26:08,682 - Drone_3 - INFO - Drone 3: Personal ML system initialized
2026-02-13 18:26:08,682 - Drone_3 - INFO - Drone 3 initialized at {'x': -1400, 'y': -500, 'z': 0}
2026-02-13 18:26:08,683 - Drone_3 - INFO - Drone 3 started
2026-02-13 18:26:08,683 - SwarmManager - INFO - Drone 3 added to swarm
2026-02-13 18:26:08,684 - MLDecisionSupport_Drone4 - INFO - ML Decision Support initialized
2026-02-13 18:26:08,685 - PhysicalMLTrainer_Drone3 - INFO - Physical ML model trained drone=3 samples=301 degree=2 alpha=0.1 val_mse=0.000128
2026-02-13 18:26:08,691 - PhysicalMLTrainer_Drone4 - INFO - Physical ML model trained drone=4 samples=300 degree=2 alpha=0.1 val_mse=0.000128
2026-02-13 18:26:08,691 - Drone_4 - INFO - Drone 4: bootstrap personal trainer loaded 300 rows from datasets/personal_training.csv
2026-02-13 18:26:08,692 - Drone_4 - INFO - Drone 4: Personal ML system initialized
2026-02-13 18:26:08,692 - Drone_4 - INFO - Drone 4 initialized at {'x': 800, 'y': -1500, 'z': 0}
2026-02-13 18:26:08,693 - Drone_4 - INFO - Drone 4 started
2026-02-13 18:26:08,693 - SwarmManager - INFO - Drone 4 added to swarm
2026-02-13 18:26:08,694 - MLDecisionSupport_Drone5 - INFO - ML Decision Support initialized
2026-02-13 18:26:08,695 - PhysicalMLTrainer_Drone4 - INFO - Physical ML model trained drone=4 samples=301 degree=2 alpha=0.1 val_mse=0.000128
2026-02-13 18:26:08,700 - PhysicalMLTrainer_Drone5 - INFO - Physical ML model trained drone=5 samples=300 degree=2 alpha=0.1 val_mse=0.000128
2026-02-13 18:26:08,700 - Drone_5 - INFO - Drone 5: bootstrap personal trainer loaded 300 rows from datasets/personal_training.csv
2026-02-13 18:26:08,700 - Drone_5 - INFO - Drone 5: Personal ML system initialized
2026-02-13 18:26:08,701 - Drone_5 - INFO - Drone 5 initialized at {'x': -900, 'y': 1600, 'z': 0}
2026-02-13 18:26:08,702 - Drone_5 - INFO - Drone 5 started
2026-02-13 18:26:08,702 - SwarmManager - INFO - Drone 5 added to swarm
2026-02-13 18:26:08,703 - SwarmManager - INFO - Swarm monitoring started
2026-02-13 18:26:08,703 - Main - INFO - Swarm created with 5 drones
2026-02-13 18:26:08,703 - Main - INFO - Leader elected: Drone 1
2026-02-13 18:26:08,704 - Main - INFO - Starting GUI...
2026-02-13 18:26:08,704 - PhysicalMLTrainer_Drone5 - INFO - Physical ML model trained drone=5 samples=301 degree=2 alpha=0.1 val_mse=0.000128
2026-02-13 18:26:11,967 - Drone_1 - INFO - Drone 1: Armed
2026-02-13 18:26:11,968 - Drone_2 - INFO - Drone 2: Armed
2026-02-13 18:26:11,969 - Drone_3 - INFO - Drone 3: Armed
2026-02-13 18:26:11,969 - Drone_4 - INFO - Drone 4: Armed
2026-02-13 18:26:11,970 - Drone_5 - INFO - Drone 5: Armed
2026-02-13 18:26:12,775 - Drone_1 - INFO - Drone 1: Taking off
2026-02-13 18:26:12,776 - Drone_2 - INFO - Drone 2: Taking off
2026-02-13 18:26:12,776 - Drone_3 - INFO - Drone 3: Taking off
2026-02-13 18:26:12,777 - Drone_4 - INFO - Drone 4: Taking off
2026-02-13 18:26:12,778 - Drone_5 - INFO - Drone 5: Taking off
2026-02-13 18:26:14,706 - Drone_2 - INFO - Drone 2: Flying to {'x': -2600.0, 'y': -2620.0, 'z': 3.8210315704345703}
2026-02-13 18:26:14,706 - Drone_3 - INFO - Drone 3: Flying to {'x': -2600.0, 'y': -2620.0, 'z': 3.8210315704345703}
2026-02-13 18:26:14,706 - Drone_4 - INFO - Drone 4: Flying to {'x': -2600.0, 'y': -2620.0, 'z': 3.8210315704345703}
2026-02-13 18:26:14,707 - Drone_5 - INFO - Drone 5: Flying to {'x': -2600.0, 'y': -2620.0, 'z': 3.8210315704345703}
2026-02-13 18:26:14,783 - Drone_2 - INFO - Drone 2: Flying to {'x': 2553.9057647468726, 'y': 2622.797543233282, 'z': 60.0}
2026-02-13 18:26:14,784 - Drone_3 - INFO - Drone 3: Flying to {'x': 2503.5942352531274, 'y': 2606.450336353161, 'z': 60.0}
2026-02-13 18:26:14,785 - Drone_4 - INFO - Drone 4: Flying to {'x': 2503.5942352531274, 'y': 2553.549663646839, 'z': 60.0}
2026-02-13 18:26:14,786 - Drone_5 - INFO - Drone 5: Flying to {'x': 2553.9057647468726, 'y': 2537.202456766718, 'z': 60.0}
2026-02-13 18:26:15,708 - Drone_2 - INFO - Drone 2: Flying to {'x': -2600.0, 'y': -2620.0, 'z': 5.830790042877197}
2026-02-13 18:26:15,709 - Drone_3 - INFO - Drone 3: Flying to {'x': -2600.0, 'y': -2620.0, 'z': 5.830790042877197}
2026-02-13 18:26:15,709 - Drone_4 - INFO - Drone 4: Flying to {'x': -2600.0, 'y': -2620.0, 'z': 5.830790042877197}
2026-02-13 18:26:15,710 - Drone_5 - INFO - Drone 5: Flying to {'x': -2600.0, 'y': -2620.0, 'z': 5.830790042877197}
2026-02-13 18:26:16,710 - Drone_2 - INFO - Drone 2: Flying to {'x': -2600.0, 'y': -2620.0, 'z': 7.843814849853516}
2026-02-13 18:26:16,711 - Drone_3 - INFO - Drone 3: Flying to {'x': -2600.0, 'y': -2620.0, 'z': 7.843814849853516}
2026-02-13 18:26:16,711 - Drone_4 - INFO - Drone 4: Flying to {'x': -2600.0, 'y': -2620.0, 'z': 7.843814849853516}
2026-02-13 18:26:16,711 - Drone_5 - INFO - Drone 5: Flying to {'x': -2600.0, 'y': -2620.0, 'z': 7.843814849853516}
2026-02-13 18:26:17,712 - Drone_2 - INFO - Drone 2: Flying to {'x': -2600.0, 'y': -2620.0, 'z': 9.85253381729126}
2026-02-13 18:26:17,713 - Drone_3 - INFO - Drone 3: Flying to {'x': -2600.0, 'y': -2620.0, 'z': 9.85253381729126}
2026-02-13 18:26:17,714 - Drone_4 - INFO - Drone 4: Flying to {'x': -2600.0, 'y': -2620.0, 'z': 9.85253381729126}
2026-02-13 18:26:17,715 - Drone_5 - INFO - Drone 5: Flying to {'x': -2600.0, 'y': -2620.0, 'z': 9.85253381729126}
2026-02-13 18:26:18,716 - Drone_2 - INFO - Drone 2: Flying to {'x': -2600.0, 'y': -2620.0, 'z': 11.863106727600098}
2026-02-13 18:26:18,717 - Drone_3 - INFO - Drone 3: Flying to {'x': -2600.0, 'y': -2620.0, 'z': 11.863106727600098}
2026-02-13 18:26:18,717 - Drone_4 - INFO - Drone 4: Flying to {'x': -2600.0, 'y': -2620.0, 'z': 11.863106727600098}
2026-02-13 18:26:18,717 - Drone_5 - INFO - Drone 5: Flying to {'x': -2600.0, 'y': -2620.0, 'z': 11.863106727600098}
2026-02-13 18:26:19,509 - Drone_5 - INFO - Drone 5: Reached target position
2026-02-13 18:26:19,718 - Drone_2 - INFO - Drone 2: Flying to {'x': -2600.0, 'y': -2620.0, 'z': 13.874994277954102}
2026-02-13 18:26:19,719 - Drone_3 - INFO - Drone 3: Flying to {'x': -2600.0, 'y': -2620.0, 'z': 13.874994277954102}
2026-02-13 18:26:19,720 - Drone_4 - INFO - Drone 4: Flying to {'x': -2600.0, 'y': -2620.0, 'z': 13.874994277954102}
2026-02-13 18:26:19,721 - Drone_5 - INFO - Drone 5: Flying to {'x': -2600.0, 'y': -2620.0, 'z': 13.874994277954102}
2026-02-13 18:26:19,721 - Drone_1 - INFO - Drone 1: Flying to {'x': -2600.0, 'y': -2620.0, 'z': 14.474994277954101}
2026-02-13 18:26:19,722 - Drone_5 - INFO - Drone 5: Flying to {'x': -2608.796373924136, 'y': -2623.868861251602, 'z': 11.863106727600098}
2026-02-13 18:26:19,731 - Drone_1 - INFO - Drone 1: Flying to {'x': 2585.0, 'y': 2580.0, 'z': 60.0}
2026-02-13 18:26:20,314 - Drone_5 - INFO - Drone 5: Reached target position
2026-02-13 18:26:20,716 - Drone_2 - INFO - Drone 2: Reached target position
2026-02-13 18:26:20,723 - Drone_2 - INFO - Drone 2: Flying to {'x': 2577.1254873432636, 'y': 2524.303909020301, 'z': 60.0}
2026-02-13 18:26:20,724 - Drone_3 - INFO - Drone 3: Flying to {'x': 2529.326889115603, 'y': 2571.964626676151, 'z': 60.0}
2026-02-13 18:26:20,725 - Drone_4 - INFO - Drone 4: Flying to {'x': 2569.2509746865276, 'y': 2468.6078180406025, 'z': 60.0}
2026-02-13 18:26:20,725 - Drone_5 - INFO - Drone 5: Flying to {'x': 2473.6537782312057, 'y': 2563.9292533523026, 'z': 60.0}
2026-02-13 18:26:21,726 - Drone_2 - INFO - Drone 2: Flying to {'x': 2577.1254873432636, 'y': 2524.303909020301, 'z': 60.0}
2026-02-13 18:26:21,727 - Drone_3 - INFO - Drone 3: Flying to {'x': 2529.326889115603, 'y': 2571.964626676151, 'z': 60.0}
2026-02-13 18:26:21,727 - Drone_4 - INFO - Drone 4: Flying to {'x': 2569.2509746865276, 'y': 2468.6078180406025, 'z': 60.0}
2026-02-13 18:26:21,728 - Drone_5 - INFO - Drone 5: Flying to {'x': 2473.6537782312057, 'y': 2563.9292533523026, 'z': 60.0}
2026-02-13 18:26:22,728 - Drone_2 - INFO - Drone 2: Flying to {'x': 2577.1254873432636, 'y': 2524.303909020301, 'z': 60.0}
2026-02-13 18:26:22,729 - Drone_3 - INFO - Drone 3: Flying to {'x': 2529.326889115603, 'y': 2571.964626676151, 'z': 60.0}
2026-02-13 18:26:22,729 - Drone_4 - INFO - Drone 4: Flying to {'x': 2569.2509746865276, 'y': 2468.6078180406025, 'z': 60.0}
2026-02-13 18:26:22,729 - Drone_5 - INFO - Drone 5: Flying to {'x': 2473.6537782312057, 'y': 2563.9292533523026, 'z': 60.0}
2026-02-13 18:26:23,730 - Drone_2 - INFO - Drone 2: Flying to {'x': 2577.1254873432636, 'y': 2524.303909020301, 'z': 60.0}
2026-02-13 18:26:23,732 - Drone_3 - INFO - Drone 3: Flying to {'x': 2529.326889115603, 'y': 2571.964626676151, 'z': 60.0}
2026-02-13 18:26:23,733 - Drone_4 - INFO - Drone 4: Flying to {'x': 2569.2509746865276, 'y': 2468.6078180406025, 'z': 60.0}
2026-02-13 18:26:23,734 - Drone_5 - INFO - Drone 5: Flying to {'x': 2473.6537782312057, 'y': 2563.9292533523026, 'z': 60.0}
2026-02-13 18:26:24,735 - Drone_2 - INFO - Drone 2: Flying to {'x': 2577.1254873432636, 'y': 2524.303909020301, 'z': 60.0}
2026-02-13 18:26:24,735 - Drone_3 - INFO - Drone 3: Flying to {'x': 2529.326889115603, 'y': 2571.964626676151, 'z': 60.0}
2026-02-13 18:26:24,735 - Drone_4 - INFO - Drone 4: Flying to {'x': 2569.2509746865276, 'y': 2468.6078180406025, 'z': 60.0}
2026-02-13 18:26:24,736 - Drone_5 - INFO - Drone 5: Flying to {'x': 2473.6537782312057, 'y': 2563.9292533523026, 'z': 60.0}
2026-02-13 18:26:25,737 - Drone_2 - INFO - Drone 2: Flying to {'x': 2577.1254873432636, 'y': 2524.303909020301, 'z': 60.0}
2026-02-13 18:26:25,738 - Drone_3 - INFO - Drone 3: Flying to {'x': 2529.326889115603, 'y': 2571.964626676151, 'z': 60.0}
2026-02-13 18:26:25,739 - Drone_4 - INFO - Drone 4: Flying to {'x': 2569.2509746865276, 'y': 2468.6078180406025, 'z': 60.0}
2026-02-13 18:26:25,739 - Drone_5 - INFO - Drone 5: Flying to {'x': 2473.6537782312057, 'y': 2563.9292533523026, 'z': 60.0}
2026-02-13 18:26:26,740 - Drone_2 - INFO - Drone 2: Flying to {'x': 2577.1254873432636, 'y': 2524.303909020301, 'z': 60.0}
2026-02-13 18:26:26,740 - Drone_3 - INFO - Drone 3: Flying to {'x': 2529.326889115603, 'y': 2571.964626676151, 'z': 60.0}
2026-02-13 18:26:26,741 - Drone_4 - INFO - Drone 4: Flying to {'x': 2569.2509746865276, 'y': 2468.6078180406025, 'z': 60.0}
2026-02-13 18:26:26,741 - Drone_5 - INFO - Drone 5: Flying to {'x': 2473.6537782312057, 'y': 2563.9292533523026, 'z': 60.0}
2026-02-13 18:26:27,742 - Drone_2 - INFO - Drone 2: Flying to {'x': 2577.1254873432636, 'y': 2524.303909020301, 'z': 60.0}
2026-02-13 18:26:27,742 - Drone_3 - INFO - Drone 3: Flying to {'x': 2529.326889115603, 'y': 2571.964626676151, 'z': 60.0}
2026-02-13 18:26:27,742 - Drone_4 - INFO - Drone 4: Flying to {'x': 2569.2509746865276, 'y': 2468.6078180406025, 'z': 60.0}
2026-02-13 18:26:27,743 - Drone_5 - INFO - Drone 5: Flying to {'x': 2473.6537782312057, 'y': 2563.9292533523026, 'z': 60.0}
2026-02-13 18:26:28,743 - Drone_2 - INFO - Drone 2: Flying to {'x': 2577.1254873432636, 'y': 2524.303909020301, 'z': 60.0}
2026-02-13 18:26:28,744 - Drone_3 - INFO - Drone 3: Flying to {'x': 2529.326889115603, 'y': 2571.964626676151, 'z': 60.0}
2026-02-13 18:26:28,744 - Drone_4 - INFO - Drone 4: Flying to {'x': 2569.2509746865276, 'y': 2468.6078180406025, 'z': 60.0}
2026-02-13 18:26:28,745 - Drone_5 - INFO - Drone 5: Flying to {'x': 2473.6537782312057, 'y': 2563.9292533523026, 'z': 60.0}
2026-02-13 18:26:28,875 - PhysicalMLTrainer_Drone1 - INFO - Physical ML model trained drone=1 samples=451 degree=2 alpha=0.0 val_mse=0.410243
2026-02-13 18:26:28,875 - PhysicalMLTrainer_Drone3 - INFO - Physical ML model trained drone=3 samples=501 degree=2 alpha=0.0 val_mse=0.007105
2026-02-13 18:26:28,876 - PhysicalMLTrainer_Drone5 - INFO - Physical ML model trained drone=5 samples=501 degree=2 alpha=0.0 val_mse=0.024491
2026-02-13 18:26:28,877 - PhysicalMLTrainer_Drone4 - INFO - Physical ML model trained drone=4 samples=501 degree=2 alpha=0.0 val_mse=0.008579
2026-02-13 18:26:28,877 - PhysicalMLTrainer_Drone2 - INFO - Physical ML model trained drone=2 samples=501 degree=2 alpha=0.0 val_mse=0.011947
2026-02-13 18:26:29,781 - Drone_1 - INFO - Drone 1 stopped
2026-02-13 18:26:29,882 - Drone_2 - INFO - Drone 2 stopped
2026-02-13 18:26:29,980 - Drone_3 - INFO - Drone 3 stopped
2026-02-13 18:26:29,982 - Drone_4 - INFO - Drone 4 stopped
2026-02-13 18:26:30,082 - Drone_5 - INFO - Drone 5 stopped
2026-02-13 18:26:30,083 - SwarmManager - INFO - Swarm monitoring stopped
2026-02-13 18:26:30,083 - Main - INFO - System shutdown complete
