2026-02-12 10:12:16,355 - Main - INFO - Starting Drone Swarm Management System
2026-02-12 10:12:16,356 - SwarmManager - INFO - Swarm Manager initialized
2026-02-12 10:12:16,357 - MLDecisionSupport_Drone1 - INFO - ML Decision Support initialized
2026-02-12 10:12:16,366 - Drone_1 - INFO - Drone 1: Personal ML system initialized
2026-02-12 10:12:16,367 - Drone_1 - INFO - Drone 1 initialized at {'x': 0, 'y': 0, 'z': 0}
2026-02-12 10:12:16,367 - Drone_1 - INFO - Drone 1 started
2026-02-12 10:12:16,368 - SwarmManager - INFO - Drone 1 added to swarm
2026-02-12 10:12:16,368 - SwarmManager - INFO - Starting leader election...
2026-02-12 10:12:16,368 - SwarmManager - INFO -   Drone 1: suitability score = 100.00
2026-02-12 10:12:16,369 - Drone_1 - INFO - Drone 1: Role changed from follower to leader
2026-02-12 10:12:16,372 - MLDecisionSupport_Drone2 - INFO - ML Decision Support initialized
2026-02-12 10:12:16,375 - Drone_2 - INFO - Drone 2: Personal ML system initialized
2026-02-12 10:12:16,376 - Drone_2 - INFO - Drone 2 initialized at {'x': 1200, 'y': 300, 'z': 0}
2026-02-12 10:12:16,376 - Drone_2 - INFO - Drone 2 started
2026-02-12 10:12:16,376 - SwarmManager - INFO - Drone 2 added to swarm
2026-02-12 10:12:16,377 - MLDecisionSupport_Drone3 - INFO - ML Decision Support initialized
2026-02-12 10:12:16,378 - Drone_3 - INFO - Drone 3: Personal ML system initialized
2026-02-12 10:12:16,378 - Drone_3 - INFO - Drone 3 initialized at {'x': -1400, 'y': -500, 'z': 0}
2026-02-12 10:12:16,378 - Drone_3 - INFO - Drone 3 started
2026-02-12 10:12:16,378 - SwarmManager - INFO - Drone 3 added to swarm
2026-02-12 10:12:16,379 - MLDecisionSupport_Drone4 - INFO - ML Decision Support initialized
2026-02-12 10:12:16,380 - Drone_4 - INFO - Drone 4: Personal ML system initialized
2026-02-12 10:12:16,380 - Drone_4 - INFO - Drone 4 initialized at {'x': 800, 'y': -1500, 'z': 0}
2026-02-12 10:12:16,380 - Drone_4 - INFO - Drone 4 started
2026-02-12 10:12:16,380 - SwarmManager - INFO - Drone 4 added to swarm
2026-02-12 10:12:16,381 - MLDecisionSupport_Drone5 - INFO - ML Decision Support initialized
2026-02-12 10:12:16,382 - Drone_5 - INFO - Drone 5: Personal ML system initialized
2026-02-12 10:12:16,382 - Drone_5 - INFO - Drone 5 initialized at {'x': -900, 'y': 1600, 'z': 0}
2026-02-12 10:12:16,382 - Drone_5 - INFO - Drone 5 started
2026-02-12 10:12:16,383 - SwarmManager - INFO - Drone 5 added to swarm
2026-02-12 10:12:16,383 - SwarmManager - INFO - Swarm monitoring started
2026-02-12 10:12:16,383 - Main - INFO - Swarm created with 5 drones
2026-02-12 10:12:16,383 - Main - INFO - Leader elected: Drone 1
2026-02-12 10:12:16,383 - Main - INFO - Starting GUI...
2026-02-12 10:12:20,488 - Drone_2 - INFO - Drone 2: Armed
2026-02-12 10:12:20,488 - Drone_2 - INFO - Drone 2: Flying to {'x': 18.0, 'y': 0.0, 'z': 0.0}
2026-02-12 10:12:20,488 - Drone_3 - INFO - Drone 3: Armed
2026-02-12 10:12:20,488 - Drone_3 - INFO - Drone 3: Flying to {'x': 1.102182119232618e-15, 'y': 18.0, 'z': 0.0}
2026-02-12 10:12:20,488 - Drone_4 - INFO - Drone 4: Armed
2026-02-12 10:12:20,488 - Drone_4 - INFO - Drone 4: Flying to {'x': -18.0, 'y': 2.204364238465236e-15, 'z': 0.0}
2026-02-12 10:12:20,488 - Drone_5 - INFO - Drone 5: Armed
2026-02-12 10:12:20,489 - Drone_5 - INFO - Drone 5: Flying to {'x': -3.3065463576978533e-15, 'y': -18.0, 'z': 0.0}
2026-02-12 10:12:20,489 - SwarmManager - INFO - Formation 'circle' commanded: success=4, skipped=0, followers=4
2026-02-12 10:12:25,512 - Drone_2 - INFO - Drone 2: Flying to {'x': -12.0, 'y': 12.0, 'z': 0.0}
2026-02-12 10:12:25,513 - Drone_3 - INFO - Drone 3: Flying to {'x': -12.0, 'y': -12.0, 'z': 0.0}
2026-02-12 10:12:25,513 - Drone_4 - INFO - Drone 4: Flying to {'x': -24.0, 'y': 24.0, 'z': 0.0}
2026-02-12 10:12:25,514 - Drone_5 - INFO - Drone 5: Flying to {'x': -24.0, 'y': -24.0, 'z': 0.0}
2026-02-12 10:12:25,514 - SwarmManager - INFO - Formation 'v' commanded: success=4, skipped=0, followers=4
2026-02-12 10:12:35,557 - Drone_2 - INFO - Drone 2: Flying to {'x': -12.0, 'y': 0, 'z': 0.0}
2026-02-12 10:12:35,557 - Drone_3 - INFO - Drone 3: Flying to {'x': -24.0, 'y': 0, 'z': 0.0}
2026-02-12 10:12:35,557 - Drone_4 - INFO - Drone 4: Flying to {'x': -36.0, 'y': 0, 'z': 0.0}
2026-02-12 10:12:35,558 - Drone_5 - INFO - Drone 5: Flying to {'x': -48.0, 'y': 0, 'z': 0.0}
2026-02-12 10:12:35,558 - SwarmManager - INFO - Formation 'line' commanded: success=4, skipped=0, followers=4
2026-02-12 10:12:36,437 - PhysicalMLTrainer_Drone2 - INFO - Physical ML model trained for drone=2 samples=200
2026-02-12 10:12:36,440 - PhysicalMLTrainer_Drone3 - INFO - Physical ML model trained for drone=3 samples=200
2026-02-12 10:12:36,443 - PhysicalMLTrainer_Drone1 - INFO - Physical ML model trained for drone=1 samples=200
2026-02-12 10:12:36,445 - PhysicalMLTrainer_Drone5 - INFO - Physical ML model trained for drone=5 samples=200
2026-02-12 10:12:36,447 - PhysicalMLTrainer_Drone4 - INFO - Physical ML model trained for drone=4 samples=200
2026-02-12 10:12:47,410 - Drone_1 - INFO - Drone 1 stopped
2026-02-12 10:12:47,495 - Drone_2 - INFO - Drone 2 stopped
2026-02-12 10:12:47,501 - Drone_3 - INFO - Drone 3 stopped
2026-02-12 10:12:47,505 - Drone_4 - INFO - Drone 4 stopped
2026-02-12 10:12:47,508 - Drone_5 - INFO - Drone 5 stopped
2026-02-12 10:12:47,509 - SwarmManager - INFO - Swarm monitoring stopped
2026-02-12 10:12:47,510 - Main - INFO - System shutdown complete
