2026-02-12 02:06:44,314 - Main - INFO - Starting Drone Swarm Management System
2026-02-12 02:06:44,315 - SwarmManager - INFO - Swarm Manager initialized
2026-02-12 02:06:44,316 - MLDecisionSupport_Drone1 - INFO - ML Decision Support initialized
2026-02-12 02:06:44,326 - Drone_1 - INFO - Drone 1: Personal ML system initialized
2026-02-12 02:06:44,327 - Drone_1 - INFO - Drone 1 initialized at {'x': 0, 'y': 0, 'z': 0}
2026-02-12 02:06:44,328 - Drone_1 - INFO - Drone 1 started
2026-02-12 02:06:44,328 - SwarmManager - INFO - Drone 1 added to swarm
2026-02-12 02:06:44,328 - SwarmManager - INFO - Starting leader election...
2026-02-12 02:06:44,330 - SwarmManager - INFO -   Drone 1: suitability score = 100.00
2026-02-12 02:06:44,330 - Drone_1 - INFO - Drone 1: Role changed from follower to leader
2026-02-12 02:06:44,335 - MLDecisionSupport_Drone2 - INFO - ML Decision Support initialized
2026-02-12 02:06:44,339 - Drone_2 - INFO - Drone 2: Personal ML system initialized
2026-02-12 02:06:44,339 - Drone_2 - INFO - Drone 2 initialized at {'x': 1200, 'y': 300, 'z': 0}
2026-02-12 02:06:44,340 - Drone_2 - INFO - Drone 2 started
2026-02-12 02:06:44,340 - SwarmManager - INFO - Drone 2 added to swarm
2026-02-12 02:06:44,341 - MLDecisionSupport_Drone3 - INFO - ML Decision Support initialized
2026-02-12 02:06:44,342 - Drone_3 - INFO - Drone 3: Personal ML system initialized
2026-02-12 02:06:44,343 - Drone_3 - INFO - Drone 3 initialized at {'x': -1400, 'y': -500, 'z': 0}
2026-02-12 02:06:44,343 - Drone_3 - INFO - Drone 3 started
2026-02-12 02:06:44,343 - SwarmManager - INFO - Drone 3 added to swarm
2026-02-12 02:06:44,344 - MLDecisionSupport_Drone4 - INFO - ML Decision Support initialized
2026-02-12 02:06:44,345 - Drone_4 - INFO - Drone 4: Personal ML system initialized
2026-02-12 02:06:44,345 - Drone_4 - INFO - Drone 4 initialized at {'x': 800, 'y': -1500, 'z': 0}
2026-02-12 02:06:44,346 - Drone_4 - INFO - Drone 4 started
2026-02-12 02:06:44,346 - SwarmManager - INFO - Drone 4 added to swarm
2026-02-12 02:06:44,346 - MLDecisionSupport_Drone5 - INFO - ML Decision Support initialized
2026-02-12 02:06:44,347 - Drone_5 - INFO - Drone 5: Personal ML system initialized
2026-02-12 02:06:44,348 - Drone_5 - INFO - Drone 5 initialized at {'x': -900, 'y': 1600, 'z': 0}
2026-02-12 02:06:44,348 - Drone_5 - INFO - Drone 5 started
2026-02-12 02:06:44,348 - SwarmManager - INFO - Drone 5 added to swarm
2026-02-12 02:06:44,349 - SwarmManager - INFO - Swarm monitoring started
2026-02-12 02:06:44,349 - Main - INFO - Swarm created with 5 drones
2026-02-12 02:06:44,349 - Main - INFO - Leader elected: Drone 1
2026-02-12 02:06:44,349 - Main - INFO - Starting GUI...
2026-02-12 02:07:04,424 - PhysicalMLTrainer_Drone5 - INFO - Physical ML model trained for drone=5 samples=200
2026-02-12 02:07:04,428 - PhysicalMLTrainer_Drone4 - INFO - Physical ML model trained for drone=4 samples=200
2026-02-12 02:07:04,428 - PhysicalMLTrainer_Drone2 - INFO - Physical ML model trained for drone=2 samples=200
2026-02-12 02:07:04,428 - PhysicalMLTrainer_Drone1 - INFO - Physical ML model trained for drone=1 samples=200
2026-02-12 02:07:04,429 - PhysicalMLTrainer_Drone3 - INFO - Physical ML model trained for drone=3 samples=200
2026-02-12 02:07:24,529 - PhysicalMLTrainer_Drone2 - INFO - Physical ML model trained for drone=2 samples=400
2026-02-12 02:07:24,535 - PhysicalMLTrainer_Drone5 - INFO - Physical ML model trained for drone=5 samples=400
2026-02-12 02:07:24,536 - PhysicalMLTrainer_Drone4 - INFO - Physical ML model trained for drone=4 samples=400
2026-02-12 02:07:24,537 - PhysicalMLTrainer_Drone1 - INFO - Physical ML model trained for drone=1 samples=400
2026-02-12 02:07:24,537 - PhysicalMLTrainer_Drone3 - INFO - Physical ML model trained for drone=3 samples=400
2026-02-12 02:07:44,644 - PhysicalMLTrainer_Drone2 - INFO - Physical ML model trained for drone=2 samples=600
2026-02-12 02:07:44,645 - PhysicalMLTrainer_Drone3 - INFO - Physical ML model trained for drone=3 samples=600
2026-02-12 02:07:44,645 - PhysicalMLTrainer_Drone4 - INFO - Physical ML model trained for drone=4 samples=600
2026-02-12 02:07:44,650 - PhysicalMLTrainer_Drone5 - INFO - Physical ML model trained for drone=5 samples=600
2026-02-12 02:07:44,650 - PhysicalMLTrainer_Drone1 - INFO - Physical ML model trained for drone=1 samples=600
2026-02-12 02:08:04,778 - PhysicalMLTrainer_Drone1 - INFO - Physical ML model trained for drone=1 samples=800
2026-02-12 02:08:04,785 - PhysicalMLTrainer_Drone4 - INFO - Physical ML model trained for drone=4 samples=800
2026-02-12 02:08:04,785 - PhysicalMLTrainer_Drone5 - INFO - Physical ML model trained for drone=5 samples=800
2026-02-12 02:08:04,786 - PhysicalMLTrainer_Drone2 - INFO - Physical ML model trained for drone=2 samples=800
2026-02-12 02:08:04,786 - PhysicalMLTrainer_Drone3 - INFO - Physical ML model trained for drone=3 samples=800
2026-02-12 02:08:24,899 - PhysicalMLTrainer_Drone1 - INFO - Physical ML model trained for drone=1 samples=1000
2026-02-12 02:08:24,904 - PhysicalMLTrainer_Drone2 - INFO - Physical ML model trained for drone=2 samples=1000
2026-02-12 02:08:24,905 - PhysicalMLTrainer_Drone3 - INFO - Physical ML model trained for drone=3 samples=1000
2026-02-12 02:08:24,905 - PhysicalMLTrainer_Drone4 - INFO - Physical ML model trained for drone=4 samples=1000
2026-02-12 02:08:24,946 - PhysicalMLTrainer_Drone5 - INFO - Physical ML model trained for drone=5 samples=1000
2026-02-12 02:08:45,018 - PhysicalMLTrainer_Drone1 - INFO - Physical ML model trained for drone=1 samples=1200
2026-02-12 02:08:45,018 - PhysicalMLTrainer_Drone2 - INFO - Physical ML model trained for drone=2 samples=1200
2026-02-12 02:08:45,018 - PhysicalMLTrainer_Drone4 - INFO - Physical ML model trained for drone=4 samples=1200
2026-02-12 02:08:45,018 - PhysicalMLTrainer_Drone3 - INFO - Physical ML model trained for drone=3 samples=1200
2026-02-12 02:08:45,063 - PhysicalMLTrainer_Drone5 - INFO - Physical ML model trained for drone=5 samples=1200
