2026-02-12 01:04:40,042 - Main - INFO - Starting Drone Swarm Management System
2026-02-12 01:04:40,043 - SwarmManager - INFO - Swarm Manager initialized
2026-02-12 01:04:40,044 - Drone_1 - INFO - Drone 1 initialized at {'x': 0, 'y': 0, 'z': 0}
2026-02-12 01:04:40,045 - Drone_1 - INFO - Drone 1 started
2026-02-12 01:04:40,045 - SwarmManager - INFO - Drone 1 added to swarm
2026-02-12 01:04:40,045 - SwarmManager - INFO - Starting leader election...
2026-02-12 01:04:40,046 - SwarmManager - INFO -   Drone 1: suitability score = 100.00
2026-02-12 01:04:40,046 - Drone_1 - INFO - Drone 1: Role changed from follower to leader
2026-02-12 01:04:40,066 - Drone_2 - INFO - Drone 2 initialized at {'x': 10, 'y': 0, 'z': 0}
2026-02-12 01:04:40,066 - Drone_2 - INFO - Drone 2 started
2026-02-12 01:04:40,066 - SwarmManager - INFO - Drone 2 added to swarm
2026-02-12 01:04:40,067 - Drone_3 - INFO - Drone 3 initialized at {'x': -10, 'y': 0, 'z': 0}
2026-02-12 01:04:40,067 - Drone_3 - INFO - Drone 3 started
2026-02-12 01:04:40,067 - SwarmManager - INFO - Drone 3 added to swarm
2026-02-12 01:04:40,068 - Drone_4 - INFO - Drone 4 initialized at {'x': 0, 'y': 10, 'z': 0}
2026-02-12 01:04:40,068 - Drone_4 - INFO - Drone 4 started
2026-02-12 01:04:40,068 - SwarmManager - INFO - Drone 4 added to swarm
2026-02-12 01:04:40,069 - Drone_5 - INFO - Drone 5 initialized at {'x': 0, 'y': -10, 'z': 0}
2026-02-12 01:04:40,069 - Drone_5 - INFO - Drone 5 started
2026-02-12 01:04:40,069 - SwarmManager - INFO - Drone 5 added to swarm
2026-02-12 01:04:40,070 - SwarmManager - INFO - Swarm monitoring started
2026-02-12 01:04:40,070 - Main - INFO - Swarm created with 5 drones
2026-02-12 01:04:40,070 - Main - INFO - Leader elected: Drone 1
2026-02-12 01:04:40,070 - Main - INFO - Starting GUI...
2026-02-12 01:04:44,056 - Drone_2 - WARNING - Drone 2: Cannot goto - invalid flight mode
2026-02-12 01:04:44,056 - Drone_3 - WARNING - Drone 3: Cannot goto - invalid flight mode
2026-02-12 01:04:44,057 - Drone_4 - WARNING - Drone 4: Cannot goto - invalid flight mode
2026-02-12 01:04:44,057 - Drone_5 - WARNING - Drone 5: Cannot goto - invalid flight mode
2026-02-12 01:04:44,057 - SwarmManager - INFO - Formation 'line' commanded to 4 followers
2026-02-12 01:04:49,899 - Drone_1 - WARNING - Drone 1: Cannot takeoff - not armed
2026-02-12 01:04:49,899 - Drone_2 - WARNING - Drone 2: Cannot takeoff - not armed
2026-02-12 01:04:49,900 - Drone_3 - WARNING - Drone 3: Cannot takeoff - not armed
2026-02-12 01:04:49,900 - Drone_4 - WARNING - Drone 4: Cannot takeoff - not armed
2026-02-12 01:04:49,900 - Drone_5 - WARNING - Drone 5: Cannot takeoff - not armed
2026-02-12 01:05:01,938 - Drone_6 - INFO - Drone 6 initialized at {'x': 17.27841295497091, 'y': 1.3432420997037617, 'z': 0}
2026-02-12 01:05:01,939 - Drone_6 - INFO - Drone 6 started
2026-02-12 01:05:01,940 - SwarmManager - INFO - Drone 6 added to swarm
2026-02-12 01:05:02,593 - Drone_7 - INFO - Drone 7 initialized at {'x': -6.24226128222768, 'y': -7.957987387309187, 'z': 0}
2026-02-12 01:05:02,594 - Drone_7 - INFO - Drone 7 started
2026-02-12 01:05:02,594 - SwarmManager - INFO - Drone 7 added to swarm
2026-02-12 01:05:02,949 - Drone_8 - INFO - Drone 8 initialized at {'x': -1.549570477874127, 'y': 4.000305185021507, 'z': 0}
2026-02-12 01:05:02,950 - Drone_8 - INFO - Drone 8 started
2026-02-12 01:05:02,950 - SwarmManager - INFO - Drone 8 added to swarm
2026-02-12 01:05:03,461 - Drone_9 - INFO - Drone 9 initialized at {'x': 6.010572173104066, 'y': -0.6185428259283086, 'z': 0}
2026-02-12 01:05:03,462 - Drone_9 - INFO - Drone 9 started
2026-02-12 01:05:03,462 - SwarmManager - INFO - Drone 9 added to swarm
2026-02-12 01:05:04,016 - Drone_10 - INFO - Drone 10 initialized at {'x': 4.286556443951497, 'y': -12.928150961303695, 'z': 0}
2026-02-12 01:05:04,017 - Drone_10 - INFO - Drone 10 started
2026-02-12 01:05:04,017 - SwarmManager - INFO - Drone 10 added to swarm
2026-02-12 01:05:07,542 - SwarmManager - INFO - Formation 'grid' commanded to 9 followers
2026-02-12 01:05:19,827 - SwarmManager - INFO - Commanding all drones to return home
2026-02-12 01:05:32,777 - Drone_1 - WARNING - Drone 1: Cannot takeoff - not armed
2026-02-12 01:05:32,777 - Drone_2 - WARNING - Drone 2: Cannot takeoff - not armed
2026-02-12 01:05:32,778 - Drone_3 - WARNING - Drone 3: Cannot takeoff - not armed
2026-02-12 01:05:32,778 - Drone_4 - WARNING - Drone 4: Cannot takeoff - not armed
2026-02-12 01:05:32,778 - Drone_5 - WARNING - Drone 5: Cannot takeoff - not armed
2026-02-12 01:05:32,778 - Drone_6 - WARNING - Drone 6: Cannot takeoff - not armed
2026-02-12 01:05:32,778 - Drone_7 - WARNING - Drone 7: Cannot takeoff - not armed
2026-02-12 01:05:32,779 - Drone_8 - WARNING - Drone 8: Cannot takeoff - not armed
2026-02-12 01:05:32,779 - Drone_9 - WARNING - Drone 9: Cannot takeoff - not armed
2026-02-12 01:05:32,779 - Drone_10 - WARNING - Drone 10: Cannot takeoff - not armed
2026-02-12 01:05:37,951 - Drone_1 - INFO - Drone 1: Armed
2026-02-12 01:05:37,951 - Drone_2 - INFO - Drone 2: Armed
2026-02-12 01:05:37,952 - Drone_3 - INFO - Drone 3: Armed
2026-02-12 01:05:37,952 - Drone_4 - INFO - Drone 4: Armed
2026-02-12 01:05:37,952 - Drone_5 - INFO - Drone 5: Armed
2026-02-12 01:05:37,952 - Drone_6 - INFO - Drone 6: Armed
2026-02-12 01:05:37,952 - Drone_7 - INFO - Drone 7: Armed
2026-02-12 01:05:37,953 - Drone_8 - INFO - Drone 8: Armed
2026-02-12 01:05:37,953 - Drone_9 - INFO - Drone 9: Armed
2026-02-12 01:05:37,953 - Drone_10 - INFO - Drone 10: Armed
2026-02-12 01:05:40,343 - Drone_1 - INFO - Drone 1: Taking off
2026-02-12 01:05:40,343 - Drone_2 - INFO - Drone 2: Taking off
2026-02-12 01:05:40,344 - Drone_3 - INFO - Drone 3: Taking off
2026-02-12 01:05:40,344 - Drone_4 - INFO - Drone 4: Taking off
2026-02-12 01:05:40,344 - Drone_5 - INFO - Drone 5: Taking off
2026-02-12 01:05:40,344 - Drone_6 - INFO - Drone 6: Taking off
2026-02-12 01:05:40,344 - Drone_7 - INFO - Drone 7: Taking off
2026-02-12 01:05:40,345 - Drone_8 - INFO - Drone 8: Taking off
2026-02-12 01:05:40,345 - Drone_9 - INFO - Drone 9: Taking off
2026-02-12 01:05:40,345 - Drone_10 - INFO - Drone 10: Taking off
2026-02-12 01:05:43,322 - Drone_2 - WARNING - Drone 2: Cannot goto - invalid flight mode
2026-02-12 01:05:43,322 - Drone_3 - WARNING - Drone 3: Cannot goto - invalid flight mode
2026-02-12 01:05:43,323 - Drone_4 - WARNING - Drone 4: Cannot goto - invalid flight mode
2026-02-12 01:05:43,323 - Drone_5 - WARNING - Drone 5: Cannot goto - invalid flight mode
2026-02-12 01:05:43,323 - Drone_6 - WARNING - Drone 6: Cannot goto - invalid flight mode
2026-02-12 01:05:43,323 - Drone_7 - WARNING - Drone 7: Cannot goto - invalid flight mode
2026-02-12 01:05:43,324 - Drone_8 - WARNING - Drone 8: Cannot goto - invalid flight mode
2026-02-12 01:05:43,324 - Drone_9 - WARNING - Drone 9: Cannot goto - invalid flight mode
2026-02-12 01:05:43,324 - Drone_10 - WARNING - Drone 10: Cannot goto - invalid flight mode
2026-02-12 01:05:43,324 - SwarmManager - INFO - Formation 'line' commanded to 9 followers
2026-02-12 01:05:45,405 - Drone_7 - INFO - Drone 7: Takeoff complete at 10.1m
2026-02-12 01:05:45,418 - Drone_10 - INFO - Drone 10: Takeoff complete at 10.1m
2026-02-12 01:05:45,437 - Drone_3 - INFO - Drone 3: Takeoff complete at 10.0m
2026-02-12 01:05:45,445 - Drone_2 - INFO - Drone 2: Takeoff complete at 10.0m
2026-02-12 01:05:45,452 - Drone_5 - INFO - Drone 5: Takeoff complete at 10.1m
2026-02-12 01:05:45,452 - Drone_4 - INFO - Drone 4: Takeoff complete at 10.1m
2026-02-12 01:05:45,454 - Drone_1 - INFO - Drone 1: Takeoff complete at 10.1m
2026-02-12 01:05:45,459 - Drone_8 - INFO - Drone 8: Takeoff complete at 10.0m
2026-02-12 01:05:45,459 - Drone_6 - INFO - Drone 6: Takeoff complete at 10.0m
2026-02-12 01:05:45,468 - Drone_9 - INFO - Drone 9: Takeoff complete at 10.0m
2026-02-12 01:05:52,917 - Drone_2 - INFO - Drone 2: Flying to {'x': -10, 'y': 10, 'z': 10.051294326782227}
2026-02-12 01:05:52,918 - Drone_3 - INFO - Drone 3: Flying to {'x': -10, 'y': -10, 'z': 10.051294326782227}
2026-02-12 01:05:52,918 - Drone_4 - INFO - Drone 4: Flying to {'x': -20, 'y': 20, 'z': 10.051294326782227}
2026-02-12 01:05:52,918 - Drone_5 - INFO - Drone 5: Flying to {'x': -20, 'y': -20, 'z': 10.051294326782227}
2026-02-12 01:05:52,919 - Drone_6 - INFO - Drone 6: Flying to {'x': -30, 'y': 30, 'z': 10.051294326782227}
2026-02-12 01:05:52,919 - Drone_7 - INFO - Drone 7: Flying to {'x': -30, 'y': -30, 'z': 10.051294326782227}
2026-02-12 01:05:52,920 - Drone_8 - INFO - Drone 8: Flying to {'x': -40, 'y': 40, 'z': 10.051294326782227}
2026-02-12 01:05:52,920 - Drone_9 - INFO - Drone 9: Flying to {'x': -40, 'y': -40, 'z': 10.051294326782227}
2026-02-12 01:05:52,920 - Drone_10 - INFO - Drone 10: Flying to {'x': -50, 'y': 50, 'z': 10.051294326782227}
2026-02-12 01:05:52,920 - SwarmManager - INFO - Formation 'v' commanded to 9 followers
2026-02-12 01:05:53,578 - Drone_3 - INFO - Drone 3: Reached target position
2026-02-12 01:05:54,492 - Drone_2 - INFO - Drone 2: Reached target position
2026-02-12 01:05:54,500 - Drone_5 - INFO - Drone 5: Reached target position
2026-02-12 01:05:54,503 - Drone_4 - INFO - Drone 4: Reached target position
2026-02-12 01:05:55,057 - Drone_7 - INFO - Drone 7: Reached target position
2026-02-12 01:05:56,522 - Drone_8 - INFO - Drone 8: Reached target position
2026-02-12 01:05:56,617 - Drone_6 - INFO - Drone 6: Reached target position
2026-02-12 01:05:57,028 - Drone_9 - INFO - Drone 9: Reached target position
2026-02-12 01:05:58,481 - Drone_10 - INFO - Drone 10: Reached target position
2026-02-12 01:06:17,569 - Drone_2 - INFO - Drone 2: Flying to {'x': 15.0, 'y': 0.0, 'z': 10.051294326782227}
2026-02-12 01:06:17,569 - Drone_3 - INFO - Drone 3: Flying to {'x': 11.49066664678467, 'y': 9.641814145298088, 'z': 10.051294326782227}
2026-02-12 01:06:17,570 - Drone_4 - INFO - Drone 4: Flying to {'x': 2.604722665003956, 'y': 14.772116295183121, 'z': 10.051294326782227}
2026-02-12 01:06:17,570 - Drone_5 - INFO - Drone 5: Flying to {'x': -7.4999999999999964, 'y': 12.99038105676658, 'z': 10.051294326782227}
2026-02-12 01:06:17,570 - Drone_6 - INFO - Drone 6: Flying to {'x': -14.095389311788624, 'y': 5.130302149885033, 'z': 10.051294326782227}
2026-02-12 01:06:17,570 - Drone_7 - INFO - Drone 7: Flying to {'x': -14.095389311788626, 'y': -5.13030214988503, 'z': 10.051294326782227}
2026-02-12 01:06:17,571 - Drone_8 - INFO - Drone 8: Flying to {'x': -7.500000000000007, 'y': -12.990381056766577, 'z': 10.051294326782227}
2026-02-12 01:06:17,571 - Drone_9 - INFO - Drone 9: Flying to {'x': 2.6047226650039494, 'y': -14.772116295183121, 'z': 10.051294326782227}
2026-02-12 01:06:17,571 - Drone_10 - INFO - Drone 10: Flying to {'x': 11.490666646784668, 'y': -9.641814145298094, 'z': 10.051294326782227}
2026-02-12 01:06:17,571 - SwarmManager - INFO - Formation 'circle' commanded to 9 followers
2026-02-12 01:06:19,134 - Drone_4 - INFO - Drone 4: Reached target position
2026-02-12 01:06:19,426 - Drone_2 - INFO - Drone 2: Reached target position
2026-02-12 01:06:19,482 - Drone_7 - INFO - Drone 7: Reached target position
2026-02-12 01:06:19,511 - Drone_3 - INFO - Drone 3: Reached target position
2026-02-12 01:06:19,543 - Drone_6 - INFO - Drone 6: Reached target position
2026-02-12 01:06:19,929 - Drone_5 - INFO - Drone 5: Reached target position
2026-02-12 01:06:20,954 - Drone_9 - INFO - Drone 9: Reached target position
2026-02-12 01:06:21,759 - Drone_8 - INFO - Drone 8: Reached target position
2026-02-12 01:06:23,311 - Drone_10 - INFO - Drone 10: Reached target position
2026-02-12 01:06:28,221 - SwarmManager - INFO - Formation 'grid' commanded to 9 followers
2026-02-12 01:07:08,526 - Drone_2 - INFO - Drone 2: Flying to {'x': 15.0, 'y': 0.0, 'z': 10.051294326782227}
2026-02-12 01:07:08,526 - Drone_3 - INFO - Drone 3: Flying to {'x': 11.49066664678467, 'y': 9.641814145298088, 'z': 10.051294326782227}
2026-02-12 01:07:08,526 - Drone_4 - INFO - Drone 4: Flying to {'x': 2.604722665003956, 'y': 14.772116295183121, 'z': 10.051294326782227}
2026-02-12 01:07:08,527 - Drone_5 - INFO - Drone 5: Flying to {'x': -7.4999999999999964, 'y': 12.99038105676658, 'z': 10.051294326782227}
2026-02-12 01:07:08,527 - Drone_6 - INFO - Drone 6: Flying to {'x': -14.095389311788624, 'y': 5.130302149885033, 'z': 10.051294326782227}
2026-02-12 01:07:08,527 - Drone_7 - INFO - Drone 7: Flying to {'x': -14.095389311788626, 'y': -5.13030214988503, 'z': 10.051294326782227}
2026-02-12 01:07:08,528 - Drone_8 - INFO - Drone 8: Flying to {'x': -7.500000000000007, 'y': -12.990381056766577, 'z': 10.051294326782227}
2026-02-12 01:07:08,528 - Drone_9 - INFO - Drone 9: Flying to {'x': 2.6047226650039494, 'y': -14.772116295183121, 'z': 10.051294326782227}
2026-02-12 01:07:08,528 - Drone_10 - INFO - Drone 10: Flying to {'x': 11.490666646784668, 'y': -9.641814145298094, 'z': 10.051294326782227}
2026-02-12 01:07:08,528 - SwarmManager - INFO - Formation 'circle' commanded to 9 followers
2026-02-12 01:07:08,538 - Drone_7 - INFO - Drone 7: Reached target position
2026-02-12 01:07:08,541 - Drone_10 - INFO - Drone 10: Reached target position
2026-02-12 01:07:08,569 - Drone_3 - INFO - Drone 3: Reached target position
2026-02-12 01:07:08,589 - Drone_2 - INFO - Drone 2: Reached target position
2026-02-12 01:07:08,603 - Drone_5 - INFO - Drone 5: Reached target position
2026-02-12 01:07:08,605 - Drone_4 - INFO - Drone 4: Reached target position
2026-02-12 01:07:08,606 - Drone_6 - INFO - Drone 6: Reached target position
2026-02-12 01:07:08,606 - Drone_9 - INFO - Drone 9: Reached target position
2026-02-12 01:07:08,608 - Drone_8 - INFO - Drone 8: Reached target position
2026-02-12 01:14:37,441 - Drone_1 - INFO - Drone 1 stopped
2026-02-12 01:14:37,445 - Drone_2 - INFO - Drone 2 stopped
2026-02-12 01:14:37,540 - Drone_3 - INFO - Drone 3 stopped
2026-02-12 01:14:37,560 - Drone_4 - INFO - Drone 4 stopped
2026-02-12 01:14:37,641 - Drone_5 - INFO - Drone 5 stopped
2026-02-12 01:14:37,664 - Drone_6 - INFO - Drone 6 stopped
2026-02-12 01:14:37,675 - Drone_7 - INFO - Drone 7 stopped
2026-02-12 01:14:37,742 - Drone_8 - INFO - Drone 8 stopped
2026-02-12 01:14:37,826 - Drone_9 - INFO - Drone 9 stopped
2026-02-12 01:14:37,865 - Drone_10 - INFO - Drone 10 stopped
2026-02-12 01:14:37,866 - SwarmManager - INFO - Swarm monitoring stopped
2026-02-12 01:14:37,867 - Main - INFO - System shutdown complete
