2026-02-13 09:26:21,802 - Main - INFO - Starting Drone Swarm Management System
2026-02-13 09:26:21,804 - SwarmManager - INFO - Swarm Manager initialized
2026-02-13 09:26:21,809 - MLDecisionSupport_Drone1 - INFO - ML Decision Support initialized
2026-02-13 09:26:21,842 - PhysicalMLTrainer_Drone1 - INFO - Physical ML model trained drone=1 samples=250 degree=2 alpha=0.0 val_mse=0.000155
2026-02-13 09:26:21,844 - Drone_1 - INFO - Drone 1: bootstrap personal trainer loaded 250 rows from datasets/personal_drone_1.csv
2026-02-13 09:26:21,845 - Drone_1 - INFO - Drone 1: Personal ML system initialized
2026-02-13 09:26:21,846 - Drone_1 - INFO - Drone 1 initialized at {'x': 0, 'y': 0, 'z': 0}
2026-02-13 09:26:21,852 - Drone_1 - INFO - Drone 1 started
2026-02-13 09:26:21,854 - SwarmManager - INFO - Drone 1 added to swarm
2026-02-13 09:26:21,855 - SwarmManager - INFO - Starting leader election...
2026-02-13 09:26:21,856 - SwarmManager - INFO -   Drone 1: suitability score = 100.00
2026-02-13 09:26:21,858 - Drone_1 - INFO - Drone 1: Role changed from follower to leader
2026-02-13 09:26:21,861 - PhysicalMLTrainer_Drone1 - INFO - Physical ML model trained drone=1 samples=251 degree=2 alpha=0.0 val_mse=0.000157
2026-02-13 09:26:21,876 - MLDecisionSupport_Drone2 - INFO - ML Decision Support initialized
2026-02-13 09:26:21,891 - PhysicalMLTrainer_Drone2 - INFO - Physical ML model trained drone=2 samples=300 degree=2 alpha=0.1 val_mse=0.000128
2026-02-13 09:26:21,893 - Drone_2 - INFO - Drone 2: bootstrap personal trainer loaded 300 rows from datasets/personal_training.csv
2026-02-13 09:26:21,894 - Drone_2 - INFO - Drone 2: Personal ML system initialized
2026-02-13 09:26:21,894 - Drone_2 - INFO - Drone 2 initialized at {'x': 1200, 'y': 300, 'z': 0}
2026-02-13 09:26:21,897 - Drone_2 - INFO - Drone 2 started
2026-02-13 09:26:21,900 - SwarmManager - INFO - Drone 2 added to swarm
2026-02-13 09:26:21,904 - MLDecisionSupport_Drone3 - INFO - ML Decision Support initialized
2026-02-13 09:26:21,905 - PhysicalMLTrainer_Drone2 - INFO - Physical ML model trained drone=2 samples=301 degree=2 alpha=0.1 val_mse=0.000128
2026-02-13 09:26:21,915 - PhysicalMLTrainer_Drone3 - INFO - Physical ML model trained drone=3 samples=300 degree=2 alpha=0.1 val_mse=0.000128
2026-02-13 09:26:21,916 - Drone_3 - INFO - Drone 3: bootstrap personal trainer loaded 300 rows from datasets/personal_training.csv
2026-02-13 09:26:21,916 - Drone_3 - INFO - Drone 3: Personal ML system initialized
2026-02-13 09:26:21,917 - Drone_3 - INFO - Drone 3 initialized at {'x': -1400, 'y': -500, 'z': 0}
2026-02-13 09:26:21,921 - Drone_3 - INFO - Drone 3 started
2026-02-13 09:26:21,923 - SwarmManager - INFO - Drone 3 added to swarm
2026-02-13 09:26:21,928 - MLDecisionSupport_Drone4 - INFO - ML Decision Support initialized
2026-02-13 09:26:21,930 - PhysicalMLTrainer_Drone3 - INFO - Physical ML model trained drone=3 samples=301 degree=2 alpha=0.1 val_mse=0.000128
2026-02-13 09:26:21,945 - PhysicalMLTrainer_Drone4 - INFO - Physical ML model trained drone=4 samples=300 degree=2 alpha=0.1 val_mse=0.000128
2026-02-13 09:26:21,946 - Drone_4 - INFO - Drone 4: bootstrap personal trainer loaded 300 rows from datasets/personal_training.csv
2026-02-13 09:26:21,947 - Drone_4 - INFO - Drone 4: Personal ML system initialized
2026-02-13 09:26:21,947 - Drone_4 - INFO - Drone 4 initialized at {'x': 800, 'y': -1500, 'z': 0}
2026-02-13 09:26:21,950 - Drone_4 - INFO - Drone 4 started
2026-02-13 09:26:21,952 - SwarmManager - INFO - Drone 4 added to swarm
2026-02-13 09:26:21,958 - MLDecisionSupport_Drone5 - INFO - ML Decision Support initialized
2026-02-13 09:26:21,969 - PhysicalMLTrainer_Drone4 - INFO - Physical ML model trained drone=4 samples=301 degree=2 alpha=0.1 val_mse=0.000128
2026-02-13 09:26:21,982 - PhysicalMLTrainer_Drone5 - INFO - Physical ML model trained drone=5 samples=300 degree=2 alpha=0.1 val_mse=0.000128
2026-02-13 09:26:21,983 - Drone_5 - INFO - Drone 5: bootstrap personal trainer loaded 300 rows from datasets/personal_training.csv
2026-02-13 09:26:21,984 - Drone_5 - INFO - Drone 5: Personal ML system initialized
2026-02-13 09:26:21,984 - Drone_5 - INFO - Drone 5 initialized at {'x': -900, 'y': 1600, 'z': 0}
2026-02-13 09:26:21,986 - Drone_5 - INFO - Drone 5 started
2026-02-13 09:26:21,988 - SwarmManager - INFO - Drone 5 added to swarm
2026-02-13 09:26:21,990 - SwarmManager - INFO - Swarm monitoring started
2026-02-13 09:26:21,990 - Main - INFO - Swarm created with 5 drones
2026-02-13 09:26:21,990 - Main - INFO - Leader elected: Drone 1
2026-02-13 09:26:21,991 - Main - INFO - Starting GUI...
2026-02-13 09:26:21,992 - PhysicalMLTrainer_Drone5 - INFO - Physical ML model trained drone=5 samples=301 degree=2 alpha=0.1 val_mse=0.000128
2026-02-13 09:26:31,164 - Drone_1 - INFO - Drone 1 stopped
2026-02-13 09:26:31,263 - Drone_2 - INFO - Drone 2 stopped
2026-02-13 09:26:31,265 - Drone_3 - INFO - Drone 3 stopped
2026-02-13 09:26:31,363 - Drone_4 - INFO - Drone 4 stopped
2026-02-13 09:26:31,453 - Drone_5 - INFO - Drone 5 stopped
2026-02-13 09:26:31,454 - SwarmManager - INFO - Swarm monitoring stopped
2026-02-13 09:26:31,455 - Main - INFO - System shutdown complete
