2026-02-13 18:27:17,570 - Main - INFO - Starting Drone Swarm Management System
2026-02-13 18:27:17,571 - SwarmManager - INFO - Swarm Manager initialized
2026-02-13 18:27:17,573 - MLDecisionSupport_Drone1 - INFO - ML Decision Support initialized
2026-02-13 18:27:17,586 - PhysicalMLTrainer_Drone1 - INFO - Physical ML model trained drone=1 samples=250 degree=2 alpha=0.0 val_mse=0.000155
2026-02-13 18:27:17,586 - Drone_1 - INFO - Drone 1: bootstrap personal trainer loaded 250 rows from datasets/personal_drone_1.csv
2026-02-13 18:27:17,587 - Drone_1 - INFO - Drone 1: Personal ML system initialized
2026-02-13 18:27:17,588 - Drone_1 - INFO - Drone 1 initialized at {'x': 0, 'y': 0, 'z': 0}
2026-02-13 18:27:17,589 - Drone_1 - INFO - Drone 1 started
2026-02-13 18:27:17,589 - SwarmManager - INFO - Drone 1 added to swarm
2026-02-13 18:27:17,590 - SwarmManager - INFO - Starting leader election...
2026-02-13 18:27:17,590 - SwarmManager - INFO -   Drone 1: suitability score = 100.00
2026-02-13 18:27:17,591 - Drone_1 - INFO - Drone 1: Role changed from follower to leader
2026-02-13 18:27:17,593 - PhysicalMLTrainer_Drone1 - INFO - Physical ML model trained drone=1 samples=251 degree=2 alpha=0.0 val_mse=0.000157
2026-02-13 18:27:17,596 - MLDecisionSupport_Drone2 - INFO - ML Decision Support initialized
2026-02-13 18:27:17,602 - PhysicalMLTrainer_Drone2 - INFO - Physical ML model trained drone=2 samples=300 degree=2 alpha=0.1 val_mse=0.000128
2026-02-13 18:27:17,602 - Drone_2 - INFO - Drone 2: bootstrap personal trainer loaded 300 rows from datasets/personal_training.csv
2026-02-13 18:27:17,603 - Drone_2 - INFO - Drone 2: Personal ML system initialized
2026-02-13 18:27:17,603 - Drone_2 - INFO - Drone 2 initialized at {'x': 1200, 'y': 300, 'z': 0}
2026-02-13 18:27:17,604 - Drone_2 - INFO - Drone 2 started
2026-02-13 18:27:17,604 - SwarmManager - INFO - Drone 2 added to swarm
2026-02-13 18:27:17,605 - MLDecisionSupport_Drone3 - INFO - ML Decision Support initialized
2026-02-13 18:27:17,606 - PhysicalMLTrainer_Drone2 - INFO - Physical ML model trained drone=2 samples=301 degree=2 alpha=0.1 val_mse=0.000128
2026-02-13 18:27:17,614 - PhysicalMLTrainer_Drone3 - INFO - Physical ML model trained drone=3 samples=300 degree=2 alpha=0.1 val_mse=0.000128
2026-02-13 18:27:17,614 - Drone_3 - INFO - Drone 3: bootstrap personal trainer loaded 300 rows from datasets/personal_training.csv
2026-02-13 18:27:17,615 - Drone_3 - INFO - Drone 3: Personal ML system initialized
2026-02-13 18:27:17,615 - Drone_3 - INFO - Drone 3 initialized at {'x': -1400, 'y': -500, 'z': 0}
2026-02-13 18:27:17,616 - Drone_3 - INFO - Drone 3 started
2026-02-13 18:27:17,616 - SwarmManager - INFO - Drone 3 added to swarm
2026-02-13 18:27:17,617 - MLDecisionSupport_Drone4 - INFO - ML Decision Support initialized
2026-02-13 18:27:17,618 - PhysicalMLTrainer_Drone3 - INFO - Physical ML model trained drone=3 samples=301 degree=2 alpha=0.1 val_mse=0.000128
2026-02-13 18:27:17,623 - PhysicalMLTrainer_Drone4 - INFO - Physical ML model trained drone=4 samples=300 degree=2 alpha=0.1 val_mse=0.000128
2026-02-13 18:27:17,623 - Drone_4 - INFO - Drone 4: bootstrap personal trainer loaded 300 rows from datasets/personal_training.csv
2026-02-13 18:27:17,624 - Drone_4 - INFO - Drone 4: Personal ML system initialized
2026-02-13 18:27:17,624 - Drone_4 - INFO - Drone 4 initialized at {'x': 800, 'y': -1500, 'z': 0}
2026-02-13 18:27:17,625 - Drone_4 - INFO - Drone 4 started
2026-02-13 18:27:17,626 - SwarmManager - INFO - Drone 4 added to swarm
2026-02-13 18:27:17,627 - MLDecisionSupport_Drone5 - INFO - ML Decision Support initialized
2026-02-13 18:27:17,628 - PhysicalMLTrainer_Drone4 - INFO - Physical ML model trained drone=4 samples=301 degree=2 alpha=0.1 val_mse=0.000128
2026-02-13 18:27:17,633 - PhysicalMLTrainer_Drone5 - INFO - Physical ML model trained drone=5 samples=300 degree=2 alpha=0.1 val_mse=0.000128
2026-02-13 18:27:17,633 - Drone_5 - INFO - Drone 5: bootstrap personal trainer loaded 300 rows from datasets/personal_training.csv
2026-02-13 18:27:17,633 - Drone_5 - INFO - Drone 5: Personal ML system initialized
2026-02-13 18:27:17,634 - Drone_5 - INFO - Drone 5 initialized at {'x': -900, 'y': 1600, 'z': 0}
2026-02-13 18:27:17,635 - Drone_5 - INFO - Drone 5 started
2026-02-13 18:27:17,635 - SwarmManager - INFO - Drone 5 added to swarm
2026-02-13 18:27:17,635 - SwarmManager - INFO - Swarm monitoring started
2026-02-13 18:27:17,636 - Main - INFO - Swarm created with 5 drones
2026-02-13 18:27:17,636 - Main - INFO - Leader elected: Drone 1
2026-02-13 18:27:17,636 - Main - INFO - Starting GUI...
2026-02-13 18:27:17,637 - PhysicalMLTrainer_Drone5 - INFO - Physical ML model trained drone=5 samples=301 degree=2 alpha=0.1 val_mse=0.000128
2026-02-13 18:27:19,688 - Drone_1 - INFO - Drone 1: Armed
2026-02-13 18:27:19,690 - Drone_2 - INFO - Drone 2: Armed
2026-02-13 18:27:19,692 - Drone_3 - INFO - Drone 3: Armed
2026-02-13 18:27:19,692 - Drone_4 - INFO - Drone 4: Armed
2026-02-13 18:27:19,693 - Drone_5 - INFO - Drone 5: Armed
2026-02-13 18:27:20,043 - Drone_1 - INFO - Drone 1: Taking off
2026-02-13 18:27:20,045 - Drone_2 - INFO - Drone 2: Taking off
2026-02-13 18:27:20,045 - Drone_3 - INFO - Drone 3: Taking off
2026-02-13 18:27:20,046 - Drone_4 - INFO - Drone 4: Taking off
2026-02-13 18:27:20,047 - Drone_5 - INFO - Drone 5: Taking off
2026-02-13 18:27:21,637 - Drone_2 - INFO - Drone 2: Flying to {'x': -2615.0, 'y': -2665.0, 'z': 3.2186546325683594}
2026-02-13 18:27:21,638 - Drone_3 - INFO - Drone 3: Flying to {'x': -2615.0, 'y': -2665.0, 'z': 3.2186546325683594}
2026-02-13 18:27:21,638 - Drone_4 - INFO - Drone 4: Flying to {'x': -2615.0, 'y': -2665.0, 'z': 3.2186546325683594}
2026-02-13 18:27:21,638 - Drone_5 - INFO - Drone 5: Flying to {'x': -2615.0, 'y': -2665.0, 'z': 3.2186546325683594}
2026-02-13 18:27:21,737 - Drone_2 - INFO - Drone 2: Flying to {'x': 2553.9057647468726, 'y': 2622.797543233282, 'z': 60.0}
2026-02-13 18:27:21,739 - Drone_3 - INFO - Drone 3: Flying to {'x': 2503.5942352531274, 'y': 2606.450336353161, 'z': 60.0}
2026-02-13 18:27:21,740 - Drone_4 - INFO - Drone 4: Flying to {'x': 2503.5942352531274, 'y': 2553.549663646839, 'z': 60.0}
2026-02-13 18:27:21,741 - Drone_5 - INFO - Drone 5: Flying to {'x': 2553.9057647468726, 'y': 2537.202456766718, 'z': 60.0}
2026-02-13 18:27:22,640 - Drone_2 - INFO - Drone 2: Flying to {'x': -2615.0, 'y': -2665.0, 'z': 5.236790180206299}
2026-02-13 18:27:22,641 - Drone_3 - INFO - Drone 3: Flying to {'x': -2615.0, 'y': -2665.0, 'z': 5.236790180206299}
2026-02-13 18:27:22,641 - Drone_4 - INFO - Drone 4: Flying to {'x': -2615.0, 'y': -2665.0, 'z': 5.236790180206299}
2026-02-13 18:27:22,642 - Drone_5 - INFO - Drone 5: Flying to {'x': -2615.0, 'y': -2665.0, 'z': 5.236790180206299}
2026-02-13 18:27:23,643 - Drone_2 - INFO - Drone 2: Flying to {'x': -2615.0, 'y': -2665.0, 'z': 7.251429080963135}
2026-02-13 18:27:23,644 - Drone_3 - INFO - Drone 3: Flying to {'x': -2615.0, 'y': -2665.0, 'z': 7.251429080963135}
2026-02-13 18:27:23,645 - Drone_4 - INFO - Drone 4: Flying to {'x': -2615.0, 'y': -2665.0, 'z': 7.251429080963135}
2026-02-13 18:27:23,645 - Drone_5 - INFO - Drone 5: Flying to {'x': -2615.0, 'y': -2665.0, 'z': 7.251429080963135}
2026-02-13 18:27:24,646 - Drone_2 - INFO - Drone 2: Flying to {'x': -2615.0, 'y': -2665.0, 'z': 9.266830921173096}
2026-02-13 18:27:24,647 - Drone_3 - INFO - Drone 3: Flying to {'x': -2615.0, 'y': -2665.0, 'z': 9.266830921173096}
2026-02-13 18:27:24,648 - Drone_4 - INFO - Drone 4: Flying to {'x': -2615.0, 'y': -2665.0, 'z': 9.266830921173096}
2026-02-13 18:27:24,649 - Drone_5 - INFO - Drone 5: Flying to {'x': -2615.0, 'y': -2665.0, 'z': 9.266830921173096}
2026-02-13 18:27:25,650 - Drone_2 - INFO - Drone 2: Flying to {'x': -2615.0, 'y': -2665.0, 'z': 11.283189296722412}
2026-02-13 18:27:25,652 - Drone_3 - INFO - Drone 3: Flying to {'x': -2615.0, 'y': -2665.0, 'z': 11.283189296722412}
2026-02-13 18:27:25,653 - Drone_4 - INFO - Drone 4: Flying to {'x': -2615.0, 'y': -2665.0, 'z': 11.283189296722412}
2026-02-13 18:27:25,654 - Drone_5 - INFO - Drone 5: Flying to {'x': -2615.0, 'y': -2665.0, 'z': 11.283189296722412}
2026-02-13 18:27:26,657 - Drone_2 - INFO - Drone 2: Flying to {'x': -2615.0, 'y': -2665.0, 'z': 13.293254852294922}
2026-02-13 18:27:26,658 - Drone_3 - INFO - Drone 3: Flying to {'x': -2615.0, 'y': -2665.0, 'z': 13.293254852294922}
2026-02-13 18:27:26,659 - Drone_4 - INFO - Drone 4: Flying to {'x': -2615.0, 'y': -2665.0, 'z': 13.293254852294922}
2026-02-13 18:27:26,659 - Drone_5 - INFO - Drone 5: Flying to {'x': -2615.0, 'y': -2665.0, 'z': 13.293254852294922}
2026-02-13 18:27:26,660 - Drone_1 - INFO - Drone 1: Flying to {'x': -2615.0, 'y': -2665.0, 'z': 13.893254852294922}
2026-02-13 18:27:26,660 - Drone_3 - INFO - Drone 3: Flying to {'x': -2624.2739041652812, 'y': -2659.073525090842, 'z': 11.478806095471569}
2026-02-13 18:27:26,679 - Drone_1 - INFO - Drone 1: Flying to {'x': 2585.0, 'y': 2580.0, 'z': 60.0}
2026-02-13 18:27:27,641 - Drone_3 - INFO - Drone 3: Reached target position
2026-02-13 18:27:27,661 - Drone_2 - INFO - Drone 2: Flying to {'x': 2577.285025496112, 'y': 2524.2815859126954, 'z': 60.0}
2026-02-13 18:27:27,662 - Drone_3 - INFO - Drone 3: Flying to {'x': 2529.350129615099, 'y': 2571.8052195792866, 'z': 60.0}
2026-02-13 18:27:27,663 - Drone_4 - INFO - Drone 4: Flying to {'x': 2569.5700509922253, 'y': 2468.5631718253903, 'z': 60.0}
2026-02-13 18:27:27,663 - Drone_5 - INFO - Drone 5: Flying to {'x': 2473.700259230198, 'y': 2563.6104391585727, 'z': 60.0}
2026-02-13 18:27:28,664 - Drone_2 - INFO - Drone 2: Flying to {'x': 2577.285025496112, 'y': 2524.2815859126954, 'z': 60.0}
2026-02-13 18:27:28,665 - Drone_3 - INFO - Drone 3: Flying to {'x': 2529.350129615099, 'y': 2571.8052195792866, 'z': 60.0}
2026-02-13 18:27:28,666 - Drone_4 - INFO - Drone 4: Flying to {'x': 2569.5700509922253, 'y': 2468.5631718253903, 'z': 60.0}
2026-02-13 18:27:28,666 - Drone_5 - INFO - Drone 5: Flying to {'x': 2473.700259230198, 'y': 2563.6104391585727, 'z': 60.0}
2026-02-13 18:27:29,667 - Drone_2 - INFO - Drone 2: Flying to {'x': 2577.2850254961127, 'y': 2524.2815859126954, 'z': 60.0}
2026-02-13 18:27:29,668 - Drone_3 - INFO - Drone 3: Flying to {'x': 2529.3501296150985, 'y': 2571.8052195792866, 'z': 60.0}
2026-02-13 18:27:29,668 - Drone_4 - INFO - Drone 4: Flying to {'x': 2569.5700509922253, 'y': 2468.5631718253903, 'z': 60.0}
2026-02-13 18:27:29,669 - Drone_5 - INFO - Drone 5: Flying to {'x': 2473.700259230198, 'y': 2563.6104391585727, 'z': 60.0}
2026-02-13 18:27:30,670 - Drone_2 - INFO - Drone 2: Flying to {'x': 2577.285025496112, 'y': 2524.2815859126954, 'z': 60.0}
2026-02-13 18:27:30,670 - Drone_3 - INFO - Drone 3: Flying to {'x': 2529.350129615099, 'y': 2571.8052195792866, 'z': 60.0}
2026-02-13 18:27:30,671 - Drone_4 - INFO - Drone 4: Flying to {'x': 2569.5700509922253, 'y': 2468.5631718253903, 'z': 60.0}
2026-02-13 18:27:30,672 - Drone_5 - INFO - Drone 5: Flying to {'x': 2473.700259230198, 'y': 2563.6104391585727, 'z': 60.0}
2026-02-13 18:27:31,673 - Drone_2 - INFO - Drone 2: Flying to {'x': 2577.2850254961127, 'y': 2524.2815859126954, 'z': 60.0}
2026-02-13 18:27:31,673 - Drone_3 - INFO - Drone 3: Flying to {'x': 2529.3501296150985, 'y': 2571.8052195792866, 'z': 60.0}
2026-02-13 18:27:31,673 - Drone_4 - INFO - Drone 4: Flying to {'x': 2569.5700509922253, 'y': 2468.5631718253903, 'z': 60.0}
2026-02-13 18:27:31,674 - Drone_5 - INFO - Drone 5: Flying to {'x': 2473.700259230198, 'y': 2563.6104391585727, 'z': 60.0}
2026-02-13 18:27:32,674 - Drone_2 - INFO - Drone 2: Flying to {'x': 2577.285025496113, 'y': 2524.2815859126954, 'z': 60.0}
2026-02-13 18:27:32,674 - Drone_3 - INFO - Drone 3: Flying to {'x': 2529.350129615099, 'y': 2571.8052195792866, 'z': 60.0}
2026-02-13 18:27:32,675 - Drone_4 - INFO - Drone 4: Flying to {'x': 2569.5700509922253, 'y': 2468.5631718253903, 'z': 60.0}
2026-02-13 18:27:32,675 - Drone_5 - INFO - Drone 5: Flying to {'x': 2473.700259230198, 'y': 2563.6104391585727, 'z': 60.0}
2026-02-13 18:27:33,676 - Drone_2 - INFO - Drone 2: Flying to {'x': 2577.2850254961127, 'y': 2524.2815859126954, 'z': 60.0}
2026-02-13 18:27:33,676 - Drone_3 - INFO - Drone 3: Flying to {'x': 2529.3501296150985, 'y': 2571.8052195792866, 'z': 60.0}
2026-02-13 18:27:33,676 - Drone_4 - INFO - Drone 4: Flying to {'x': 2569.5700509922253, 'y': 2468.5631718253903, 'z': 60.0}
2026-02-13 18:27:33,676 - Drone_5 - INFO - Drone 5: Flying to {'x': 2473.700259230198, 'y': 2563.6104391585727, 'z': 60.0}
2026-02-13 18:27:34,678 - Drone_2 - INFO - Drone 2: Flying to {'x': 2577.2850254961127, 'y': 2524.2815859126954, 'z': 60.0}
2026-02-13 18:27:34,678 - Drone_3 - INFO - Drone 3: Flying to {'x': 2529.3501296150985, 'y': 2571.8052195792866, 'z': 60.0}
2026-02-13 18:27:34,678 - Drone_4 - INFO - Drone 4: Flying to {'x': 2569.5700509922253, 'y': 2468.5631718253903, 'z': 60.0}
2026-02-13 18:27:34,679 - Drone_5 - INFO - Drone 5: Flying to {'x': 2473.700259230198, 'y': 2563.6104391585727, 'z': 60.0}
2026-02-13 18:27:35,680 - Drone_2 - INFO - Drone 2: Flying to {'x': 2577.285025496112, 'y': 2524.2815859126954, 'z': 60.0}
2026-02-13 18:27:35,680 - Drone_3 - INFO - Drone 3: Flying to {'x': 2529.350129615099, 'y': 2571.8052195792866, 'z': 60.0}
2026-02-13 18:27:35,681 - Drone_4 - INFO - Drone 4: Flying to {'x': 2569.5700509922253, 'y': 2468.5631718253903, 'z': 60.0}
2026-02-13 18:27:35,681 - Drone_5 - INFO - Drone 5: Flying to {'x': 2473.700259230198, 'y': 2563.6104391585727, 'z': 60.0}
2026-02-13 18:27:36,682 - Drone_2 - INFO - Drone 2: Flying to {'x': 2577.285025496112, 'y': 2524.2815859126954, 'z': 60.0}
2026-02-13 18:27:36,682 - Drone_3 - INFO - Drone 3: Flying to {'x': 2529.350129615099, 'y': 2571.8052195792866, 'z': 60.0}
2026-02-13 18:27:36,683 - Drone_4 - INFO - Drone 4: Flying to {'x': 2569.5700509922253, 'y': 2468.5631718253903, 'z': 60.0}
2026-02-13 18:27:36,683 - Drone_5 - INFO - Drone 5: Flying to {'x': 2473.700259230198, 'y': 2563.6104391585727, 'z': 60.0}
2026-02-13 18:27:37,684 - Drone_2 - INFO - Drone 2: Flying to {'x': 2577.285025496112, 'y': 2524.2815859126954, 'z': 60.0}
2026-02-13 18:27:37,685 - Drone_3 - INFO - Drone 3: Flying to {'x': 2529.350129615099, 'y': 2571.8052195792866, 'z': 60.0}
2026-02-13 18:27:37,686 - Drone_4 - INFO - Drone 4: Flying to {'x': 2569.5700509922253, 'y': 2468.5631718253903, 'z': 60.0}
2026-02-13 18:27:37,688 - Drone_5 - INFO - Drone 5: Flying to {'x': 2473.700259230198, 'y': 2563.6104391585727, 'z': 60.0}
2026-02-13 18:27:37,811 - PhysicalMLTrainer_Drone3 - INFO - Physical ML model trained drone=3 samples=501 degree=2 alpha=0.0 val_mse=0.011281
2026-02-13 18:27:37,814 - PhysicalMLTrainer_Drone2 - INFO - Physical ML model trained drone=2 samples=501 degree=2 alpha=0.0 val_mse=0.008190
2026-02-13 18:27:37,814 - PhysicalMLTrainer_Drone5 - INFO - Physical ML model trained drone=5 samples=501 degree=2 alpha=0.0 val_mse=0.006227
2026-02-13 18:27:37,815 - PhysicalMLTrainer_Drone1 - INFO - Physical ML model trained drone=1 samples=451 degree=2 alpha=0.0 val_mse=0.000586
2026-02-13 18:27:37,815 - PhysicalMLTrainer_Drone4 - INFO - Physical ML model trained drone=4 samples=501 degree=2 alpha=0.0 val_mse=0.004745
2026-02-13 18:27:38,689 - Drone_2 - INFO - Drone 2: Flying to {'x': 2577.285025496112, 'y': 2524.2815859126954, 'z': 60.0}
2026-02-13 18:27:38,689 - Drone_3 - INFO - Drone 3: Flying to {'x': 2529.350129615099, 'y': 2571.8052195792866, 'z': 60.0}
2026-02-13 18:27:38,690 - Drone_4 - INFO - Drone 4: Flying to {'x': 2569.5700509922253, 'y': 2468.5631718253903, 'z': 60.0}
2026-02-13 18:27:38,690 - Drone_5 - INFO - Drone 5: Flying to {'x': 2473.700259230198, 'y': 2563.6104391585727, 'z': 60.0}
2026-02-13 18:27:39,691 - Drone_2 - INFO - Drone 2: Flying to {'x': 2577.285025496112, 'y': 2524.2815859126954, 'z': 60.0}
2026-02-13 18:27:39,692 - Drone_3 - INFO - Drone 3: Flying to {'x': 2529.350129615099, 'y': 2571.8052195792866, 'z': 60.0}
2026-02-13 18:27:39,693 - Drone_4 - INFO - Drone 4: Flying to {'x': 2569.5700509922253, 'y': 2468.5631718253903, 'z': 60.0}
2026-02-13 18:27:39,695 - Drone_5 - INFO - Drone 5: Flying to {'x': 2473.700259230198, 'y': 2563.6104391585727, 'z': 60.0}
2026-02-13 18:27:40,697 - Drone_2 - INFO - Drone 2: Flying to {'x': 2577.285025496112, 'y': 2524.2815859126954, 'z': 60.0}
2026-02-13 18:27:40,698 - Drone_3 - INFO - Drone 3: Flying to {'x': 2529.350129615099, 'y': 2571.8052195792866, 'z': 60.0}
2026-02-13 18:27:40,698 - Drone_4 - INFO - Drone 4: Flying to {'x': 2569.5700509922253, 'y': 2468.5631718253903, 'z': 60.0}
2026-02-13 18:27:40,700 - Drone_5 - INFO - Drone 5: Flying to {'x': 2473.700259230198, 'y': 2563.6104391585727, 'z': 60.0}
2026-02-13 18:27:41,701 - Drone_2 - INFO - Drone 2: Flying to {'x': 2577.2850254961127, 'y': 2524.2815859126954, 'z': 60.0}
2026-02-13 18:27:41,702 - Drone_3 - INFO - Drone 3: Flying to {'x': 2529.3501296150985, 'y': 2571.8052195792866, 'z': 60.0}
2026-02-13 18:27:41,702 - Drone_4 - INFO - Drone 4: Flying to {'x': 2569.5700509922253, 'y': 2468.5631718253903, 'z': 60.0}
2026-02-13 18:27:41,702 - Drone_5 - INFO - Drone 5: Flying to {'x': 2473.700259230198, 'y': 2563.6104391585727, 'z': 60.0}
2026-02-13 18:27:42,703 - Drone_2 - INFO - Drone 2: Flying to {'x': 2577.285025496112, 'y': 2524.2815859126954, 'z': 60.0}
2026-02-13 18:27:42,704 - Drone_3 - INFO - Drone 3: Flying to {'x': 2529.350129615099, 'y': 2571.8052195792866, 'z': 60.0}
2026-02-13 18:27:42,704 - Drone_4 - INFO - Drone 4: Flying to {'x': 2569.5700509922253, 'y': 2468.5631718253903, 'z': 60.0}
2026-02-13 18:27:42,705 - Drone_5 - INFO - Drone 5: Flying to {'x': 2473.700259230198, 'y': 2563.6104391585727, 'z': 60.0}
2026-02-13 18:27:43,705 - Drone_2 - INFO - Drone 2: Flying to {'x': 2577.2850254961127, 'y': 2524.2815859126954, 'z': 60.0}
2026-02-13 18:27:43,706 - Drone_3 - INFO - Drone 3: Flying to {'x': 2529.3501296150985, 'y': 2571.8052195792866, 'z': 60.0}
2026-02-13 18:27:43,707 - Drone_4 - INFO - Drone 4: Flying to {'x': 2569.5700509922253, 'y': 2468.5631718253903, 'z': 60.0}
2026-02-13 18:27:43,708 - Drone_5 - INFO - Drone 5: Flying to {'x': 2473.700259230198, 'y': 2563.6104391585727, 'z': 60.0}
2026-02-13 18:27:44,708 - Drone_2 - INFO - Drone 2: Flying to {'x': 2577.285025496112, 'y': 2524.2815859126954, 'z': 60.0}
2026-02-13 18:27:44,709 - Drone_3 - INFO - Drone 3: Flying to {'x': 2529.350129615099, 'y': 2571.8052195792866, 'z': 60.0}
2026-02-13 18:27:44,710 - Drone_4 - INFO - Drone 4: Flying to {'x': 2569.5700509922253, 'y': 2468.5631718253903, 'z': 60.0}
2026-02-13 18:27:44,711 - Drone_5 - INFO - Drone 5: Flying to {'x': 2473.700259230198, 'y': 2563.6104391585727, 'z': 60.0}
2026-02-13 18:27:45,713 - Drone_2 - INFO - Drone 2: Flying to {'x': 2577.285025496112, 'y': 2524.2815859126954, 'z': 60.0}
2026-02-13 18:27:45,713 - Drone_3 - INFO - Drone 3: Flying to {'x': 2529.350129615099, 'y': 2571.8052195792866, 'z': 60.0}
2026-02-13 18:27:45,714 - Drone_4 - INFO - Drone 4: Flying to {'x': 2569.5700509922253, 'y': 2468.5631718253903, 'z': 60.0}
2026-02-13 18:27:45,715 - Drone_5 - INFO - Drone 5: Flying to {'x': 2473.700259230198, 'y': 2563.6104391585727, 'z': 60.0}
2026-02-13 18:27:46,716 - Drone_2 - INFO - Drone 2: Flying to {'x': 2577.285025496112, 'y': 2524.2815859126954, 'z': 60.0}
2026-02-13 18:27:46,716 - Drone_3 - INFO - Drone 3: Flying to {'x': 2529.350129615099, 'y': 2571.8052195792866, 'z': 60.0}
2026-02-13 18:27:46,716 - Drone_4 - INFO - Drone 4: Flying to {'x': 2569.5700509922253, 'y': 2468.5631718253903, 'z': 60.0}
2026-02-13 18:27:46,717 - Drone_5 - INFO - Drone 5: Flying to {'x': 2473.700259230198, 'y': 2563.6104391585727, 'z': 60.0}
2026-02-13 18:27:47,718 - Drone_2 - INFO - Drone 2: Flying to {'x': 2577.285025496112, 'y': 2524.2815859126954, 'z': 60.0}
2026-02-13 18:27:47,718 - Drone_3 - INFO - Drone 3: Flying to {'x': 2529.350129615099, 'y': 2571.8052195792866, 'z': 60.0}
2026-02-13 18:27:47,718 - Drone_4 - INFO - Drone 4: Flying to {'x': 2569.5700509922253, 'y': 2468.5631718253903, 'z': 60.0}
2026-02-13 18:27:47,719 - Drone_5 - INFO - Drone 5: Flying to {'x': 2473.700259230198, 'y': 2563.6104391585727, 'z': 60.0}
2026-02-13 18:27:48,719 - Drone_2 - INFO - Drone 2: Flying to {'x': 2577.285025496112, 'y': 2524.2815859126954, 'z': 60.0}
2026-02-13 18:27:48,720 - Drone_3 - INFO - Drone 3: Flying to {'x': 2529.350129615099, 'y': 2571.8052195792866, 'z': 60.0}
2026-02-13 18:27:48,721 - Drone_4 - INFO - Drone 4: Flying to {'x': 2569.5700509922253, 'y': 2468.5631718253903, 'z': 60.0}
2026-02-13 18:27:48,722 - Drone_5 - INFO - Drone 5: Flying to {'x': 2473.700259230198, 'y': 2563.6104391585727, 'z': 60.0}
2026-02-13 18:27:49,722 - Drone_2 - INFO - Drone 2: Flying to {'x': 2577.285025496112, 'y': 2524.2815859126954, 'z': 60.0}
2026-02-13 18:27:49,723 - Drone_3 - INFO - Drone 3: Flying to {'x': 2529.350129615099, 'y': 2571.8052195792866, 'z': 60.0}
2026-02-13 18:27:49,723 - Drone_4 - INFO - Drone 4: Flying to {'x': 2569.5700509922253, 'y': 2468.5631718253903, 'z': 60.0}
2026-02-13 18:27:49,723 - Drone_5 - INFO - Drone 5: Flying to {'x': 2473.700259230198, 'y': 2563.6104391585727, 'z': 60.0}
2026-02-13 18:27:50,724 - Drone_2 - INFO - Drone 2: Flying to {'x': 2577.285025496112, 'y': 2524.2815859126954, 'z': 60.0}
2026-02-13 18:27:50,724 - Drone_3 - INFO - Drone 3: Flying to {'x': 2529.350129615099, 'y': 2571.8052195792866, 'z': 60.0}
2026-02-13 18:27:50,724 - Drone_4 - INFO - Drone 4: Flying to {'x': 2569.5700509922253, 'y': 2468.5631718253903, 'z': 60.0}
2026-02-13 18:27:50,725 - Drone_5 - INFO - Drone 5: Flying to {'x': 2473.700259230198, 'y': 2563.6104391585727, 'z': 60.0}
2026-02-13 18:27:51,725 - Drone_2 - INFO - Drone 2: Flying to {'x': 2577.285025496112, 'y': 2524.2815859126954, 'z': 60.0}
2026-02-13 18:27:51,726 - Drone_3 - INFO - Drone 3: Flying to {'x': 2529.350129615099, 'y': 2571.8052195792866, 'z': 60.0}
2026-02-13 18:27:51,727 - Drone_4 - INFO - Drone 4: Flying to {'x': 2569.5700509922253, 'y': 2468.5631718253903, 'z': 60.0}
2026-02-13 18:27:51,728 - Drone_5 - INFO - Drone 5: Flying to {'x': 2473.700259230198, 'y': 2563.6104391585727, 'z': 60.0}
2026-02-13 18:27:52,729 - Drone_2 - INFO - Drone 2: Flying to {'x': 2577.285025496112, 'y': 2524.2815859126954, 'z': 60.0}
2026-02-13 18:27:52,730 - Drone_3 - INFO - Drone 3: Flying to {'x': 2529.350129615099, 'y': 2571.8052195792866, 'z': 60.0}
2026-02-13 18:27:52,731 - Drone_4 - INFO - Drone 4: Flying to {'x': 2569.5700509922253, 'y': 2468.5631718253903, 'z': 60.0}
2026-02-13 18:27:52,732 - Drone_5 - INFO - Drone 5: Flying to {'x': 2473.700259230198, 'y': 2563.6104391585727, 'z': 60.0}
2026-02-13 18:27:53,733 - Drone_2 - INFO - Drone 2: Flying to {'x': 2577.285025496112, 'y': 2524.2815859126954, 'z': 60.0}
2026-02-13 18:27:53,734 - Drone_3 - INFO - Drone 3: Flying to {'x': 2529.350129615099, 'y': 2571.8052195792866, 'z': 60.0}
2026-02-13 18:27:53,735 - Drone_4 - INFO - Drone 4: Flying to {'x': 2569.5700509922253, 'y': 2468.5631718253903, 'z': 60.0}
2026-02-13 18:27:53,736 - Drone_5 - INFO - Drone 5: Flying to {'x': 2473.700259230198, 'y': 2563.6104391585727, 'z': 60.0}
2026-02-13 18:27:54,737 - Drone_2 - INFO - Drone 2: Flying to {'x': 2577.285025496112, 'y': 2524.2815859126954, 'z': 60.0}
2026-02-13 18:27:54,738 - Drone_3 - INFO - Drone 3: Flying to {'x': 2529.350129615099, 'y': 2571.8052195792866, 'z': 60.0}
2026-02-13 18:27:54,739 - Drone_4 - INFO - Drone 4: Flying to {'x': 2569.5700509922253, 'y': 2468.5631718253903, 'z': 60.0}
2026-02-13 18:27:54,740 - Drone_5 - INFO - Drone 5: Flying to {'x': 2473.700259230198, 'y': 2563.6104391585727, 'z': 60.0}
2026-02-13 18:27:55,741 - Drone_2 - INFO - Drone 2: Flying to {'x': 2577.285025496112, 'y': 2524.2815859126954, 'z': 60.0}
2026-02-13 18:27:55,741 - Drone_3 - INFO - Drone 3: Flying to {'x': 2529.350129615099, 'y': 2571.8052195792866, 'z': 60.0}
2026-02-13 18:27:55,741 - Drone_4 - INFO - Drone 4: Flying to {'x': 2569.5700509922253, 'y': 2468.5631718253903, 'z': 60.0}
2026-02-13 18:27:55,741 - Drone_5 - INFO - Drone 5: Flying to {'x': 2473.700259230198, 'y': 2563.6104391585727, 'z': 60.0}
2026-02-13 18:27:56,743 - Drone_2 - INFO - Drone 2: Flying to {'x': 2577.285025496112, 'y': 2524.2815859126954, 'z': 60.0}
2026-02-13 18:27:56,745 - Drone_3 - INFO - Drone 3: Flying to {'x': 2529.350129615099, 'y': 2571.8052195792866, 'z': 60.0}
2026-02-13 18:27:56,746 - Drone_4 - INFO - Drone 4: Flying to {'x': 2569.5700509922253, 'y': 2468.5631718253903, 'z': 60.0}
2026-02-13 18:27:56,747 - Drone_5 - INFO - Drone 5: Flying to {'x': 2473.700259230198, 'y': 2563.6104391585727, 'z': 60.0}
2026-02-13 18:27:57,749 - Drone_2 - INFO - Drone 2: Flying to {'x': 2577.285025496112, 'y': 2524.2815859126954, 'z': 60.0}
2026-02-13 18:27:57,750 - Drone_3 - INFO - Drone 3: Flying to {'x': 2529.350129615099, 'y': 2571.8052195792866, 'z': 60.0}
2026-02-13 18:27:57,751 - Drone_4 - INFO - Drone 4: Flying to {'x': 2569.5700509922253, 'y': 2468.5631718253903, 'z': 60.0}
2026-02-13 18:27:57,752 - Drone_5 - INFO - Drone 5: Flying to {'x': 2473.700259230198, 'y': 2563.6104391585727, 'z': 60.0}
2026-02-13 18:27:57,938 - PhysicalMLTrainer_Drone3 - INFO - Physical ML model trained drone=3 samples=701 degree=2 alpha=0.0 val_mse=0.000390
2026-02-13 18:27:57,939 - PhysicalMLTrainer_Drone2 - INFO - Physical ML model trained drone=2 samples=701 degree=2 alpha=0.0 val_mse=0.000424
2026-02-13 18:27:57,940 - PhysicalMLTrainer_Drone1 - INFO - Physical ML model trained drone=1 samples=651 degree=2 alpha=0.0 val_mse=0.000277
2026-02-13 18:27:57,955 - PhysicalMLTrainer_Drone4 - INFO - Physical ML model trained drone=4 samples=701 degree=2 alpha=0.0 val_mse=0.000455
2026-02-13 18:27:57,955 - PhysicalMLTrainer_Drone5 - INFO - Physical ML model trained drone=5 samples=701 degree=2 alpha=0.0 val_mse=0.000396
2026-02-13 18:27:58,752 - Drone_2 - INFO - Drone 2: Flying to {'x': 2577.285025496112, 'y': 2524.2815859126954, 'z': 60.0}
2026-02-13 18:27:58,753 - Drone_3 - INFO - Drone 3: Flying to {'x': 2529.350129615099, 'y': 2571.8052195792866, 'z': 60.0}
2026-02-13 18:27:58,753 - Drone_4 - INFO - Drone 4: Flying to {'x': 2569.5700509922253, 'y': 2468.5631718253903, 'z': 60.0}
2026-02-13 18:27:58,753 - Drone_5 - INFO - Drone 5: Flying to {'x': 2473.700259230198, 'y': 2563.6104391585727, 'z': 60.0}
2026-02-13 18:27:59,754 - Drone_2 - INFO - Drone 2: Flying to {'x': 2577.285025496112, 'y': 2524.2815859126954, 'z': 60.0}
2026-02-13 18:27:59,755 - Drone_3 - INFO - Drone 3: Flying to {'x': 2529.350129615099, 'y': 2571.8052195792866, 'z': 60.0}
2026-02-13 18:27:59,755 - Drone_4 - INFO - Drone 4: Flying to {'x': 2569.5700509922253, 'y': 2468.5631718253903, 'z': 60.0}
2026-02-13 18:27:59,755 - Drone_5 - INFO - Drone 5: Flying to {'x': 2473.700259230198, 'y': 2563.6104391585727, 'z': 60.0}
2026-02-13 18:28:00,756 - Drone_2 - INFO - Drone 2: Flying to {'x': 2577.285025496112, 'y': 2524.2815859126954, 'z': 60.0}
2026-02-13 18:28:00,756 - Drone_3 - INFO - Drone 3: Flying to {'x': 2529.350129615099, 'y': 2571.8052195792866, 'z': 60.0}
2026-02-13 18:28:00,757 - Drone_4 - INFO - Drone 4: Flying to {'x': 2569.5700509922253, 'y': 2468.5631718253903, 'z': 60.0}
2026-02-13 18:28:00,757 - Drone_5 - INFO - Drone 5: Flying to {'x': 2473.700259230198, 'y': 2563.6104391585727, 'z': 60.0}
2026-02-13 18:28:01,757 - Drone_2 - INFO - Drone 2: Flying to {'x': 2577.285025496112, 'y': 2524.2815859126954, 'z': 60.0}
2026-02-13 18:28:01,758 - Drone_3 - INFO - Drone 3: Flying to {'x': 2529.350129615099, 'y': 2571.8052195792866, 'z': 60.0}
2026-02-13 18:28:01,758 - Drone_4 - INFO - Drone 4: Flying to {'x': 2569.5700509922253, 'y': 2468.5631718253903, 'z': 60.0}
2026-02-13 18:28:01,758 - Drone_5 - INFO - Drone 5: Flying to {'x': 2473.700259230198, 'y': 2563.6104391585727, 'z': 60.0}
2026-02-13 18:28:02,759 - Drone_2 - INFO - Drone 2: Flying to {'x': 2577.285025496112, 'y': 2524.2815859126954, 'z': 60.0}
2026-02-13 18:28:02,760 - Drone_3 - INFO - Drone 3: Flying to {'x': 2529.350129615099, 'y': 2571.8052195792866, 'z': 60.0}
2026-02-13 18:28:02,760 - Drone_4 - INFO - Drone 4: Flying to {'x': 2569.5700509922253, 'y': 2468.5631718253903, 'z': 60.0}
2026-02-13 18:28:02,761 - Drone_5 - INFO - Drone 5: Flying to {'x': 2473.700259230198, 'y': 2563.6104391585727, 'z': 60.0}
2026-02-13 18:28:03,763 - Drone_2 - INFO - Drone 2: Flying to {'x': 2577.285025496112, 'y': 2524.2815859126954, 'z': 60.0}
2026-02-13 18:28:03,764 - Drone_3 - INFO - Drone 3: Flying to {'x': 2529.350129615099, 'y': 2571.8052195792866, 'z': 60.0}
2026-02-13 18:28:03,764 - Drone_4 - INFO - Drone 4: Flying to {'x': 2569.5700509922253, 'y': 2468.5631718253903, 'z': 60.0}
2026-02-13 18:28:03,764 - Drone_5 - INFO - Drone 5: Flying to {'x': 2473.700259230198, 'y': 2563.6104391585727, 'z': 60.0}
2026-02-13 18:28:04,765 - Drone_2 - INFO - Drone 2: Flying to {'x': 2577.285025496112, 'y': 2524.2815859126954, 'z': 60.0}
2026-02-13 18:28:04,766 - Drone_3 - INFO - Drone 3: Flying to {'x': 2529.350129615099, 'y': 2571.8052195792866, 'z': 60.0}
2026-02-13 18:28:04,767 - Drone_4 - INFO - Drone 4: Flying to {'x': 2569.5700509922253, 'y': 2468.5631718253903, 'z': 60.0}
2026-02-13 18:28:04,768 - Drone_5 - INFO - Drone 5: Flying to {'x': 2473.700259230198, 'y': 2563.6104391585727, 'z': 60.0}
2026-02-13 18:28:05,770 - Drone_2 - INFO - Drone 2: Flying to {'x': 2577.285025496112, 'y': 2524.2815859126954, 'z': 60.0}
2026-02-13 18:28:05,771 - Drone_3 - INFO - Drone 3: Flying to {'x': 2529.350129615099, 'y': 2571.8052195792866, 'z': 60.0}
2026-02-13 18:28:05,772 - Drone_4 - INFO - Drone 4: Flying to {'x': 2569.5700509922253, 'y': 2468.5631718253903, 'z': 60.0}
2026-02-13 18:28:05,773 - Drone_5 - INFO - Drone 5: Flying to {'x': 2473.700259230198, 'y': 2563.6104391585727, 'z': 60.0}
2026-02-13 18:28:06,773 - Drone_2 - INFO - Drone 2: Flying to {'x': 2577.285025496112, 'y': 2524.2815859126954, 'z': 60.0}
2026-02-13 18:28:06,774 - Drone_3 - INFO - Drone 3: Flying to {'x': 2529.350129615099, 'y': 2571.8052195792866, 'z': 60.0}
2026-02-13 18:28:06,774 - Drone_4 - INFO - Drone 4: Flying to {'x': 2569.5700509922253, 'y': 2468.5631718253903, 'z': 60.0}
2026-02-13 18:28:06,775 - Drone_5 - INFO - Drone 5: Flying to {'x': 2473.700259230198, 'y': 2563.6104391585727, 'z': 60.0}
2026-02-13 18:28:07,775 - Drone_2 - INFO - Drone 2: Flying to {'x': 2577.285025496112, 'y': 2524.2815859126954, 'z': 60.0}
2026-02-13 18:28:07,776 - Drone_3 - INFO - Drone 3: Flying to {'x': 2529.350129615099, 'y': 2571.8052195792866, 'z': 60.0}
2026-02-13 18:28:07,777 - Drone_4 - INFO - Drone 4: Flying to {'x': 2569.5700509922253, 'y': 2468.5631718253903, 'z': 60.0}
2026-02-13 18:28:07,778 - Drone_5 - INFO - Drone 5: Flying to {'x': 2473.700259230198, 'y': 2563.6104391585727, 'z': 60.0}
2026-02-13 18:28:08,779 - Drone_2 - INFO - Drone 2: Flying to {'x': 2577.285025496112, 'y': 2524.2815859126954, 'z': 60.0}
2026-02-13 18:28:08,779 - Drone_3 - INFO - Drone 3: Flying to {'x': 2529.350129615099, 'y': 2571.8052195792866, 'z': 60.0}
2026-02-13 18:28:08,780 - Drone_4 - INFO - Drone 4: Flying to {'x': 2569.5700509922253, 'y': 2468.5631718253903, 'z': 60.0}
2026-02-13 18:28:08,781 - Drone_5 - INFO - Drone 5: Flying to {'x': 2473.700259230198, 'y': 2563.6104391585727, 'z': 60.0}
2026-02-13 18:28:09,782 - Drone_2 - INFO - Drone 2: Flying to {'x': 2577.285025496112, 'y': 2524.2815859126954, 'z': 60.0}
2026-02-13 18:28:09,783 - Drone_3 - INFO - Drone 3: Flying to {'x': 2529.350129615099, 'y': 2571.8052195792866, 'z': 60.0}
2026-02-13 18:28:09,784 - Drone_4 - INFO - Drone 4: Flying to {'x': 2569.5700509922253, 'y': 2468.5631718253903, 'z': 60.0}
2026-02-13 18:28:09,785 - Drone_5 - INFO - Drone 5: Flying to {'x': 2473.700259230198, 'y': 2563.6104391585727, 'z': 60.0}
2026-02-13 18:28:10,786 - Drone_2 - INFO - Drone 2: Flying to {'x': 2577.285025496112, 'y': 2524.2815859126954, 'z': 60.0}
2026-02-13 18:28:10,787 - Drone_3 - INFO - Drone 3: Flying to {'x': 2529.350129615099, 'y': 2571.8052195792866, 'z': 60.0}
2026-02-13 18:28:10,788 - Drone_4 - INFO - Drone 4: Flying to {'x': 2569.5700509922253, 'y': 2468.5631718253903, 'z': 60.0}
2026-02-13 18:28:10,789 - Drone_5 - INFO - Drone 5: Flying to {'x': 2473.700259230198, 'y': 2563.6104391585727, 'z': 60.0}
2026-02-13 18:28:11,790 - Drone_2 - INFO - Drone 2: Flying to {'x': 2577.285025496112, 'y': 2524.2815859126954, 'z': 60.0}
2026-02-13 18:28:11,791 - Drone_3 - INFO - Drone 3: Flying to {'x': 2529.350129615099, 'y': 2571.8052195792866, 'z': 60.0}
2026-02-13 18:28:11,792 - Drone_4 - INFO - Drone 4: Flying to {'x': 2569.5700509922253, 'y': 2468.5631718253903, 'z': 60.0}
2026-02-13 18:28:11,793 - Drone_5 - INFO - Drone 5: Flying to {'x': 2473.700259230198, 'y': 2563.6104391585727, 'z': 60.0}
2026-02-13 18:28:12,794 - Drone_2 - INFO - Drone 2: Flying to {'x': 2577.285025496112, 'y': 2524.2815859126954, 'z': 60.0}
2026-02-13 18:28:12,794 - Drone_3 - INFO - Drone 3: Flying to {'x': 2529.350129615099, 'y': 2571.8052195792866, 'z': 60.0}
2026-02-13 18:28:12,794 - Drone_4 - INFO - Drone 4: Flying to {'x': 2569.5700509922253, 'y': 2468.5631718253903, 'z': 60.0}
2026-02-13 18:28:12,794 - Drone_5 - INFO - Drone 5: Flying to {'x': 2473.700259230198, 'y': 2563.6104391585727, 'z': 60.0}
2026-02-13 18:28:13,795 - Drone_2 - INFO - Drone 2: Flying to {'x': 2577.285025496112, 'y': 2524.2815859126954, 'z': 60.0}
2026-02-13 18:28:13,796 - Drone_3 - INFO - Drone 3: Flying to {'x': 2529.350129615099, 'y': 2571.8052195792866, 'z': 60.0}
2026-02-13 18:28:13,796 - Drone_4 - INFO - Drone 4: Flying to {'x': 2569.5700509922253, 'y': 2468.5631718253903, 'z': 60.0}
2026-02-13 18:28:13,796 - Drone_5 - INFO - Drone 5: Flying to {'x': 2473.700259230198, 'y': 2563.6104391585727, 'z': 60.0}
2026-02-13 18:28:14,797 - Drone_2 - INFO - Drone 2: Flying to {'x': 2577.285025496112, 'y': 2524.2815859126954, 'z': 60.0}
2026-02-13 18:28:14,798 - Drone_3 - INFO - Drone 3: Flying to {'x': 2529.350129615099, 'y': 2571.8052195792866, 'z': 60.0}
2026-02-13 18:28:14,798 - Drone_4 - INFO - Drone 4: Flying to {'x': 2569.5700509922253, 'y': 2468.5631718253903, 'z': 60.0}
2026-02-13 18:28:14,799 - Drone_5 - INFO - Drone 5: Flying to {'x': 2473.700259230198, 'y': 2563.6104391585727, 'z': 60.0}
2026-02-13 18:28:15,800 - Drone_2 - INFO - Drone 2: Flying to {'x': 2577.285025496112, 'y': 2524.2815859126954, 'z': 60.0}
2026-02-13 18:28:15,802 - Drone_3 - INFO - Drone 3: Flying to {'x': 2529.350129615099, 'y': 2571.8052195792866, 'z': 60.0}
2026-02-13 18:28:15,802 - Drone_4 - INFO - Drone 4: Flying to {'x': 2569.5700509922253, 'y': 2468.5631718253903, 'z': 60.0}
2026-02-13 18:28:15,803 - Drone_5 - INFO - Drone 5: Flying to {'x': 2473.700259230198, 'y': 2563.6104391585727, 'z': 60.0}
2026-02-13 18:28:16,804 - Drone_2 - INFO - Drone 2: Flying to {'x': 2577.285025496112, 'y': 2524.2815859126954, 'z': 60.0}
2026-02-13 18:28:16,805 - Drone_3 - INFO - Drone 3: Flying to {'x': 2529.350129615099, 'y': 2571.8052195792866, 'z': 60.0}
2026-02-13 18:28:16,805 - Drone_4 - INFO - Drone 4: Flying to {'x': 2569.5700509922253, 'y': 2468.5631718253903, 'z': 60.0}
2026-02-13 18:28:16,805 - Drone_5 - INFO - Drone 5: Flying to {'x': 2473.700259230198, 'y': 2563.6104391585727, 'z': 60.0}
2026-02-13 18:28:17,806 - Drone_2 - INFO - Drone 2: Flying to {'x': 2577.285025496112, 'y': 2524.2815859126954, 'z': 60.0}
2026-02-13 18:28:17,806 - Drone_3 - INFO - Drone 3: Flying to {'x': 2529.350129615099, 'y': 2571.8052195792866, 'z': 60.0}
2026-02-13 18:28:17,807 - Drone_4 - INFO - Drone 4: Flying to {'x': 2569.5700509922253, 'y': 2468.5631718253903, 'z': 60.0}
2026-02-13 18:28:17,807 - Drone_5 - INFO - Drone 5: Flying to {'x': 2473.700259230198, 'y': 2563.6104391585727, 'z': 60.0}
2026-02-13 18:28:18,065 - PhysicalMLTrainer_Drone3 - INFO - Physical ML model trained drone=3 samples=901 degree=2 alpha=0.0 val_mse=0.000642
2026-02-13 18:28:18,065 - PhysicalMLTrainer_Drone2 - INFO - Physical ML model trained drone=2 samples=901 degree=2 alpha=0.0 val_mse=0.000757
2026-02-13 18:28:18,082 - PhysicalMLTrainer_Drone1 - INFO - Physical ML model trained drone=1 samples=851 degree=2 alpha=0.0 val_mse=0.000584
2026-02-13 18:28:18,083 - PhysicalMLTrainer_Drone5 - INFO - Physical ML model trained drone=5 samples=901 degree=2 alpha=0.0 val_mse=0.000723
2026-02-13 18:28:18,083 - PhysicalMLTrainer_Drone4 - INFO - Physical ML model trained drone=4 samples=901 degree=2 alpha=0.0 val_mse=0.000894
2026-02-13 18:28:18,808 - Drone_2 - INFO - Drone 2: Flying to {'x': 2577.285025496112, 'y': 2524.2815859126954, 'z': 60.0}
2026-02-13 18:28:18,808 - Drone_3 - INFO - Drone 3: Flying to {'x': 2529.350129615099, 'y': 2571.8052195792866, 'z': 60.0}
2026-02-13 18:28:18,809 - Drone_4 - INFO - Drone 4: Flying to {'x': 2569.5700509922253, 'y': 2468.5631718253903, 'z': 60.0}
2026-02-13 18:28:18,809 - Drone_5 - INFO - Drone 5: Flying to {'x': 2473.700259230198, 'y': 2563.6104391585727, 'z': 60.0}
2026-02-13 18:28:19,813 - Drone_2 - INFO - Drone 2: Flying to {'x': 2577.285025496112, 'y': 2524.2815859126954, 'z': 60.0}
2026-02-13 18:28:19,813 - Drone_3 - INFO - Drone 3: Flying to {'x': 2529.350129615099, 'y': 2571.8052195792866, 'z': 60.0}
2026-02-13 18:28:19,814 - Drone_4 - INFO - Drone 4: Flying to {'x': 2569.5700509922253, 'y': 2468.5631718253903, 'z': 60.0}
2026-02-13 18:28:19,814 - Drone_5 - INFO - Drone 5: Flying to {'x': 2473.700259230198, 'y': 2563.6104391585727, 'z': 60.0}
2026-02-13 18:28:20,815 - Drone_2 - INFO - Drone 2: Flying to {'x': 2577.285025496112, 'y': 2524.2815859126954, 'z': 60.0}
2026-02-13 18:28:20,815 - Drone_3 - INFO - Drone 3: Flying to {'x': 2529.350129615099, 'y': 2571.8052195792866, 'z': 60.0}
2026-02-13 18:28:20,815 - Drone_4 - INFO - Drone 4: Flying to {'x': 2569.5700509922253, 'y': 2468.5631718253903, 'z': 60.0}
2026-02-13 18:28:20,816 - Drone_5 - INFO - Drone 5: Flying to {'x': 2473.700259230198, 'y': 2563.6104391585727, 'z': 60.0}
2026-02-13 18:28:21,816 - Drone_2 - INFO - Drone 2: Flying to {'x': 2577.285025496112, 'y': 2524.2815859126954, 'z': 60.0}
2026-02-13 18:28:21,817 - Drone_3 - INFO - Drone 3: Flying to {'x': 2529.350129615099, 'y': 2571.8052195792866, 'z': 60.0}
2026-02-13 18:28:21,817 - Drone_4 - INFO - Drone 4: Flying to {'x': 2569.5700509922253, 'y': 2468.5631718253903, 'z': 60.0}
2026-02-13 18:28:21,818 - Drone_5 - INFO - Drone 5: Flying to {'x': 2473.700259230198, 'y': 2563.6104391585727, 'z': 60.0}
2026-02-13 18:28:22,819 - Drone_2 - INFO - Drone 2: Flying to {'x': 2577.285025496112, 'y': 2524.2815859126954, 'z': 60.0}
2026-02-13 18:28:22,820 - Drone_3 - INFO - Drone 3: Flying to {'x': 2529.350129615099, 'y': 2571.8052195792866, 'z': 60.0}
2026-02-13 18:28:22,820 - Drone_4 - INFO - Drone 4: Flying to {'x': 2569.5700509922253, 'y': 2468.5631718253903, 'z': 60.0}
2026-02-13 18:28:22,821 - Drone_5 - INFO - Drone 5: Flying to {'x': 2473.700259230198, 'y': 2563.6104391585727, 'z': 60.0}
2026-02-13 18:28:23,823 - Drone_2 - INFO - Drone 2: Flying to {'x': 2577.285025496112, 'y': 2524.2815859126954, 'z': 60.0}
2026-02-13 18:28:23,824 - Drone_3 - INFO - Drone 3: Flying to {'x': 2529.350129615099, 'y': 2571.8052195792866, 'z': 60.0}
2026-02-13 18:28:23,825 - Drone_4 - INFO - Drone 4: Flying to {'x': 2569.5700509922253, 'y': 2468.5631718253903, 'z': 60.0}
2026-02-13 18:28:23,826 - Drone_5 - INFO - Drone 5: Flying to {'x': 2473.700259230198, 'y': 2563.6104391585727, 'z': 60.0}
2026-02-13 18:28:24,827 - Drone_2 - INFO - Drone 2: Flying to {'x': 2577.285025496112, 'y': 2524.2815859126954, 'z': 60.0}
2026-02-13 18:28:24,827 - Drone_3 - INFO - Drone 3: Flying to {'x': 2529.350129615099, 'y': 2571.8052195792866, 'z': 60.0}
2026-02-13 18:28:24,828 - Drone_4 - INFO - Drone 4: Flying to {'x': 2569.5700509922253, 'y': 2468.5631718253903, 'z': 60.0}
2026-02-13 18:28:24,828 - Drone_5 - INFO - Drone 5: Flying to {'x': 2473.700259230198, 'y': 2563.6104391585727, 'z': 60.0}
2026-02-13 18:28:25,829 - Drone_2 - INFO - Drone 2: Flying to {'x': 2577.285025496112, 'y': 2524.2815859126954, 'z': 60.0}
2026-02-13 18:28:25,829 - Drone_3 - INFO - Drone 3: Flying to {'x': 2529.350129615099, 'y': 2571.8052195792866, 'z': 60.0}
2026-02-13 18:28:25,830 - Drone_4 - INFO - Drone 4: Flying to {'x': 2569.5700509922253, 'y': 2468.5631718253903, 'z': 60.0}
2026-02-13 18:28:25,830 - Drone_5 - INFO - Drone 5: Flying to {'x': 2473.700259230198, 'y': 2563.6104391585727, 'z': 60.0}
2026-02-13 18:28:26,830 - Drone_2 - INFO - Drone 2: Flying to {'x': 2577.285025496112, 'y': 2524.2815859126954, 'z': 60.0}
2026-02-13 18:28:26,831 - Drone_3 - INFO - Drone 3: Flying to {'x': 2529.350129615099, 'y': 2571.8052195792866, 'z': 60.0}
2026-02-13 18:28:26,831 - Drone_4 - INFO - Drone 4: Flying to {'x': 2569.5700509922253, 'y': 2468.5631718253903, 'z': 60.0}
2026-02-13 18:28:26,831 - Drone_5 - INFO - Drone 5: Flying to {'x': 2473.700259230198, 'y': 2563.6104391585727, 'z': 60.0}
2026-02-13 18:28:27,832 - Drone_2 - INFO - Drone 2: Flying to {'x': 2577.285025496112, 'y': 2524.2815859126954, 'z': 60.0}
2026-02-13 18:28:27,832 - Drone_3 - INFO - Drone 3: Flying to {'x': 2529.350129615099, 'y': 2571.8052195792866, 'z': 60.0}
2026-02-13 18:28:27,832 - Drone_4 - INFO - Drone 4: Flying to {'x': 2569.5700509922253, 'y': 2468.5631718253903, 'z': 60.0}
2026-02-13 18:28:27,833 - Drone_5 - INFO - Drone 5: Flying to {'x': 2473.700259230198, 'y': 2563.6104391585727, 'z': 60.0}
2026-02-13 18:28:28,833 - Drone_2 - INFO - Drone 2: Flying to {'x': 2577.285025496112, 'y': 2524.2815859126954, 'z': 60.0}
2026-02-13 18:28:28,833 - Drone_3 - INFO - Drone 3: Flying to {'x': 2529.350129615099, 'y': 2571.8052195792866, 'z': 60.0}
2026-02-13 18:28:28,834 - Drone_4 - INFO - Drone 4: Flying to {'x': 2569.5700509922253, 'y': 2468.5631718253903, 'z': 60.0}
2026-02-13 18:28:28,834 - Drone_5 - INFO - Drone 5: Flying to {'x': 2473.700259230198, 'y': 2563.6104391585727, 'z': 60.0}
2026-02-13 18:28:29,835 - Drone_2 - INFO - Drone 2: Flying to {'x': 2577.285025496112, 'y': 2524.2815859126954, 'z': 60.0}
2026-02-13 18:28:29,835 - Drone_3 - INFO - Drone 3: Flying to {'x': 2529.350129615099, 'y': 2571.8052195792866, 'z': 60.0}
2026-02-13 18:28:29,835 - Drone_4 - INFO - Drone 4: Flying to {'x': 2569.5700509922253, 'y': 2468.5631718253903, 'z': 60.0}
2026-02-13 18:28:29,835 - Drone_5 - INFO - Drone 5: Flying to {'x': 2473.700259230198, 'y': 2563.6104391585727, 'z': 60.0}
2026-02-13 18:28:30,836 - Drone_2 - INFO - Drone 2: Flying to {'x': 2577.285025496112, 'y': 2524.2815859126954, 'z': 60.0}
2026-02-13 18:28:30,837 - Drone_3 - INFO - Drone 3: Flying to {'x': 2529.350129615099, 'y': 2571.8052195792866, 'z': 60.0}
2026-02-13 18:28:30,837 - Drone_4 - INFO - Drone 4: Flying to {'x': 2569.5700509922253, 'y': 2468.5631718253903, 'z': 60.0}
2026-02-13 18:28:30,837 - Drone_5 - INFO - Drone 5: Flying to {'x': 2473.700259230198, 'y': 2563.6104391585727, 'z': 60.0}
2026-02-13 18:28:31,838 - Drone_2 - INFO - Drone 2: Flying to {'x': 2577.285025496112, 'y': 2524.2815859126954, 'z': 60.0}
2026-02-13 18:28:31,838 - Drone_3 - INFO - Drone 3: Flying to {'x': 2529.350129615099, 'y': 2571.8052195792866, 'z': 60.0}
2026-02-13 18:28:31,838 - Drone_4 - INFO - Drone 4: Flying to {'x': 2569.5700509922253, 'y': 2468.5631718253903, 'z': 60.0}
2026-02-13 18:28:31,838 - Drone_5 - INFO - Drone 5: Flying to {'x': 2473.700259230198, 'y': 2563.6104391585727, 'z': 60.0}
2026-02-13 18:28:32,839 - Drone_2 - INFO - Drone 2: Flying to {'x': 2577.285025496112, 'y': 2524.2815859126954, 'z': 60.0}
2026-02-13 18:28:32,840 - Drone_3 - INFO - Drone 3: Flying to {'x': 2529.350129615099, 'y': 2571.8052195792866, 'z': 60.0}
2026-02-13 18:28:32,840 - Drone_4 - INFO - Drone 4: Flying to {'x': 2569.5700509922253, 'y': 2468.5631718253903, 'z': 60.0}
2026-02-13 18:28:32,840 - Drone_5 - INFO - Drone 5: Flying to {'x': 2473.700259230198, 'y': 2563.6104391585727, 'z': 60.0}
2026-02-13 18:28:33,841 - Drone_2 - INFO - Drone 2: Flying to {'x': 2577.285025496112, 'y': 2524.2815859126954, 'z': 60.0}
2026-02-13 18:28:33,841 - Drone_3 - INFO - Drone 3: Flying to {'x': 2529.350129615099, 'y': 2571.8052195792866, 'z': 60.0}
2026-02-13 18:28:33,841 - Drone_4 - INFO - Drone 4: Flying to {'x': 2569.5700509922253, 'y': 2468.5631718253903, 'z': 60.0}
2026-02-13 18:28:33,842 - Drone_5 - INFO - Drone 5: Flying to {'x': 2473.700259230198, 'y': 2563.6104391585727, 'z': 60.0}
2026-02-13 18:28:34,842 - Drone_2 - INFO - Drone 2: Flying to {'x': 2577.285025496112, 'y': 2524.2815859126954, 'z': 60.0}
2026-02-13 18:28:34,843 - Drone_3 - INFO - Drone 3: Flying to {'x': 2529.350129615099, 'y': 2571.8052195792866, 'z': 60.0}
2026-02-13 18:28:34,843 - Drone_4 - INFO - Drone 4: Flying to {'x': 2569.5700509922253, 'y': 2468.5631718253903, 'z': 60.0}
2026-02-13 18:28:34,843 - Drone_5 - INFO - Drone 5: Flying to {'x': 2473.700259230198, 'y': 2563.6104391585727, 'z': 60.0}
2026-02-13 18:28:35,844 - Drone_2 - INFO - Drone 2: Flying to {'x': 2577.285025496112, 'y': 2524.2815859126954, 'z': 60.0}
2026-02-13 18:28:35,845 - Drone_3 - INFO - Drone 3: Flying to {'x': 2529.350129615099, 'y': 2571.8052195792866, 'z': 60.0}
2026-02-13 18:28:35,846 - Drone_4 - INFO - Drone 4: Flying to {'x': 2569.5700509922253, 'y': 2468.5631718253903, 'z': 60.0}
2026-02-13 18:28:35,846 - Drone_5 - INFO - Drone 5: Flying to {'x': 2473.700259230198, 'y': 2563.6104391585727, 'z': 60.0}
2026-02-13 18:28:36,847 - Drone_2 - INFO - Drone 2: Flying to {'x': 2577.285025496112, 'y': 2524.2815859126954, 'z': 60.0}
2026-02-13 18:28:36,847 - Drone_3 - INFO - Drone 3: Flying to {'x': 2529.350129615099, 'y': 2571.8052195792866, 'z': 60.0}
2026-02-13 18:28:36,848 - Drone_4 - INFO - Drone 4: Flying to {'x': 2569.5700509922253, 'y': 2468.5631718253903, 'z': 60.0}
2026-02-13 18:28:36,848 - Drone_5 - INFO - Drone 5: Flying to {'x': 2473.700259230198, 'y': 2563.6104391585727, 'z': 60.0}
2026-02-13 18:28:37,849 - Drone_2 - INFO - Drone 2: Flying to {'x': 2577.285025496112, 'y': 2524.2815859126954, 'z': 60.0}
2026-02-13 18:28:37,850 - Drone_3 - INFO - Drone 3: Flying to {'x': 2529.350129615099, 'y': 2571.8052195792866, 'z': 60.0}
2026-02-13 18:28:37,851 - Drone_4 - INFO - Drone 4: Flying to {'x': 2569.5700509922253, 'y': 2468.5631718253903, 'z': 60.0}
2026-02-13 18:28:37,852 - Drone_5 - INFO - Drone 5: Flying to {'x': 2473.700259230198, 'y': 2563.6104391585727, 'z': 60.0}
2026-02-13 18:28:38,169 - PhysicalMLTrainer_Drone2 - INFO - Physical ML model trained drone=2 samples=1101 degree=2 alpha=0.0 val_mse=0.001166
2026-02-13 18:28:38,169 - PhysicalMLTrainer_Drone3 - INFO - Physical ML model trained drone=3 samples=1101 degree=2 alpha=0.0 val_mse=0.000970
2026-02-13 18:28:38,177 - PhysicalMLTrainer_Drone5 - INFO - Physical ML model trained drone=5 samples=1101 degree=2 alpha=0.0 val_mse=0.001104
2026-02-13 18:28:38,183 - PhysicalMLTrainer_Drone1 - INFO - Physical ML model trained drone=1 samples=1051 degree=2 alpha=0.0 val_mse=0.000942
2026-02-13 18:28:38,184 - PhysicalMLTrainer_Drone4 - INFO - Physical ML model trained drone=4 samples=1101 degree=2 alpha=0.0 val_mse=0.001400
2026-02-13 18:28:38,852 - Drone_2 - INFO - Drone 2: Flying to {'x': 2577.285025496112, 'y': 2524.2815859126954, 'z': 60.0}
2026-02-13 18:28:38,853 - Drone_3 - INFO - Drone 3: Flying to {'x': 2529.350129615099, 'y': 2571.8052195792866, 'z': 60.0}
2026-02-13 18:28:38,853 - Drone_4 - INFO - Drone 4: Flying to {'x': 2569.5700509922253, 'y': 2468.5631718253903, 'z': 60.0}
2026-02-13 18:28:38,854 - Drone_5 - INFO - Drone 5: Flying to {'x': 2473.700259230198, 'y': 2563.6104391585727, 'z': 60.0}
2026-02-13 18:28:39,855 - Drone_2 - INFO - Drone 2: Flying to {'x': 2577.285025496112, 'y': 2524.2815859126954, 'z': 60.0}
2026-02-13 18:28:39,855 - Drone_3 - INFO - Drone 3: Flying to {'x': 2529.350129615099, 'y': 2571.8052195792866, 'z': 60.0}
2026-02-13 18:28:39,855 - Drone_4 - INFO - Drone 4: Flying to {'x': 2569.5700509922253, 'y': 2468.5631718253903, 'z': 60.0}
2026-02-13 18:28:39,856 - Drone_5 - INFO - Drone 5: Flying to {'x': 2473.700259230198, 'y': 2563.6104391585727, 'z': 60.0}
2026-02-13 18:28:40,857 - Drone_2 - INFO - Drone 2: Flying to {'x': 2577.285025496112, 'y': 2524.2815859126954, 'z': 60.0}
2026-02-13 18:28:40,857 - Drone_3 - INFO - Drone 3: Flying to {'x': 2529.350129615099, 'y': 2571.8052195792866, 'z': 60.0}
2026-02-13 18:28:40,857 - Drone_4 - INFO - Drone 4: Flying to {'x': 2569.5700509922253, 'y': 2468.5631718253903, 'z': 60.0}
2026-02-13 18:28:40,858 - Drone_5 - INFO - Drone 5: Flying to {'x': 2473.700259230198, 'y': 2563.6104391585727, 'z': 60.0}
2026-02-13 18:28:41,858 - Drone_2 - INFO - Drone 2: Flying to {'x': 2577.285025496112, 'y': 2524.2815859126954, 'z': 60.0}
2026-02-13 18:28:41,859 - Drone_3 - INFO - Drone 3: Flying to {'x': 2529.350129615099, 'y': 2571.8052195792866, 'z': 60.0}
2026-02-13 18:28:41,859 - Drone_4 - INFO - Drone 4: Flying to {'x': 2569.5700509922253, 'y': 2468.5631718253903, 'z': 60.0}
2026-02-13 18:28:41,859 - Drone_5 - INFO - Drone 5: Flying to {'x': 2473.700259230198, 'y': 2563.6104391585727, 'z': 60.0}
2026-02-13 18:28:42,859 - Drone_2 - INFO - Drone 2: Flying to {'x': 2577.285025496112, 'y': 2524.2815859126954, 'z': 60.0}
2026-02-13 18:28:42,860 - Drone_3 - INFO - Drone 3: Flying to {'x': 2529.350129615099, 'y': 2571.8052195792866, 'z': 60.0}
2026-02-13 18:28:42,860 - Drone_4 - INFO - Drone 4: Flying to {'x': 2569.5700509922253, 'y': 2468.5631718253903, 'z': 60.0}
2026-02-13 18:28:42,861 - Drone_5 - INFO - Drone 5: Flying to {'x': 2473.700259230198, 'y': 2563.6104391585727, 'z': 60.0}
2026-02-13 18:28:43,861 - Drone_2 - INFO - Drone 2: Flying to {'x': 2577.285025496112, 'y': 2524.2815859126954, 'z': 60.0}
2026-02-13 18:28:43,862 - Drone_3 - INFO - Drone 3: Flying to {'x': 2529.350129615099, 'y': 2571.8052195792866, 'z': 60.0}
2026-02-13 18:28:43,862 - Drone_4 - INFO - Drone 4: Flying to {'x': 2569.5700509922253, 'y': 2468.5631718253903, 'z': 60.0}
2026-02-13 18:28:43,863 - Drone_5 - INFO - Drone 5: Flying to {'x': 2473.700259230198, 'y': 2563.6104391585727, 'z': 60.0}
2026-02-13 18:28:44,863 - Drone_2 - INFO - Drone 2: Flying to {'x': 2577.285025496112, 'y': 2524.2815859126954, 'z': 60.0}
2026-02-13 18:28:44,864 - Drone_3 - INFO - Drone 3: Flying to {'x': 2529.350129615099, 'y': 2571.8052195792866, 'z': 60.0}
2026-02-13 18:28:44,865 - Drone_4 - INFO - Drone 4: Flying to {'x': 2569.5700509922253, 'y': 2468.5631718253903, 'z': 60.0}
2026-02-13 18:28:44,865 - Drone_5 - INFO - Drone 5: Flying to {'x': 2473.700259230198, 'y': 2563.6104391585727, 'z': 60.0}
2026-02-13 18:28:45,866 - Drone_2 - INFO - Drone 2: Flying to {'x': 2577.285025496112, 'y': 2524.2815859126954, 'z': 60.0}
2026-02-13 18:28:45,867 - Drone_3 - INFO - Drone 3: Flying to {'x': 2529.350129615099, 'y': 2571.8052195792866, 'z': 60.0}
2026-02-13 18:28:45,869 - Drone_4 - INFO - Drone 4: Flying to {'x': 2569.5700509922253, 'y': 2468.5631718253903, 'z': 60.0}
2026-02-13 18:28:45,869 - Drone_5 - INFO - Drone 5: Flying to {'x': 2473.700259230198, 'y': 2563.6104391585727, 'z': 60.0}
2026-02-13 18:28:46,873 - Drone_2 - INFO - Drone 2: Flying to {'x': 2577.285025496112, 'y': 2524.2815859126954, 'z': 60.0}
2026-02-13 18:28:46,873 - Drone_3 - INFO - Drone 3: Flying to {'x': 2529.350129615099, 'y': 2571.8052195792866, 'z': 60.0}
2026-02-13 18:28:46,874 - Drone_4 - INFO - Drone 4: Flying to {'x': 2569.5700509922253, 'y': 2468.5631718253903, 'z': 60.0}
2026-02-13 18:28:46,875 - Drone_5 - INFO - Drone 5: Flying to {'x': 2473.700259230198, 'y': 2563.6104391585727, 'z': 60.0}
2026-02-13 18:28:47,876 - Drone_2 - INFO - Drone 2: Flying to {'x': 2577.285025496112, 'y': 2524.2815859126954, 'z': 60.0}
2026-02-13 18:28:47,876 - Drone_3 - INFO - Drone 3: Flying to {'x': 2529.350129615099, 'y': 2571.8052195792866, 'z': 60.0}
2026-02-13 18:28:47,876 - Drone_4 - INFO - Drone 4: Flying to {'x': 2569.5700509922253, 'y': 2468.5631718253903, 'z': 60.0}
2026-02-13 18:28:47,877 - Drone_5 - INFO - Drone 5: Flying to {'x': 2473.700259230198, 'y': 2563.6104391585727, 'z': 60.0}
2026-02-13 18:28:48,877 - Drone_2 - INFO - Drone 2: Flying to {'x': 2577.285025496112, 'y': 2524.2815859126954, 'z': 60.0}
2026-02-13 18:28:48,878 - Drone_3 - INFO - Drone 3: Flying to {'x': 2529.350129615099, 'y': 2571.8052195792866, 'z': 60.0}
2026-02-13 18:28:48,878 - Drone_4 - INFO - Drone 4: Flying to {'x': 2569.5700509922253, 'y': 2468.5631718253903, 'z': 60.0}
2026-02-13 18:28:48,879 - Drone_5 - INFO - Drone 5: Flying to {'x': 2473.700259230198, 'y': 2563.6104391585727, 'z': 60.0}
2026-02-13 18:28:49,880 - Drone_2 - INFO - Drone 2: Flying to {'x': 2577.285025496112, 'y': 2524.2815859126954, 'z': 60.0}
2026-02-13 18:28:49,880 - Drone_3 - INFO - Drone 3: Flying to {'x': 2529.350129615099, 'y': 2571.8052195792866, 'z': 60.0}
2026-02-13 18:28:49,880 - Drone_4 - INFO - Drone 4: Flying to {'x': 2569.5700509922253, 'y': 2468.5631718253903, 'z': 60.0}
2026-02-13 18:28:49,880 - Drone_5 - INFO - Drone 5: Flying to {'x': 2473.700259230198, 'y': 2563.6104391585727, 'z': 60.0}
2026-02-13 18:28:49,880 - Drone_1 - INFO - Drone 1: Flying to {'x': -1725.8603478150674, 'y': -1768.1658700557707, 'z': 21.213167040512438}
2026-02-13 18:28:49,881 - Drone_2 - INFO - Drone 2: Flying to {'x': -1728.372367338805, 'y': -1761.468365885896, 'z': 18.013602380984416}
2026-02-13 18:28:50,881 - Drone_2 - INFO - Drone 2: Flying to {'x': -1733.5753084351006, 'y': -1823.8841838723072, 'z': 21.213167040512438}
2026-02-13 18:28:50,882 - Drone_3 - INFO - Drone 3: Flying to {'x': -1781.510118052552, 'y': -1776.360635729169, 'z': 21.213167040512438}
2026-02-13 18:28:50,882 - Drone_4 - INFO - Drone 4: Flying to {'x': -1741.290269055134, 'y': -1879.6024976888439, 'z': 21.213167040512438}
2026-02-13 18:28:50,882 - Drone_5 - INFO - Drone 5: Flying to {'x': -1837.1598882900362, 'y': -1784.555401402567, 'z': 21.213167040512438}
2026-02-13 18:28:50,882 - Drone_1 - INFO - Drone 1: Flying to {'x': -1715.8329764635996, 'y': -1758.0517233753005, 'z': 21.221273026866154}
2026-02-13 18:28:50,883 - Drone_2 - INFO - Drone 2: Flying to {'x': -1718.4040408756707, 'y': -1751.5461285220995, 'z': 18.02233579296531}
2026-02-13 18:28:51,840 - Drone_2 - INFO - Drone 2: Reached target position
2026-02-13 18:28:51,840 - Drone_1 - INFO - Drone 1: Reached target position
2026-02-13 18:28:51,883 - Drone_2 - INFO - Drone 2: Flying to {'x': -1723.5479497179379, 'y': -1813.770128438214, 'z': 21.221273026866154}
2026-02-13 18:28:51,884 - Drone_3 - INFO - Drone 3: Flying to {'x': -1771.482837835211, 'y': -1766.2465024687515, 'z': 21.221273026866154}
2026-02-13 18:28:51,884 - Drone_4 - INFO - Drone 4: Flying to {'x': -1731.2629229722759, 'y': -1869.4885335011272, 'z': 21.221273026866154}
2026-02-13 18:28:51,884 - Drone_5 - INFO - Drone 5: Flying to {'x': -1827.1326992068227, 'y': -1774.4412815622027, 'z': 21.221273026866154}
2026-02-13 18:28:51,884 - Drone_1 - INFO - Drone 1: Flying to {'x': -1711.0759740030926, 'y': -1753.253554547347, 'z': 21.222426675085952}
2026-02-13 18:28:51,885 - Drone_2 - INFO - Drone 2: Flying to {'x': -1714.897857780976, 'y': -1748.0561564555585, 'z': 18.023257340074338}
2026-02-13 18:28:52,242 - Drone_2 - INFO - Drone 2: Reached target position
2026-02-13 18:28:52,345 - Drone_1 - INFO - Drone 1: Reached target position
2026-02-13 18:28:52,640 - Drone_3 - INFO - Drone 3: Reached target position
2026-02-13 18:28:52,886 - Drone_2 - INFO - Drone 2: Flying to {'x': -1708.6051045689119, 'y': -1700.235975323731, 'z': 21.222426675085952}
2026-02-13 18:28:52,886 - Drone_3 - INFO - Drone 3: Flying to {'x': -1658.5574057540948, 'y': -1745.5292181237487, 'z': 21.222426675085952}
2026-02-13 18:28:52,887 - Drone_4 - INFO - Drone 4: Flying to {'x': -1703.4334587763085, 'y': -1644.2242213805107, 'z': 21.222426675085952}
2026-02-13 18:28:52,887 - Drone_5 - INFO - Drone 5: Flying to {'x': -1603.3380611466744, 'y': -1734.8107069805465, 'z': 21.222426675085952}
2026-02-13 18:28:52,887 - Drone_1 - INFO - Drone 1: Flying to {'x': -1719.1448383970728, 'y': -1762.1793083857442, 'z': 21.222426675085952}
2026-02-13 18:28:52,888 - Drone_2 - INFO - Drone 2: Flying to {'x': -1724.9676783352102, 'y': -1756.0059850506718, 'z': 18.023257340074338}
2026-02-13 18:28:53,447 - Drone_2 - INFO - Drone 2: Reached target position
2026-02-13 18:28:53,454 - Drone_1 - INFO - Drone 1: Reached target position
2026-02-13 18:28:53,889 - Drone_2 - INFO - Drone 2: Flying to {'x': -1715.9516374633872, 'y': -1708.5677442866702, 'z': 21.222426675085952}
2026-02-13 18:28:53,890 - Drone_3 - INFO - Drone 3: Flying to {'x': -1666.0553564356387, 'y': -1754.027739222877, 'z': 21.222426675085952}
2026-02-13 18:28:53,890 - Drone_4 - INFO - Drone 4: Flying to {'x': -1710.593114686457, 'y': -1652.5735594667347, 'z': 21.222426675085952}
2026-02-13 18:28:53,891 - Drone_5 - INFO - Drone 5: Flying to {'x': -1610.80055263096, 'y': -1743.4935493391479, 'z': 21.222426675085952}
2026-02-13 18:28:54,891 - Drone_2 - INFO - Drone 2: Flying to {'x': -1720.9219088530645, 'y': -1714.5340485982085, 'z': 21.222426675085952}
2026-02-13 18:28:54,892 - Drone_3 - INFO - Drone 3: Flying to {'x': -1671.4115067221978, 'y': -1760.4140015280002, 'z': 21.222426675085952}
2026-02-13 18:28:54,892 - Drone_4 - INFO - Drone 4: Flying to {'x': -1715.09047463197, 'y': -1658.587137379402, 'z': 21.222426675085952}
2026-02-13 18:28:54,892 - Drone_5 - INFO - Drone 5: Flying to {'x': -1616.0696703702372, 'y': -1750.347043238985, 'z': 21.222426675085952}
2026-02-13 18:28:55,892 - Drone_2 - INFO - Drone 2: Flying to {'x': -1725.9315435982119, 'y': -1720.4543840292076, 'z': 21.222426675085952}
2026-02-13 18:28:55,893 - Drone_3 - INFO - Drone 3: Flying to {'x': -1676.8166848953972, 'y': -1766.7575227414218, 'z': 21.222426675085952}
2026-02-13 18:28:55,893 - Drone_4 - INFO - Drone 4: Flying to {'x': -1719.6202138081426, 'y': -1664.5595755378906, 'z': 21.222426675085952}
2026-02-13 18:28:55,893 - Drone_5 - INFO - Drone 5: Flying to {'x': -1621.3904964025137, 'y': -1757.1658529623194, 'z': 21.222426675085952}
2026-02-13 18:28:56,562 - Drone_2 - INFO - Drone 2: Reached target position
2026-02-13 18:28:56,894 - Drone_2 - INFO - Drone 2: Flying to {'x': -1730.9819726147373, 'y': -1726.326972541997, 'z': 21.222426675085952}
2026-02-13 18:28:56,894 - Drone_3 - INFO - Drone 3: Flying to {'x': -1682.270877896772, 'y': -1773.0546864961104, 'z': 21.222426675085952}
2026-02-13 18:28:56,894 - Drone_4 - INFO - Drone 4: Flying to {'x': -1724.1857106709776, 'y': -1670.4890524196305, 'z': 21.222426675085952}
2026-02-13 18:28:56,895 - Drone_5 - INFO - Drone 5: Flying to {'x': -1626.7635212350474, 'y': -1763.9444803278568, 'z': 21.222426675085952}
2026-02-13 18:28:57,265 - Drone_2 - INFO - Drone 2: Reached target position
2026-02-13 18:28:57,895 - Drone_2 - INFO - Drone 2: Flying to {'x': -1736.0825084013306, 'y': -1732.159322278863, 'z': 21.222426675085952}
2026-02-13 18:28:57,896 - Drone_3 - INFO - Drone 3: Flying to {'x': -1687.7825150166402, 'y': -1779.311847545691, 'z': 21.222426675085952}
2026-02-13 18:28:57,896 - Drone_4 - INFO - Drone 4: Flying to {'x': -1728.7974882491237, 'y': -1676.3830640556553, 'z': 21.222426675085952}
2026-02-13 18:28:57,897 - Drone_5 - INFO - Drone 5: Flying to {'x': -1632.1975014797429, 'y': -1770.6881145893112, 'z': 21.222426675085952}
2026-02-13 18:28:58,171 - Drone_2 - INFO - Drone 2: Reached target position
2026-02-13 18:28:58,289 - PhysicalMLTrainer_Drone3 - INFO - Physical ML model trained drone=3 samples=1301 degree=2 alpha=0.0 val_mse=0.060717
2026-02-13 18:28:58,289 - PhysicalMLTrainer_Drone4 - INFO - Physical ML model trained drone=4 samples=1301 degree=2 alpha=0.0 val_mse=0.071940
2026-02-13 18:28:58,291 - PhysicalMLTrainer_Drone2 - INFO - Physical ML model trained drone=2 samples=1301 degree=2 alpha=0.0 val_mse=0.038841
2026-02-13 18:28:58,291 - PhysicalMLTrainer_Drone1 - INFO - Physical ML model trained drone=1 samples=1251 degree=2 alpha=1.0 val_mse=0.011349
2026-02-13 18:28:58,292 - PhysicalMLTrainer_Drone5 - INFO - Physical ML model trained drone=5 samples=1301 degree=2 alpha=0.0 val_mse=0.028439
2026-02-13 18:28:58,491 - Drone_4 - INFO - Drone 4: Reached target position
2026-02-13 18:28:58,897 - Drone_2 - INFO - Drone 2: Flying to {'x': -1741.3167200624055, 'y': -1738.0413131410965, 'z': 21.222426675085952}
2026-02-13 18:28:58,898 - Drone_3 - INFO - Drone 3: Flying to {'x': -1693.44023074463, 'y': -1785.623786496366, 'z': 21.222426675085952}
2026-02-13 18:28:58,898 - Drone_4 - INFO - Drone 4: Flying to {'x': -1733.5333158177805, 'y': -1682.3324169182783, 'z': 21.222426675085952}
2026-02-13 18:28:58,898 - Drone_5 - INFO - Drone 5: Flying to {'x': -1637.7803371822292, 'y': -1777.4973636288169, 'z': 21.222426675085952}
2026-02-13 18:28:59,096 - Drone_2 - INFO - Drone 2: Reached target position
2026-02-13 18:28:59,296 - Drone_4 - INFO - Drone 4: Reached target position
2026-02-13 18:28:59,494 - Drone_3 - INFO - Drone 3: Reached target position
2026-02-13 18:28:59,900 - Drone_2 - INFO - Drone 2: Flying to {'x': -1746.5199950039669, 'y': -1743.7854519253367, 'z': 21.222426675085952}
2026-02-13 18:28:59,901 - Drone_3 - INFO - Drone 3: Flying to {'x': -1699.0643305113135, 'y': -1791.7876384126282, 'z': 21.222426675085952}
2026-02-13 18:28:59,901 - Drone_4 - INFO - Drone 4: Flying to {'x': -1738.246369592099, 'y': -1688.147249019922, 'z': 21.222426675085952}
2026-02-13 18:28:59,901 - Drone_5 - INFO - Drone 5: Flying to {'x': -1643.3350406067923, 'y': -1784.151621994505, 'z': 21.222426675085952}
2026-02-13 18:29:00,005 - Drone_2 - INFO - Drone 2: Reached target position
2026-02-13 18:29:00,200 - Drone_4 - INFO - Drone 4: Reached target position
2026-02-13 18:29:00,298 - Drone_3 - INFO - Drone 3: Reached target position
2026-02-13 18:29:00,406 - Drone_5 - INFO - Drone 5: Reached target position
2026-02-13 18:29:00,902 - Drone_2 - INFO - Drone 2: Flying to {'x': -1751.2481356779742, 'y': -1748.9165216899794, 'z': 21.222426675085952}
2026-02-13 18:29:00,903 - Drone_3 - INFO - Drone 3: Flying to {'x': -1704.1732226228175, 'y': -1797.2921618495623, 'z': 21.222426675085952}
2026-02-13 18:29:00,903 - Drone_4 - INFO - Drone 4: Flying to {'x': -1742.5351654324975, 'y': -1693.3454262400837, 'z': 21.222426675085952}
2026-02-13 18:29:00,904 - Drone_5 - INFO - Drone 5: Flying to {'x': -1648.385339322184, 'y': -1790.096706559249, 'z': 21.222426675085952}
2026-02-13 18:29:01,005 - Drone_4 - INFO - Drone 4: Reached target position
2026-02-13 18:29:01,012 - Drone_2 - INFO - Drone 2: Reached target position
2026-02-13 18:29:01,201 - Drone_3 - INFO - Drone 3: Reached target position
2026-02-13 18:29:01,214 - Drone_5 - INFO - Drone 5: Reached target position
2026-02-13 18:29:01,905 - Drone_2 - INFO - Drone 2: Flying to {'x': -1756.5482028193437, 'y': -1754.569223092601, 'z': 21.222426675085952}
2026-02-13 18:29:01,905 - Drone_3 - INFO - Drone 3: Flying to {'x': -1709.8966196422207, 'y': -1803.3532346852116, 'z': 21.222426675085952}
2026-02-13 18:29:01,906 - Drone_4 - INFO - Drone 4: Flying to {'x': -1747.3513200128318, 'y': -1699.0761618448803, 'z': 21.222426675085952}
2026-02-13 18:29:01,906 - Drone_5 - INFO - Drone 5: Flying to {'x': -1654.0481536585853, 'y': -1796.6441850301014, 'z': 21.222426675085952}
2026-02-13 18:29:02,010 - Drone_4 - INFO - Drone 4: Reached target position
2026-02-13 18:29:02,016 - Drone_2 - INFO - Drone 2: Reached target position
2026-02-13 18:29:02,119 - Drone_5 - INFO - Drone 5: Reached target position
2026-02-13 18:29:02,205 - Drone_3 - INFO - Drone 3: Reached target position
2026-02-13 18:29:02,907 - Drone_2 - INFO - Drone 2: Flying to {'x': -1761.9136591577433, 'y': -1760.1867166326447, 'z': 21.222426675085952}
2026-02-13 18:29:02,908 - Drone_3 - INFO - Drone 3: Flying to {'x': -1715.685221348968, 'y': -1809.3718926286724, 'z': 21.222426675085952}
2026-02-13 18:29:02,908 - Drone_4 - INFO - Drone 4: Flying to {'x': -1752.2377607314459, 'y': -1704.7751700954477, 'z': 21.222426675085952}
2026-02-13 18:29:02,909 - Drone_5 - INFO - Drone 5: Flying to {'x': -1659.7808851138955, 'y': -1803.1455220875027, 'z': 21.222426675085952}
2026-02-13 18:29:03,015 - Drone_4 - INFO - Drone 4: Reached target position
2026-02-13 18:29:03,022 - Drone_2 - INFO - Drone 2: Reached target position
2026-02-13 18:29:03,110 - Drone_3 - INFO - Drone 3: Reached target position
2026-02-13 18:29:03,125 - Drone_5 - INFO - Drone 5: Reached target position
2026-02-13 18:29:03,910 - Drone_2 - INFO - Drone 2: Flying to {'x': -1767.3260508105739, 'y': -1765.7485758165126, 'z': 21.222426675085952}
2026-02-13 18:29:03,911 - Drone_3 - INFO - Drone 3: Flying to {'x': -1721.5172948935667, 'y': -1815.3248592727791, 'z': 21.222426675085952}
2026-02-13 18:29:03,911 - Drone_4 - INFO - Drone 4: Flying to {'x': -1757.1795731315665, 'y': -1710.4212634770415, 'z': 21.222426675085952}
2026-02-13 18:29:03,911 - Drone_5 - INFO - Drone 5: Flying to {'x': -1665.5620612975522, 'y': -1809.5738303895741, 'z': 21.222426675085952}
2026-02-13 18:29:04,021 - Drone_4 - INFO - Drone 4: Reached target position
2026-02-13 18:29:04,026 - Drone_2 - INFO - Drone 2: Reached target position
2026-02-13 18:29:04,114 - Drone_3 - INFO - Drone 3: Reached target position
2026-02-13 18:29:04,129 - Drone_5 - INFO - Drone 5: Reached target position
2026-02-13 18:29:04,912 - Drone_2 - INFO - Drone 2: Flying to {'x': -1772.8010790660608, 'y': -1771.2703333342017, 'z': 21.222426675085952}
2026-02-13 18:29:04,912 - Drone_3 - INFO - Drone 3: Flying to {'x': -1727.4079614762543, 'y': -1821.227463710936, 'z': 21.222426675085952}
2026-02-13 18:29:04,912 - Drone_4 - INFO - Drone 4: Flying to {'x': -1762.1928842764742, 'y': -1716.0296897526305, 'z': 21.222426675085952}
2026-02-13 18:29:04,913 - Drone_5 - INFO - Drone 5: Flying to {'x': -1671.4066490968617, 'y': -1815.9439505060986, 'z': 21.222426675085952}
2026-02-13 18:29:05,028 - Drone_4 - INFO - Drone 4: Reached target position
2026-02-13 18:29:05,030 - Drone_2 - INFO - Drone 2: Reached target position
2026-02-13 18:29:05,120 - Drone_3 - INFO - Drone 3: Reached target position
2026-02-13 18:29:05,134 - Drone_5 - INFO - Drone 5: Reached target position
2026-02-13 18:29:05,913 - Drone_2 - INFO - Drone 2: Flying to {'x': -1778.3263941079308, 'y': -1776.7392957888073, 'z': 21.222426675085952}
2026-02-13 18:29:05,914 - Drone_3 - INFO - Drone 3: Flying to {'x': -1733.3421750153766, 'y': -1827.06493570161, 'z': 21.222426675085952}
2026-02-13 18:29:05,914 - Drone_4 - INFO - Drone 4: Flying to {'x': -1767.268077045673, 'y': -1721.5869964373699, 'z': 21.222426675085952}
2026-02-13 18:29:05,915 - Drone_5 - INFO - Drone 5: Flying to {'x': -1677.2996388605645, 'y': -1822.2382762629752, 'z': 21.222426675085952}
2026-02-13 18:29:06,033 - Drone_4 - INFO - Drone 4: Reached target position
2026-02-13 18:29:06,035 - Drone_2 - INFO - Drone 2: Reached target position
2026-02-13 18:29:06,124 - Drone_3 - INFO - Drone 3: Reached target position
2026-02-13 18:29:06,137 - Drone_5 - INFO - Drone 5: Reached target position
2026-02-13 18:29:06,916 - Drone_2 - INFO - Drone 2: Flying to {'x': -1783.9023351943947, 'y': -1782.156296928802, 'z': 21.222426675085952}
2026-02-13 18:29:06,916 - Drone_3 - INFO - Drone 3: Flying to {'x': -1739.3186335871533, 'y': -1832.8370975439902, 'z': 21.222426675085952}
2026-02-13 18:29:06,916 - Drone_4 - INFO - Drone 4: Flying to {'x': -1772.40698558789, 'y': -1727.093428883047, 'z': 21.222426675085952}
2026-02-13 18:29:06,917 - Drone_5 - INFO - Drone 5: Flying to {'x': -1683.239582373407, 'y': -1828.4550301134234, 'z': 21.222426675085952}
2026-02-13 18:29:07,038 - Drone_4 - INFO - Drone 4: Reached target position
2026-02-13 18:29:07,042 - Drone_2 - INFO - Drone 2: Reached target position
2026-02-13 18:29:07,128 - Drone_3 - INFO - Drone 3: Reached target position
2026-02-13 18:29:07,142 - Drone_5 - INFO - Drone 5: Reached target position
2026-02-13 18:29:07,917 - Drone_2 - INFO - Drone 2: Flying to {'x': -1789.5344386413406, 'y': -1787.5274305560333, 'z': 21.222426675085952}
2026-02-13 18:29:07,918 - Drone_3 - INFO - Drone 3: Flying to {'x': -1745.3416593253858, 'y': -1838.5494675237132, 'z': 21.222426675085952}
2026-02-13 18:29:07,918 - Drone_4 - INFO - Drone 4: Flying to {'x': -1777.6161369875315, 'y': -1732.55455919489, 'z': 21.222426675085952}
2026-02-13 18:29:07,918 - Drone_5 - INFO - Drone 5: Flying to {'x': -1689.2305783556214, 'y': -1834.59863313025, 'z': 21.222426675085952}
2026-02-13 18:29:08,042 - Drone_4 - INFO - Drone 4: Reached target position
2026-02-13 18:29:08,047 - Drone_2 - INFO - Drone 2: Reached target position
2026-02-13 18:29:08,133 - Drone_3 - INFO - Drone 3: Reached target position
2026-02-13 18:29:08,147 - Drone_5 - INFO - Drone 5: Reached target position
2026-02-13 18:29:08,918 - Drone_2 - INFO - Drone 2: Flying to {'x': -1795.2194625676548, 'y': -1792.8506264482385, 'z': 21.222426675085952}
2026-02-13 18:29:08,919 - Drone_3 - INFO - Drone 3: Flying to {'x': -1751.4062469641435, 'y': -1844.198967594572, 'z': 21.222426675085952}
2026-02-13 18:29:08,919 - Drone_4 - INFO - Drone 4: Flying to {'x': -1782.893842938521, 'y': -1737.967645472731, 'z': 21.222426675085952}
2026-02-13 18:29:08,919 - Drone_5 - INFO - Drone 5: Flying to {'x': -1695.267411731499, 'y': -1840.6643277653984, 'z': 21.222426675085952}
2026-02-13 18:29:09,046 - Drone_4 - INFO - Drone 4: Reached target position
2026-02-13 18:29:09,052 - Drone_2 - INFO - Drone 2: Reached target position
2026-02-13 18:29:09,136 - Drone_3 - INFO - Drone 3: Reached target position
2026-02-13 18:29:09,151 - Drone_5 - INFO - Drone 5: Reached target position
2026-02-13 18:29:09,920 - Drone_2 - INFO - Drone 2: Flying to {'x': -1800.9590222482495, 'y': -1798.1287943143475, 'z': 21.222426675085952}
2026-02-13 18:29:09,920 - Drone_3 - INFO - Drone 3: Flying to {'x': -1757.5126748761743, 'y': -1849.7879164519231, 'z': 21.222426675085952}
2026-02-13 18:29:09,920 - Drone_4 - INFO - Drone 4: Flying to {'x': -1788.2427811759037, 'y': -1743.3350016641762, 'z': 21.222426675085952}
2026-02-13 18:29:09,920 - Drone_5 - INFO - Drone 5: Flying to {'x': -1701.3500864317527, 'y': -1846.6532459393275, 'z': 21.222426675085952}
2026-02-13 18:29:10,052 - Drone_4 - INFO - Drone 4: Reached target position
2026-02-13 18:29:10,057 - Drone_2 - INFO - Drone 2: Reached target position
2026-02-13 18:29:10,141 - Drone_3 - INFO - Drone 3: Reached target position
2026-02-13 18:29:10,155 - Drone_5 - INFO - Drone 5: Reached target position
2026-02-13 18:29:10,921 - Drone_2 - INFO - Drone 2: Flying to {'x': -1806.7505166399583, 'y': -1803.361275130037, 'z': 21.222426675085952}
2026-02-13 18:29:10,921 - Drone_3 - INFO - Drone 3: Flying to {'x': -1763.656829531319, 'y': -1855.3149480645152, 'z': 21.222426675085952}
2026-02-13 18:29:10,922 - Drone_4 - INFO - Drone 4: Flying to {'x': -1793.6615782379588, 'y': -1748.6553139237053, 'z': 21.222426675085952}
2026-02-13 18:29:10,922 - Drone_5 - INFO - Drone 5: Flying to {'x': -1707.4742040206809, 'y': -1852.5626597926616, 'z': 21.222426675085952}
2026-02-13 18:29:11,055 - Drone_4 - INFO - Drone 4: Reached target position
2026-02-13 18:29:11,062 - Drone_2 - INFO - Drone 2: Reached target position
2026-02-13 18:29:11,148 - Drone_3 - INFO - Drone 3: Reached target position
2026-02-13 18:29:11,159 - Drone_5 - INFO - Drone 5: Reached target position
2026-02-13 18:29:11,923 - Drone_2 - INFO - Drone 2: Flying to {'x': -1812.5914268836973, 'y': -1808.547927116947, 'z': 21.222426675085952}
2026-02-13 18:29:11,923 - Drone_3 - INFO - Drone 3: Flying to {'x': -1769.834814170918, 'y': -1860.779355101728, 'z': 21.222426675085952}
2026-02-13 18:29:11,923 - Drone_4 - INFO - Drone 4: Flying to {'x': -1799.148781250233, 'y': -1753.9278046493698, 'z': 21.222426675085952}
2026-02-13 18:29:11,924 - Drone_5 - INFO - Drone 5: Flying to {'x': -1713.635555824674, 'y': -1858.3906606189323, 'z': 21.222426675085952}
2026-02-13 18:29:12,059 - Drone_4 - INFO - Drone 4: Reached target position
2026-02-13 18:29:12,065 - Drone_2 - INFO - Drone 2: Reached target position
2026-02-13 18:29:12,155 - Drone_3 - INFO - Drone 3: Reached target position
2026-02-13 18:29:12,168 - Drone_5 - INFO - Drone 5: Reached target position
2026-02-13 18:29:12,924 - Drone_2 - INFO - Drone 2: Flying to {'x': -1818.5058643821394, 'y': -1813.712053423195, 'z': 21.222426675085952}
2026-02-13 18:29:12,924 - Drone_3 - INFO - Drone 3: Flying to {'x': -1776.0708983144636, 'y': -1866.2051353943957, 'z': 21.222426675085952}
2026-02-13 18:29:12,925 - Drone_4 - INFO - Drone 4: Flying to {'x': -1804.7279594351764, 'y': -1759.1755350591438, 'z': 21.222426675085952}
2026-02-13 18:29:12,925 - Drone_5 - INFO - Drone 5: Flying to {'x': -1719.8580272998254, 'y': -1864.161699001546, 'z': 21.222426675085952}
2026-02-13 18:29:13,081 - Drone_4 - INFO - Drone 4: Reached target position
2026-02-13 18:29:13,081 - Drone_2 - INFO - Drone 2: Reached target position
2026-02-13 18:29:13,159 - Drone_3 - INFO - Drone 3: Reached target position
2026-02-13 18:29:13,182 - Drone_5 - INFO - Drone 5: Reached target position
2026-02-13 18:29:13,925 - Drone_2 - INFO - Drone 2: Flying to {'x': -1824.4734080507856, 'y': -1818.8379242174924, 'z': 21.222426675085952}
2026-02-13 18:29:13,926 - Drone_3 - INFO - Drone 3: Flying to {'x': -1782.342394291742, 'y': -1871.5752703740377, 'z': 21.222426675085952}
2026-02-13 18:29:13,926 - Drone_4 - INFO - Drone 4: Flying to {'x': -1810.380684159277, 'y': -1764.3819086331905, 'z': 21.222426675085952}
2026-02-13 18:29:13,926 - Drone_5 - INFO - Drone 5: Flying to {'x': -1726.11865664119, 'y': -1869.856600946281, 'z': 21.222426675085952}
2026-02-13 18:29:14,084 - Drone_4 - INFO - Drone 4: Reached target position
2026-02-13 18:29:14,087 - Drone_2 - INFO - Drone 2: Reached target position
2026-02-13 18:29:14,165 - Drone_3 - INFO - Drone 3: Reached target position
2026-02-13 18:29:14,187 - Drone_5 - INFO - Drone 5: Reached target position
2026-02-13 18:29:14,927 - Drone_2 - INFO - Drone 2: Flying to {'x': -1830.4658468603425, 'y': -1823.9046461348182, 'z': 21.222426675085952}
2026-02-13 18:29:14,927 - Drone_3 - INFO - Drone 3: Flying to {'x': -1788.6188484208487, 'y': -1876.8676400230513, 'z': 21.222426675085952}
2026-02-13 18:29:14,927 - Drone_4 - INFO - Drone 4: Flying to {'x': -1816.0806834879343, 'y': -1769.5251502310393, 'z': 21.222426675085952}
2026-02-13 18:29:14,927 - Drone_5 - INFO - Drone 5: Flying to {'x': -1732.3866866089463, 'y': -1875.451138007505, 'z': 21.222426675085952}
2026-02-13 18:29:15,089 - Drone_4 - INFO - Drone 4: Reached target position
2026-02-13 18:29:15,091 - Drone_2 - INFO - Drone 2: Reached target position
2026-02-13 18:29:15,169 - Drone_3 - INFO - Drone 3: Reached target position
2026-02-13 18:29:15,191 - Drone_5 - INFO - Drone 5: Reached target position
2026-02-13 18:29:15,928 - Drone_2 - INFO - Drone 2: Flying to {'x': -1836.5084006787088, 'y': -1828.937058289441, 'z': 21.222426675085952}
2026-02-13 18:29:15,928 - Drone_3 - INFO - Drone 3: Flying to {'x': -1794.9259854738102, 'y': -1882.108034824835, 'z': 21.222426675085952}
2026-02-13 18:29:15,928 - Drone_4 - INFO - Drone 4: Flying to {'x': -1821.8522905908956, 'y': -1774.629959885145, 'z': 21.222426675085952}
2026-02-13 18:29:15,929 - Drone_5 - INFO - Drone 5: Flying to {'x': -1738.6874601810985, 'y': -1880.9719129559328, 'z': 21.222426675085952}
2026-02-13 18:29:16,092 - Drone_4 - INFO - Drone 4: Reached target position
2026-02-13 18:29:16,094 - Drone_2 - INFO - Drone 2: Reached target position
2026-02-13 18:29:16,172 - Drone_3 - INFO - Drone 3: Reached target position
2026-02-13 18:29:16,195 - Drone_5 - INFO - Drone 5: Reached target position
2026-02-13 18:29:16,929 - Drone_2 - INFO - Drone 2: Flying to {'x': -1842.5951357637007, 'y': -1833.9335049127194, 'z': 21.222426675085952}
2026-02-13 18:29:16,930 - Drone_3 - INFO - Drone 3: Flying to {'x': -1801.2569139390778, 'y': -1887.2945526571016, 'z': 21.222426675085952}
2026-02-13 18:29:16,930 - Drone_4 - INFO - Drone 4: Flying to {'x': -1827.6902148464242, 'y': -1779.6941664907795, 'z': 21.222426675085952}
2026-02-13 18:29:16,930 - Drone_5 - INFO - Drone 5: Flying to {'x': -1745.013771197178, 'y': -1886.4162619795443, 'z': 21.222426675085952}
2026-02-13 18:29:17,096 - Drone_4 - INFO - Drone 4: Reached target position
2026-02-13 18:29:17,101 - Drone_2 - INFO - Drone 2: Reached target position
2026-02-13 18:29:17,178 - Drone_3 - INFO - Drone 3: Reached target position
2026-02-13 18:29:17,202 - Drone_5 - INFO - Drone 5: Reached target position
2026-02-13 18:29:17,930 - Drone_2 - INFO - Drone 2: Flying to {'x': -1848.7325291048908, 'y': -1838.902712992179, 'z': 21.222426675085952}
2026-02-13 18:29:17,930 - Drone_3 - INFO - Drone 3: Flying to {'x': -1807.6177572484191, 'y': -1892.4361187795027, 'z': 21.222426675085952}
2026-02-13 18:29:17,931 - Drone_4 - INFO - Drone 4: Flying to {'x': -1833.6009778415773, 'y': -1784.7261621942025, 'z': 21.222426675085952}
2026-02-13 18:29:17,931 - Drone_5 - INFO - Drone 5: Flying to {'x': -1751.371434128634, 'y': -1891.7929737688505, 'z': 21.222426675085952}
2026-02-13 18:29:18,101 - Drone_4 - INFO - Drone 4: Reached target position
2026-02-13 18:29:18,105 - Drone_2 - INFO - Drone 2: Reached target position
2026-02-13 18:29:18,182 - Drone_3 - INFO - Drone 3: Reached target position
2026-02-13 18:29:18,205 - Drone_5 - INFO - Drone 5: Reached target position
2026-02-13 18:29:18,392 - PhysicalMLTrainer_Drone1 - INFO - Physical ML model trained drone=1 samples=1451 degree=2 alpha=1.0 val_mse=0.043759
2026-02-13 18:29:18,393 - PhysicalMLTrainer_Drone3 - INFO - Physical ML model trained drone=3 samples=1501 degree=2 alpha=0.0 val_mse=0.183456
2026-02-13 18:29:18,416 - PhysicalMLTrainer_Drone4 - INFO - Physical ML model trained drone=4 samples=1501 degree=2 alpha=0.0 val_mse=0.093949
2026-02-13 18:29:18,418 - PhysicalMLTrainer_Drone5 - INFO - Physical ML model trained drone=5 samples=1501 degree=2 alpha=0.1 val_mse=0.167574
2026-02-13 18:29:18,418 - PhysicalMLTrainer_Drone2 - INFO - Physical ML model trained drone=2 samples=1501 degree=2 alpha=0.0 val_mse=0.084767
2026-02-13 18:29:18,931 - Drone_2 - INFO - Drone 2: Flying to {'x': -1854.9636402692722, 'y': -1843.8822966795199, 'z': 21.222426675085952}
2026-02-13 18:29:18,932 - Drone_3 - INFO - Drone 3: Flying to {'x': -1814.0523325961399, 'y': -1897.5713542655337, 'z': 21.222426675085952}
2026-02-13 18:29:18,932 - Drone_4 - INFO - Drone 4: Flying to {'x': -1839.6265890484958, 'y': -1789.7635627710915, 'z': 21.222426675085952}
2026-02-13 18:29:18,932 - Drone_5 - INFO - Drone 5: Flying to {'x': -1757.8039737022311, 'y': -1897.1416779431192, 'z': 21.222426675085952}
2026-02-13 18:29:19,120 - Drone_4 - INFO - Drone 4: Reached target position
2026-02-13 18:29:19,122 - Drone_2 - INFO - Drone 2: Reached target position
2026-02-13 18:29:19,198 - Drone_3 - INFO - Drone 3: Reached target position
2026-02-13 18:29:19,223 - Drone_5 - INFO - Drone 5: Reached target position
2026-02-13 18:29:19,933 - Drone_2 - INFO - Drone 2: Flying to {'x': -1861.1974447623788, 'y': -1848.8032001829463, 'z': 21.222426675085952}
2026-02-13 18:29:19,933 - Drone_3 - INFO - Drone 3: Flying to {'x': -1820.4661820066121, 'y': -1902.6289768547297, 'z': 21.222426675085952}
2026-02-13 18:29:19,933 - Drone_4 - INFO - Drone 4: Flying to {'x': -1845.6792250257402, 'y': -1794.7361366765438, 'z': 21.222426675085952}
2026-02-13 18:29:19,933 - Drone_5 - INFO - Drone 5: Flying to {'x': -1764.2166995142068, 'y': -1902.38769002011, 'z': 21.222426675085952}
2026-02-13 18:29:20,125 - Drone_4 - INFO - Drone 4: Reached target position
2026-02-13 18:29:20,127 - Drone_2 - INFO - Drone 2: Reached target position
2026-02-13 18:29:20,202 - Drone_3 - INFO - Drone 3: Reached target position
2026-02-13 18:29:20,227 - Drone_5 - INFO - Drone 5: Reached target position
2026-02-13 18:29:20,934 - Drone_2 - INFO - Drone 2: Flying to {'x': -1867.471532583745, 'y': -1853.6995969531627, 'z': 21.222426675085952}
2026-02-13 18:29:20,934 - Drone_3 - INFO - Drone 3: Flying to {'x': -1826.8978915963999, 'y': -1907.644287674586, 'z': 21.222426675085952}
2026-02-13 18:29:20,934 - Drone_4 - INFO - Drone 4: Flying to {'x': -1851.795225929802, 'y': -1799.6781576008875, 'z': 21.222426675085952}
2026-02-13 18:29:20,934 - Drone_5 - INFO - Drone 5: Flying to {'x': -1770.647943955112, 'y': -1907.5675390437345, 'z': 21.222426675085952}
2026-02-13 18:29:21,112 - Drone_3 - INFO - Drone 3: Reached target position
2026-02-13 18:29:21,129 - Drone_4 - INFO - Drone 4: Reached target position
2026-02-13 18:29:21,132 - Drone_2 - INFO - Drone 2: Reached target position
2026-02-13 18:29:21,233 - Drone_5 - INFO - Drone 5: Reached target position
2026-02-13 18:29:21,935 - Drone_2 - INFO - Drone 2: Flying to {'x': -1873.7636704540412, 'y': -1858.5584233628144, 'z': 21.222426675085952}
2026-02-13 18:29:21,935 - Drone_3 - INFO - Drone 3: Flying to {'x': -1833.3245585932093, 'y': -1912.6040358758312, 'z': 21.222426675085952}
2026-02-13 18:29:21,935 - Drone_4 - INFO - Drone 4: Flying to {'x': -1857.952818042446, 'y': -1804.576209199085, 'z': 21.222426675085952}
2026-02-13 18:29:21,936 - Drone_5 - INFO - Drone 5: Flying to {'x': -1777.0745943207824, 'y': -1912.667434225118, 'z': 21.222426675085952}
2026-02-13 18:29:22,038 - Drone_2 - INFO - Drone 2: Reached target position
2026-02-13 18:29:22,116 - Drone_3 - INFO - Drone 3: Reached target position
2026-02-13 18:29:22,133 - Drone_4 - INFO - Drone 4: Reached target position
2026-02-13 18:29:22,139 - Drone_5 - INFO - Drone 5: Reached target position
2026-02-13 18:29:22,936 - Drone_2 - INFO - Drone 2: Flying to {'x': -1880.103516861552, 'y': -1863.4067942762908, 'z': 21.222426675085952}
2026-02-13 18:29:22,936 - Drone_3 - INFO - Drone 3: Flying to {'x': -1839.7763806585551, 'y': -1917.536010838744, 'z': 21.222426675085952}
2026-02-13 18:29:22,936 - Drone_4 - INFO - Drone 4: Flying to {'x': -1864.1809405880813, 'y': -1809.4574285263998, 'z': 21.222426675085952}
2026-02-13 18:29:22,937 - Drone_5 - INFO - Drone 5: Flying to {'x': -1783.526668182088, 'y': -1917.715861651306, 'z': 21.222426675085952}
2026-02-13 18:29:23,039 - Drone_4 - INFO - Drone 4: Reached target position
2026-02-13 18:29:23,042 - Drone_2 - INFO - Drone 2: Reached target position
2026-02-13 18:29:23,121 - Drone_3 - INFO - Drone 3: Reached target position
2026-02-13 18:29:23,142 - Drone_5 - INFO - Drone 5: Reached target position
2026-02-13 18:29:23,940 - Drone_2 - INFO - Drone 2: Flying to {'x': -1886.4621351393837, 'y': -1868.2268008277251, 'z': 21.222426675085952}
2026-02-13 18:29:23,941 - Drone_3 - INFO - Drone 3: Flying to {'x': -1846.223862378704, 'y': -1922.4221087910273, 'z': 21.222426675085952}
2026-02-13 18:29:23,941 - Drone_4 - INFO - Drone 4: Flying to {'x': -1870.4510662108553, 'y': -1814.3036316722876, 'z': 21.222426675085952}
2026-02-13 18:29:23,942 - Drone_5 - INFO - Drone 5: Flying to {'x': -1789.974520689496, 'y': -1922.694247598892, 'z': 21.222426675085952}
2026-02-13 18:29:24,043 - Drone_4 - INFO - Drone 4: Reached target position
2026-02-13 18:29:24,045 - Drone_2 - INFO - Drone 2: Reached target position
2026-02-13 18:29:24,125 - Drone_3 - INFO - Drone 3: Reached target position
2026-02-13 18:29:24,149 - Drone_5 - INFO - Drone 5: Reached target position
2026-02-13 18:29:24,944 - Drone_2 - INFO - Drone 2: Flying to {'x': -1892.8511321085755, 'y': -1873.031637996305, 'z': 21.222426675085952}
2026-02-13 18:29:24,944 - Drone_3 - INFO - Drone 3: Flying to {'x': -1852.6788653448823, 'y': -1927.2758909920526, 'z': 21.222426675085952}
2026-02-13 18:29:24,945 - Drone_4 - INFO - Drone 4: Flying to {'x': -1876.7744301599237, 'y': -1819.1280003226357, 'z': 21.222426675085952}
2026-02-13 18:29:24,945 - Drone_5 - INFO - Drone 5: Flying to {'x': -1796.4298966325373, 'y': -1927.6165063141307, 'z': 21.222426675085952}
2026-02-13 18:29:25,049 - Drone_4 - INFO - Drone 4: Reached target position
2026-02-13 18:29:25,055 - Drone_2 - INFO - Drone 2: Reached target position
2026-02-13 18:29:25,131 - Drone_3 - INFO - Drone 3: Reached target position
2026-02-13 18:29:25,154 - Drone_5 - INFO - Drone 5: Reached target position
2026-02-13 18:29:25,946 - Drone_2 - INFO - Drone 2: Flying to {'x': -1899.268352215731, 'y': -1877.8239848603514, 'z': 21.222426675085952}
2026-02-13 18:29:25,946 - Drone_3 - INFO - Drone 3: Flying to {'x': -1859.1392903643753, 'y': -1932.1002079689104, 'z': 21.222426675085952}
2026-02-13 18:29:25,947 - Drone_4 - INFO - Drone 4: Flying to {'x': -1883.1487344023694, 'y': -1823.9331654051682, 'z': 21.222426675085952}
2026-02-13 18:29:25,947 - Drone_5 - INFO - Drone 5: Flying to {'x': -1802.8906106996583, 'y': -1932.4856116222861, 'z': 21.222426675085952}
2026-02-13 18:29:26,055 - Drone_4 - INFO - Drone 4: Reached target position
2026-02-13 18:29:26,060 - Drone_2 - INFO - Drone 2: Reached target position
2026-02-13 18:29:26,138 - Drone_3 - INFO - Drone 3: Reached target position
2026-02-13 18:29:26,160 - Drone_5 - INFO - Drone 5: Reached target position
2026-02-13 18:29:27,037 - Drone_1 - INFO - Drone 1 stopped
2026-02-13 18:29:27,064 - Drone_2 - INFO - Drone 2 stopped
2026-02-13 18:29:27,142 - Drone_3 - INFO - Drone 3 stopped
2026-02-13 18:29:27,160 - Drone_4 - INFO - Drone 4 stopped
2026-02-13 18:29:27,163 - Drone_5 - INFO - Drone 5 stopped
2026-02-13 18:29:27,164 - SwarmManager - INFO - Swarm monitoring stopped
2026-02-13 18:29:27,164 - Main - INFO - System shutdown complete
