2026-02-12 02:10:43,969 - Main - INFO - Starting Drone Swarm Management System
2026-02-12 02:10:43,969 - SwarmManager - INFO - Swarm Manager initialized
2026-02-12 02:10:43,971 - MLDecisionSupport_Drone1 - INFO - ML Decision Support initialized
2026-02-12 02:10:43,979 - Drone_1 - INFO - Drone 1: Personal ML system initialized
2026-02-12 02:10:43,980 - Drone_1 - INFO - Drone 1 initialized at {'x': 0, 'y': 0, 'z': 0}
2026-02-12 02:10:43,981 - Drone_1 - INFO - Drone 1 started
2026-02-12 02:10:43,981 - SwarmManager - INFO - Drone 1 added to swarm
2026-02-12 02:10:43,981 - SwarmManager - INFO - Starting leader election...
2026-02-12 02:10:43,982 - SwarmManager - INFO -   Drone 1: suitability score = 100.00
2026-02-12 02:10:43,982 - Drone_1 - INFO - Drone 1: Role changed from follower to leader
2026-02-12 02:10:43,985 - MLDecisionSupport_Drone2 - INFO - ML Decision Support initialized
2026-02-12 02:10:43,988 - Drone_2 - INFO - Drone 2: Personal ML system initialized
2026-02-12 02:10:43,989 - Drone_2 - INFO - Drone 2 initialized at {'x': 1200, 'y': 300, 'z': 0}
2026-02-12 02:10:43,990 - Drone_2 - INFO - Drone 2 started
2026-02-12 02:10:43,990 - SwarmManager - INFO - Drone 2 added to swarm
2026-02-12 02:10:43,991 - MLDecisionSupport_Drone3 - INFO - ML Decision Support initialized
2026-02-12 02:10:43,992 - Drone_3 - INFO - Drone 3: Personal ML system initialized
2026-02-12 02:10:43,992 - Drone_3 - INFO - Drone 3 initialized at {'x': -1400, 'y': -500, 'z': 0}
2026-02-12 02:10:43,993 - Drone_3 - INFO - Drone 3 started
2026-02-12 02:10:43,993 - SwarmManager - INFO - Drone 3 added to swarm
2026-02-12 02:10:43,994 - MLDecisionSupport_Drone4 - INFO - ML Decision Support initialized
2026-02-12 02:10:43,995 - Drone_4 - INFO - Drone 4: Personal ML system initialized
2026-02-12 02:10:43,995 - Drone_4 - INFO - Drone 4 initialized at {'x': 800, 'y': -1500, 'z': 0}
2026-02-12 02:10:43,995 - Drone_4 - INFO - Drone 4 started
2026-02-12 02:10:43,996 - SwarmManager - INFO - Drone 4 added to swarm
2026-02-12 02:10:43,996 - MLDecisionSupport_Drone5 - INFO - ML Decision Support initialized
2026-02-12 02:10:43,997 - Drone_5 - INFO - Drone 5: Personal ML system initialized
2026-02-12 02:10:43,997 - Drone_5 - INFO - Drone 5 initialized at {'x': -900, 'y': 1600, 'z': 0}
2026-02-12 02:10:43,998 - Drone_5 - INFO - Drone 5 started
2026-02-12 02:10:43,998 - SwarmManager - INFO - Drone 5 added to swarm
2026-02-12 02:10:43,998 - SwarmManager - INFO - Swarm monitoring started
2026-02-12 02:10:43,999 - Main - INFO - Swarm created with 5 drones
2026-02-12 02:10:43,999 - Main - INFO - Leader elected: Drone 1
2026-02-12 02:10:43,999 - Main - INFO - Starting GUI...
2026-02-12 02:11:04,035 - PhysicalMLTrainer_Drone1 - INFO - Physical ML model trained for drone=1 samples=200
2026-02-12 02:11:04,050 - PhysicalMLTrainer_Drone3 - INFO - Physical ML model trained for drone=3 samples=200
2026-02-12 02:11:04,050 - PhysicalMLTrainer_Drone4 - INFO - Physical ML model trained for drone=4 samples=200
2026-02-12 02:11:04,051 - PhysicalMLTrainer_Drone2 - INFO - Physical ML model trained for drone=2 samples=200
2026-02-12 02:11:04,051 - PhysicalMLTrainer_Drone5 - INFO - Physical ML model trained for drone=5 samples=200
2026-02-12 02:11:24,159 - PhysicalMLTrainer_Drone1 - INFO - Physical ML model trained for drone=1 samples=400
2026-02-12 02:11:24,161 - PhysicalMLTrainer_Drone3 - INFO - Physical ML model trained for drone=3 samples=400
2026-02-12 02:11:24,165 - PhysicalMLTrainer_Drone2 - INFO - Physical ML model trained for drone=2 samples=400
2026-02-12 02:11:24,169 - PhysicalMLTrainer_Drone5 - INFO - Physical ML model trained for drone=5 samples=400
2026-02-12 02:11:24,172 - PhysicalMLTrainer_Drone4 - INFO - Physical ML model trained for drone=4 samples=400
2026-02-12 02:11:44,291 - PhysicalMLTrainer_Drone1 - INFO - Physical ML model trained for drone=1 samples=600
2026-02-12 02:11:44,292 - PhysicalMLTrainer_Drone3 - INFO - Physical ML model trained for drone=3 samples=600
2026-02-12 02:11:44,292 - PhysicalMLTrainer_Drone2 - INFO - Physical ML model trained for drone=2 samples=600
2026-02-12 02:11:44,293 - PhysicalMLTrainer_Drone5 - INFO - Physical ML model trained for drone=5 samples=600
2026-02-12 02:11:44,298 - PhysicalMLTrainer_Drone4 - INFO - Physical ML model trained for drone=4 samples=600
2026-02-12 02:12:04,387 - PhysicalMLTrainer_Drone5 - INFO - Physical ML model trained for drone=5 samples=800
2026-02-12 02:12:04,387 - PhysicalMLTrainer_Drone2 - INFO - Physical ML model trained for drone=2 samples=800
2026-02-12 02:12:04,392 - PhysicalMLTrainer_Drone3 - INFO - Physical ML model trained for drone=3 samples=800
2026-02-12 02:12:04,392 - PhysicalMLTrainer_Drone1 - INFO - Physical ML model trained for drone=1 samples=800
2026-02-12 02:12:04,402 - PhysicalMLTrainer_Drone4 - INFO - Physical ML model trained for drone=4 samples=800
2026-02-12 02:12:24,527 - PhysicalMLTrainer_Drone4 - INFO - Physical ML model trained for drone=4 samples=1000
2026-02-12 02:12:24,527 - PhysicalMLTrainer_Drone2 - INFO - Physical ML model trained for drone=2 samples=1000
2026-02-12 02:12:24,527 - PhysicalMLTrainer_Drone5 - INFO - Physical ML model trained for drone=5 samples=1000
2026-02-12 02:12:24,528 - PhysicalMLTrainer_Drone3 - INFO - Physical ML model trained for drone=3 samples=1000
2026-02-12 02:12:24,528 - PhysicalMLTrainer_Drone1 - INFO - Physical ML model trained for drone=1 samples=1000
