2026-02-15 10:19:49,030 - Main - INFO - Starting Drone Swarm Management System
2026-02-15 10:19:49,031 - MLDecisionSupport_Drone1 - INFO - ML Decision Support initialized
2026-02-15 10:19:49,046 - PhysicalMLTrainer_Drone1 - INFO - Physical ML model trained drone=1 samples=250 degree=2 alpha=0.0 val_mse=0.000155
2026-02-15 10:19:49,046 - Drone_1 - INFO - Drone 1: bootstrap personal trainer loaded 250 rows from datasets/personal_drone_1.csv
2026-02-15 10:19:49,046 - Drone_1 - INFO - Drone 1: Personal ML system initialized
2026-02-15 10:19:49,047 - Drone_1 - INFO - Drone 1 initialized at {'x': 0, 'y': 0, 'z': 0}
2026-02-15 10:19:49,049 - Drone_1 - INFO - Drone 1 started
2026-02-15 10:19:49,050 - Drone_1 - INFO - Drone 1: Role changed from follower to leader
2026-02-15 10:19:49,051 - MLDecisionSupport_Drone2 - INFO - ML Decision Support initialized
2026-02-15 10:19:49,052 - PhysicalMLTrainer_Drone1 - INFO - Physical ML model trained drone=1 samples=251 degree=2 alpha=0.0 val_mse=0.000157
2026-02-15 10:19:49,057 - PhysicalMLTrainer_Drone2 - INFO - Physical ML model trained drone=2 samples=300 degree=2 alpha=0.1 val_mse=0.000128
2026-02-15 10:19:49,057 - Drone_2 - INFO - Drone 2: bootstrap personal trainer loaded 300 rows from datasets/personal_training.csv
2026-02-15 10:19:49,058 - Drone_2 - INFO - Drone 2: Personal ML system initialized
2026-02-15 10:19:49,058 - Drone_2 - INFO - Drone 2 initialized at {'x': 1200, 'y': 300, 'z': 0}
2026-02-15 10:19:49,059 - Drone_2 - INFO - Drone 2 started
2026-02-15 10:19:49,062 - MLDecisionSupport_Drone3 - INFO - ML Decision Support initialized
2026-02-15 10:19:49,063 - PhysicalMLTrainer_Drone2 - INFO - Physical ML model trained drone=2 samples=301 degree=2 alpha=0.1 val_mse=0.000128
2026-02-15 10:19:49,069 - PhysicalMLTrainer_Drone3 - INFO - Physical ML model trained drone=3 samples=300 degree=2 alpha=0.1 val_mse=0.000128
2026-02-15 10:19:49,069 - Drone_3 - INFO - Drone 3: bootstrap personal trainer loaded 300 rows from datasets/personal_training.csv
2026-02-15 10:19:49,070 - Drone_3 - INFO - Drone 3: Personal ML system initialized
2026-02-15 10:19:49,070 - Drone_3 - INFO - Drone 3 initialized at {'x': -1400, 'y': -500, 'z': 0}
2026-02-15 10:19:49,071 - Drone_3 - INFO - Drone 3 started
2026-02-15 10:19:49,072 - MLDecisionSupport_Drone4 - INFO - ML Decision Support initialized
2026-02-15 10:19:49,073 - PhysicalMLTrainer_Drone3 - INFO - Physical ML model trained drone=3 samples=301 degree=2 alpha=0.1 val_mse=0.000128
2026-02-15 10:19:49,079 - PhysicalMLTrainer_Drone4 - INFO - Physical ML model trained drone=4 samples=300 degree=2 alpha=0.1 val_mse=0.000128
2026-02-15 10:19:49,079 - Drone_4 - INFO - Drone 4: bootstrap personal trainer loaded 300 rows from datasets/personal_training.csv
2026-02-15 10:19:49,079 - Drone_4 - INFO - Drone 4: Personal ML system initialized
2026-02-15 10:19:49,079 - Drone_4 - INFO - Drone 4 initialized at {'x': 800, 'y': -1500, 'z': 0}
2026-02-15 10:19:49,080 - Drone_4 - INFO - Drone 4 started
2026-02-15 10:19:49,082 - MLDecisionSupport_Drone5 - INFO - ML Decision Support initialized
2026-02-15 10:19:49,083 - PhysicalMLTrainer_Drone4 - INFO - Physical ML model trained drone=4 samples=301 degree=2 alpha=0.1 val_mse=0.000128
2026-02-15 10:19:49,088 - PhysicalMLTrainer_Drone5 - INFO - Physical ML model trained drone=5 samples=300 degree=2 alpha=0.1 val_mse=0.000128
2026-02-15 10:19:49,088 - Drone_5 - INFO - Drone 5: bootstrap personal trainer loaded 300 rows from datasets/personal_training.csv
2026-02-15 10:19:49,088 - Drone_5 - INFO - Drone 5: Personal ML system initialized
2026-02-15 10:19:49,088 - Drone_5 - INFO - Drone 5 initialized at {'x': -900, 'y': 1600, 'z': 0}
2026-02-15 10:19:49,089 - Drone_5 - INFO - Drone 5 started
2026-02-15 10:19:49,091 - Main - INFO - Swarm created with 5 drones
2026-02-15 10:19:49,091 - Main - INFO - Leader elected: Drone 1
2026-02-15 10:19:49,091 - Main - INFO - Starting GUI...
2026-02-15 10:19:49,092 - PhysicalMLTrainer_Drone5 - INFO - Physical ML model trained drone=5 samples=301 degree=2 alpha=0.1 val_mse=0.000128
2026-02-15 10:19:53,351 - Drone_1 - INFO - Drone 1: Armed
2026-02-15 10:19:53,354 - Drone_2 - INFO - Drone 2: Armed
2026-02-15 10:19:53,355 - Drone_3 - INFO - Drone 3: Armed
2026-02-15 10:19:53,355 - Drone_4 - INFO - Drone 4: Armed
2026-02-15 10:19:53,356 - Drone_5 - INFO - Drone 5: Armed
2026-02-15 10:19:54,443 - Drone_1 - INFO - Drone 1: Taking off
2026-02-15 10:19:54,443 - DroneStateManager - INFO - Drone 1 state transition IDLE -> TAKEOFF
2026-02-15 10:19:54,443 - Drone_2 - INFO - Drone 2: Taking off
2026-02-15 10:19:54,444 - DroneStateManager - INFO - Drone 2 state transition IDLE -> TAKEOFF
2026-02-15 10:19:54,444 - Drone_3 - INFO - Drone 3: Taking off
2026-02-15 10:19:54,444 - DroneStateManager - INFO - Drone 3 state transition IDLE -> TAKEOFF
2026-02-15 10:19:54,444 - Drone_4 - INFO - Drone 4: Taking off
2026-02-15 10:19:54,445 - DroneStateManager - INFO - Drone 4 state transition IDLE -> TAKEOFF
2026-02-15 10:19:54,445 - Drone_5 - INFO - Drone 5: Taking off
2026-02-15 10:19:54,445 - DroneStateManager - INFO - Drone 5 state transition IDLE -> TAKEOFF
2026-02-15 10:20:03,219 - Drone_1 - INFO - Drone 1: Flying to {'x': 2585.0, 'y': 2580.0, 'z': 60.0}
2026-02-15 10:20:03,219 - DroneStateManager - INFO - Drone 1 state transition TAKEOFF -> MOVING_TO_TARGET
2026-02-15 10:20:03,220 - Drone_2 - INFO - Drone 2: Flying to {'x': 2553.9057647468726, 'y': 2622.797543233282, 'z': 60.0}
2026-02-15 10:20:03,220 - DroneStateManager - INFO - Drone 2 state transition TAKEOFF -> MOVING_TO_TARGET
2026-02-15 10:20:03,220 - Drone_3 - INFO - Drone 3: Flying to {'x': 2503.5942352531274, 'y': 2606.450336353161, 'z': 60.0}
2026-02-15 10:20:03,220 - DroneStateManager - INFO - Drone 3 state transition TAKEOFF -> MOVING_TO_TARGET
2026-02-15 10:20:03,221 - Drone_4 - INFO - Drone 4: Flying to {'x': 2503.5942352531274, 'y': 2553.549663646839, 'z': 60.0}
2026-02-15 10:20:03,221 - DroneStateManager - INFO - Drone 4 state transition TAKEOFF -> MOVING_TO_TARGET
2026-02-15 10:20:03,221 - Drone_5 - INFO - Drone 5: Flying to {'x': 2553.9057647468726, 'y': 2537.202456766718, 'z': 60.0}
2026-02-15 10:20:03,221 - DroneStateManager - INFO - Drone 5 state transition TAKEOFF -> MOVING_TO_TARGET
2026-02-15 10:20:09,255 - PhysicalMLTrainer_Drone1 - INFO - Physical ML model trained drone=1 samples=451 degree=2 alpha=0.0 val_mse=0.296373
2026-02-15 10:20:09,263 - PhysicalMLTrainer_Drone2 - INFO - Physical ML model trained drone=2 samples=501 degree=2 alpha=0.0 val_mse=0.272892
2026-02-15 10:20:09,267 - PhysicalMLTrainer_Drone5 - INFO - Physical ML model trained drone=5 samples=501 degree=2 alpha=0.0 val_mse=0.249829
2026-02-15 10:20:09,273 - PhysicalMLTrainer_Drone4 - INFO - Physical ML model trained drone=4 samples=501 degree=2 alpha=0.0 val_mse=0.273309
2026-02-15 10:20:09,273 - PhysicalMLTrainer_Drone3 - INFO - Physical ML model trained drone=3 samples=501 degree=2 alpha=0.0 val_mse=0.262981
2026-02-15 10:20:10,070 - MLBridge - WARNING - Injecting synthetic latency spike 500.0ms
2026-02-15 10:20:10,894 - MLBridge - WARNING - Injecting synthetic latency spike 500.0ms
2026-02-15 10:20:11,979 - MLBridge - WARNING - Injecting synthetic latency spike 500.0ms
2026-02-15 10:20:13,147 - MLBridge - WARNING - Injecting synthetic latency spike 500.0ms
2026-02-15 10:20:21,519 - ObstacleManager - INFO - Dynamic obstacle added id=1 type=linear start=(250.0, 250.0) vel=(-6.0, 0.0)
2026-02-15 10:20:27,202 - ObstacleManager - INFO - Dynamic obstacle added id=2 type=linear start=(250.0, 250.0) vel=(-6.0, 0.0)
2026-02-15 10:20:29,372 - PhysicalMLTrainer_Drone1 - INFO - Physical ML model trained drone=1 samples=651 degree=2 alpha=0.0 val_mse=0.000544
2026-02-15 10:20:29,379 - PhysicalMLTrainer_Drone2 - INFO - Physical ML model trained drone=2 samples=701 degree=2 alpha=0.0 val_mse=0.000920
2026-02-15 10:20:29,381 - PhysicalMLTrainer_Drone5 - INFO - Physical ML model trained drone=5 samples=701 degree=2 alpha=0.0 val_mse=0.000560
2026-02-15 10:20:29,398 - PhysicalMLTrainer_Drone4 - INFO - Physical ML model trained drone=4 samples=701 degree=2 alpha=0.0 val_mse=0.000459
2026-02-15 10:20:29,400 - PhysicalMLTrainer_Drone3 - INFO - Physical ML model trained drone=3 samples=701 degree=2 alpha=0.0 val_mse=0.000357
2026-02-15 10:20:30,827 - ObstacleManager - INFO - Dynamic obstacle added id=3 type=linear start=(250.0, 250.0) vel=(0.0, 0.0)
2026-02-15 10:20:43,143 - Drone_1 - INFO - Drone 1 stopped
2026-02-15 10:20:43,164 - Drone_2 - INFO - Drone 2 stopped
2026-02-15 10:20:43,180 - Drone_3 - INFO - Drone 3 stopped
2026-02-15 10:20:43,279 - Drone_4 - INFO - Drone 4 stopped
2026-02-15 10:20:43,359 - Drone_5 - INFO - Drone 5 stopped
2026-02-15 10:20:43,360 - Main - INFO - System shutdown complete
