2026-02-15 10:13:01,089 - Main - INFO - Starting Drone Swarm Management System
2026-02-15 10:13:01,090 - MLDecisionSupport_Drone1 - INFO - ML Decision Support initialized
2026-02-15 10:13:01,108 - PhysicalMLTrainer_Drone1 - INFO - Physical ML model trained drone=1 samples=250 degree=2 alpha=0.0 val_mse=0.000155
2026-02-15 10:13:01,109 - Drone_1 - INFO - Drone 1: bootstrap personal trainer loaded 250 rows from datasets/personal_drone_1.csv
2026-02-15 10:13:01,110 - Drone_1 - INFO - Drone 1: Personal ML system initialized
2026-02-15 10:13:01,110 - Drone_1 - INFO - Drone 1 initialized at {'x': 0, 'y': 0, 'z': 0}
2026-02-15 10:13:01,112 - Drone_1 - INFO - Drone 1 started
2026-02-15 10:13:01,113 - Drone_1 - INFO - Drone 1: Role changed from follower to leader
2026-02-15 10:13:01,114 - PhysicalMLTrainer_Drone1 - INFO - Physical ML model trained drone=1 samples=251 degree=2 alpha=0.0 val_mse=0.000157
2026-02-15 10:13:01,114 - MLDecisionSupport_Drone2 - INFO - ML Decision Support initialized
2026-02-15 10:13:01,120 - PhysicalMLTrainer_Drone2 - INFO - Physical ML model trained drone=2 samples=300 degree=2 alpha=0.1 val_mse=0.000128
2026-02-15 10:13:01,120 - Drone_2 - INFO - Drone 2: bootstrap personal trainer loaded 300 rows from datasets/personal_training.csv
2026-02-15 10:13:01,121 - Drone_2 - INFO - Drone 2: Personal ML system initialized
2026-02-15 10:13:01,121 - Drone_2 - INFO - Drone 2 initialized at {'x': 1200, 'y': 300, 'z': 0}
2026-02-15 10:13:01,122 - Drone_2 - INFO - Drone 2 started
2026-02-15 10:13:01,123 - MLDecisionSupport_Drone3 - INFO - ML Decision Support initialized
2026-02-15 10:13:01,126 - PhysicalMLTrainer_Drone2 - INFO - Physical ML model trained drone=2 samples=301 degree=2 alpha=0.1 val_mse=0.000128
2026-02-15 10:13:01,131 - PhysicalMLTrainer_Drone3 - INFO - Physical ML model trained drone=3 samples=300 degree=2 alpha=0.1 val_mse=0.000128
2026-02-15 10:13:01,132 - Drone_3 - INFO - Drone 3: bootstrap personal trainer loaded 300 rows from datasets/personal_training.csv
2026-02-15 10:13:01,132 - Drone_3 - INFO - Drone 3: Personal ML system initialized
2026-02-15 10:13:01,132 - Drone_3 - INFO - Drone 3 initialized at {'x': -1400, 'y': -500, 'z': 0}
2026-02-15 10:13:01,133 - Drone_3 - INFO - Drone 3 started
2026-02-15 10:13:01,134 - MLDecisionSupport_Drone4 - INFO - ML Decision Support initialized
2026-02-15 10:13:01,135 - PhysicalMLTrainer_Drone3 - INFO - Physical ML model trained drone=3 samples=301 degree=2 alpha=0.1 val_mse=0.000128
2026-02-15 10:13:01,140 - PhysicalMLTrainer_Drone4 - INFO - Physical ML model trained drone=4 samples=300 degree=2 alpha=0.1 val_mse=0.000128
2026-02-15 10:13:01,140 - Drone_4 - INFO - Drone 4: bootstrap personal trainer loaded 300 rows from datasets/personal_training.csv
2026-02-15 10:13:01,141 - Drone_4 - INFO - Drone 4: Personal ML system initialized
2026-02-15 10:13:01,141 - Drone_4 - INFO - Drone 4 initialized at {'x': 800, 'y': -1500, 'z': 0}
2026-02-15 10:13:01,142 - Drone_4 - INFO - Drone 4 started
2026-02-15 10:13:01,144 - MLDecisionSupport_Drone5 - INFO - ML Decision Support initialized
2026-02-15 10:13:01,145 - PhysicalMLTrainer_Drone4 - INFO - Physical ML model trained drone=4 samples=301 degree=2 alpha=0.1 val_mse=0.000128
2026-02-15 10:13:01,150 - PhysicalMLTrainer_Drone5 - INFO - Physical ML model trained drone=5 samples=300 degree=2 alpha=0.1 val_mse=0.000128
2026-02-15 10:13:01,150 - Drone_5 - INFO - Drone 5: bootstrap personal trainer loaded 300 rows from datasets/personal_training.csv
2026-02-15 10:13:01,150 - Drone_5 - INFO - Drone 5: Personal ML system initialized
2026-02-15 10:13:01,151 - Drone_5 - INFO - Drone 5 initialized at {'x': -900, 'y': 1600, 'z': 0}
2026-02-15 10:13:01,152 - Drone_5 - INFO - Drone 5 started
2026-02-15 10:13:01,153 - Main - INFO - Swarm created with 5 drones
2026-02-15 10:13:01,153 - Main - INFO - Leader elected: Drone 1
2026-02-15 10:13:01,153 - Main - INFO - Starting GUI...
2026-02-15 10:13:01,155 - PhysicalMLTrainer_Drone5 - INFO - Physical ML model trained drone=5 samples=301 degree=2 alpha=0.1 val_mse=0.000128
2026-02-15 10:13:21,468 - PhysicalMLTrainer_Drone3 - INFO - Physical ML model trained drone=3 samples=501 degree=2 alpha=0.0 val_mse=0.000000
2026-02-15 10:13:21,468 - PhysicalMLTrainer_Drone2 - INFO - Physical ML model trained drone=2 samples=501 degree=2 alpha=0.0 val_mse=0.000000
2026-02-15 10:13:21,469 - PhysicalMLTrainer_Drone1 - INFO - Physical ML model trained drone=1 samples=451 degree=2 alpha=0.0 val_mse=0.000000
2026-02-15 10:13:21,562 - PhysicalMLTrainer_Drone5 - INFO - Physical ML model trained drone=5 samples=501 degree=2 alpha=0.0 val_mse=0.000000
2026-02-15 10:13:21,564 - PhysicalMLTrainer_Drone4 - INFO - Physical ML model trained drone=4 samples=501 degree=2 alpha=0.0 val_mse=0.000000
2026-02-15 10:13:41,585 - PhysicalMLTrainer_Drone3 - INFO - Physical ML model trained drone=3 samples=701 degree=2 alpha=0.0 val_mse=0.000000
2026-02-15 10:13:41,586 - PhysicalMLTrainer_Drone2 - INFO - Physical ML model trained drone=2 samples=701 degree=2 alpha=0.0 val_mse=0.000000
2026-02-15 10:13:41,587 - PhysicalMLTrainer_Drone1 - INFO - Physical ML model trained drone=1 samples=651 degree=2 alpha=0.0 val_mse=0.000000
2026-02-15 10:13:41,669 - PhysicalMLTrainer_Drone4 - INFO - Physical ML model trained drone=4 samples=701 degree=2 alpha=0.0 val_mse=0.000000
2026-02-15 10:13:41,681 - PhysicalMLTrainer_Drone5 - INFO - Physical ML model trained drone=5 samples=701 degree=2 alpha=0.0 val_mse=0.000000
2026-02-15 10:14:01,695 - PhysicalMLTrainer_Drone1 - INFO - Physical ML model trained drone=1 samples=851 degree=2 alpha=0.0 val_mse=0.000000
2026-02-15 10:14:01,696 - PhysicalMLTrainer_Drone3 - INFO - Physical ML model trained drone=3 samples=901 degree=2 alpha=0.0 val_mse=0.000000
2026-02-15 10:14:01,697 - PhysicalMLTrainer_Drone2 - INFO - Physical ML model trained drone=2 samples=901 degree=2 alpha=0.0 val_mse=0.000000
2026-02-15 10:14:01,779 - PhysicalMLTrainer_Drone4 - INFO - Physical ML model trained drone=4 samples=901 degree=2 alpha=0.0 val_mse=0.000000
2026-02-15 10:14:01,784 - PhysicalMLTrainer_Drone5 - INFO - Physical ML model trained drone=5 samples=901 degree=2 alpha=0.0 val_mse=0.000000
2026-02-15 10:14:10,239 - Drone_1 - INFO - Drone 1 stopped
2026-02-15 10:14:10,340 - Drone_2 - INFO - Drone 2 stopped
2026-02-15 10:14:10,440 - Drone_3 - INFO - Drone 3 stopped
2026-02-15 10:14:10,534 - Drone_4 - INFO - Drone 4 stopped
2026-02-15 10:14:10,634 - Drone_5 - INFO - Drone 5 stopped
2026-02-15 10:14:10,636 - Main - INFO - System shutdown complete
