2026-02-12 02:00:49,173 - Main - INFO - Starting Drone Swarm Management System
2026-02-12 02:00:49,173 - SwarmManager - INFO - Swarm Manager initialized
2026-02-12 02:00:49,175 - MLDecisionSupport_Drone1 - INFO - ML Decision Support initialized
2026-02-12 02:00:49,182 - Drone_1 - INFO - Drone 1: Personal ML system initialized
2026-02-12 02:00:49,183 - Drone_1 - INFO - Drone 1 initialized at {'x': 0, 'y': 0, 'z': 0}
2026-02-12 02:00:49,184 - Drone_1 - INFO - Drone 1 started
2026-02-12 02:00:49,184 - SwarmManager - INFO - Drone 1 added to swarm
2026-02-12 02:00:49,184 - SwarmManager - INFO - Starting leader election...
2026-02-12 02:00:49,185 - SwarmManager - INFO -   Drone 1: suitability score = 100.00
2026-02-12 02:00:49,185 - Drone_1 - INFO - Drone 1: Role changed from follower to leader
2026-02-12 02:00:49,190 - MLDecisionSupport_Drone2 - INFO - ML Decision Support initialized
2026-02-12 02:00:49,194 - Drone_2 - INFO - Drone 2: Personal ML system initialized
2026-02-12 02:00:49,194 - Drone_2 - INFO - Drone 2 initialized at {'x': 1200, 'y': 300, 'z': 0}
2026-02-12 02:00:49,195 - Drone_2 - INFO - Drone 2 started
2026-02-12 02:00:49,195 - SwarmManager - INFO - Drone 2 added to swarm
2026-02-12 02:00:49,195 - MLDecisionSupport_Drone3 - INFO - ML Decision Support initialized
2026-02-12 02:00:49,197 - Drone_3 - INFO - Drone 3: Personal ML system initialized
2026-02-12 02:00:49,197 - Drone_3 - INFO - Drone 3 initialized at {'x': -1400, 'y': -500, 'z': 0}
2026-02-12 02:00:49,197 - Drone_3 - INFO - Drone 3 started
2026-02-12 02:00:49,198 - SwarmManager - INFO - Drone 3 added to swarm
2026-02-12 02:00:49,198 - MLDecisionSupport_Drone4 - INFO - ML Decision Support initialized
2026-02-12 02:00:49,199 - Drone_4 - INFO - Drone 4: Personal ML system initialized
2026-02-12 02:00:49,199 - Drone_4 - INFO - Drone 4 initialized at {'x': 800, 'y': -1500, 'z': 0}
2026-02-12 02:00:49,200 - Drone_4 - INFO - Drone 4 started
2026-02-12 02:00:49,200 - SwarmManager - INFO - Drone 4 added to swarm
2026-02-12 02:00:49,201 - MLDecisionSupport_Drone5 - INFO - ML Decision Support initialized
2026-02-12 02:00:49,202 - Drone_5 - INFO - Drone 5: Personal ML system initialized
2026-02-12 02:00:49,202 - Drone_5 - INFO - Drone 5 initialized at {'x': -900, 'y': 1600, 'z': 0}
2026-02-12 02:00:49,202 - Drone_5 - INFO - Drone 5 started
2026-02-12 02:00:49,203 - SwarmManager - INFO - Drone 5 added to swarm
2026-02-12 02:00:49,203 - SwarmManager - INFO - Swarm monitoring started
2026-02-12 02:00:49,203 - Main - INFO - Swarm created with 5 drones
2026-02-12 02:00:49,203 - Main - INFO - Leader elected: Drone 1
2026-02-12 02:00:49,204 - Main - INFO - Starting GUI...
2026-02-12 02:01:09,266 - PhysicalMLTrainer_Drone4 - INFO - Physical ML model trained for drone=4 samples=200
2026-02-12 02:01:09,267 - PhysicalMLTrainer_Drone2 - INFO - Physical ML model trained for drone=2 samples=200
2026-02-12 02:01:09,268 - PhysicalMLTrainer_Drone3 - INFO - Physical ML model trained for drone=3 samples=200
2026-02-12 02:01:09,268 - PhysicalMLTrainer_Drone5 - INFO - Physical ML model trained for drone=5 samples=200
2026-02-12 02:01:09,269 - PhysicalMLTrainer_Drone1 - INFO - Physical ML model trained for drone=1 samples=200
2026-02-12 02:01:29,379 - PhysicalMLTrainer_Drone3 - INFO - Physical ML model trained for drone=3 samples=400
2026-02-12 02:01:29,379 - PhysicalMLTrainer_Drone5 - INFO - Physical ML model trained for drone=5 samples=400
2026-02-12 02:01:29,380 - PhysicalMLTrainer_Drone2 - INFO - Physical ML model trained for drone=2 samples=400
2026-02-12 02:01:29,380 - PhysicalMLTrainer_Drone1 - INFO - Physical ML model trained for drone=1 samples=400
2026-02-12 02:01:29,381 - PhysicalMLTrainer_Drone4 - INFO - Physical ML model trained for drone=4 samples=400
2026-02-12 02:01:49,498 - PhysicalMLTrainer_Drone2 - INFO - Physical ML model trained for drone=2 samples=600
2026-02-12 02:01:49,508 - PhysicalMLTrainer_Drone4 - INFO - Physical ML model trained for drone=4 samples=600
2026-02-12 02:01:49,509 - PhysicalMLTrainer_Drone5 - INFO - Physical ML model trained for drone=5 samples=600
2026-02-12 02:01:49,511 - PhysicalMLTrainer_Drone1 - INFO - Physical ML model trained for drone=1 samples=600
2026-02-12 02:01:49,511 - PhysicalMLTrainer_Drone3 - INFO - Physical ML model trained for drone=3 samples=600
2026-02-12 02:02:09,614 - PhysicalMLTrainer_Drone2 - INFO - Physical ML model trained for drone=2 samples=800
2026-02-12 02:02:09,619 - PhysicalMLTrainer_Drone3 - INFO - Physical ML model trained for drone=3 samples=800
2026-02-12 02:02:09,626 - PhysicalMLTrainer_Drone5 - INFO - Physical ML model trained for drone=5 samples=800
2026-02-12 02:02:09,626 - PhysicalMLTrainer_Drone4 - INFO - Physical ML model trained for drone=4 samples=800
2026-02-12 02:02:09,647 - PhysicalMLTrainer_Drone1 - INFO - Physical ML model trained for drone=1 samples=800
2026-02-12 02:02:29,718 - PhysicalMLTrainer_Drone2 - INFO - Physical ML model trained for drone=2 samples=1000
2026-02-12 02:02:29,723 - PhysicalMLTrainer_Drone3 - INFO - Physical ML model trained for drone=3 samples=1000
2026-02-12 02:02:29,730 - PhysicalMLTrainer_Drone5 - INFO - Physical ML model trained for drone=5 samples=1000
2026-02-12 02:02:29,743 - PhysicalMLTrainer_Drone4 - INFO - Physical ML model trained for drone=4 samples=1000
2026-02-12 02:02:29,743 - PhysicalMLTrainer_Drone1 - INFO - Physical ML model trained for drone=1 samples=1000
2026-02-12 02:02:49,827 - PhysicalMLTrainer_Drone3 - INFO - Physical ML model trained for drone=3 samples=1200
2026-02-12 02:02:49,828 - PhysicalMLTrainer_Drone2 - INFO - Physical ML model trained for drone=2 samples=1200
2026-02-12 02:02:49,832 - PhysicalMLTrainer_Drone5 - INFO - Physical ML model trained for drone=5 samples=1200
2026-02-12 02:02:49,852 - PhysicalMLTrainer_Drone4 - INFO - Physical ML model trained for drone=4 samples=1200
2026-02-12 02:02:49,852 - PhysicalMLTrainer_Drone1 - INFO - Physical ML model trained for drone=1 samples=1200
