2026-02-15 10:14:25,752 - Main - INFO - Starting Drone Swarm Management System
2026-02-15 10:14:25,754 - MLDecisionSupport_Drone1 - INFO - ML Decision Support initialized
2026-02-15 10:14:25,771 - PhysicalMLTrainer_Drone1 - INFO - Physical ML model trained drone=1 samples=250 degree=2 alpha=0.0 val_mse=0.000155
2026-02-15 10:14:25,771 - Drone_1 - INFO - Drone 1: bootstrap personal trainer loaded 250 rows from datasets/personal_drone_1.csv
2026-02-15 10:14:25,771 - Drone_1 - INFO - Drone 1: Personal ML system initialized
2026-02-15 10:14:25,772 - Drone_1 - INFO - Drone 1 initialized at {'x': 0, 'y': 0, 'z': 0}
2026-02-15 10:14:25,774 - Drone_1 - INFO - Drone 1 started
2026-02-15 10:14:25,775 - Drone_1 - INFO - Drone 1: Role changed from follower to leader
2026-02-15 10:14:25,777 - MLDecisionSupport_Drone2 - INFO - ML Decision Support initialized
2026-02-15 10:14:25,777 - PhysicalMLTrainer_Drone1 - INFO - Physical ML model trained drone=1 samples=251 degree=2 alpha=0.0 val_mse=0.000157
2026-02-15 10:14:25,785 - PhysicalMLTrainer_Drone2 - INFO - Physical ML model trained drone=2 samples=300 degree=2 alpha=0.1 val_mse=0.000128
2026-02-15 10:14:25,785 - Drone_2 - INFO - Drone 2: bootstrap personal trainer loaded 300 rows from datasets/personal_training.csv
2026-02-15 10:14:25,785 - Drone_2 - INFO - Drone 2: Personal ML system initialized
2026-02-15 10:14:25,786 - Drone_2 - INFO - Drone 2 initialized at {'x': 1200, 'y': 300, 'z': 0}
2026-02-15 10:14:25,787 - Drone_2 - INFO - Drone 2 started
2026-02-15 10:14:25,788 - MLDecisionSupport_Drone3 - INFO - ML Decision Support initialized
2026-02-15 10:14:25,789 - PhysicalMLTrainer_Drone2 - INFO - Physical ML model trained drone=2 samples=301 degree=2 alpha=0.1 val_mse=0.000128
2026-02-15 10:14:25,795 - PhysicalMLTrainer_Drone3 - INFO - Physical ML model trained drone=3 samples=300 degree=2 alpha=0.1 val_mse=0.000128
2026-02-15 10:14:25,795 - Drone_3 - INFO - Drone 3: bootstrap personal trainer loaded 300 rows from datasets/personal_training.csv
2026-02-15 10:14:25,795 - Drone_3 - INFO - Drone 3: Personal ML system initialized
2026-02-15 10:14:25,796 - Drone_3 - INFO - Drone 3 initialized at {'x': -1400, 'y': -500, 'z': 0}
2026-02-15 10:14:25,797 - Drone_3 - INFO - Drone 3 started
2026-02-15 10:14:25,798 - MLDecisionSupport_Drone4 - INFO - ML Decision Support initialized
2026-02-15 10:14:25,799 - PhysicalMLTrainer_Drone3 - INFO - Physical ML model trained drone=3 samples=301 degree=2 alpha=0.1 val_mse=0.000128
2026-02-15 10:14:25,806 - PhysicalMLTrainer_Drone4 - INFO - Physical ML model trained drone=4 samples=300 degree=2 alpha=0.1 val_mse=0.000128
2026-02-15 10:14:25,807 - Drone_4 - INFO - Drone 4: bootstrap personal trainer loaded 300 rows from datasets/personal_training.csv
2026-02-15 10:14:25,807 - Drone_4 - INFO - Drone 4: Personal ML system initialized
2026-02-15 10:14:25,807 - Drone_4 - INFO - Drone 4 initialized at {'x': 800, 'y': -1500, 'z': 0}
2026-02-15 10:14:25,808 - Drone_4 - INFO - Drone 4 started
2026-02-15 10:14:25,810 - MLDecisionSupport_Drone5 - INFO - ML Decision Support initialized
2026-02-15 10:14:25,811 - PhysicalMLTrainer_Drone4 - INFO - Physical ML model trained drone=4 samples=301 degree=2 alpha=0.1 val_mse=0.000128
2026-02-15 10:14:25,819 - PhysicalMLTrainer_Drone5 - INFO - Physical ML model trained drone=5 samples=300 degree=2 alpha=0.1 val_mse=0.000128
2026-02-15 10:14:25,819 - Drone_5 - INFO - Drone 5: bootstrap personal trainer loaded 300 rows from datasets/personal_training.csv
2026-02-15 10:14:25,820 - Drone_5 - INFO - Drone 5: Personal ML system initialized
2026-02-15 10:14:25,820 - Drone_5 - INFO - Drone 5 initialized at {'x': -900, 'y': 1600, 'z': 0}
2026-02-15 10:14:25,821 - Drone_5 - INFO - Drone 5 started
2026-02-15 10:14:25,823 - Main - INFO - Swarm created with 5 drones
2026-02-15 10:14:25,823 - Main - INFO - Leader elected: Drone 1
2026-02-15 10:14:25,823 - Main - INFO - Starting GUI...
2026-02-15 10:14:25,825 - PhysicalMLTrainer_Drone5 - INFO - Physical ML model trained drone=5 samples=301 degree=2 alpha=0.1 val_mse=0.000128
2026-02-15 10:14:46,026 - PhysicalMLTrainer_Drone2 - INFO - Physical ML model trained drone=2 samples=501 degree=2 alpha=0.0 val_mse=0.000000
2026-02-15 10:14:46,028 - PhysicalMLTrainer_Drone3 - INFO - Physical ML model trained drone=3 samples=501 degree=2 alpha=0.0 val_mse=0.000000
2026-02-15 10:14:46,029 - PhysicalMLTrainer_Drone1 - INFO - Physical ML model trained drone=1 samples=451 degree=2 alpha=0.0 val_mse=0.000000
2026-02-15 10:14:46,030 - PhysicalMLTrainer_Drone4 - INFO - Physical ML model trained drone=4 samples=501 degree=2 alpha=0.0 val_mse=0.000000
2026-02-15 10:14:46,030 - PhysicalMLTrainer_Drone5 - INFO - Physical ML model trained drone=5 samples=501 degree=2 alpha=0.0 val_mse=0.000000
2026-02-15 10:14:49,228 - Drone_1 - INFO - Drone 1: Armed
2026-02-15 10:14:49,232 - Drone_2 - INFO - Drone 2: Armed
2026-02-15 10:14:49,233 - Drone_3 - INFO - Drone 3: Armed
2026-02-15 10:14:49,234 - Drone_4 - INFO - Drone 4: Armed
2026-02-15 10:14:49,235 - Drone_5 - INFO - Drone 5: Armed
2026-02-15 10:14:50,486 - Drone_1 - INFO - Drone 1: Taking off
2026-02-15 10:14:50,487 - DroneStateManager - INFO - Drone 1 state transition IDLE -> TAKEOFF
2026-02-15 10:14:50,487 - Drone_2 - INFO - Drone 2: Taking off
2026-02-15 10:14:50,487 - DroneStateManager - INFO - Drone 2 state transition IDLE -> TAKEOFF
2026-02-15 10:14:50,488 - Drone_3 - INFO - Drone 3: Taking off
2026-02-15 10:14:50,488 - DroneStateManager - INFO - Drone 3 state transition IDLE -> TAKEOFF
2026-02-15 10:14:50,488 - Drone_4 - INFO - Drone 4: Taking off
2026-02-15 10:14:50,488 - DroneStateManager - INFO - Drone 4 state transition IDLE -> TAKEOFF
2026-02-15 10:14:50,489 - Drone_5 - INFO - Drone 5: Taking off
2026-02-15 10:14:50,489 - DroneStateManager - INFO - Drone 5 state transition IDLE -> TAKEOFF
2026-02-15 10:15:06,135 - PhysicalMLTrainer_Drone2 - INFO - Physical ML model trained drone=2 samples=701 degree=2 alpha=0.0 val_mse=0.009778
2026-02-15 10:15:06,144 - PhysicalMLTrainer_Drone3 - INFO - Physical ML model trained drone=3 samples=701 degree=2 alpha=0.0 val_mse=0.009778
2026-02-15 10:15:06,148 - PhysicalMLTrainer_Drone1 - INFO - Physical ML model trained drone=1 samples=651 degree=2 alpha=0.0 val_mse=0.004628
2026-02-15 10:15:06,154 - PhysicalMLTrainer_Drone4 - INFO - Physical ML model trained drone=4 samples=701 degree=2 alpha=0.0 val_mse=0.009780
2026-02-15 10:15:06,155 - PhysicalMLTrainer_Drone5 - INFO - Physical ML model trained drone=5 samples=701 degree=2 alpha=0.0 val_mse=0.009780
2026-02-15 10:15:06,322 - ObstacleManager - INFO - Dynamic obstacle added id=1 type=linear start=(250.0, 250.0) vel=(-6.0, 0.0)
2026-02-15 10:15:06,853 - DroneStateManager - INFO - Drone 2 state transition TAKEOFF -> WAITING_FOR_COMMAND
2026-02-15 10:15:06,854 - DroneStateManager - INFO - Drone 3 state transition TAKEOFF -> WAITING_FOR_COMMAND
2026-02-15 10:15:06,854 - DroneStateManager - INFO - Drone 4 state transition TAKEOFF -> WAITING_FOR_COMMAND
2026-02-15 10:15:06,854 - DroneStateManager - INFO - Drone 5 state transition TAKEOFF -> WAITING_FOR_COMMAND
2026-02-15 10:15:10,709 - Drone_1 - INFO - Drone 1: Flying to {'x': 2585.0, 'y': 2580.0, 'z': 60.0}
2026-02-15 10:15:10,709 - DroneStateManager - INFO - Drone 1 state transition TAKEOFF -> MOVING_TO_TARGET
2026-02-15 10:15:10,709 - Drone_2 - INFO - Drone 2: Flying to {'x': 2553.9057647468726, 'y': 2622.797543233282, 'z': 60.0}
2026-02-15 10:15:10,710 - DroneStateManager - INFO - Drone 2 state transition WAITING_FOR_COMMAND -> MOVING_TO_TARGET
2026-02-15 10:15:10,710 - Drone_3 - INFO - Drone 3: Flying to {'x': 2503.5942352531274, 'y': 2606.450336353161, 'z': 60.0}
2026-02-15 10:15:10,710 - DroneStateManager - INFO - Drone 3 state transition WAITING_FOR_COMMAND -> MOVING_TO_TARGET
2026-02-15 10:15:10,710 - Drone_4 - INFO - Drone 4: Flying to {'x': 2503.5942352531274, 'y': 2553.549663646839, 'z': 60.0}
2026-02-15 10:15:10,711 - DroneStateManager - INFO - Drone 4 state transition WAITING_FOR_COMMAND -> MOVING_TO_TARGET
2026-02-15 10:15:10,711 - Drone_5 - INFO - Drone 5: Flying to {'x': 2553.9057647468726, 'y': 2537.202456766718, 'z': 60.0}
2026-02-15 10:15:10,711 - DroneStateManager - INFO - Drone 5 state transition WAITING_FOR_COMMAND -> MOVING_TO_TARGET
2026-02-15 10:15:25,202 - ObstacleManager - INFO - Dynamic obstacle added id=2 type=linear start=(250.0, 250.0) vel=(0.0, 0.0)
2026-02-15 10:15:26,283 - PhysicalMLTrainer_Drone2 - INFO - Physical ML model trained drone=2 samples=901 degree=2 alpha=0.0 val_mse=0.521894
2026-02-15 10:15:26,285 - PhysicalMLTrainer_Drone3 - INFO - Physical ML model trained drone=3 samples=901 degree=2 alpha=0.0 val_mse=0.504159
2026-02-15 10:15:26,285 - PhysicalMLTrainer_Drone1 - INFO - Physical ML model trained drone=1 samples=851 degree=2 alpha=0.0 val_mse=0.540728
2026-02-15 10:15:26,285 - PhysicalMLTrainer_Drone5 - INFO - Physical ML model trained drone=5 samples=901 degree=2 alpha=0.0 val_mse=0.483063
2026-02-15 10:15:26,286 - PhysicalMLTrainer_Drone4 - INFO - Physical ML model trained drone=4 samples=901 degree=2 alpha=0.0 val_mse=0.519345
2026-02-15 10:15:27,175 - ObstacleManager - INFO - Dynamic obstacle added id=3 type=linear start=(250.0, 250.0) vel=(0.0, 0.0)
2026-02-15 10:15:33,886 - Drone_1 - INFO - Drone 1: Flying to {'x': 257.0900137975363, 'y': 258.225453243735, 'z': 35.489769232247085}
2026-02-15 10:15:33,888 - DroneStateManager - INFO - Drone 1 state transition MOVING_TO_TARGET -> AVOIDING_DYNAMIC_OBSTACLE
2026-02-15 10:15:34,890 - DroneStateManager - INFO - Drone 1 state transition AVOIDING_DYNAMIC_OBSTACLE -> MOVING_TO_TARGET
2026-02-15 10:15:35,041 - Drone_1 - INFO - Drone 1: Reached target position
2026-02-15 10:15:46,429 - PhysicalMLTrainer_Drone2 - INFO - Physical ML model trained drone=2 samples=1101 degree=2 alpha=1.0 val_mse=0.000773
2026-02-15 10:15:46,430 - PhysicalMLTrainer_Drone5 - INFO - Physical ML model trained drone=5 samples=1101 degree=2 alpha=0.0 val_mse=0.000508
2026-02-15 10:15:46,431 - PhysicalMLTrainer_Drone3 - INFO - Physical ML model trained drone=3 samples=1101 degree=2 alpha=0.0 val_mse=0.000340
2026-02-15 10:15:46,431 - PhysicalMLTrainer_Drone1 - INFO - Physical ML model trained drone=1 samples=1051 degree=2 alpha=0.0 val_mse=0.000470
2026-02-15 10:15:46,431 - PhysicalMLTrainer_Drone4 - INFO - Physical ML model trained drone=4 samples=1101 degree=2 alpha=0.0 val_mse=0.000432
2026-02-15 10:16:06,567 - PhysicalMLTrainer_Drone3 - INFO - Physical ML model trained drone=3 samples=1301 degree=2 alpha=1.0 val_mse=0.000558
2026-02-15 10:16:06,580 - PhysicalMLTrainer_Drone2 - INFO - Physical ML model trained drone=2 samples=1301 degree=2 alpha=1.0 val_mse=0.001179
2026-02-15 10:16:06,580 - PhysicalMLTrainer_Drone5 - INFO - Physical ML model trained drone=5 samples=1301 degree=2 alpha=1.0 val_mse=0.000802
2026-02-15 10:16:06,580 - PhysicalMLTrainer_Drone4 - INFO - Physical ML model trained drone=4 samples=1301 degree=2 alpha=1.0 val_mse=0.000654
2026-02-15 10:16:06,581 - PhysicalMLTrainer_Drone1 - INFO - Physical ML model trained drone=1 samples=1251 degree=2 alpha=0.0 val_mse=0.000078
2026-02-15 10:16:08,035 - ObstacleManager - INFO - Dynamic obstacle added id=4 type=linear start=(250.0, 250.0) vel=(-6.0, 0.0)
2026-02-15 10:16:13,299 - MLBridge - WARNING - Injecting synthetic latency spike 500.0ms
2026-02-15 10:16:26,715 - PhysicalMLTrainer_Drone1 - INFO - Physical ML model trained drone=1 samples=1451 degree=2 alpha=0.0 val_mse=0.000013
2026-02-15 10:16:26,717 - PhysicalMLTrainer_Drone3 - INFO - Physical ML model trained drone=3 samples=1501 degree=2 alpha=1.0 val_mse=0.000863
2026-02-15 10:16:26,718 - PhysicalMLTrainer_Drone2 - INFO - Physical ML model trained drone=2 samples=1501 degree=2 alpha=1.0 val_mse=0.001691
2026-02-15 10:16:26,718 - PhysicalMLTrainer_Drone5 - INFO - Physical ML model trained drone=5 samples=1501 degree=2 alpha=1.0 val_mse=0.001210
2026-02-15 10:16:26,720 - PhysicalMLTrainer_Drone4 - INFO - Physical ML model trained drone=4 samples=1501 degree=2 alpha=1.0 val_mse=0.000982
2026-02-15 10:16:46,834 - PhysicalMLTrainer_Drone3 - INFO - Physical ML model trained drone=3 samples=1701 degree=2 alpha=1.0 val_mse=0.001207
2026-02-15 10:16:46,841 - PhysicalMLTrainer_Drone5 - INFO - Physical ML model trained drone=5 samples=1701 degree=2 alpha=1.0 val_mse=0.001600
2026-02-15 10:16:46,858 - PhysicalMLTrainer_Drone2 - INFO - Physical ML model trained drone=2 samples=1701 degree=2 alpha=1.0 val_mse=0.001998
2026-02-15 10:16:46,859 - PhysicalMLTrainer_Drone4 - INFO - Physical ML model trained drone=4 samples=1701 degree=2 alpha=1.0 val_mse=0.001335
2026-02-15 10:16:46,859 - PhysicalMLTrainer_Drone1 - INFO - Physical ML model trained drone=1 samples=1651 degree=2 alpha=0.0 val_mse=0.000004
2026-02-15 10:17:06,962 - PhysicalMLTrainer_Drone3 - INFO - Physical ML model trained drone=3 samples=1901 degree=2 alpha=1.0 val_mse=0.001498
2026-02-15 10:17:06,963 - PhysicalMLTrainer_Drone5 - INFO - Physical ML model trained drone=5 samples=1901 degree=2 alpha=1.0 val_mse=0.001819
2026-02-15 10:17:06,975 - PhysicalMLTrainer_Drone1 - INFO - Physical ML model trained drone=1 samples=1851 degree=2 alpha=0.0 val_mse=0.000002
2026-02-15 10:17:06,985 - PhysicalMLTrainer_Drone2 - INFO - Physical ML model trained drone=2 samples=1901 degree=2 alpha=1.0 val_mse=0.001962
2026-02-15 10:17:06,988 - PhysicalMLTrainer_Drone4 - INFO - Physical ML model trained drone=4 samples=1901 degree=2 alpha=1.0 val_mse=0.001600
2026-02-15 10:17:27,101 - PhysicalMLTrainer_Drone3 - INFO - Physical ML model trained drone=3 samples=2101 degree=2 alpha=0.0 val_mse=0.001651
2026-02-15 10:17:27,101 - PhysicalMLTrainer_Drone1 - INFO - Physical ML model trained drone=1 samples=2051 degree=2 alpha=0.0 val_mse=0.000001
2026-02-15 10:17:27,102 - PhysicalMLTrainer_Drone5 - INFO - Physical ML model trained drone=5 samples=2101 degree=2 alpha=1.0 val_mse=0.001813
2026-02-15 10:17:27,117 - PhysicalMLTrainer_Drone4 - INFO - Physical ML model trained drone=4 samples=2101 degree=2 alpha=1.0 val_mse=0.001699
2026-02-15 10:17:27,117 - PhysicalMLTrainer_Drone2 - INFO - Physical ML model trained drone=2 samples=2101 degree=2 alpha=1.0 val_mse=0.001678
