merged_log_run_id=20260217_081639
[swarm_manager.log] 2026-02-17 08:16:39,806 - SwarmManager - INFO - Swarm monitoring started
[system_20260217_081639.log] 2026-02-17 08:16:39,806 - Main - INFO - Swarm created with 5 drones
[system_20260217_081639.log] 2026-02-17 08:16:39,806 - Main - INFO - Leader elected: Drone 1
[system_20260217_081639.log] 2026-02-17 08:16:39,806 - Main - INFO - Starting GUI...
[ml_system.log] 2026-02-17 08:17:00,137 - PhysicalMLTrainer_Drone1 - INFO - Physical ML model trained drone=1 samples=451 degree=2 alpha=0.0 val_mse=0.000000
[ml_system.log] 2026-02-17 08:17:00,139 - PhysicalMLTrainer_Drone2 - INFO - Physical ML model trained drone=2 samples=501 degree=2 alpha=0.0 val_mse=0.000000
[ml_system.log] 2026-02-17 08:17:00,245 - PhysicalMLTrainer_Drone3 - INFO - Physical ML model trained drone=3 samples=501 degree=2 alpha=0.0 val_mse=0.000000
[ml_system.log] 2026-02-17 08:17:00,245 - PhysicalMLTrainer_Drone4 - INFO - Physical ML model trained drone=4 samples=501 degree=2 alpha=0.0 val_mse=0.000000
[ml_system.log] 2026-02-17 08:17:00,246 - PhysicalMLTrainer_Drone5 - INFO - Physical ML model trained drone=5 samples=501 degree=2 alpha=0.0 val_mse=0.000000
[system_20260217_081639.log] 2026-02-17 08:17:00,137 - PhysicalMLTrainer_Drone1 - INFO - Physical ML model trained drone=1 samples=451 degree=2 alpha=0.0 val_mse=0.000000
[system_20260217_081639.log] 2026-02-17 08:17:00,139 - PhysicalMLTrainer_Drone2 - INFO - Physical ML model trained drone=2 samples=501 degree=2 alpha=0.0 val_mse=0.000000
[system_20260217_081639.log] 2026-02-17 08:17:00,245 - PhysicalMLTrainer_Drone3 - INFO - Physical ML model trained drone=3 samples=501 degree=2 alpha=0.0 val_mse=0.000000
[system_20260217_081639.log] 2026-02-17 08:17:00,245 - PhysicalMLTrainer_Drone4 - INFO - Physical ML model trained drone=4 samples=501 degree=2 alpha=0.0 val_mse=0.000000
[system_20260217_081639.log] 2026-02-17 08:17:00,246 - PhysicalMLTrainer_Drone5 - INFO - Physical ML model trained drone=5 samples=501 degree=2 alpha=0.0 val_mse=0.000000
[swarm_manager.log] 2026-02-17 08:17:09,835 - SwarmManager - INFO - Leader-follow enabled=False
[swarm_manager.log] 2026-02-17 08:17:09,836 - SwarmManager - INFO - Leader command received: TAKEOFF by drone=1
[system_20260217_081639.log] 2026-02-17 08:17:09,050 - Drone_1 - INFO - Drone 1: Armed
[system_20260217_081639.log] 2026-02-17 08:17:09,052 - Drone_2 - INFO - Drone 2: Armed
[system_20260217_081639.log] 2026-02-17 08:17:09,052 - Drone_3 - INFO - Drone 3: Armed
[system_20260217_081639.log] 2026-02-17 08:17:09,053 - Drone_4 - INFO - Drone 4: Armed
[system_20260217_081639.log] 2026-02-17 08:17:09,054 - Drone_5 - INFO - Drone 5: Armed
[system_20260217_081639.log] 2026-02-17 08:17:09,836 - Drone_1 - INFO - Drone 1: Taking off
[system_20260217_081639.log] 2026-02-17 08:17:09,837 - DroneStateManager - INFO - Drone 1 state transition IDLE -> TAKEOFF
[system_20260217_081639.log] 2026-02-17 08:17:09,838 - Drone_2 - INFO - Drone 2: Taking off
[system_20260217_081639.log] 2026-02-17 08:17:09,838 - DroneStateManager - INFO - Drone 2 state transition IDLE -> TAKEOFF
[system_20260217_081639.log] 2026-02-17 08:17:09,838 - Drone_3 - INFO - Drone 3: Taking off
[system_20260217_081639.log] 2026-02-17 08:17:09,839 - DroneStateManager - INFO - Drone 3 state transition IDLE -> TAKEOFF
[system_20260217_081639.log] 2026-02-17 08:17:09,839 - Drone_4 - INFO - Drone 4: Taking off
[system_20260217_081639.log] 2026-02-17 08:17:09,839 - DroneStateManager - INFO - Drone 4 state transition IDLE -> TAKEOFF
[system_20260217_081639.log] 2026-02-17 08:17:09,840 - Drone_5 - INFO - Drone 5: Taking off
[system_20260217_081639.log] 2026-02-17 08:17:09,840 - DroneStateManager - INFO - Drone 5 state transition IDLE -> TAKEOFF
[swarm_manager.log] 2026-02-17 08:17:13,035 - SwarmManager - INFO - Leader command received: MOVE_TO_TARGET by drone=1
[system_20260217_081639.log] 2026-02-17 08:17:11,896 - DroneStateManager - INFO - Drone 2 state transition TAKEOFF -> WAITING_FOR_COMMAND
[system_20260217_081639.log] 2026-02-17 08:17:11,897 - DroneStateManager - INFO - Drone 3 state transition TAKEOFF -> WAITING_FOR_COMMAND
[system_20260217_081639.log] 2026-02-17 08:17:11,898 - DroneStateManager - INFO - Drone 4 state transition TAKEOFF -> WAITING_FOR_COMMAND
[system_20260217_081639.log] 2026-02-17 08:17:11,898 - DroneStateManager - INFO - Drone 5 state transition TAKEOFF -> WAITING_FOR_COMMAND
[system_20260217_081639.log] 2026-02-17 08:17:13,035 - Drone_1 - INFO - Drone 1: Flying to {'x': 2585.0, 'y': 2580.0, 'z': 60.0}
[system_20260217_081639.log] 2026-02-17 08:17:13,036 - DroneStateManager - INFO - Drone 1 state transition TAKEOFF -> MOVING_TO_TARGET
[system_20260217_081639.log] 2026-02-17 08:17:13,037 - Drone_2 - INFO - Drone 2: Flying to {'x': 2553.9057647468726, 'y': 2622.797543233282, 'z': 60.0}
[system_20260217_081639.log] 2026-02-17 08:17:13,037 - DroneStateManager - INFO - Drone 2 state transition WAITING_FOR_COMMAND -> MOVING_TO_TARGET
[system_20260217_081639.log] 2026-02-17 08:17:13,038 - Drone_3 - INFO - Drone 3: Flying to {'x': 2503.5942352531274, 'y': 2606.450336353161, 'z': 60.0}
[system_20260217_081639.log] 2026-02-17 08:17:13,038 - DroneStateManager - INFO - Drone 3 state transition WAITING_FOR_COMMAND -> MOVING_TO_TARGET
[system_20260217_081639.log] 2026-02-17 08:17:13,039 - Drone_4 - INFO - Drone 4: Flying to {'x': 2503.5942352531274, 'y': 2553.549663646839, 'z': 60.0}
[system_20260217_081639.log] 2026-02-17 08:17:13,039 - DroneStateManager - INFO - Drone 4 state transition WAITING_FOR_COMMAND -> MOVING_TO_TARGET
[system_20260217_081639.log] 2026-02-17 08:17:13,039 - Drone_5 - INFO - Drone 5: Flying to {'x': 2553.9057647468726, 'y': 2537.202456766718, 'z': 60.0}
[system_20260217_081639.log] 2026-02-17 08:17:13,039 - DroneStateManager - INFO - Drone 5 state transition WAITING_FOR_COMMAND -> MOVING_TO_TARGET
[ml_system.log] 2026-02-17 08:17:20,267 - PhysicalMLTrainer_Drone2 - INFO - Physical ML model trained drone=2 samples=701 degree=2 alpha=0.0 val_mse=0.192307
[ml_system.log] 2026-02-17 08:17:20,268 - PhysicalMLTrainer_Drone1 - INFO - Physical ML model trained drone=1 samples=651 degree=2 alpha=0.0 val_mse=0.198143
[ml_system.log] 2026-02-17 08:17:20,371 - PhysicalMLTrainer_Drone5 - INFO - Physical ML model trained drone=5 samples=701 degree=2 alpha=0.0 val_mse=0.174240
[ml_system.log] 2026-02-17 08:17:20,371 - PhysicalMLTrainer_Drone4 - INFO - Physical ML model trained drone=4 samples=701 degree=2 alpha=0.0 val_mse=0.193154
[system_20260217_081639.log] 2026-02-17 08:17:20,267 - PhysicalMLTrainer_Drone2 - INFO - Physical ML model trained drone=2 samples=701 degree=2 alpha=0.0 val_mse=0.192307
[system_20260217_081639.log] 2026-02-17 08:17:20,268 - PhysicalMLTrainer_Drone1 - INFO - Physical ML model trained drone=1 samples=651 degree=2 alpha=0.0 val_mse=0.198143
[system_20260217_081639.log] 2026-02-17 08:17:20,371 - PhysicalMLTrainer_Drone3 - INFO - Physical ML model trained drone=3 samples=701 degree=2 alpha=0.0 val_mse=0.184168
[system_20260217_081639.log] 2026-02-17 08:17:20,371 - PhysicalMLTrainer_Drone4 - INFO - Physical ML model trained drone=4 samples=701 degree=2 alpha=0.0 val_mse=0.193154
[system_20260217_081639.log] 2026-02-17 08:17:20,371 - PhysicalMLTrainer_Drone5 - INFO - Physical ML model trained drone=5 samples=701 degree=2 alpha=0.0 val_mse=0.174240
[ml_system.log] 2026-02-17 08:17:40,396 - PhysicalMLTrainer_Drone1 - INFO - Physical ML model trained drone=1 samples=851 degree=2 alpha=0.0 val_mse=0.001007
[ml_system.log] 2026-02-17 08:17:40,399 - PhysicalMLTrainer_Drone2 - INFO - Physical ML model trained drone=2 samples=901 degree=2 alpha=0.0 val_mse=0.001788
[ml_system.log] 2026-02-17 08:17:40,484 - PhysicalMLTrainer_Drone3 - INFO - Physical ML model trained drone=3 samples=901 degree=2 alpha=0.0 val_mse=0.000635
[ml_system.log] 2026-02-17 08:17:40,492 - PhysicalMLTrainer_Drone4 - INFO - Physical ML model trained drone=4 samples=901 degree=2 alpha=0.0 val_mse=0.000837
[ml_system.log] 2026-02-17 08:17:40,498 - PhysicalMLTrainer_Drone5 - INFO - Physical ML model trained drone=5 samples=901 degree=2 alpha=0.0 val_mse=0.001043
[system_20260217_081639.log] 2026-02-17 08:17:40,396 - PhysicalMLTrainer_Drone1 - INFO - Physical ML model trained drone=1 samples=851 degree=2 alpha=0.0 val_mse=0.001007
[system_20260217_081639.log] 2026-02-17 08:17:40,399 - PhysicalMLTrainer_Drone2 - INFO - Physical ML model trained drone=2 samples=901 degree=2 alpha=0.0 val_mse=0.001788
[system_20260217_081639.log] 2026-02-17 08:17:40,484 - PhysicalMLTrainer_Drone3 - INFO - Physical ML model trained drone=3 samples=901 degree=2 alpha=0.0 val_mse=0.000635
[system_20260217_081639.log] 2026-02-17 08:17:40,492 - PhysicalMLTrainer_Drone4 - INFO - Physical ML model trained drone=4 samples=901 degree=2 alpha=0.0 val_mse=0.000837
[system_20260217_081639.log] 2026-02-17 08:17:40,498 - PhysicalMLTrainer_Drone5 - INFO - Physical ML model trained drone=5 samples=901 degree=2 alpha=0.0 val_mse=0.001043
[swarm_manager.log] 2026-02-17 08:17:47,055 - SwarmManager - INFO - Dynamic obstacle avoidance drone=4 prob=0.44 cone=0.00 conf=0.56 target=(1003.3, -934.5, 11.0)
[system_20260217_081639.log] 2026-02-17 08:17:47,055 - Drone_4 - INFO - Drone 4: Flying to {'x': 1003.2664464447747, 'y': -934.5372966041988, 'z': 11.021300236213108}
[system_20260217_081639.log] 2026-02-17 08:17:47,056 - DroneStateManager - INFO - Drone 4 state transition MOVING_TO_TARGET -> AVOIDING_DYNAMIC_OBSTACLE
[swarm_manager.log] 2026-02-17 08:17:50,074 - SwarmManager - INFO - Dynamic obstacle avoidance drone=4 prob=0.49 cone=0.00 conf=0.57 target=(1006.3, -889.3, 11.0)
[system_20260217_081639.log] 2026-02-17 08:17:48,068 - DroneStateManager - INFO - Drone 4 state transition AVOIDING_DYNAMIC_OBSTACLE -> MOVING_TO_TARGET
[system_20260217_081639.log] 2026-02-17 08:17:50,073 - Drone_4 - INFO - Drone 4: Flying to {'x': 1006.3215343674397, 'y': -889.3371488589703, 'z': 10.974407825387198}
[swarm_manager.log] 2026-02-17 08:17:51,085 - SwarmManager - INFO - Dynamic obstacle avoidance drone=4 prob=0.60 cone=0.00 conf=0.57 target=(1007.4, -874.3, 10.9)
[swarm_manager.log] 2026-02-17 08:17:52,088 - SwarmManager - INFO - Dynamic obstacle avoidance drone=4 prob=0.72 cone=0.00 conf=0.57 target=(1008.5, -859.2, 10.9)
[system_20260217_081639.log] 2026-02-17 08:17:50,082 - DroneStateManager - INFO - Drone 4 state transition MOVING_TO_TARGET -> AVOIDING_DYNAMIC_OBSTACLE
[system_20260217_081639.log] 2026-02-17 08:17:51,084 - Drone_4 - INFO - Drone 4: Flying to {'x': 1007.3983624895071, 'y': -874.288082943672, 'z': 10.887642253284527}
[system_20260217_081639.log] 2026-02-17 08:17:52,088 - Drone_4 - INFO - Drone 4: Flying to {'x': 1008.4953541004918, 'y': -859.2403633405431, 'z': 10.851449201674605}
[swarm_manager.log] 2026-02-17 08:17:53,100 - SwarmManager - INFO - Dynamic obstacle avoidance drone=4 prob=0.84 cone=0.00 conf=0.57 target=(1009.6, -844.2, 10.8)
[swarm_manager.log] 2026-02-17 08:17:54,107 - SwarmManager - INFO - Dynamic obstacle avoidance drone=4 prob=0.83 cone=0.00 conf=0.57 target=(1069.0, -854.2, 10.8)
[system_20260217_081639.log] 2026-02-17 08:17:53,100 - Drone_4 - INFO - Drone 4: Flying to {'x': 1009.614083539247, 'y': -844.1738436700219, 'z': 10.836595791163312}
[system_20260217_081639.log] 2026-02-17 08:17:54,106 - Drone_4 - INFO - Drone 4: Flying to {'x': 1068.9646650567342, 'y': -854.2293506613071, 'z': 10.831171665540525}
[system_20260217_081639.log] 2026-02-17 08:17:55,116 - DroneStateManager - INFO - Drone 4 state transition AVOIDING_DYNAMIC_OBSTACLE -> MOVING_TO_TARGET
[ml_system.log] 2026-02-17 08:18:00,525 - PhysicalMLTrainer_Drone1 - INFO - Physical ML model trained drone=1 samples=1051 degree=2 alpha=1.0 val_mse=0.002026
[ml_system.log] 2026-02-17 08:18:00,532 - PhysicalMLTrainer_Drone2 - INFO - Physical ML model trained drone=2 samples=1101 degree=2 alpha=1.0 val_mse=0.003164
[ml_system.log] 2026-02-17 08:18:00,612 - PhysicalMLTrainer_Drone5 - INFO - Physical ML model trained drone=5 samples=1101 degree=2 alpha=1.0 val_mse=0.002155
[ml_system.log] 2026-02-17 08:18:00,629 - PhysicalMLTrainer_Drone4 - INFO - Physical ML model trained drone=4 samples=1101 degree=2 alpha=0.0 val_mse=0.027090
[ml_system.log] 2026-02-17 08:18:00,630 - PhysicalMLTrainer_Drone3 - INFO - Physical ML model trained drone=3 samples=1101 degree=2 alpha=0.0 val_mse=0.001307
[system_20260217_081639.log] 2026-02-17 08:18:00,521 - Drone_4 - INFO - Drone 4: Reached target position
[system_20260217_081639.log] 2026-02-17 08:18:00,525 - PhysicalMLTrainer_Drone1 - INFO - Physical ML model trained drone=1 samples=1051 degree=2 alpha=1.0 val_mse=0.002026
[system_20260217_081639.log] 2026-02-17 08:18:00,532 - PhysicalMLTrainer_Drone2 - INFO - Physical ML model trained drone=2 samples=1101 degree=2 alpha=1.0 val_mse=0.003164
[system_20260217_081639.log] 2026-02-17 08:18:00,612 - PhysicalMLTrainer_Drone5 - INFO - Physical ML model trained drone=5 samples=1101 degree=2 alpha=1.0 val_mse=0.002155
[system_20260217_081639.log] 2026-02-17 08:18:00,629 - PhysicalMLTrainer_Drone4 - INFO - Physical ML model trained drone=4 samples=1101 degree=2 alpha=0.0 val_mse=0.027090
[system_20260217_081639.log] 2026-02-17 08:18:00,630 - PhysicalMLTrainer_Drone3 - INFO - Physical ML model trained drone=3 samples=1101 degree=2 alpha=0.0 val_mse=0.001307
[system_20260217_081639.log] 2026-02-17 08:18:01,141 - Drone_4 - INFO - Drone 4: Flying to {'x': 2503.5942352531274, 'y': 2553.549663646839, 'z': 60.0}
[ml_system.log] 2026-02-17 08:18:20,653 - PhysicalMLTrainer_Drone1 - INFO - Physical ML model trained drone=1 samples=1251 degree=2 alpha=0.01 val_mse=0.002598
[ml_system.log] 2026-02-17 08:18:20,668 - PhysicalMLTrainer_Drone2 - INFO - Physical ML model trained drone=2 samples=1301 degree=2 alpha=1.0 val_mse=0.003399
[ml_system.log] 2026-02-17 08:18:20,738 - PhysicalMLTrainer_Drone5 - INFO - Physical ML model trained drone=5 samples=1301 degree=2 alpha=0.1 val_mse=0.002849
[ml_system.log] 2026-02-17 08:18:20,752 - PhysicalMLTrainer_Drone4 - INFO - Physical ML model trained drone=4 samples=1301 degree=2 alpha=0.1 val_mse=0.002319
[ml_system.log] 2026-02-17 08:18:20,769 - PhysicalMLTrainer_Drone3 - INFO - Physical ML model trained drone=3 samples=1301 degree=2 alpha=0.0 val_mse=0.001988
[system_20260217_081639.log] 2026-02-17 08:18:20,653 - PhysicalMLTrainer_Drone1 - INFO - Physical ML model trained drone=1 samples=1251 degree=2 alpha=0.01 val_mse=0.002598
[system_20260217_081639.log] 2026-02-17 08:18:20,668 - PhysicalMLTrainer_Drone2 - INFO - Physical ML model trained drone=2 samples=1301 degree=2 alpha=1.0 val_mse=0.003399
[system_20260217_081639.log] 2026-02-17 08:18:20,738 - PhysicalMLTrainer_Drone5 - INFO - Physical ML model trained drone=5 samples=1301 degree=2 alpha=0.1 val_mse=0.002849
[system_20260217_081639.log] 2026-02-17 08:18:20,752 - PhysicalMLTrainer_Drone4 - INFO - Physical ML model trained drone=4 samples=1301 degree=2 alpha=0.1 val_mse=0.002319
[system_20260217_081639.log] 2026-02-17 08:18:20,769 - PhysicalMLTrainer_Drone3 - INFO - Physical ML model trained drone=3 samples=1301 degree=2 alpha=0.0 val_mse=0.001988
[ml_system.log] 2026-02-17 08:18:40,774 - PhysicalMLTrainer_Drone1 - INFO - Physical ML model trained drone=1 samples=1451 degree=2 alpha=0.0 val_mse=0.002196
[ml_system.log] 2026-02-17 08:18:40,782 - PhysicalMLTrainer_Drone2 - INFO - Physical ML model trained drone=2 samples=1501 degree=2 alpha=0.0 val_mse=0.002477
[ml_system.log] 2026-02-17 08:18:40,862 - PhysicalMLTrainer_Drone4 - INFO - Physical ML model trained drone=4 samples=1501 degree=2 alpha=0.0 val_mse=0.002775
[ml_system.log] 2026-02-17 08:18:40,892 - PhysicalMLTrainer_Drone3 - INFO - Physical ML model trained drone=3 samples=1501 degree=2 alpha=0.0 val_mse=0.002186
[system_20260217_081639.log] 2026-02-17 08:18:40,774 - PhysicalMLTrainer_Drone1 - INFO - Physical ML model trained drone=1 samples=1451 degree=2 alpha=0.0 val_mse=0.002196
[system_20260217_081639.log] 2026-02-17 08:18:40,782 - PhysicalMLTrainer_Drone2 - INFO - Physical ML model trained drone=2 samples=1501 degree=2 alpha=0.0 val_mse=0.002477
[system_20260217_081639.log] 2026-02-17 08:18:40,862 - PhysicalMLTrainer_Drone5 - INFO - Physical ML model trained drone=5 samples=1501 degree=2 alpha=0.0 val_mse=0.002527
[system_20260217_081639.log] 2026-02-17 08:18:40,862 - PhysicalMLTrainer_Drone4 - INFO - Physical ML model trained drone=4 samples=1501 degree=2 alpha=0.0 val_mse=0.002775
[system_20260217_081639.log] 2026-02-17 08:18:40,892 - PhysicalMLTrainer_Drone3 - INFO - Physical ML model trained drone=3 samples=1501 degree=2 alpha=0.0 val_mse=0.002186
[swarm_manager.log] 2026-02-17 08:18:55,392 - SwarmManager - INFO - Dynamic obstacle avoidance drone=3 prob=0.48 cone=0.00 conf=0.58 target=(-147.0, 535.0, 21.7)
[system_20260217_081639.log] 2026-02-17 08:18:55,391 - Drone_3 - INFO - Drone 3: Flying to {'x': -146.98163032847557, 'y': 535.0323236448261, 'z': 21.67091355481525}
[system_20260217_081639.log] 2026-02-17 08:18:55,393 - DroneStateManager - INFO - Drone 3 state transition MOVING_TO_TARGET -> AVOIDING_DYNAMIC_OBSTACLE
[system_20260217_081639.log] 2026-02-17 08:18:56,402 - DroneStateManager - INFO - Drone 3 state transition AVOIDING_DYNAMIC_OBSTACLE -> MOVING_TO_TARGET
[swarm_manager.log] 2026-02-17 08:19:00,419 - SwarmManager - INFO - Dynamic obstacle avoidance drone=5 prob=0.43 cone=0.00 conf=0.58 target=(731.5, 2079.6, 29.8)
[system_20260217_081639.log] 2026-02-17 08:19:00,418 - Drone_5 - INFO - Drone 5: Flying to {'x': 731.469966551739, 'y': 2079.5807755429532, 'z': 29.7963150275984}
[swarm_manager.log] 2026-02-17 08:19:01,427 - SwarmManager - INFO - Dynamic obstacle avoidance drone=5 prob=0.62 cone=0.00 conf=0.58 target=(743.9, 2088.5, 29.5)
[swarm_manager.log] 2026-02-17 08:19:02,434 - SwarmManager - INFO - Dynamic obstacle avoidance drone=5 prob=0.76 cone=0.00 conf=0.58 target=(756.2, 2097.3, 29.4)
[ml_system.log] 2026-02-17 08:19:00,896 - PhysicalMLTrainer_Drone2 - INFO - Physical ML model trained drone=2 samples=1701 degree=2 alpha=0.0 val_mse=0.001577
[ml_system.log] 2026-02-17 08:19:00,899 - PhysicalMLTrainer_Drone1 - INFO - Physical ML model trained drone=1 samples=1651 degree=2 alpha=0.0 val_mse=0.001561
[ml_system.log] 2026-02-17 08:19:00,989 - PhysicalMLTrainer_Drone3 - INFO - Physical ML model trained drone=3 samples=1701 degree=2 alpha=0.0 val_mse=0.010907
[ml_system.log] 2026-02-17 08:19:00,989 - PhysicalMLTrainer_Drone4 - INFO - Physical ML model trained drone=4 samples=1701 degree=2 alpha=0.0 val_mse=0.002557
[system_20260217_081639.log] 2026-02-17 08:19:00,424 - DroneStateManager - INFO - Drone 5 state transition MOVING_TO_TARGET -> AVOIDING_DYNAMIC_OBSTACLE
[system_20260217_081639.log] 2026-02-17 08:19:00,896 - PhysicalMLTrainer_Drone2 - INFO - Physical ML model trained drone=2 samples=1701 degree=2 alpha=0.0 val_mse=0.001577
[system_20260217_081639.log] 2026-02-17 08:19:00,899 - PhysicalMLTrainer_Drone1 - INFO - Physical ML model trained drone=1 samples=1651 degree=2 alpha=0.0 val_mse=0.001561
[system_20260217_081639.log] 2026-02-17 08:19:00,989 - PhysicalMLTrainer_Drone3 - INFO - Physical ML model trained drone=3 samples=1701 degree=2 alpha=0.0 val_mse=0.010907
[system_20260217_081639.log] 2026-02-17 08:19:00,989 - PhysicalMLTrainer_Drone5 - INFO - Physical ML model trained drone=5 samples=1701 degree=2 alpha=0.0 val_mse=0.003246
[system_20260217_081639.log] 2026-02-17 08:19:00,989 - PhysicalMLTrainer_Drone4 - INFO - Physical ML model trained drone=4 samples=1701 degree=2 alpha=0.0 val_mse=0.002557
[system_20260217_081639.log] 2026-02-17 08:19:01,426 - Drone_5 - INFO - Drone 5: Flying to {'x': 743.900623003653, 'y': 2088.5196821533264, 'z': 29.533510470975603}
[system_20260217_081639.log] 2026-02-17 08:19:01,796 - Drone_3 - INFO - Drone 3: Reached target position
[system_20260217_081639.log] 2026-02-17 08:19:02,431 - Drone_3 - INFO - Drone 3: Flying to {'x': 2503.5942352531274, 'y': 2606.450336353161, 'z': 60.0}
[system_20260217_081639.log] 2026-02-17 08:19:02,434 - Drone_5 - INFO - Drone 5: Flying to {'x': 756.1710573982598, 'y': 2097.287410897824, 'z': 29.444508904678134}
[swarm_manager.log] 2026-02-17 08:19:03,450 - SwarmManager - INFO - Dynamic obstacle avoidance drone=5 prob=0.81 cone=0.00 conf=0.58 target=(768.4, 2106.0, 29.4)
[system_20260217_081639.log] 2026-02-17 08:19:03,446 - Drone_5 - INFO - Drone 5: Flying to {'x': 768.4459521848249, 'y': 2106.002974639595, 'z': 29.412633979129474}
[system_20260217_081639.log] 2026-02-17 08:19:04,458 - DroneStateManager - INFO - Drone 5 state transition AVOIDING_DYNAMIC_OBSTACLE -> MOVING_TO_TARGET
