merged_log_run_id=20260217_113117
[swarm_manager.log] 2026-02-17 11:31:17,197 - SwarmManager - INFO - Swarm monitoring started
[system_20260217_113117.log] 2026-02-17 11:31:17,197 - Main - INFO - Swarm created with 5 drones
[system_20260217_113117.log] 2026-02-17 11:31:17,198 - Main - INFO - Leader elected: Drone 1
[system_20260217_113117.log] 2026-02-17 11:31:17,198 - Main - INFO - Starting GUI...
[system_20260217_113117.log] 2026-02-17 11:31:25,943 - Drone_1 - INFO - Drone 1: Armed
[system_20260217_113117.log] 2026-02-17 11:31:25,944 - Drone_2 - INFO - Drone 2: Armed
[system_20260217_113117.log] 2026-02-17 11:31:25,945 - Drone_3 - INFO - Drone 3: Armed
[system_20260217_113117.log] 2026-02-17 11:31:25,946 - Drone_4 - INFO - Drone 4: Armed
[system_20260217_113117.log] 2026-02-17 11:31:25,947 - Drone_5 - INFO - Drone 5: Armed
[swarm_manager.log] 2026-02-17 11:31:27,864 - SwarmManager - INFO - Leader-follow enabled=False
[swarm_manager.log] 2026-02-17 11:31:27,866 - SwarmManager - INFO - Leader command received: TAKEOFF by drone=1
[system_20260217_113117.log] 2026-02-17 11:31:27,867 - Drone_1 - INFO - Drone 1: Taking off
[system_20260217_113117.log] 2026-02-17 11:31:27,867 - DroneStateManager - INFO - Drone 1 state transition IDLE -> TAKEOFF
[system_20260217_113117.log] 2026-02-17 11:31:27,869 - Drone_2 - INFO - Drone 2: Taking off
[system_20260217_113117.log] 2026-02-17 11:31:27,869 - DroneStateManager - INFO - Drone 2 state transition IDLE -> TAKEOFF
[system_20260217_113117.log] 2026-02-17 11:31:27,870 - Drone_3 - INFO - Drone 3: Taking off
[system_20260217_113117.log] 2026-02-17 11:31:27,870 - DroneStateManager - INFO - Drone 3 state transition IDLE -> TAKEOFF
[system_20260217_113117.log] 2026-02-17 11:31:27,871 - Drone_4 - INFO - Drone 4: Taking off
[system_20260217_113117.log] 2026-02-17 11:31:27,871 - DroneStateManager - INFO - Drone 4 state transition IDLE -> TAKEOFF
[system_20260217_113117.log] 2026-02-17 11:31:27,872 - Drone_5 - INFO - Drone 5: Taking off
[system_20260217_113117.log] 2026-02-17 11:31:27,872 - DroneStateManager - INFO - Drone 5 state transition IDLE -> TAKEOFF
[swarm_manager.log] 2026-02-17 11:31:29,654 - SwarmManager - INFO - Leader command received: MOVE_TO_TARGET by drone=1
[system_20260217_113117.log] 2026-02-17 11:31:29,248 - DroneStateManager - INFO - Drone 2 state transition TAKEOFF -> WAITING_FOR_COMMAND
[system_20260217_113117.log] 2026-02-17 11:31:29,249 - DroneStateManager - INFO - Drone 3 state transition TAKEOFF -> WAITING_FOR_COMMAND
[system_20260217_113117.log] 2026-02-17 11:31:29,250 - DroneStateManager - INFO - Drone 4 state transition TAKEOFF -> WAITING_FOR_COMMAND
[system_20260217_113117.log] 2026-02-17 11:31:29,252 - DroneStateManager - INFO - Drone 5 state transition TAKEOFF -> WAITING_FOR_COMMAND
[system_20260217_113117.log] 2026-02-17 11:31:29,654 - Drone_1 - INFO - Drone 1: Flying to {'x': 2585.0, 'y': 2580.0, 'z': 60.0}
[system_20260217_113117.log] 2026-02-17 11:31:29,655 - DroneStateManager - INFO - Drone 1 state transition TAKEOFF -> MOVING_TO_TARGET
[system_20260217_113117.log] 2026-02-17 11:31:29,655 - Drone_2 - INFO - Drone 2: Flying to {'x': 2553.9057647468726, 'y': 2622.797543233282, 'z': 60.0}
[system_20260217_113117.log] 2026-02-17 11:31:29,655 - DroneStateManager - INFO - Drone 2 state transition WAITING_FOR_COMMAND -> MOVING_TO_TARGET
[system_20260217_113117.log] 2026-02-17 11:31:29,656 - Drone_3 - INFO - Drone 3: Flying to {'x': 2503.5942352531274, 'y': 2606.450336353161, 'z': 60.0}
[system_20260217_113117.log] 2026-02-17 11:31:29,656 - DroneStateManager - INFO - Drone 3 state transition WAITING_FOR_COMMAND -> MOVING_TO_TARGET
[system_20260217_113117.log] 2026-02-17 11:31:29,657 - Drone_4 - INFO - Drone 4: Flying to {'x': 2503.5942352531274, 'y': 2553.549663646839, 'z': 60.0}
[system_20260217_113117.log] 2026-02-17 11:31:29,657 - DroneStateManager - INFO - Drone 4 state transition WAITING_FOR_COMMAND -> MOVING_TO_TARGET
[system_20260217_113117.log] 2026-02-17 11:31:29,657 - Drone_5 - INFO - Drone 5: Flying to {'x': 2553.9057647468726, 'y': 2537.202456766718, 'z': 60.0}
[system_20260217_113117.log] 2026-02-17 11:31:29,657 - DroneStateManager - INFO - Drone 5 state transition WAITING_FOR_COMMAND -> MOVING_TO_TARGET
[ml_system.log] 2026-02-17 11:31:37,420 - PhysicalMLTrainer_Drone1 - INFO - Physical ML model trained drone=1 samples=451 degree=2 alpha=0.0 val_mse=0.272753
[ml_system.log] 2026-02-17 11:31:37,450 - PhysicalMLTrainer_Drone5 - INFO - Physical ML model trained drone=5 samples=501 degree=2 alpha=0.0 val_mse=0.239176
[ml_system.log] 2026-02-17 11:31:37,452 - PhysicalMLTrainer_Drone2 - INFO - Physical ML model trained drone=2 samples=501 degree=2 alpha=0.0 val_mse=0.269284
[ml_system.log] 2026-02-17 11:31:37,452 - PhysicalMLTrainer_Drone4 - INFO - Physical ML model trained drone=4 samples=501 degree=2 alpha=0.0 val_mse=0.266516
[system_20260217_113117.log] 2026-02-17 11:31:37,420 - PhysicalMLTrainer_Drone1 - INFO - Physical ML model trained drone=1 samples=451 degree=2 alpha=0.0 val_mse=0.272753
[system_20260217_113117.log] 2026-02-17 11:31:37,450 - PhysicalMLTrainer_Drone5 - INFO - Physical ML model trained drone=5 samples=501 degree=2 alpha=0.0 val_mse=0.239176
[system_20260217_113117.log] 2026-02-17 11:31:37,452 - PhysicalMLTrainer_Drone3 - INFO - Physical ML model trained drone=3 samples=501 degree=2 alpha=0.0 val_mse=0.253450
[system_20260217_113117.log] 2026-02-17 11:31:37,452 - PhysicalMLTrainer_Drone2 - INFO - Physical ML model trained drone=2 samples=501 degree=2 alpha=0.0 val_mse=0.269284
[system_20260217_113117.log] 2026-02-17 11:31:37,452 - PhysicalMLTrainer_Drone4 - INFO - Physical ML model trained drone=4 samples=501 degree=2 alpha=0.0 val_mse=0.266516
[system_20260217_113117.log] 2026-02-17 11:31:41,367 - Drone_5 - ERROR - Drone 5: Motor 0 failed!
[system_20260217_113117.log] 2026-02-17 11:31:41,368 - Drone_5 - WARNING - Drone 5: Degraded return active - Motor failure simulation: return to home with degraded control
[system_20260217_113117.log] 2026-02-17 11:31:42,304 - DroneStateManager - INFO - Drone 5 state transition MOVING_TO_TARGET -> RETURNING_HOME
[swarm_manager.log] 2026-02-17 11:31:54,351 - SwarmManager - WARNING - Leader drone 1 no longer operational
[swarm_manager.log] 2026-02-17 11:31:54,352 - SwarmManager - ERROR - Handling failure of drone 1: Leader failure
[swarm_manager.log] 2026-02-17 11:31:54,353 - SwarmManager - WARNING - Leader drone 1 failed - initiating leader election
[swarm_manager.log] 2026-02-17 11:31:54,554 - SwarmManager - INFO - Starting leader election...
[swarm_manager.log] 2026-02-17 11:31:54,554 - SwarmManager - INFO -   Drone 2: suitability score = 99.78
[swarm_manager.log] 2026-02-17 11:31:54,555 - SwarmManager - INFO -   Drone 3: suitability score = 99.78
[swarm_manager.log] 2026-02-17 11:31:54,555 - SwarmManager - INFO -   Drone 4: suitability score = 99.78
[swarm_manager.log] 2026-02-17 11:31:54,557 - SwarmManager - INFO - Drone 4 elected as new LEADER (score: 99.78)
[swarm_manager.log] 2026-02-17 11:31:54,557 - SwarmManager - ERROR - Drone 1 crashed
[swarm_manager.log] 2026-02-17 11:31:54,557 - SwarmManager - ERROR - Handling failure of drone 1: Crashed
[system_20260217_113117.log] 2026-02-17 11:31:54,556 - Drone_1 - INFO - Drone 1: Role changed from leader to follower
[system_20260217_113117.log] 2026-02-17 11:31:54,556 - Drone_2 - INFO - Drone 2: Role changed from follower to follower
[system_20260217_113117.log] 2026-02-17 11:31:54,556 - Drone_3 - INFO - Drone 3: Role changed from follower to follower
[system_20260217_113117.log] 2026-02-17 11:31:54,557 - Drone_4 - INFO - Drone 4: Role changed from follower to leader
[system_20260217_113117.log] 2026-02-17 11:31:54,557 - Drone_5 - INFO - Drone 5: Role changed from emergency to follower
[swarm_manager.log] 2026-02-17 11:31:58,578 - SwarmManager - ERROR - Drone 1 heartbeat timeout
[swarm_manager.log] 2026-02-17 11:31:58,579 - SwarmManager - ERROR - Handling failure of drone 1: Heartbeat timeout
[swarm_manager.log] 2026-02-17 11:31:59,581 - SwarmManager - ERROR - Drone 1 heartbeat timeout
[swarm_manager.log] 2026-02-17 11:31:59,582 - SwarmManager - ERROR - Handling failure of drone 1: Heartbeat timeout
[ml_system.log] 2026-02-17 11:31:57,653 - PhysicalMLTrainer_Drone2 - INFO - Physical ML model trained drone=2 samples=701 degree=2 alpha=0.0 val_mse=0.001692
[ml_system.log] 2026-02-17 11:31:57,653 - PhysicalMLTrainer_Drone4 - INFO - Physical ML model trained drone=4 samples=701 degree=2 alpha=0.0 val_mse=0.000777
[ml_system.log] 2026-02-17 11:31:57,663 - PhysicalMLTrainer_Drone3 - INFO - Physical ML model trained drone=3 samples=701 degree=2 alpha=0.0 val_mse=0.000591
[ml_system.log] 2026-02-17 11:31:57,663 - PhysicalMLTrainer_Drone5 - INFO - Physical ML model trained drone=5 samples=701 degree=2 alpha=0.0 val_mse=0.000707
[system_20260217_113117.log] 2026-02-17 11:31:57,653 - PhysicalMLTrainer_Drone2 - INFO - Physical ML model trained drone=2 samples=701 degree=2 alpha=0.0 val_mse=0.001692
[system_20260217_113117.log] 2026-02-17 11:31:57,653 - PhysicalMLTrainer_Drone4 - INFO - Physical ML model trained drone=4 samples=701 degree=2 alpha=0.0 val_mse=0.000777
[system_20260217_113117.log] 2026-02-17 11:31:57,663 - PhysicalMLTrainer_Drone3 - INFO - Physical ML model trained drone=3 samples=701 degree=2 alpha=0.0 val_mse=0.000591
[system_20260217_113117.log] 2026-02-17 11:31:57,663 - PhysicalMLTrainer_Drone5 - INFO - Physical ML model trained drone=5 samples=701 degree=2 alpha=0.0 val_mse=0.000707
[swarm_manager.log] 2026-02-17 11:32:00,589 - SwarmManager - ERROR - Drone 1 heartbeat timeout
[swarm_manager.log] 2026-02-17 11:32:00,589 - SwarmManager - ERROR - Handling failure of drone 1: Heartbeat timeout
[swarm_manager.log] 2026-02-17 11:32:01,592 - SwarmManager - ERROR - Drone 1 heartbeat timeout
[swarm_manager.log] 2026-02-17 11:32:01,594 - SwarmManager - ERROR - Handling failure of drone 1: Heartbeat timeout
[swarm_manager.log] 2026-02-17 11:32:02,601 - SwarmManager - ERROR - Drone 1 heartbeat timeout
[swarm_manager.log] 2026-02-17 11:32:02,601 - SwarmManager - ERROR - Handling failure of drone 1: Heartbeat timeout
[swarm_manager.log] 2026-02-17 11:32:03,605 - SwarmManager - ERROR - Drone 1 heartbeat timeout
[swarm_manager.log] 2026-02-17 11:32:03,613 - SwarmManager - ERROR - Handling failure of drone 1: Heartbeat timeout
[swarm_manager.log] 2026-02-17 11:32:04,625 - SwarmManager - ERROR - Drone 1 heartbeat timeout
[swarm_manager.log] 2026-02-17 11:32:04,625 - SwarmManager - ERROR - Handling failure of drone 1: Heartbeat timeout
[swarm_manager.log] 2026-02-17 11:32:05,628 - SwarmManager - ERROR - Drone 1 heartbeat timeout
[swarm_manager.log] 2026-02-17 11:32:05,629 - SwarmManager - ERROR - Handling failure of drone 1: Heartbeat timeout
[system_20260217_113117.log] 2026-02-17 11:32:03,634 - Drone_5 - INFO - Drone 5: Reached home position
[system_20260217_113117.log] 2026-02-17 11:32:04,038 - Drone_5 - INFO - Drone 5: Landed safely
[system_20260217_113117.log] 2026-02-17 11:32:04,627 - DroneStateManager - INFO - Drone 5 state transition RETURNING_HOME -> IDLE
[swarm_manager.log] 2026-02-17 11:32:06,635 - SwarmManager - ERROR - Drone 1 heartbeat timeout
[swarm_manager.log] 2026-02-17 11:32:06,636 - SwarmManager - ERROR - Handling failure of drone 1: Heartbeat timeout
[swarm_manager.log] 2026-02-17 11:32:07,639 - SwarmManager - ERROR - Drone 1 heartbeat timeout
[swarm_manager.log] 2026-02-17 11:32:07,641 - SwarmManager - ERROR - Handling failure of drone 1: Heartbeat timeout
[swarm_manager.log] 2026-02-17 11:32:08,652 - SwarmManager - ERROR - Drone 1 heartbeat timeout
[swarm_manager.log] 2026-02-17 11:32:08,652 - SwarmManager - ERROR - Handling failure of drone 1: Heartbeat timeout
[swarm_manager.log] 2026-02-17 11:32:09,656 - SwarmManager - ERROR - Drone 1 heartbeat timeout
[swarm_manager.log] 2026-02-17 11:32:09,656 - SwarmManager - ERROR - Handling failure of drone 1: Heartbeat timeout
[swarm_manager.log] 2026-02-17 11:32:10,661 - SwarmManager - ERROR - Drone 1 heartbeat timeout
[swarm_manager.log] 2026-02-17 11:32:10,662 - SwarmManager - ERROR - Handling failure of drone 1: Heartbeat timeout
[swarm_manager.log] 2026-02-17 11:32:11,664 - SwarmManager - ERROR - Drone 1 heartbeat timeout
[swarm_manager.log] 2026-02-17 11:32:11,665 - SwarmManager - ERROR - Handling failure of drone 1: Heartbeat timeout
[swarm_manager.log] 2026-02-17 11:32:12,675 - SwarmManager - ERROR - Drone 1 heartbeat timeout
[swarm_manager.log] 2026-02-17 11:32:12,675 - SwarmManager - ERROR - Handling failure of drone 1: Heartbeat timeout
[swarm_manager.log] 2026-02-17 11:32:13,677 - SwarmManager - ERROR - Drone 1 heartbeat timeout
[swarm_manager.log] 2026-02-17 11:32:13,677 - SwarmManager - ERROR - Handling failure of drone 1: Heartbeat timeout
[swarm_manager.log] 2026-02-17 11:32:14,687 - SwarmManager - ERROR - Drone 1 heartbeat timeout
[swarm_manager.log] 2026-02-17 11:32:14,687 - SwarmManager - ERROR - Handling failure of drone 1: Heartbeat timeout
[swarm_manager.log] 2026-02-17 11:32:15,690 - SwarmManager - ERROR - Drone 1 heartbeat timeout
[swarm_manager.log] 2026-02-17 11:32:15,691 - SwarmManager - ERROR - Handling failure of drone 1: Heartbeat timeout
[swarm_manager.log] 2026-02-17 11:32:16,697 - SwarmManager - ERROR - Drone 1 heartbeat timeout
[swarm_manager.log] 2026-02-17 11:32:16,698 - SwarmManager - ERROR - Handling failure of drone 1: Heartbeat timeout
[swarm_manager.log] 2026-02-17 11:32:17,701 - SwarmManager - ERROR - Drone 1 heartbeat timeout
[swarm_manager.log] 2026-02-17 11:32:17,702 - SwarmManager - ERROR - Handling failure of drone 1: Heartbeat timeout
[swarm_manager.log] 2026-02-17 11:32:18,714 - SwarmManager - ERROR - Drone 1 heartbeat timeout
[swarm_manager.log] 2026-02-17 11:32:18,718 - SwarmManager - ERROR - Handling failure of drone 1: Heartbeat timeout
[swarm_manager.log] 2026-02-17 11:32:19,721 - SwarmManager - ERROR - Drone 1 heartbeat timeout
[swarm_manager.log] 2026-02-17 11:32:19,722 - SwarmManager - ERROR - Handling failure of drone 1: Heartbeat timeout
[ml_system.log] 2026-02-17 11:32:17,846 - PhysicalMLTrainer_Drone2 - INFO - Physical ML model trained drone=2 samples=901 degree=2 alpha=0.0 val_mse=0.003047
[ml_system.log] 2026-02-17 11:32:17,867 - PhysicalMLTrainer_Drone3 - INFO - Physical ML model trained drone=3 samples=901 degree=2 alpha=0.0 val_mse=0.001292
[ml_system.log] 2026-02-17 11:32:17,867 - PhysicalMLTrainer_Drone4 - INFO - Physical ML model trained drone=4 samples=901 degree=2 alpha=0.0 val_mse=0.001640
[ml_system.log] 2026-02-17 11:32:17,867 - PhysicalMLTrainer_Drone5 - INFO - Physical ML model trained drone=5 samples=901 degree=2 alpha=0.0 val_mse=0.000372
[system_20260217_113117.log] 2026-02-17 11:32:17,846 - PhysicalMLTrainer_Drone2 - INFO - Physical ML model trained drone=2 samples=901 degree=2 alpha=0.0 val_mse=0.003047
[system_20260217_113117.log] 2026-02-17 11:32:17,867 - PhysicalMLTrainer_Drone3 - INFO - Physical ML model trained drone=3 samples=901 degree=2 alpha=0.0 val_mse=0.001292
[system_20260217_113117.log] 2026-02-17 11:32:17,867 - PhysicalMLTrainer_Drone4 - INFO - Physical ML model trained drone=4 samples=901 degree=2 alpha=0.0 val_mse=0.001640
[system_20260217_113117.log] 2026-02-17 11:32:17,867 - PhysicalMLTrainer_Drone5 - INFO - Physical ML model trained drone=5 samples=901 degree=2 alpha=0.0 val_mse=0.000372
[swarm_manager.log] 2026-02-17 11:32:20,728 - SwarmManager - ERROR - Drone 1 heartbeat timeout
[swarm_manager.log] 2026-02-17 11:32:20,729 - SwarmManager - ERROR - Handling failure of drone 1: Heartbeat timeout
[swarm_manager.log] 2026-02-17 11:32:21,732 - SwarmManager - ERROR - Drone 1 heartbeat timeout
[swarm_manager.log] 2026-02-17 11:32:21,733 - SwarmManager - ERROR - Handling failure of drone 1: Heartbeat timeout
[swarm_manager.log] 2026-02-17 11:32:22,743 - SwarmManager - ERROR - Drone 1 heartbeat timeout
[swarm_manager.log] 2026-02-17 11:32:22,744 - SwarmManager - ERROR - Handling failure of drone 1: Heartbeat timeout
[swarm_manager.log] 2026-02-17 11:32:23,750 - SwarmManager - ERROR - Drone 1 heartbeat timeout
[swarm_manager.log] 2026-02-17 11:32:23,750 - SwarmManager - ERROR - Handling failure of drone 1: Heartbeat timeout
[swarm_manager.log] 2026-02-17 11:32:24,759 - SwarmManager - ERROR - Drone 1 heartbeat timeout
[swarm_manager.log] 2026-02-17 11:32:24,759 - SwarmManager - ERROR - Handling failure of drone 1: Heartbeat timeout
[swarm_manager.log] 2026-02-17 11:32:25,762 - SwarmManager - ERROR - Drone 1 heartbeat timeout
[swarm_manager.log] 2026-02-17 11:32:25,762 - SwarmManager - ERROR - Handling failure of drone 1: Heartbeat timeout
[swarm_manager.log] 2026-02-17 11:32:26,770 - SwarmManager - ERROR - Drone 1 heartbeat timeout
[swarm_manager.log] 2026-02-17 11:32:26,770 - SwarmManager - ERROR - Handling failure of drone 1: Heartbeat timeout
[swarm_manager.log] 2026-02-17 11:32:27,775 - SwarmManager - ERROR - Drone 1 heartbeat timeout
[swarm_manager.log] 2026-02-17 11:32:27,775 - SwarmManager - ERROR - Handling failure of drone 1: Heartbeat timeout
[swarm_manager.log] 2026-02-17 11:32:28,788 - SwarmManager - ERROR - Drone 1 heartbeat timeout
[swarm_manager.log] 2026-02-17 11:32:28,789 - SwarmManager - ERROR - Handling failure of drone 1: Heartbeat timeout
[swarm_manager.log] 2026-02-17 11:32:29,795 - SwarmManager - ERROR - Drone 1 heartbeat timeout
[swarm_manager.log] 2026-02-17 11:32:29,796 - SwarmManager - ERROR - Handling failure of drone 1: Heartbeat timeout
[swarm_manager.log] 2026-02-17 11:32:30,802 - SwarmManager - ERROR - Drone 1 heartbeat timeout
[swarm_manager.log] 2026-02-17 11:32:30,802 - SwarmManager - ERROR - Handling failure of drone 1: Heartbeat timeout
[swarm_manager.log] 2026-02-17 11:32:31,804 - SwarmManager - ERROR - Drone 1 heartbeat timeout
[swarm_manager.log] 2026-02-17 11:32:31,805 - SwarmManager - ERROR - Handling failure of drone 1: Heartbeat timeout
[swarm_manager.log] 2026-02-17 11:32:32,815 - SwarmManager - ERROR - Drone 1 heartbeat timeout
[swarm_manager.log] 2026-02-17 11:32:32,816 - SwarmManager - ERROR - Handling failure of drone 1: Heartbeat timeout
[swarm_manager.log] 2026-02-17 11:32:33,818 - SwarmManager - ERROR - Drone 1 heartbeat timeout
[swarm_manager.log] 2026-02-17 11:32:33,819 - SwarmManager - ERROR - Handling failure of drone 1: Heartbeat timeout
[swarm_manager.log] 2026-02-17 11:32:34,831 - SwarmManager - ERROR - Drone 1 heartbeat timeout
[swarm_manager.log] 2026-02-17 11:32:34,831 - SwarmManager - ERROR - Handling failure of drone 1: Heartbeat timeout
[swarm_manager.log] 2026-02-17 11:32:35,833 - SwarmManager - ERROR - Drone 1 heartbeat timeout
[swarm_manager.log] 2026-02-17 11:32:35,833 - SwarmManager - ERROR - Handling failure of drone 1: Heartbeat timeout
[swarm_manager.log] 2026-02-17 11:32:36,845 - SwarmManager - ERROR - Drone 1 heartbeat timeout
[swarm_manager.log] 2026-02-17 11:32:36,845 - SwarmManager - ERROR - Handling failure of drone 1: Heartbeat timeout
[swarm_manager.log] 2026-02-17 11:32:37,847 - SwarmManager - ERROR - Drone 1 heartbeat timeout
[swarm_manager.log] 2026-02-17 11:32:37,848 - SwarmManager - ERROR - Handling failure of drone 1: Heartbeat timeout
[swarm_manager.log] 2026-02-17 11:32:38,857 - SwarmManager - ERROR - Drone 1 heartbeat timeout
[swarm_manager.log] 2026-02-17 11:32:38,857 - SwarmManager - ERROR - Handling failure of drone 1: Heartbeat timeout
[swarm_manager.log] 2026-02-17 11:32:39,860 - SwarmManager - ERROR - Drone 1 heartbeat timeout
[swarm_manager.log] 2026-02-17 11:32:39,861 - SwarmManager - ERROR - Handling failure of drone 1: Heartbeat timeout
[ml_system.log] 2026-02-17 11:32:37,991 - PhysicalMLTrainer_Drone2 - INFO - Physical ML model trained drone=2 samples=1101 degree=2 alpha=0.0 val_mse=0.002810
[ml_system.log] 2026-02-17 11:32:38,056 - PhysicalMLTrainer_Drone3 - INFO - Physical ML model trained drone=3 samples=1101 degree=2 alpha=0.0 val_mse=0.001857
[ml_system.log] 2026-02-17 11:32:38,057 - PhysicalMLTrainer_Drone4 - INFO - Physical ML model trained drone=4 samples=1101 degree=2 alpha=0.0 val_mse=0.002179
[ml_system.log] 2026-02-17 11:32:38,058 - PhysicalMLTrainer_Drone5 - INFO - Physical ML model trained drone=5 samples=1101 degree=2 alpha=0.0 val_mse=0.000017
[system_20260217_113117.log] 2026-02-17 11:32:37,991 - PhysicalMLTrainer_Drone2 - INFO - Physical ML model trained drone=2 samples=1101 degree=2 alpha=0.0 val_mse=0.002810
[system_20260217_113117.log] 2026-02-17 11:32:38,056 - PhysicalMLTrainer_Drone3 - INFO - Physical ML model trained drone=3 samples=1101 degree=2 alpha=0.0 val_mse=0.001857
[system_20260217_113117.log] 2026-02-17 11:32:38,057 - PhysicalMLTrainer_Drone4 - INFO - Physical ML model trained drone=4 samples=1101 degree=2 alpha=0.0 val_mse=0.002179
[system_20260217_113117.log] 2026-02-17 11:32:38,058 - PhysicalMLTrainer_Drone5 - INFO - Physical ML model trained drone=5 samples=1101 degree=2 alpha=0.0 val_mse=0.000017
[swarm_manager.log] 2026-02-17 11:32:40,872 - SwarmManager - ERROR - Drone 1 heartbeat timeout
[swarm_manager.log] 2026-02-17 11:32:40,873 - SwarmManager - ERROR - Handling failure of drone 1: Heartbeat timeout
[swarm_manager.log] 2026-02-17 11:32:41,879 - SwarmManager - ERROR - Drone 1 heartbeat timeout
[swarm_manager.log] 2026-02-17 11:32:41,879 - SwarmManager - ERROR - Handling failure of drone 1: Heartbeat timeout
[swarm_manager.log] 2026-02-17 11:32:42,885 - SwarmManager - ERROR - Drone 1 heartbeat timeout
[swarm_manager.log] 2026-02-17 11:32:42,885 - SwarmManager - ERROR - Handling failure of drone 1: Heartbeat timeout
[swarm_manager.log] 2026-02-17 11:32:43,887 - SwarmManager - ERROR - Drone 1 heartbeat timeout
[swarm_manager.log] 2026-02-17 11:32:43,887 - SwarmManager - ERROR - Handling failure of drone 1: Heartbeat timeout
[swarm_manager.log] 2026-02-17 11:32:44,896 - SwarmManager - ERROR - Drone 1 heartbeat timeout
[swarm_manager.log] 2026-02-17 11:32:44,896 - SwarmManager - ERROR - Handling failure of drone 1: Heartbeat timeout
[swarm_manager.log] 2026-02-17 11:32:45,898 - SwarmManager - ERROR - Drone 1 heartbeat timeout
[swarm_manager.log] 2026-02-17 11:32:45,899 - SwarmManager - ERROR - Handling failure of drone 1: Heartbeat timeout
[swarm_manager.log] 2026-02-17 11:32:46,912 - SwarmManager - ERROR - Drone 1 heartbeat timeout
[swarm_manager.log] 2026-02-17 11:32:46,912 - SwarmManager - ERROR - Handling failure of drone 1: Heartbeat timeout
[swarm_manager.log] 2026-02-17 11:32:47,922 - SwarmManager - ERROR - Drone 1 heartbeat timeout
[swarm_manager.log] 2026-02-17 11:32:47,922 - SwarmManager - ERROR - Handling failure of drone 1: Heartbeat timeout
[swarm_manager.log] 2026-02-17 11:32:48,933 - SwarmManager - ERROR - Drone 1 heartbeat timeout
[swarm_manager.log] 2026-02-17 11:32:48,934 - SwarmManager - ERROR - Handling failure of drone 1: Heartbeat timeout
[swarm_manager.log] 2026-02-17 11:32:49,936 - SwarmManager - ERROR - Drone 1 heartbeat timeout
[swarm_manager.log] 2026-02-17 11:32:49,936 - SwarmManager - ERROR - Handling failure of drone 1: Heartbeat timeout
[swarm_manager.log] 2026-02-17 11:32:50,944 - SwarmManager - ERROR - Drone 1 heartbeat timeout
[swarm_manager.log] 2026-02-17 11:32:50,945 - SwarmManager - ERROR - Handling failure of drone 1: Heartbeat timeout
[swarm_manager.log] 2026-02-17 11:32:51,949 - SwarmManager - ERROR - Drone 1 heartbeat timeout
[swarm_manager.log] 2026-02-17 11:32:51,950 - SwarmManager - ERROR - Handling failure of drone 1: Heartbeat timeout
[swarm_manager.log] 2026-02-17 11:32:52,969 - SwarmManager - ERROR - Drone 1 heartbeat timeout
[swarm_manager.log] 2026-02-17 11:32:52,969 - SwarmManager - ERROR - Handling failure of drone 1: Heartbeat timeout
[swarm_manager.log] 2026-02-17 11:32:53,971 - SwarmManager - ERROR - Drone 1 heartbeat timeout
[swarm_manager.log] 2026-02-17 11:32:53,972 - SwarmManager - ERROR - Handling failure of drone 1: Heartbeat timeout
[swarm_manager.log] 2026-02-17 11:32:54,981 - SwarmManager - ERROR - Drone 1 heartbeat timeout
[swarm_manager.log] 2026-02-17 11:32:54,982 - SwarmManager - ERROR - Handling failure of drone 1: Heartbeat timeout
[swarm_manager.log] 2026-02-17 11:32:55,987 - SwarmManager - ERROR - Drone 1 heartbeat timeout
[swarm_manager.log] 2026-02-17 11:32:55,988 - SwarmManager - ERROR - Handling failure of drone 1: Heartbeat timeout
[swarm_manager.log] 2026-02-17 11:32:56,998 - SwarmManager - ERROR - Drone 1 heartbeat timeout
[swarm_manager.log] 2026-02-17 11:32:56,999 - SwarmManager - ERROR - Handling failure of drone 1: Heartbeat timeout
[swarm_manager.log] 2026-02-17 11:32:58,001 - SwarmManager - ERROR - Drone 1 heartbeat timeout
[swarm_manager.log] 2026-02-17 11:32:58,002 - SwarmManager - ERROR - Handling failure of drone 1: Heartbeat timeout
[swarm_manager.log] 2026-02-17 11:32:59,013 - SwarmManager - ERROR - Drone 1 heartbeat timeout
[swarm_manager.log] 2026-02-17 11:32:59,013 - SwarmManager - ERROR - Handling failure of drone 1: Heartbeat timeout
[swarm_manager.log] 2026-02-17 11:33:00,015 - SwarmManager - ERROR - Drone 1 heartbeat timeout
[swarm_manager.log] 2026-02-17 11:33:00,016 - SwarmManager - ERROR - Handling failure of drone 1: Heartbeat timeout
[ml_system.log] 2026-02-17 11:32:58,176 - PhysicalMLTrainer_Drone2 - INFO - Physical ML model trained drone=2 samples=1301 degree=2 alpha=0.0 val_mse=0.001886
[ml_system.log] 2026-02-17 11:32:58,251 - PhysicalMLTrainer_Drone4 - INFO - Physical ML model trained drone=4 samples=1301 degree=2 alpha=0.0 val_mse=0.002037
[ml_system.log] 2026-02-17 11:32:58,259 - PhysicalMLTrainer_Drone5 - INFO - Physical ML model trained drone=5 samples=1301 degree=2 alpha=0.0 val_mse=0.000006
[ml_system.log] 2026-02-17 11:32:58,260 - PhysicalMLTrainer_Drone3 - INFO - Physical ML model trained drone=3 samples=1301 degree=2 alpha=0.0 val_mse=0.001915
[system_20260217_113117.log] 2026-02-17 11:32:58,176 - PhysicalMLTrainer_Drone2 - INFO - Physical ML model trained drone=2 samples=1301 degree=2 alpha=0.0 val_mse=0.001886
[system_20260217_113117.log] 2026-02-17 11:32:58,251 - PhysicalMLTrainer_Drone4 - INFO - Physical ML model trained drone=4 samples=1301 degree=2 alpha=0.0 val_mse=0.002037
[system_20260217_113117.log] 2026-02-17 11:32:58,259 - PhysicalMLTrainer_Drone5 - INFO - Physical ML model trained drone=5 samples=1301 degree=2 alpha=0.0 val_mse=0.000006
[system_20260217_113117.log] 2026-02-17 11:32:58,260 - PhysicalMLTrainer_Drone3 - INFO - Physical ML model trained drone=3 samples=1301 degree=2 alpha=0.0 val_mse=0.001915
[swarm_manager.log] 2026-02-17 11:33:01,024 - SwarmManager - ERROR - Drone 1 heartbeat timeout
[swarm_manager.log] 2026-02-17 11:33:01,025 - SwarmManager - ERROR - Handling failure of drone 1: Heartbeat timeout
[swarm_manager.log] 2026-02-17 11:33:02,027 - SwarmManager - ERROR - Drone 1 heartbeat timeout
[swarm_manager.log] 2026-02-17 11:33:02,029 - SwarmManager - ERROR - Handling failure of drone 1: Heartbeat timeout
[swarm_manager.log] 2026-02-17 11:33:03,039 - SwarmManager - ERROR - Drone 1 heartbeat timeout
[swarm_manager.log] 2026-02-17 11:33:03,039 - SwarmManager - ERROR - Handling failure of drone 1: Heartbeat timeout
[swarm_manager.log] 2026-02-17 11:33:04,041 - SwarmManager - ERROR - Drone 1 heartbeat timeout
[swarm_manager.log] 2026-02-17 11:33:04,042 - SwarmManager - ERROR - Handling failure of drone 1: Heartbeat timeout
[swarm_manager.log] 2026-02-17 11:33:05,050 - SwarmManager - ERROR - Drone 1 heartbeat timeout
[swarm_manager.log] 2026-02-17 11:33:05,050 - SwarmManager - ERROR - Handling failure of drone 1: Heartbeat timeout
[swarm_manager.log] 2026-02-17 11:33:06,052 - SwarmManager - ERROR - Drone 1 heartbeat timeout
[swarm_manager.log] 2026-02-17 11:33:06,053 - SwarmManager - ERROR - Handling failure of drone 1: Heartbeat timeout
[swarm_manager.log] 2026-02-17 11:33:07,061 - SwarmManager - ERROR - Drone 1 heartbeat timeout
[swarm_manager.log] 2026-02-17 11:33:07,063 - SwarmManager - ERROR - Handling failure of drone 1: Heartbeat timeout
[swarm_manager.log] 2026-02-17 11:33:08,073 - SwarmManager - ERROR - Drone 1 heartbeat timeout
[swarm_manager.log] 2026-02-17 11:33:08,073 - SwarmManager - ERROR - Handling failure of drone 1: Heartbeat timeout
[swarm_manager.log] 2026-02-17 11:33:09,083 - SwarmManager - ERROR - Drone 1 heartbeat timeout
[swarm_manager.log] 2026-02-17 11:33:09,084 - SwarmManager - ERROR - Handling failure of drone 1: Heartbeat timeout
[swarm_manager.log] 2026-02-17 11:33:10,086 - SwarmManager - ERROR - Drone 1 heartbeat timeout
[swarm_manager.log] 2026-02-17 11:33:10,087 - SwarmManager - ERROR - Handling failure of drone 1: Heartbeat timeout
[swarm_manager.log] 2026-02-17 11:33:11,099 - SwarmManager - ERROR - Drone 1 heartbeat timeout
[swarm_manager.log] 2026-02-17 11:33:11,100 - SwarmManager - ERROR - Handling failure of drone 1: Heartbeat timeout
[swarm_manager.log] 2026-02-17 11:33:12,105 - SwarmManager - ERROR - Drone 1 heartbeat timeout
[swarm_manager.log] 2026-02-17 11:33:12,105 - SwarmManager - ERROR - Handling failure of drone 1: Heartbeat timeout
[swarm_manager.log] 2026-02-17 11:33:13,113 - SwarmManager - ERROR - Drone 1 heartbeat timeout
[swarm_manager.log] 2026-02-17 11:33:13,113 - SwarmManager - ERROR - Handling failure of drone 1: Heartbeat timeout
[swarm_manager.log] 2026-02-17 11:33:14,116 - SwarmManager - ERROR - Drone 1 heartbeat timeout
[swarm_manager.log] 2026-02-17 11:33:14,116 - SwarmManager - ERROR - Handling failure of drone 1: Heartbeat timeout
[swarm_manager.log] 2026-02-17 11:33:15,121 - SwarmManager - ERROR - Drone 1 heartbeat timeout
[swarm_manager.log] 2026-02-17 11:33:15,121 - SwarmManager - ERROR - Handling failure of drone 1: Heartbeat timeout
[swarm_manager.log] 2026-02-17 11:33:16,123 - SwarmManager - ERROR - Drone 1 heartbeat timeout
[swarm_manager.log] 2026-02-17 11:33:16,123 - SwarmManager - ERROR - Handling failure of drone 1: Heartbeat timeout
[swarm_manager.log] 2026-02-17 11:33:17,130 - SwarmManager - ERROR - Drone 1 heartbeat timeout
[swarm_manager.log] 2026-02-17 11:33:17,131 - SwarmManager - ERROR - Handling failure of drone 1: Heartbeat timeout
[swarm_manager.log] 2026-02-17 11:33:18,141 - SwarmManager - ERROR - Drone 1 heartbeat timeout
[swarm_manager.log] 2026-02-17 11:33:18,142 - SwarmManager - ERROR - Handling failure of drone 1: Heartbeat timeout
[swarm_manager.log] 2026-02-17 11:33:19,152 - SwarmManager - ERROR - Drone 1 heartbeat timeout
[swarm_manager.log] 2026-02-17 11:33:19,153 - SwarmManager - ERROR - Handling failure of drone 1: Heartbeat timeout
[swarm_manager.log] 2026-02-17 11:33:20,155 - SwarmManager - ERROR - Drone 1 heartbeat timeout
[swarm_manager.log] 2026-02-17 11:33:20,155 - SwarmManager - ERROR - Handling failure of drone 1: Heartbeat timeout
[ml_system.log] 2026-02-17 11:33:18,343 - PhysicalMLTrainer_Drone2 - INFO - Physical ML model trained drone=2 samples=1501 degree=2 alpha=0.0 val_mse=0.001225
[ml_system.log] 2026-02-17 11:33:18,427 - PhysicalMLTrainer_Drone3 - INFO - Physical ML model trained drone=3 samples=1501 degree=2 alpha=0.0 val_mse=0.001608
[ml_system.log] 2026-02-17 11:33:18,427 - PhysicalMLTrainer_Drone4 - INFO - Physical ML model trained drone=4 samples=1501 degree=2 alpha=0.0 val_mse=0.001569
[ml_system.log] 2026-02-17 11:33:18,437 - PhysicalMLTrainer_Drone5 - INFO - Physical ML model trained drone=5 samples=1501 degree=2 alpha=0.0 val_mse=0.000003
[system_20260217_113117.log] 2026-02-17 11:33:18,343 - PhysicalMLTrainer_Drone2 - INFO - Physical ML model trained drone=2 samples=1501 degree=2 alpha=0.0 val_mse=0.001225
[system_20260217_113117.log] 2026-02-17 11:33:18,427 - PhysicalMLTrainer_Drone3 - INFO - Physical ML model trained drone=3 samples=1501 degree=2 alpha=0.0 val_mse=0.001608
[system_20260217_113117.log] 2026-02-17 11:33:18,427 - PhysicalMLTrainer_Drone4 - INFO - Physical ML model trained drone=4 samples=1501 degree=2 alpha=0.0 val_mse=0.001569
[system_20260217_113117.log] 2026-02-17 11:33:18,437 - PhysicalMLTrainer_Drone5 - INFO - Physical ML model trained drone=5 samples=1501 degree=2 alpha=0.0 val_mse=0.000003
[swarm_manager.log] 2026-02-17 11:33:21,162 - SwarmManager - ERROR - Drone 1 heartbeat timeout
[swarm_manager.log] 2026-02-17 11:33:21,162 - SwarmManager - ERROR - Handling failure of drone 1: Heartbeat timeout
[swarm_manager.log] 2026-02-17 11:33:22,165 - SwarmManager - ERROR - Drone 1 heartbeat timeout
[swarm_manager.log] 2026-02-17 11:33:22,166 - SwarmManager - ERROR - Handling failure of drone 1: Heartbeat timeout
[swarm_manager.log] 2026-02-17 11:33:23,177 - SwarmManager - ERROR - Drone 1 heartbeat timeout
[swarm_manager.log] 2026-02-17 11:33:23,178 - SwarmManager - ERROR - Handling failure of drone 1: Heartbeat timeout
[swarm_manager.log] 2026-02-17 11:33:24,183 - SwarmManager - ERROR - Drone 1 heartbeat timeout
[swarm_manager.log] 2026-02-17 11:33:24,183 - SwarmManager - ERROR - Handling failure of drone 1: Heartbeat timeout
[swarm_manager.log] 2026-02-17 11:33:25,190 - SwarmManager - ERROR - Drone 1 heartbeat timeout
[swarm_manager.log] 2026-02-17 11:33:25,191 - SwarmManager - ERROR - Handling failure of drone 1: Heartbeat timeout
[swarm_manager.log] 2026-02-17 11:33:26,193 - SwarmManager - ERROR - Drone 1 heartbeat timeout
[swarm_manager.log] 2026-02-17 11:33:26,194 - SwarmManager - ERROR - Handling failure of drone 1: Heartbeat timeout
[swarm_manager.log] 2026-02-17 11:33:27,203 - SwarmManager - ERROR - Drone 1 heartbeat timeout
[swarm_manager.log] 2026-02-17 11:33:27,204 - SwarmManager - ERROR - Handling failure of drone 1: Heartbeat timeout
[swarm_manager.log] 2026-02-17 11:33:28,206 - SwarmManager - ERROR - Drone 1 heartbeat timeout
[swarm_manager.log] 2026-02-17 11:33:28,206 - SwarmManager - ERROR - Handling failure of drone 1: Heartbeat timeout
[swarm_manager.log] 2026-02-17 11:33:29,213 - SwarmManager - ERROR - Drone 1 heartbeat timeout
[swarm_manager.log] 2026-02-17 11:33:29,215 - SwarmManager - ERROR - Handling failure of drone 1: Heartbeat timeout
[swarm_manager.log] 2026-02-17 11:33:30,220 - SwarmManager - ERROR - Drone 1 heartbeat timeout
[swarm_manager.log] 2026-02-17 11:33:30,220 - SwarmManager - ERROR - Handling failure of drone 1: Heartbeat timeout
[swarm_manager.log] 2026-02-17 11:33:31,228 - SwarmManager - ERROR - Drone 1 heartbeat timeout
[swarm_manager.log] 2026-02-17 11:33:31,229 - SwarmManager - ERROR - Handling failure of drone 1: Heartbeat timeout
[swarm_manager.log] 2026-02-17 11:33:32,231 - SwarmManager - ERROR - Drone 1 heartbeat timeout
[swarm_manager.log] 2026-02-17 11:33:32,232 - SwarmManager - ERROR - Handling failure of drone 1: Heartbeat timeout
[swarm_manager.log] 2026-02-17 11:33:33,239 - SwarmManager - ERROR - Drone 1 heartbeat timeout
[swarm_manager.log] 2026-02-17 11:33:33,241 - SwarmManager - ERROR - Handling failure of drone 1: Heartbeat timeout
[swarm_manager.log] 2026-02-17 11:33:34,246 - SwarmManager - ERROR - Drone 1 heartbeat timeout
[swarm_manager.log] 2026-02-17 11:33:34,247 - SwarmManager - ERROR - Handling failure of drone 1: Heartbeat timeout
[swarm_manager.log] 2026-02-17 11:33:35,256 - SwarmManager - ERROR - Drone 1 heartbeat timeout
[swarm_manager.log] 2026-02-17 11:33:35,257 - SwarmManager - ERROR - Handling failure of drone 1: Heartbeat timeout
[swarm_manager.log] 2026-02-17 11:33:36,260 - SwarmManager - ERROR - Drone 1 heartbeat timeout
[swarm_manager.log] 2026-02-17 11:33:36,260 - SwarmManager - ERROR - Handling failure of drone 1: Heartbeat timeout
[swarm_manager.log] 2026-02-17 11:33:37,275 - SwarmManager - ERROR - Drone 1 heartbeat timeout
[swarm_manager.log] 2026-02-17 11:33:37,276 - SwarmManager - ERROR - Handling failure of drone 1: Heartbeat timeout
[swarm_manager.log] 2026-02-17 11:33:38,280 - SwarmManager - ERROR - Drone 1 heartbeat timeout
[swarm_manager.log] 2026-02-17 11:33:38,281 - SwarmManager - ERROR - Handling failure of drone 1: Heartbeat timeout
[swarm_manager.log] 2026-02-17 11:33:39,291 - SwarmManager - ERROR - Drone 1 heartbeat timeout
[swarm_manager.log] 2026-02-17 11:33:39,292 - SwarmManager - ERROR - Handling failure of drone 1: Heartbeat timeout
[swarm_manager.log] 2026-02-17 11:33:40,298 - SwarmManager - ERROR - Drone 1 heartbeat timeout
[swarm_manager.log] 2026-02-17 11:33:40,299 - SwarmManager - ERROR - Handling failure of drone 1: Heartbeat timeout
[ml_system.log] 2026-02-17 11:33:38,546 - PhysicalMLTrainer_Drone2 - INFO - Physical ML model trained drone=2 samples=1701 degree=2 alpha=0.0 val_mse=0.000870
[ml_system.log] 2026-02-17 11:33:38,611 - PhysicalMLTrainer_Drone4 - INFO - Physical ML model trained drone=4 samples=1701 degree=2 alpha=0.0 val_mse=0.001131
[ml_system.log] 2026-02-17 11:33:38,611 - PhysicalMLTrainer_Drone3 - INFO - Physical ML model trained drone=3 samples=1701 degree=2 alpha=0.0 val_mse=0.001230
[ml_system.log] 2026-02-17 11:33:38,644 - PhysicalMLTrainer_Drone5 - INFO - Physical ML model trained drone=5 samples=1701 degree=2 alpha=0.0 val_mse=0.000002
[system_20260217_113117.log] 2026-02-17 11:33:38,546 - PhysicalMLTrainer_Drone2 - INFO - Physical ML model trained drone=2 samples=1701 degree=2 alpha=0.0 val_mse=0.000870
[system_20260217_113117.log] 2026-02-17 11:33:38,611 - PhysicalMLTrainer_Drone4 - INFO - Physical ML model trained drone=4 samples=1701 degree=2 alpha=0.0 val_mse=0.001131
[system_20260217_113117.log] 2026-02-17 11:33:38,611 - PhysicalMLTrainer_Drone3 - INFO - Physical ML model trained drone=3 samples=1701 degree=2 alpha=0.0 val_mse=0.001230
[system_20260217_113117.log] 2026-02-17 11:33:38,644 - PhysicalMLTrainer_Drone5 - INFO - Physical ML model trained drone=5 samples=1701 degree=2 alpha=0.0 val_mse=0.000002
[swarm_manager.log] 2026-02-17 11:33:41,320 - SwarmManager - ERROR - Drone 1 heartbeat timeout
[swarm_manager.log] 2026-02-17 11:33:41,321 - SwarmManager - ERROR - Handling failure of drone 1: Heartbeat timeout
[swarm_manager.log] 2026-02-17 11:33:42,324 - SwarmManager - ERROR - Drone 1 heartbeat timeout
[swarm_manager.log] 2026-02-17 11:33:42,324 - SwarmManager - ERROR - Handling failure of drone 1: Heartbeat timeout
[swarm_manager.log] 2026-02-17 11:33:43,331 - SwarmManager - ERROR - Drone 1 heartbeat timeout
[swarm_manager.log] 2026-02-17 11:33:43,332 - SwarmManager - ERROR - Handling failure of drone 1: Heartbeat timeout
[swarm_manager.log] 2026-02-17 11:33:44,338 - SwarmManager - ERROR - Drone 1 heartbeat timeout
[swarm_manager.log] 2026-02-17 11:33:44,339 - SwarmManager - ERROR - Handling failure of drone 1: Heartbeat timeout
[swarm_manager.log] 2026-02-17 11:33:45,348 - SwarmManager - ERROR - Drone 1 heartbeat timeout
[swarm_manager.log] 2026-02-17 11:33:45,348 - SwarmManager - ERROR - Handling failure of drone 1: Heartbeat timeout
[swarm_manager.log] 2026-02-17 11:33:46,359 - SwarmManager - ERROR - Drone 1 heartbeat timeout
[swarm_manager.log] 2026-02-17 11:33:46,359 - SwarmManager - ERROR - Handling failure of drone 1: Heartbeat timeout
[swarm_manager.log] 2026-02-17 11:33:47,369 - SwarmManager - ERROR - Drone 1 heartbeat timeout
[swarm_manager.log] 2026-02-17 11:33:47,370 - SwarmManager - ERROR - Handling failure of drone 1: Heartbeat timeout
[swarm_manager.log] 2026-02-17 11:33:48,373 - SwarmManager - ERROR - Drone 1 heartbeat timeout
[swarm_manager.log] 2026-02-17 11:33:48,373 - SwarmManager - ERROR - Handling failure of drone 1: Heartbeat timeout
[swarm_manager.log] 2026-02-17 11:33:49,386 - SwarmManager - ERROR - Drone 1 heartbeat timeout
[swarm_manager.log] 2026-02-17 11:33:49,387 - SwarmManager - ERROR - Handling failure of drone 1: Heartbeat timeout
[swarm_manager.log] 2026-02-17 11:33:50,393 - SwarmManager - ERROR - Drone 1 heartbeat timeout
[swarm_manager.log] 2026-02-17 11:33:50,393 - SwarmManager - ERROR - Handling failure of drone 1: Heartbeat timeout
[swarm_manager.log] 2026-02-17 11:33:51,404 - SwarmManager - ERROR - Drone 1 heartbeat timeout
[swarm_manager.log] 2026-02-17 11:33:51,404 - SwarmManager - ERROR - Handling failure of drone 1: Heartbeat timeout
[swarm_manager.log] 2026-02-17 11:33:52,406 - SwarmManager - ERROR - Drone 1 heartbeat timeout
[swarm_manager.log] 2026-02-17 11:33:52,407 - SwarmManager - ERROR - Handling failure of drone 1: Heartbeat timeout
[swarm_manager.log] 2026-02-17 11:33:53,413 - SwarmManager - ERROR - Drone 1 heartbeat timeout
[swarm_manager.log] 2026-02-17 11:33:53,414 - SwarmManager - ERROR - Handling failure of drone 1: Heartbeat timeout
[swarm_manager.log] 2026-02-17 11:33:54,421 - SwarmManager - ERROR - Drone 1 heartbeat timeout
[swarm_manager.log] 2026-02-17 11:33:54,421 - SwarmManager - ERROR - Handling failure of drone 1: Heartbeat timeout
[swarm_manager.log] 2026-02-17 11:33:55,431 - SwarmManager - ERROR - Drone 1 heartbeat timeout
[swarm_manager.log] 2026-02-17 11:33:55,431 - SwarmManager - ERROR - Handling failure of drone 1: Heartbeat timeout
[swarm_manager.log] 2026-02-17 11:33:56,434 - SwarmManager - ERROR - Drone 1 heartbeat timeout
[swarm_manager.log] 2026-02-17 11:33:56,435 - SwarmManager - ERROR - Handling failure of drone 1: Heartbeat timeout
[swarm_manager.log] 2026-02-17 11:33:57,447 - SwarmManager - ERROR - Drone 1 heartbeat timeout
[swarm_manager.log] 2026-02-17 11:33:57,447 - SwarmManager - ERROR - Handling failure of drone 1: Heartbeat timeout
[swarm_manager.log] 2026-02-17 11:33:58,454 - SwarmManager - ERROR - Drone 1 heartbeat timeout
[swarm_manager.log] 2026-02-17 11:33:58,454 - SwarmManager - ERROR - Handling failure of drone 1: Heartbeat timeout
[swarm_manager.log] 2026-02-17 11:33:59,463 - SwarmManager - ERROR - Drone 1 heartbeat timeout
[swarm_manager.log] 2026-02-17 11:33:59,464 - SwarmManager - ERROR - Handling failure of drone 1: Heartbeat timeout
[swarm_manager.log] 2026-02-17 11:34:00,466 - SwarmManager - ERROR - Drone 1 heartbeat timeout
[swarm_manager.log] 2026-02-17 11:34:00,466 - SwarmManager - ERROR - Handling failure of drone 1: Heartbeat timeout
[ml_system.log] 2026-02-17 11:33:58,724 - PhysicalMLTrainer_Drone2 - INFO - Physical ML model trained drone=2 samples=1901 degree=2 alpha=0.0 val_mse=0.000694
[ml_system.log] 2026-02-17 11:33:58,836 - PhysicalMLTrainer_Drone4 - INFO - Physical ML model trained drone=4 samples=1901 degree=2 alpha=0.0 val_mse=0.000824
[ml_system.log] 2026-02-17 11:33:58,836 - PhysicalMLTrainer_Drone3 - INFO - Physical ML model trained drone=3 samples=1901 degree=2 alpha=0.0 val_mse=0.000926
[ml_system.log] 2026-02-17 11:33:58,837 - PhysicalMLTrainer_Drone5 - INFO - Physical ML model trained drone=5 samples=1901 degree=2 alpha=0.0 val_mse=0.000001
[system_20260217_113117.log] 2026-02-17 11:33:58,724 - PhysicalMLTrainer_Drone2 - INFO - Physical ML model trained drone=2 samples=1901 degree=2 alpha=0.0 val_mse=0.000694
[system_20260217_113117.log] 2026-02-17 11:33:58,836 - PhysicalMLTrainer_Drone4 - INFO - Physical ML model trained drone=4 samples=1901 degree=2 alpha=0.0 val_mse=0.000824
[system_20260217_113117.log] 2026-02-17 11:33:58,836 - PhysicalMLTrainer_Drone3 - INFO - Physical ML model trained drone=3 samples=1901 degree=2 alpha=0.0 val_mse=0.000926
[system_20260217_113117.log] 2026-02-17 11:33:58,837 - PhysicalMLTrainer_Drone5 - INFO - Physical ML model trained drone=5 samples=1901 degree=2 alpha=0.0 val_mse=0.000001
[swarm_manager.log] 2026-02-17 11:34:01,474 - SwarmManager - ERROR - Drone 1 heartbeat timeout
[swarm_manager.log] 2026-02-17 11:34:01,475 - SwarmManager - ERROR - Handling failure of drone 1: Heartbeat timeout
[swarm_manager.log] 2026-02-17 11:34:02,479 - SwarmManager - ERROR - Drone 1 heartbeat timeout
[swarm_manager.log] 2026-02-17 11:34:02,479 - SwarmManager - ERROR - Handling failure of drone 1: Heartbeat timeout
[swarm_manager.log] 2026-02-17 11:34:03,484 - SwarmManager - ERROR - Drone 1 heartbeat timeout
[swarm_manager.log] 2026-02-17 11:34:03,484 - SwarmManager - ERROR - Handling failure of drone 1: Heartbeat timeout
[swarm_manager.log] 2026-02-17 11:34:04,487 - SwarmManager - ERROR - Drone 1 heartbeat timeout
[swarm_manager.log] 2026-02-17 11:34:04,487 - SwarmManager - ERROR - Handling failure of drone 1: Heartbeat timeout
[swarm_manager.log] 2026-02-17 11:34:05,496 - SwarmManager - ERROR - Drone 1 heartbeat timeout
[swarm_manager.log] 2026-02-17 11:34:05,497 - SwarmManager - ERROR - Handling failure of drone 1: Heartbeat timeout
[swarm_manager.log] 2026-02-17 11:34:06,503 - SwarmManager - ERROR - Drone 1 heartbeat timeout
[swarm_manager.log] 2026-02-17 11:34:06,504 - SwarmManager - ERROR - Handling failure of drone 1: Heartbeat timeout
[swarm_manager.log] 2026-02-17 11:34:07,526 - SwarmManager - ERROR - Drone 1 heartbeat timeout
[swarm_manager.log] 2026-02-17 11:34:07,526 - SwarmManager - ERROR - Handling failure of drone 1: Heartbeat timeout
[swarm_manager.log] 2026-02-17 11:34:08,529 - SwarmManager - ERROR - Drone 1 heartbeat timeout
[swarm_manager.log] 2026-02-17 11:34:08,530 - SwarmManager - ERROR - Handling failure of drone 1: Heartbeat timeout
[swarm_manager.log] 2026-02-17 11:34:09,543 - SwarmManager - ERROR - Drone 1 heartbeat timeout
[swarm_manager.log] 2026-02-17 11:34:09,543 - SwarmManager - ERROR - Handling failure of drone 1: Heartbeat timeout
[swarm_manager.log] 2026-02-17 11:34:10,547 - SwarmManager - ERROR - Drone 1 heartbeat timeout
[swarm_manager.log] 2026-02-17 11:34:10,548 - SwarmManager - ERROR - Handling failure of drone 1: Heartbeat timeout
[swarm_manager.log] 2026-02-17 11:34:11,564 - SwarmManager - ERROR - Drone 1 heartbeat timeout
[swarm_manager.log] 2026-02-17 11:34:11,564 - SwarmManager - ERROR - Handling failure of drone 1: Heartbeat timeout
[swarm_manager.log] 2026-02-17 11:34:12,568 - SwarmManager - ERROR - Drone 1 heartbeat timeout
[swarm_manager.log] 2026-02-17 11:34:12,569 - SwarmManager - ERROR - Handling failure of drone 1: Heartbeat timeout
[swarm_manager.log] 2026-02-17 11:34:13,576 - SwarmManager - ERROR - Drone 1 heartbeat timeout
[swarm_manager.log] 2026-02-17 11:34:13,577 - SwarmManager - ERROR - Handling failure of drone 1: Heartbeat timeout
[swarm_manager.log] 2026-02-17 11:34:14,581 - SwarmManager - ERROR - Drone 1 heartbeat timeout
[swarm_manager.log] 2026-02-17 11:34:14,582 - SwarmManager - ERROR - Handling failure of drone 1: Heartbeat timeout
[swarm_manager.log] 2026-02-17 11:34:15,596 - SwarmManager - ERROR - Drone 1 heartbeat timeout
[swarm_manager.log] 2026-02-17 11:34:15,596 - SwarmManager - ERROR - Handling failure of drone 1: Heartbeat timeout
[swarm_manager.log] 2026-02-17 11:34:16,599 - SwarmManager - ERROR - Drone 1 heartbeat timeout
[swarm_manager.log] 2026-02-17 11:34:16,599 - SwarmManager - ERROR - Handling failure of drone 1: Heartbeat timeout
[swarm_manager.log] 2026-02-17 11:34:17,607 - SwarmManager - ERROR - Drone 1 heartbeat timeout
[swarm_manager.log] 2026-02-17 11:34:17,608 - SwarmManager - ERROR - Handling failure of drone 1: Heartbeat timeout
[swarm_manager.log] 2026-02-17 11:34:18,611 - SwarmManager - ERROR - Drone 1 heartbeat timeout
[swarm_manager.log] 2026-02-17 11:34:18,611 - SwarmManager - ERROR - Handling failure of drone 1: Heartbeat timeout
[swarm_manager.log] 2026-02-17 11:34:19,619 - SwarmManager - ERROR - Drone 1 heartbeat timeout
[swarm_manager.log] 2026-02-17 11:34:19,619 - SwarmManager - ERROR - Handling failure of drone 1: Heartbeat timeout
[swarm_manager.log] 2026-02-17 11:34:20,621 - SwarmManager - ERROR - Drone 1 heartbeat timeout
[swarm_manager.log] 2026-02-17 11:34:20,629 - SwarmManager - ERROR - Handling failure of drone 1: Heartbeat timeout
[ml_system.log] 2026-02-17 11:34:18,934 - PhysicalMLTrainer_Drone2 - INFO - Physical ML model trained drone=2 samples=2101 degree=2 alpha=0.0 val_mse=0.000608
[ml_system.log] 2026-02-17 11:34:19,028 - PhysicalMLTrainer_Drone3 - INFO - Physical ML model trained drone=3 samples=2101 degree=2 alpha=0.0 val_mse=0.000717
[ml_system.log] 2026-02-17 11:34:19,038 - PhysicalMLTrainer_Drone4 - INFO - Physical ML model trained drone=4 samples=2101 degree=2 alpha=0.0 val_mse=0.000630
[ml_system.log] 2026-02-17 11:34:19,039 - PhysicalMLTrainer_Drone5 - INFO - Physical ML model trained drone=5 samples=2101 degree=2 alpha=0.0 val_mse=0.000001
[system_20260217_113117.log] 2026-02-17 11:34:18,934 - PhysicalMLTrainer_Drone2 - INFO - Physical ML model trained drone=2 samples=2101 degree=2 alpha=0.0 val_mse=0.000608
[system_20260217_113117.log] 2026-02-17 11:34:19,028 - PhysicalMLTrainer_Drone3 - INFO - Physical ML model trained drone=3 samples=2101 degree=2 alpha=0.0 val_mse=0.000717
[system_20260217_113117.log] 2026-02-17 11:34:19,038 - PhysicalMLTrainer_Drone4 - INFO - Physical ML model trained drone=4 samples=2101 degree=2 alpha=0.0 val_mse=0.000630
[system_20260217_113117.log] 2026-02-17 11:34:19,039 - PhysicalMLTrainer_Drone5 - INFO - Physical ML model trained drone=5 samples=2101 degree=2 alpha=0.0 val_mse=0.000001
[swarm_manager.log] 2026-02-17 11:34:21,641 - SwarmManager - ERROR - Drone 1 heartbeat timeout
[swarm_manager.log] 2026-02-17 11:34:21,641 - SwarmManager - ERROR - Handling failure of drone 1: Heartbeat timeout
[swarm_manager.log] 2026-02-17 11:34:22,644 - SwarmManager - ERROR - Drone 1 heartbeat timeout
[swarm_manager.log] 2026-02-17 11:34:22,645 - SwarmManager - ERROR - Handling failure of drone 1: Heartbeat timeout
[swarm_manager.log] 2026-02-17 11:34:23,656 - SwarmManager - ERROR - Drone 1 heartbeat timeout
[swarm_manager.log] 2026-02-17 11:34:23,657 - SwarmManager - ERROR - Handling failure of drone 1: Heartbeat timeout
[swarm_manager.log] 2026-02-17 11:34:24,662 - SwarmManager - ERROR - Drone 1 heartbeat timeout
[swarm_manager.log] 2026-02-17 11:34:24,663 - SwarmManager - ERROR - Handling failure of drone 1: Heartbeat timeout
[swarm_manager.log] 2026-02-17 11:34:25,678 - SwarmManager - ERROR - Drone 1 heartbeat timeout
[swarm_manager.log] 2026-02-17 11:34:25,678 - SwarmManager - ERROR - Handling failure of drone 1: Heartbeat timeout
[swarm_manager.log] 2026-02-17 11:34:26,680 - SwarmManager - ERROR - Drone 1 heartbeat timeout
[swarm_manager.log] 2026-02-17 11:34:26,681 - SwarmManager - ERROR - Handling failure of drone 1: Heartbeat timeout
[swarm_manager.log] 2026-02-17 11:34:27,692 - SwarmManager - ERROR - Drone 1 heartbeat timeout
[swarm_manager.log] 2026-02-17 11:34:27,692 - SwarmManager - ERROR - Handling failure of drone 1: Heartbeat timeout
[swarm_manager.log] 2026-02-17 11:34:28,695 - SwarmManager - ERROR - Drone 1 heartbeat timeout
[swarm_manager.log] 2026-02-17 11:34:28,695 - SwarmManager - ERROR - Handling failure of drone 1: Heartbeat timeout
[swarm_manager.log] 2026-02-17 11:34:28,708 - SwarmManager - INFO - MISSION_COMPLETE: Drone 2 reached destination (x=2553.9, y=2622.8, z=60.0)
[swarm_manager.log] 2026-02-17 11:34:28,708 - SwarmManager - INFO - MISSION_COMPLETE received from Drone 2 target={'x': 2553.9057647468726, 'y': 2622.797543233282, 'z': 60.0} -> leader broadcasting RETURN_TO_HOME
[swarm_manager.log] 2026-02-17 11:34:28,708 - SwarmManager - INFO - Leader command received: RETURN_TO_HOME by drone=4
[swarm_manager.log] 2026-02-17 11:34:29,709 - SwarmManager - ERROR - Drone 1 heartbeat timeout
[swarm_manager.log] 2026-02-17 11:34:29,709 - SwarmManager - ERROR - Handling failure of drone 1: Heartbeat timeout
[swarm_manager.log] 2026-02-17 11:34:30,711 - SwarmManager - ERROR - Drone 1 heartbeat timeout
[swarm_manager.log] 2026-02-17 11:34:30,711 - SwarmManager - ERROR - Handling failure of drone 1: Heartbeat timeout
[system_20260217_113117.log] 2026-02-17 11:34:28,707 - DroneStateManager - INFO - Drone 2 state transition MOVING_TO_TARGET -> MISSION_COMPLETE
[system_20260217_113117.log] 2026-02-17 11:34:28,709 - Drone_1 - INFO - Drone 1: Returning to home - Leader broadcast RETURN_TO_HOME
[system_20260217_113117.log] 2026-02-17 11:34:28,709 - DroneStateManager - INFO - Drone 1 state transition MOVING_TO_TARGET -> RETURNING_HOME
[system_20260217_113117.log] 2026-02-17 11:34:28,710 - Drone_2 - INFO - Drone 2: Returning to home - Leader broadcast RETURN_TO_HOME
[system_20260217_113117.log] 2026-02-17 11:34:28,710 - DroneStateManager - INFO - Drone 2 state transition MISSION_COMPLETE -> RETURNING_HOME
[system_20260217_113117.log] 2026-02-17 11:34:28,710 - Drone_3 - INFO - Drone 3: Returning to home - Leader broadcast RETURN_TO_HOME
[system_20260217_113117.log] 2026-02-17 11:34:28,711 - DroneStateManager - INFO - Drone 3 state transition MOVING_TO_TARGET -> RETURNING_HOME
[system_20260217_113117.log] 2026-02-17 11:34:28,711 - Drone_4 - INFO - Drone 4: Returning to home - Leader broadcast RETURN_TO_HOME
[system_20260217_113117.log] 2026-02-17 11:34:28,711 - DroneStateManager - INFO - Drone 4 state transition MOVING_TO_TARGET -> RETURNING_HOME
[system_20260217_113117.log] 2026-02-17 11:34:28,712 - DroneStateManager - INFO - Drone 5 state transition IDLE -> RETURNING_HOME
[system_20260217_113117.log] 2026-02-17 11:34:29,710 - DroneStateManager - INFO - Drone 5 state transition RETURNING_HOME -> IDLE
[swarm_manager.log] 2026-02-17 11:34:31,717 - SwarmManager - ERROR - Drone 1 heartbeat timeout
[swarm_manager.log] 2026-02-17 11:34:31,718 - SwarmManager - ERROR - Handling failure of drone 1: Heartbeat timeout
[swarm_manager.log] 2026-02-17 11:34:32,719 - SwarmManager - ERROR - Drone 1 heartbeat timeout
[swarm_manager.log] 2026-02-17 11:34:32,720 - SwarmManager - ERROR - Handling failure of drone 1: Heartbeat timeout
[swarm_manager.log] 2026-02-17 11:34:33,729 - SwarmManager - ERROR - Drone 1 heartbeat timeout
[swarm_manager.log] 2026-02-17 11:34:33,730 - SwarmManager - ERROR - Handling failure of drone 1: Heartbeat timeout
[swarm_manager.log] 2026-02-17 11:34:34,732 - SwarmManager - ERROR - Drone 1 heartbeat timeout
[swarm_manager.log] 2026-02-17 11:34:34,733 - SwarmManager - ERROR - Handling failure of drone 1: Heartbeat timeout
[swarm_manager.log] 2026-02-17 11:34:35,746 - SwarmManager - ERROR - Drone 1 heartbeat timeout
[swarm_manager.log] 2026-02-17 11:34:35,746 - SwarmManager - ERROR - Handling failure of drone 1: Heartbeat timeout
[swarm_manager.log] 2026-02-17 11:34:36,748 - SwarmManager - ERROR - Drone 1 heartbeat timeout
[swarm_manager.log] 2026-02-17 11:34:36,748 - SwarmManager - ERROR - Handling failure of drone 1: Heartbeat timeout
[swarm_manager.log] 2026-02-17 11:34:37,754 - SwarmManager - ERROR - Drone 1 heartbeat timeout
[swarm_manager.log] 2026-02-17 11:34:37,755 - SwarmManager - ERROR - Handling failure of drone 1: Heartbeat timeout
[swarm_manager.log] 2026-02-17 11:34:38,758 - SwarmManager - ERROR - Drone 1 heartbeat timeout
[swarm_manager.log] 2026-02-17 11:34:38,758 - SwarmManager - ERROR - Handling failure of drone 1: Heartbeat timeout
[swarm_manager.log] 2026-02-17 11:34:39,765 - SwarmManager - ERROR - Drone 1 heartbeat timeout
[swarm_manager.log] 2026-02-17 11:34:39,766 - SwarmManager - ERROR - Handling failure of drone 1: Heartbeat timeout
[swarm_manager.log] 2026-02-17 11:34:40,770 - SwarmManager - ERROR - Drone 1 heartbeat timeout
[swarm_manager.log] 2026-02-17 11:34:40,770 - SwarmManager - ERROR - Handling failure of drone 1: Heartbeat timeout
[ml_system.log] 2026-02-17 11:34:39,127 - PhysicalMLTrainer_Drone2 - INFO - Physical ML model trained drone=2 samples=2301 degree=2 alpha=1.0 val_mse=0.138434
[ml_system.log] 2026-02-17 11:34:39,239 - PhysicalMLTrainer_Drone3 - INFO - Physical ML model trained drone=3 samples=2301 degree=2 alpha=1.0 val_mse=0.112138
[ml_system.log] 2026-02-17 11:34:39,241 - PhysicalMLTrainer_Drone4 - INFO - Physical ML model trained drone=4 samples=2301 degree=2 alpha=1.0 val_mse=0.063139
[ml_system.log] 2026-02-17 11:34:39,242 - PhysicalMLTrainer_Drone5 - INFO - Physical ML model trained drone=5 samples=2301 degree=2 alpha=0.0 val_mse=0.000001
[system_20260217_113117.log] 2026-02-17 11:34:39,127 - PhysicalMLTrainer_Drone2 - INFO - Physical ML model trained drone=2 samples=2301 degree=2 alpha=1.0 val_mse=0.138434
[system_20260217_113117.log] 2026-02-17 11:34:39,239 - PhysicalMLTrainer_Drone3 - INFO - Physical ML model trained drone=3 samples=2301 degree=2 alpha=1.0 val_mse=0.112138
[system_20260217_113117.log] 2026-02-17 11:34:39,241 - PhysicalMLTrainer_Drone4 - INFO - Physical ML model trained drone=4 samples=2301 degree=2 alpha=1.0 val_mse=0.063139
[system_20260217_113117.log] 2026-02-17 11:34:39,242 - PhysicalMLTrainer_Drone5 - INFO - Physical ML model trained drone=5 samples=2301 degree=2 alpha=0.0 val_mse=0.000001
[swarm_manager.log] 2026-02-17 11:34:41,781 - SwarmManager - ERROR - Drone 1 heartbeat timeout
[swarm_manager.log] 2026-02-17 11:34:41,781 - SwarmManager - ERROR - Handling failure of drone 1: Heartbeat timeout
[swarm_manager.log] 2026-02-17 11:34:42,783 - SwarmManager - ERROR - Drone 1 heartbeat timeout
[swarm_manager.log] 2026-02-17 11:34:42,783 - SwarmManager - ERROR - Handling failure of drone 1: Heartbeat timeout
