merged_log_run_id=20260217_180837
[swarm_manager.log] 2026-02-17 18:08:37,174 - SwarmManager - INFO - Swarm monitoring started
[system_20260217_180837.log] 2026-02-17 18:08:37,174 - Main - INFO - Swarm created with 5 drones
[system_20260217_180837.log] 2026-02-17 18:08:37,175 - Main - INFO - Leader elected: Drone 1
[system_20260217_180837.log] 2026-02-17 18:08:37,175 - Main - INFO - Starting GUI...
[ml_system.log] 2026-02-17 18:08:58,309 - PhysicalMLTrainer_Drone1 - INFO - Physical ML model trained drone=1 samples=451 degree=2 alpha=0.0 val_mse=0.000000
[ml_system.log] 2026-02-17 18:08:58,310 - PhysicalMLTrainer_Drone4 - INFO - Physical ML model trained drone=4 samples=501 degree=2 alpha=0.0 val_mse=0.000000
[ml_system.log] 2026-02-17 18:08:58,313 - PhysicalMLTrainer_Drone3 - INFO - Physical ML model trained drone=3 samples=501 degree=2 alpha=0.0 val_mse=0.000000
[ml_system.log] 2026-02-17 18:08:58,324 - PhysicalMLTrainer_Drone2 - INFO - Physical ML model trained drone=2 samples=501 degree=2 alpha=0.0 val_mse=0.000000
[ml_system.log] 2026-02-17 18:08:58,347 - PhysicalMLTrainer_Drone5 - INFO - Physical ML model trained drone=5 samples=501 degree=2 alpha=0.0 val_mse=0.000000
[system_20260217_180837.log] 2026-02-17 18:08:58,309 - PhysicalMLTrainer_Drone1 - INFO - Physical ML model trained drone=1 samples=451 degree=2 alpha=0.0 val_mse=0.000000
[system_20260217_180837.log] 2026-02-17 18:08:58,310 - PhysicalMLTrainer_Drone4 - INFO - Physical ML model trained drone=4 samples=501 degree=2 alpha=0.0 val_mse=0.000000
[system_20260217_180837.log] 2026-02-17 18:08:58,313 - PhysicalMLTrainer_Drone3 - INFO - Physical ML model trained drone=3 samples=501 degree=2 alpha=0.0 val_mse=0.000000
[system_20260217_180837.log] 2026-02-17 18:08:58,324 - PhysicalMLTrainer_Drone2 - INFO - Physical ML model trained drone=2 samples=501 degree=2 alpha=0.0 val_mse=0.000000
[system_20260217_180837.log] 2026-02-17 18:08:58,347 - PhysicalMLTrainer_Drone5 - INFO - Physical ML model trained drone=5 samples=501 degree=2 alpha=0.0 val_mse=0.000000
[ml_system.log] 2026-02-17 18:09:18,707 - PhysicalMLTrainer_Drone1 - INFO - Physical ML model trained drone=1 samples=651 degree=2 alpha=0.0 val_mse=0.000000
[ml_system.log] 2026-02-17 18:09:18,728 - PhysicalMLTrainer_Drone3 - INFO - Physical ML model trained drone=3 samples=701 degree=2 alpha=0.0 val_mse=0.000000
[ml_system.log] 2026-02-17 18:09:18,728 - PhysicalMLTrainer_Drone2 - INFO - Physical ML model trained drone=2 samples=701 degree=2 alpha=0.0 val_mse=0.000000
[ml_system.log] 2026-02-17 18:09:18,779 - PhysicalMLTrainer_Drone4 - INFO - Physical ML model trained drone=4 samples=701 degree=2 alpha=0.0 val_mse=0.000000
[system_20260217_180837.log] 2026-02-17 18:09:18,707 - PhysicalMLTrainer_Drone1 - INFO - Physical ML model trained drone=1 samples=651 degree=2 alpha=0.0 val_mse=0.000000
[system_20260217_180837.log] 2026-02-17 18:09:18,728 - PhysicalMLTrainer_Drone5 - INFO - Physical ML model trained drone=5 samples=701 degree=2 alpha=0.0 val_mse=0.000000
[system_20260217_180837.log] 2026-02-17 18:09:18,728 - PhysicalMLTrainer_Drone3 - INFO - Physical ML model trained drone=3 samples=701 degree=2 alpha=0.0 val_mse=0.000000
[system_20260217_180837.log] 2026-02-17 18:09:18,728 - PhysicalMLTrainer_Drone2 - INFO - Physical ML model trained drone=2 samples=701 degree=2 alpha=0.0 val_mse=0.000000
[system_20260217_180837.log] 2026-02-17 18:09:18,779 - PhysicalMLTrainer_Drone4 - INFO - Physical ML model trained drone=4 samples=701 degree=2 alpha=0.0 val_mse=0.000000
[ml_system.log] 2026-02-17 18:09:39,019 - PhysicalMLTrainer_Drone1 - INFO - Physical ML model trained drone=1 samples=851 degree=2 alpha=0.0 val_mse=0.000000
[ml_system.log] 2026-02-17 18:09:39,069 - PhysicalMLTrainer_Drone3 - INFO - Physical ML model trained drone=3 samples=901 degree=2 alpha=0.0 val_mse=0.000000
[ml_system.log] 2026-02-17 18:09:39,126 - PhysicalMLTrainer_Drone5 - INFO - Physical ML model trained drone=5 samples=901 degree=2 alpha=0.0 val_mse=0.000000
[ml_system.log] 2026-02-17 18:09:39,128 - PhysicalMLTrainer_Drone2 - INFO - Physical ML model trained drone=2 samples=901 degree=2 alpha=0.0 val_mse=0.000000
[ml_system.log] 2026-02-17 18:09:39,132 - PhysicalMLTrainer_Drone4 - INFO - Physical ML model trained drone=4 samples=901 degree=2 alpha=0.0 val_mse=0.000000
[system_20260217_180837.log] 2026-02-17 18:09:39,019 - PhysicalMLTrainer_Drone1 - INFO - Physical ML model trained drone=1 samples=851 degree=2 alpha=0.0 val_mse=0.000000
[system_20260217_180837.log] 2026-02-17 18:09:39,069 - PhysicalMLTrainer_Drone3 - INFO - Physical ML model trained drone=3 samples=901 degree=2 alpha=0.0 val_mse=0.000000
[system_20260217_180837.log] 2026-02-17 18:09:39,126 - PhysicalMLTrainer_Drone5 - INFO - Physical ML model trained drone=5 samples=901 degree=2 alpha=0.0 val_mse=0.000000
[system_20260217_180837.log] 2026-02-17 18:09:39,128 - PhysicalMLTrainer_Drone2 - INFO - Physical ML model trained drone=2 samples=901 degree=2 alpha=0.0 val_mse=0.000000
[system_20260217_180837.log] 2026-02-17 18:09:39,132 - PhysicalMLTrainer_Drone4 - INFO - Physical ML model trained drone=4 samples=901 degree=2 alpha=0.0 val_mse=0.000000
[ml_system.log] 2026-02-17 18:09:59,370 - PhysicalMLTrainer_Drone1 - INFO - Physical ML model trained drone=1 samples=1051 degree=2 alpha=0.0 val_mse=0.000000
[ml_system.log] 2026-02-17 18:09:59,401 - PhysicalMLTrainer_Drone3 - INFO - Physical ML model trained drone=3 samples=1101 degree=2 alpha=0.0 val_mse=0.000000
[ml_system.log] 2026-02-17 18:09:59,520 - PhysicalMLTrainer_Drone4 - INFO - Physical ML model trained drone=4 samples=1101 degree=2 alpha=0.0 val_mse=0.000000
[ml_system.log] 2026-02-17 18:09:59,521 - PhysicalMLTrainer_Drone5 - INFO - Physical ML model trained drone=5 samples=1101 degree=2 alpha=0.0 val_mse=0.000000
[system_20260217_180837.log] 2026-02-17 18:09:59,370 - PhysicalMLTrainer_Drone1 - INFO - Physical ML model trained drone=1 samples=1051 degree=2 alpha=0.0 val_mse=0.000000
[system_20260217_180837.log] 2026-02-17 18:09:59,401 - PhysicalMLTrainer_Drone3 - INFO - Physical ML model trained drone=3 samples=1101 degree=2 alpha=0.0 val_mse=0.000000
[system_20260217_180837.log] 2026-02-17 18:09:59,519 - PhysicalMLTrainer_Drone2 - INFO - Physical ML model trained drone=2 samples=1101 degree=2 alpha=0.0 val_mse=0.000000
[system_20260217_180837.log] 2026-02-17 18:09:59,520 - PhysicalMLTrainer_Drone4 - INFO - Physical ML model trained drone=4 samples=1101 degree=2 alpha=0.0 val_mse=0.000000
[system_20260217_180837.log] 2026-02-17 18:09:59,521 - PhysicalMLTrainer_Drone5 - INFO - Physical ML model trained drone=5 samples=1101 degree=2 alpha=0.0 val_mse=0.000000
[swarm_manager.log] 2026-02-17 18:10:05,860 - SwarmManager - INFO - Leader-follow enabled=False
[swarm_manager.log] 2026-02-17 18:10:05,865 - SwarmManager - INFO - Leader command received: TAKEOFF by drone=1
[system_20260217_180837.log] 2026-02-17 18:10:04,022 - Drone_1 - INFO - Drone 1: Armed
[system_20260217_180837.log] 2026-02-17 18:10:04,025 - Drone_2 - INFO - Drone 2: Armed
[system_20260217_180837.log] 2026-02-17 18:10:04,027 - Drone_3 - INFO - Drone 3: Armed
[system_20260217_180837.log] 2026-02-17 18:10:04,029 - Drone_4 - INFO - Drone 4: Armed
[system_20260217_180837.log] 2026-02-17 18:10:04,031 - Drone_5 - INFO - Drone 5: Armed
[system_20260217_180837.log] 2026-02-17 18:10:05,866 - Drone_1 - INFO - Drone 1: Taking off
[system_20260217_180837.log] 2026-02-17 18:10:05,868 - DroneStateManager - INFO - Drone 1 state transition IDLE -> TAKEOFF
[system_20260217_180837.log] 2026-02-17 18:10:05,871 - Drone_2 - INFO - Drone 2: Taking off
[system_20260217_180837.log] 2026-02-17 18:10:05,872 - DroneStateManager - INFO - Drone 2 state transition IDLE -> TAKEOFF
[system_20260217_180837.log] 2026-02-17 18:10:05,874 - Drone_3 - INFO - Drone 3: Taking off
[system_20260217_180837.log] 2026-02-17 18:10:05,876 - DroneStateManager - INFO - Drone 3 state transition IDLE -> TAKEOFF
[system_20260217_180837.log] 2026-02-17 18:10:05,878 - Drone_4 - INFO - Drone 4: Taking off
[system_20260217_180837.log] 2026-02-17 18:10:05,879 - DroneStateManager - INFO - Drone 4 state transition IDLE -> TAKEOFF
[system_20260217_180837.log] 2026-02-17 18:10:05,881 - Drone_5 - INFO - Drone 5: Taking off
[system_20260217_180837.log] 2026-02-17 18:10:05,882 - DroneStateManager - INFO - Drone 5 state transition IDLE -> TAKEOFF
[swarm_manager.log] 2026-02-17 18:10:08,370 - SwarmManager - INFO - Leader command received: MOVE_TO_TARGET by drone=1
[system_20260217_180837.log] 2026-02-17 18:10:07,989 - DroneStateManager - INFO - Drone 2 state transition TAKEOFF -> WAITING_FOR_COMMAND
[system_20260217_180837.log] 2026-02-17 18:10:07,992 - DroneStateManager - INFO - Drone 3 state transition TAKEOFF -> WAITING_FOR_COMMAND
[system_20260217_180837.log] 2026-02-17 18:10:07,994 - DroneStateManager - INFO - Drone 4 state transition TAKEOFF -> WAITING_FOR_COMMAND
[system_20260217_180837.log] 2026-02-17 18:10:07,996 - DroneStateManager - INFO - Drone 5 state transition TAKEOFF -> WAITING_FOR_COMMAND
[system_20260217_180837.log] 2026-02-17 18:10:08,371 - Drone_1 - INFO - Drone 1: Flying to {'x': 2585.0, 'y': 2580.0, 'z': 60.0}
[system_20260217_180837.log] 2026-02-17 18:10:08,371 - DroneStateManager - INFO - Drone 1 state transition TAKEOFF -> MOVING_TO_TARGET
[system_20260217_180837.log] 2026-02-17 18:10:08,373 - Drone_2 - INFO - Drone 2: Flying to {'x': 2553.9057647468726, 'y': 2622.797543233282, 'z': 60.0}
[system_20260217_180837.log] 2026-02-17 18:10:08,373 - DroneStateManager - INFO - Drone 2 state transition WAITING_FOR_COMMAND -> MOVING_TO_TARGET
[system_20260217_180837.log] 2026-02-17 18:10:08,376 - Drone_3 - INFO - Drone 3: Flying to {'x': 2503.5942352531274, 'y': 2606.450336353161, 'z': 60.0}
[system_20260217_180837.log] 2026-02-17 18:10:08,377 - DroneStateManager - INFO - Drone 3 state transition WAITING_FOR_COMMAND -> MOVING_TO_TARGET
[system_20260217_180837.log] 2026-02-17 18:10:08,378 - Drone_4 - INFO - Drone 4: Flying to {'x': 2503.5942352531274, 'y': 2553.549663646839, 'z': 60.0}
[system_20260217_180837.log] 2026-02-17 18:10:08,379 - DroneStateManager - INFO - Drone 4 state transition WAITING_FOR_COMMAND -> MOVING_TO_TARGET
[system_20260217_180837.log] 2026-02-17 18:10:08,381 - Drone_5 - INFO - Drone 5: Flying to {'x': 2553.9057647468726, 'y': 2537.202456766718, 'z': 60.0}
[system_20260217_180837.log] 2026-02-17 18:10:08,383 - DroneStateManager - INFO - Drone 5 state transition WAITING_FOR_COMMAND -> MOVING_TO_TARGET
[system_20260217_180837.log] 2026-02-17 18:10:18,126 - ObstacleManager - INFO - Dynamic obstacle added id=23 type=linear start=(249.0, 250.0) vel=(0.0, 0.0)
[ml_system.log] 2026-02-17 18:10:19,802 - PhysicalMLTrainer_Drone1 - INFO - Physical ML model trained drone=1 samples=1251 degree=2 alpha=0.0 val_mse=0.158907
[ml_system.log] 2026-02-17 18:10:19,827 - PhysicalMLTrainer_Drone3 - INFO - Physical ML model trained drone=3 samples=1301 degree=2 alpha=0.0 val_mse=0.150484
[ml_system.log] 2026-02-17 18:10:19,904 - PhysicalMLTrainer_Drone4 - INFO - Physical ML model trained drone=4 samples=1301 degree=2 alpha=0.0 val_mse=0.159424
[ml_system.log] 2026-02-17 18:10:19,922 - PhysicalMLTrainer_Drone5 - INFO - Physical ML model trained drone=5 samples=1301 degree=2 alpha=0.0 val_mse=0.143818
[ml_system.log] 2026-02-17 18:10:19,960 - PhysicalMLTrainer_Drone2 - INFO - Physical ML model trained drone=2 samples=1301 degree=2 alpha=0.0 val_mse=0.161699
[system_20260217_180837.log] 2026-02-17 18:10:19,802 - PhysicalMLTrainer_Drone1 - INFO - Physical ML model trained drone=1 samples=1251 degree=2 alpha=0.0 val_mse=0.158907
[system_20260217_180837.log] 2026-02-17 18:10:19,827 - PhysicalMLTrainer_Drone3 - INFO - Physical ML model trained drone=3 samples=1301 degree=2 alpha=0.0 val_mse=0.150484
[system_20260217_180837.log] 2026-02-17 18:10:19,904 - PhysicalMLTrainer_Drone4 - INFO - Physical ML model trained drone=4 samples=1301 degree=2 alpha=0.0 val_mse=0.159424
[system_20260217_180837.log] 2026-02-17 18:10:19,922 - PhysicalMLTrainer_Drone5 - INFO - Physical ML model trained drone=5 samples=1301 degree=2 alpha=0.0 val_mse=0.143818
[system_20260217_180837.log] 2026-02-17 18:10:19,960 - PhysicalMLTrainer_Drone2 - INFO - Physical ML model trained drone=2 samples=1301 degree=2 alpha=0.0 val_mse=0.161699
[system_20260217_180837.log] 2026-02-17 18:10:20,633 - ObstacleManager - INFO - Dynamic obstacle added id=24 type=linear start=(249.0, 250.0) vel=(0.0, 0.0)
[system_20260217_180837.log] 2026-02-17 18:10:22,491 - ObstacleManager - INFO - Dynamic obstacle added id=25 type=linear start=(249.0, 250.0) vel=(0.0, 0.0)
[swarm_manager.log] 2026-02-17 18:10:30,324 - SwarmManager - INFO - Dynamic obstacle avoidance drone=1 prob=0.47 cone=0.00 conf=0.61 target=(315.7, 275.6, 9.9)
[system_20260217_180837.log] 2026-02-17 18:10:30,322 - Drone_1 - INFO - Drone 1: Flying to {'x': 315.7362973401137, 'y': 275.56588647043225, 'z': 9.881654449570584}
[system_20260217_180837.log] 2026-02-17 18:10:30,337 - DroneStateManager - INFO - Drone 1 state transition MOVING_TO_TARGET -> AVOIDING_DYNAMIC_OBSTACLE
[system_20260217_180837.log] 2026-02-17 18:10:31,345 - DroneStateManager - INFO - Drone 1 state transition AVOIDING_DYNAMIC_OBSTACLE -> MOVING_TO_TARGET
[swarm_manager.log] 2026-02-17 18:10:38,420 - SwarmManager - INFO - Dynamic obstacle avoidance drone=1 prob=0.49 cone=0.00 conf=0.61 target=(412.7, 327.8, 10.7)
[system_20260217_180837.log] 2026-02-17 18:10:36,547 - Drone_1 - INFO - Drone 1: Reached target position
[system_20260217_180837.log] 2026-02-17 18:10:37,413 - Drone_1 - INFO - Drone 1: Flying to {'x': 2585.0, 'y': 2580.0, 'z': 60.0}
[system_20260217_180837.log] 2026-02-17 18:10:38,419 - Drone_1 - INFO - Drone 1: Flying to {'x': 412.67954688575765, 'y': 327.8007478594584, 'z': 10.694112898930932}
[ml_system.log] 2026-02-17 18:10:40,244 - PhysicalMLTrainer_Drone1 - INFO - Physical ML model trained drone=1 samples=1451 degree=2 alpha=0.0 val_mse=0.010265
[ml_system.log] 2026-02-17 18:10:40,261 - PhysicalMLTrainer_Drone3 - INFO - Physical ML model trained drone=3 samples=1501 degree=2 alpha=0.0 val_mse=0.003133
[ml_system.log] 2026-02-17 18:10:40,271 - PhysicalMLTrainer_Drone4 - INFO - Physical ML model trained drone=4 samples=1501 degree=2 alpha=0.0 val_mse=0.003787
[ml_system.log] 2026-02-17 18:10:40,371 - PhysicalMLTrainer_Drone5 - INFO - Physical ML model trained drone=5 samples=1501 degree=2 alpha=0.0 val_mse=0.003538
[ml_system.log] 2026-02-17 18:10:40,372 - PhysicalMLTrainer_Drone2 - INFO - Physical ML model trained drone=2 samples=1501 degree=2 alpha=0.0 val_mse=0.006029
[system_20260217_180837.log] 2026-02-17 18:10:38,466 - DroneStateManager - INFO - Drone 1 state transition MOVING_TO_TARGET -> AVOIDING_DYNAMIC_OBSTACLE
[system_20260217_180837.log] 2026-02-17 18:10:39,478 - DroneStateManager - INFO - Drone 1 state transition AVOIDING_DYNAMIC_OBSTACLE -> MOVING_TO_TARGET
[system_20260217_180837.log] 2026-02-17 18:10:40,244 - PhysicalMLTrainer_Drone1 - INFO - Physical ML model trained drone=1 samples=1451 degree=2 alpha=0.0 val_mse=0.010265
[system_20260217_180837.log] 2026-02-17 18:10:40,261 - PhysicalMLTrainer_Drone3 - INFO - Physical ML model trained drone=3 samples=1501 degree=2 alpha=0.0 val_mse=0.003133
[system_20260217_180837.log] 2026-02-17 18:10:40,271 - PhysicalMLTrainer_Drone4 - INFO - Physical ML model trained drone=4 samples=1501 degree=2 alpha=0.0 val_mse=0.003787
[system_20260217_180837.log] 2026-02-17 18:10:40,371 - PhysicalMLTrainer_Drone5 - INFO - Physical ML model trained drone=5 samples=1501 degree=2 alpha=0.0 val_mse=0.003538
[system_20260217_180837.log] 2026-02-17 18:10:40,372 - PhysicalMLTrainer_Drone2 - INFO - Physical ML model trained drone=2 samples=1501 degree=2 alpha=0.0 val_mse=0.006029
[system_20260217_180837.log] 2026-02-17 18:10:44,838 - Drone_1 - INFO - Drone 1: Reached target position
[system_20260217_180837.log] 2026-02-17 18:10:45,543 - Drone_1 - INFO - Drone 1: Flying to {'x': 2585.0, 'y': 2580.0, 'z': 60.0}
[system_20260217_180837.log] 2026-02-17 18:11:00,797 - PhysicalMLTrainer_Drone1 - INFO - Physical ML model trained drone=1 samples=1651 degree=2 alpha=0.0 val_mse=0.014607
[system_20260217_180837.log] 2026-02-17 18:11:00,799 - PhysicalMLTrainer_Drone4 - INFO - Physical ML model trained drone=4 samples=1701 degree=2 alpha=1.0 val_mse=0.002025
[system_20260217_180837.log] 2026-02-17 18:11:00,799 - PhysicalMLTrainer_Drone3 - INFO - Physical ML model trained drone=3 samples=1701 degree=2 alpha=1.0 val_mse=0.001635
[ml_system.log] 2026-02-17 18:11:00,797 - PhysicalMLTrainer_Drone1 - INFO - Physical ML model trained drone=1 samples=1651 degree=2 alpha=0.0 val_mse=0.014607
[ml_system.log] 2026-02-17 18:11:00,799 - PhysicalMLTrainer_Drone3 - INFO - Physical ML model trained drone=3 samples=1701 degree=2 alpha=1.0 val_mse=0.001635
[ml_system.log] 2026-02-17 18:11:00,828 - PhysicalMLTrainer_Drone2 - INFO - Physical ML model trained drone=2 samples=1701 degree=2 alpha=1.0 val_mse=0.004360
[ml_system.log] 2026-02-17 18:11:00,849 - PhysicalMLTrainer_Drone5 - INFO - Physical ML model trained drone=5 samples=1701 degree=2 alpha=1.0 val_mse=0.002592
[system_20260217_180837.log] 2026-02-17 18:11:00,828 - PhysicalMLTrainer_Drone2 - INFO - Physical ML model trained drone=2 samples=1701 degree=2 alpha=1.0 val_mse=0.004360
[system_20260217_180837.log] 2026-02-17 18:11:00,849 - PhysicalMLTrainer_Drone5 - INFO - Physical ML model trained drone=5 samples=1701 degree=2 alpha=1.0 val_mse=0.002592
[system_20260217_180837.log] 2026-02-17 18:11:14,013 - Drone_2 - ERROR - Drone 2: Motor 0 failed!
[system_20260217_180837.log] 2026-02-17 18:11:14,014 - Drone_2 - WARNING - Drone 2: Degraded return active - Motor failure simulation: return to home with degraded control
[system_20260217_180837.log] 2026-02-17 18:11:15,003 - DroneStateManager - INFO - Drone 2 state transition MOVING_TO_TARGET -> RETURNING_HOME
[ml_system.log] 2026-02-17 18:11:21,202 - PhysicalMLTrainer_Drone4 - INFO - Physical ML model trained drone=4 samples=1901 degree=2 alpha=1.0 val_mse=0.002653
[ml_system.log] 2026-02-17 18:11:21,383 - PhysicalMLTrainer_Drone1 - INFO - Physical ML model trained drone=1 samples=1851 degree=2 alpha=1.0 val_mse=0.004209
[ml_system.log] 2026-02-17 18:11:21,388 - PhysicalMLTrainer_Drone3 - INFO - Physical ML model trained drone=3 samples=1901 degree=2 alpha=1.0 val_mse=0.002329
[ml_system.log] 2026-02-17 18:11:21,390 - PhysicalMLTrainer_Drone2 - INFO - Physical ML model trained drone=2 samples=1901 degree=2 alpha=0.0 val_mse=0.023101
[ml_system.log] 2026-02-17 18:11:21,391 - PhysicalMLTrainer_Drone5 - INFO - Physical ML model trained drone=5 samples=1901 degree=2 alpha=1.0 val_mse=0.003194
[system_20260217_180837.log] 2026-02-17 18:11:21,202 - PhysicalMLTrainer_Drone4 - INFO - Physical ML model trained drone=4 samples=1901 degree=2 alpha=1.0 val_mse=0.002653
[system_20260217_180837.log] 2026-02-17 18:11:21,383 - PhysicalMLTrainer_Drone1 - INFO - Physical ML model trained drone=1 samples=1851 degree=2 alpha=1.0 val_mse=0.004209
[system_20260217_180837.log] 2026-02-17 18:11:21,388 - PhysicalMLTrainer_Drone3 - INFO - Physical ML model trained drone=3 samples=1901 degree=2 alpha=1.0 val_mse=0.002329
[system_20260217_180837.log] 2026-02-17 18:11:21,390 - PhysicalMLTrainer_Drone2 - INFO - Physical ML model trained drone=2 samples=1901 degree=2 alpha=0.0 val_mse=0.023101
[system_20260217_180837.log] 2026-02-17 18:11:21,391 - PhysicalMLTrainer_Drone5 - INFO - Physical ML model trained drone=5 samples=1901 degree=2 alpha=1.0 val_mse=0.003194
[swarm_manager.log] 2026-02-17 18:11:26,134 - SwarmManager - WARNING - Leader drone 1 no longer operational
[swarm_manager.log] 2026-02-17 18:11:26,136 - SwarmManager - ERROR - Handling failure of drone 1: Leader failure
[swarm_manager.log] 2026-02-17 18:11:26,139 - SwarmManager - WARNING - Leader drone 1 failed - initiating leader election
[swarm_manager.log] 2026-02-17 18:11:26,340 - SwarmManager - INFO - Starting leader election...
[swarm_manager.log] 2026-02-17 18:11:26,341 - SwarmManager - INFO -   Drone 3: suitability score = 99.31
[swarm_manager.log] 2026-02-17 18:11:26,342 - SwarmManager - INFO -   Drone 4: suitability score = 99.31
[swarm_manager.log] 2026-02-17 18:11:26,343 - SwarmManager - INFO -   Drone 5: suitability score = 99.31
[swarm_manager.log] 2026-02-17 18:11:26,349 - SwarmManager - INFO - Drone 5 elected as new LEADER (score: 99.31)
[swarm_manager.log] 2026-02-17 18:11:26,349 - SwarmManager - ERROR - Drone 1 crashed
[swarm_manager.log] 2026-02-17 18:11:26,350 - SwarmManager - ERROR - Handling failure of drone 1: Crashed
[system_20260217_180837.log] 2026-02-17 18:11:26,343 - Drone_1 - INFO - Drone 1: Role changed from leader to follower
[system_20260217_180837.log] 2026-02-17 18:11:26,344 - Drone_2 - INFO - Drone 2: Role changed from emergency to follower
[system_20260217_180837.log] 2026-02-17 18:11:26,346 - Drone_3 - INFO - Drone 3: Role changed from follower to follower
[system_20260217_180837.log] 2026-02-17 18:11:26,347 - Drone_4 - INFO - Drone 4: Role changed from follower to follower
[system_20260217_180837.log] 2026-02-17 18:11:26,348 - Drone_5 - INFO - Drone 5: Role changed from follower to leader
[swarm_manager.log] 2026-02-17 18:11:31,417 - SwarmManager - ERROR - Drone 1 heartbeat timeout
[swarm_manager.log] 2026-02-17 18:11:31,417 - SwarmManager - ERROR - Handling failure of drone 1: Heartbeat timeout
[swarm_manager.log] 2026-02-17 18:11:32,458 - SwarmManager - ERROR - Drone 1 heartbeat timeout
[swarm_manager.log] 2026-02-17 18:11:32,458 - SwarmManager - ERROR - Handling failure of drone 1: Heartbeat timeout
[swarm_manager.log] 2026-02-17 18:11:33,466 - SwarmManager - ERROR - Drone 1 heartbeat timeout
[swarm_manager.log] 2026-02-17 18:11:33,466 - SwarmManager - ERROR - Handling failure of drone 1: Heartbeat timeout
[swarm_manager.log] 2026-02-17 18:11:34,483 - SwarmManager - ERROR - Drone 1 heartbeat timeout
[swarm_manager.log] 2026-02-17 18:11:34,484 - SwarmManager - ERROR - Handling failure of drone 1: Heartbeat timeout
[swarm_manager.log] 2026-02-17 18:11:35,491 - SwarmManager - ERROR - Drone 1 heartbeat timeout
[swarm_manager.log] 2026-02-17 18:11:35,492 - SwarmManager - ERROR - Handling failure of drone 1: Heartbeat timeout
[swarm_manager.log] 2026-02-17 18:11:36,501 - SwarmManager - ERROR - Drone 1 heartbeat timeout
[swarm_manager.log] 2026-02-17 18:11:36,502 - SwarmManager - ERROR - Handling failure of drone 1: Heartbeat timeout
[swarm_manager.log] 2026-02-17 18:11:37,507 - SwarmManager - ERROR - Drone 1 heartbeat timeout
[swarm_manager.log] 2026-02-17 18:11:37,508 - SwarmManager - ERROR - Handling failure of drone 1: Heartbeat timeout
[swarm_manager.log] 2026-02-17 18:11:38,542 - SwarmManager - ERROR - Drone 1 heartbeat timeout
[swarm_manager.log] 2026-02-17 18:11:38,542 - SwarmManager - ERROR - Handling failure of drone 1: Heartbeat timeout
[swarm_manager.log] 2026-02-17 18:11:39,546 - SwarmManager - ERROR - Drone 1 heartbeat timeout
[swarm_manager.log] 2026-02-17 18:11:39,547 - SwarmManager - ERROR - Handling failure of drone 1: Heartbeat timeout
[swarm_manager.log] 2026-02-17 18:11:40,560 - SwarmManager - ERROR - Drone 1 heartbeat timeout
[swarm_manager.log] 2026-02-17 18:11:40,561 - SwarmManager - ERROR - Handling failure of drone 1: Heartbeat timeout
[swarm_manager.log] 2026-02-17 18:11:41,568 - SwarmManager - ERROR - Drone 1 heartbeat timeout
[swarm_manager.log] 2026-02-17 18:11:41,568 - SwarmManager - ERROR - Handling failure of drone 1: Heartbeat timeout
[swarm_manager.log] 2026-02-17 18:11:42,582 - SwarmManager - ERROR - Drone 1 heartbeat timeout
[swarm_manager.log] 2026-02-17 18:11:42,582 - SwarmManager - ERROR - Handling failure of drone 1: Heartbeat timeout
[swarm_manager.log] 2026-02-17 18:11:43,589 - SwarmManager - ERROR - Drone 1 heartbeat timeout
[swarm_manager.log] 2026-02-17 18:11:43,590 - SwarmManager - ERROR - Handling failure of drone 1: Heartbeat timeout
[ml_system.log] 2026-02-17 18:11:41,723 - PhysicalMLTrainer_Drone4 - INFO - Physical ML model trained drone=4 samples=2101 degree=2 alpha=1.0 val_mse=0.002759
[ml_system.log] 2026-02-17 18:11:41,922 - PhysicalMLTrainer_Drone2 - INFO - Physical ML model trained drone=2 samples=2101 degree=2 alpha=0.0 val_mse=0.082696
[ml_system.log] 2026-02-17 18:11:41,923 - PhysicalMLTrainer_Drone5 - INFO - Physical ML model trained drone=5 samples=2101 degree=2 alpha=1.0 val_mse=0.002945
[ml_system.log] 2026-02-17 18:11:41,947 - PhysicalMLTrainer_Drone3 - INFO - Physical ML model trained drone=3 samples=2101 degree=2 alpha=1.0 val_mse=0.002674
[system_20260217_180837.log] 2026-02-17 18:11:41,723 - PhysicalMLTrainer_Drone4 - INFO - Physical ML model trained drone=4 samples=2101 degree=2 alpha=1.0 val_mse=0.002759
[system_20260217_180837.log] 2026-02-17 18:11:41,922 - PhysicalMLTrainer_Drone2 - INFO - Physical ML model trained drone=2 samples=2101 degree=2 alpha=0.0 val_mse=0.082696
[system_20260217_180837.log] 2026-02-17 18:11:41,923 - PhysicalMLTrainer_Drone5 - INFO - Physical ML model trained drone=5 samples=2101 degree=2 alpha=1.0 val_mse=0.002945
[system_20260217_180837.log] 2026-02-17 18:11:41,947 - PhysicalMLTrainer_Drone3 - INFO - Physical ML model trained drone=3 samples=2101 degree=2 alpha=1.0 val_mse=0.002674
[swarm_manager.log] 2026-02-17 18:11:44,606 - SwarmManager - ERROR - Drone 1 heartbeat timeout
[swarm_manager.log] 2026-02-17 18:11:44,607 - SwarmManager - ERROR - Handling failure of drone 1: Heartbeat timeout
[swarm_manager.log] 2026-02-17 18:11:45,614 - SwarmManager - ERROR - Drone 1 heartbeat timeout
[swarm_manager.log] 2026-02-17 18:11:45,615 - SwarmManager - ERROR - Handling failure of drone 1: Heartbeat timeout
[swarm_manager.log] 2026-02-17 18:11:46,629 - SwarmManager - ERROR - Drone 1 heartbeat timeout
[swarm_manager.log] 2026-02-17 18:11:46,630 - SwarmManager - ERROR - Handling failure of drone 1: Heartbeat timeout
[swarm_manager.log] 2026-02-17 18:11:47,636 - SwarmManager - ERROR - Drone 1 heartbeat timeout
[swarm_manager.log] 2026-02-17 18:11:47,637 - SwarmManager - ERROR - Handling failure of drone 1: Heartbeat timeout
[swarm_manager.log] 2026-02-17 18:11:48,648 - SwarmManager - ERROR - Drone 1 heartbeat timeout
[swarm_manager.log] 2026-02-17 18:11:48,649 - SwarmManager - ERROR - Handling failure of drone 1: Heartbeat timeout
[swarm_manager.log] 2026-02-17 18:11:49,657 - SwarmManager - ERROR - Drone 1 heartbeat timeout
[swarm_manager.log] 2026-02-17 18:11:49,658 - SwarmManager - ERROR - Handling failure of drone 1: Heartbeat timeout
[swarm_manager.log] 2026-02-17 18:11:50,688 - SwarmManager - ERROR - Drone 1 heartbeat timeout
[swarm_manager.log] 2026-02-17 18:11:50,689 - SwarmManager - ERROR - Handling failure of drone 1: Heartbeat timeout
[swarm_manager.log] 2026-02-17 18:11:51,697 - SwarmManager - ERROR - Drone 1 heartbeat timeout
[swarm_manager.log] 2026-02-17 18:11:51,698 - SwarmManager - ERROR - Handling failure of drone 1: Heartbeat timeout
[swarm_manager.log] 2026-02-17 18:11:52,751 - SwarmManager - ERROR - Drone 1 heartbeat timeout
[swarm_manager.log] 2026-02-17 18:11:52,753 - SwarmManager - ERROR - Handling failure of drone 1: Heartbeat timeout
[swarm_manager.log] 2026-02-17 18:11:53,766 - SwarmManager - ERROR - Drone 1 heartbeat timeout
[swarm_manager.log] 2026-02-17 18:11:53,768 - SwarmManager - ERROR - Handling failure of drone 1: Heartbeat timeout
[swarm_manager.log] 2026-02-17 18:11:54,786 - SwarmManager - ERROR - Drone 1 heartbeat timeout
[swarm_manager.log] 2026-02-17 18:11:54,786 - SwarmManager - ERROR - Handling failure of drone 1: Heartbeat timeout
[swarm_manager.log] 2026-02-17 18:11:55,792 - SwarmManager - ERROR - Drone 1 heartbeat timeout
[swarm_manager.log] 2026-02-17 18:11:55,792 - SwarmManager - ERROR - Handling failure of drone 1: Heartbeat timeout
[swarm_manager.log] 2026-02-17 18:11:56,809 - SwarmManager - ERROR - Drone 1 heartbeat timeout
[swarm_manager.log] 2026-02-17 18:11:56,810 - SwarmManager - ERROR - Handling failure of drone 1: Heartbeat timeout
[swarm_manager.log] 2026-02-17 18:11:57,816 - SwarmManager - ERROR - Drone 1 heartbeat timeout
[swarm_manager.log] 2026-02-17 18:11:57,818 - SwarmManager - ERROR - Handling failure of drone 1: Heartbeat timeout
[swarm_manager.log] 2026-02-17 18:11:58,832 - SwarmManager - ERROR - Drone 1 heartbeat timeout
[swarm_manager.log] 2026-02-17 18:11:58,833 - SwarmManager - ERROR - Handling failure of drone 1: Heartbeat timeout
[swarm_manager.log] 2026-02-17 18:11:59,839 - SwarmManager - ERROR - Drone 1 heartbeat timeout
[swarm_manager.log] 2026-02-17 18:11:59,840 - SwarmManager - ERROR - Handling failure of drone 1: Heartbeat timeout
[swarm_manager.log] 2026-02-17 18:12:00,853 - SwarmManager - ERROR - Drone 1 heartbeat timeout
[swarm_manager.log] 2026-02-17 18:12:00,854 - SwarmManager - ERROR - Handling failure of drone 1: Heartbeat timeout
[swarm_manager.log] 2026-02-17 18:12:01,862 - SwarmManager - ERROR - Drone 1 heartbeat timeout
[swarm_manager.log] 2026-02-17 18:12:01,863 - SwarmManager - ERROR - Handling failure of drone 1: Heartbeat timeout
[swarm_manager.log] 2026-02-17 18:12:02,893 - SwarmManager - ERROR - Drone 1 heartbeat timeout
[swarm_manager.log] 2026-02-17 18:12:02,894 - SwarmManager - ERROR - Handling failure of drone 1: Heartbeat timeout
[swarm_manager.log] 2026-02-17 18:12:03,897 - SwarmManager - ERROR - Drone 1 heartbeat timeout
[swarm_manager.log] 2026-02-17 18:12:03,897 - SwarmManager - ERROR - Handling failure of drone 1: Heartbeat timeout
[ml_system.log] 2026-02-17 18:12:02,208 - PhysicalMLTrainer_Drone4 - INFO - Physical ML model trained drone=4 samples=2301 degree=2 alpha=1.0 val_mse=0.002321
[ml_system.log] 2026-02-17 18:12:02,377 - PhysicalMLTrainer_Drone2 - INFO - Physical ML model trained drone=2 samples=2301 degree=2 alpha=0.0 val_mse=0.006975
[ml_system.log] 2026-02-17 18:12:02,378 - PhysicalMLTrainer_Drone3 - INFO - Physical ML model trained drone=3 samples=2301 degree=2 alpha=1.0 val_mse=0.002471
[ml_system.log] 2026-02-17 18:12:02,378 - PhysicalMLTrainer_Drone5 - INFO - Physical ML model trained drone=5 samples=2301 degree=2 alpha=1.0 val_mse=0.002224
[system_20260217_180837.log] 2026-02-17 18:12:02,208 - PhysicalMLTrainer_Drone4 - INFO - Physical ML model trained drone=4 samples=2301 degree=2 alpha=1.0 val_mse=0.002321
[system_20260217_180837.log] 2026-02-17 18:12:02,377 - PhysicalMLTrainer_Drone2 - INFO - Physical ML model trained drone=2 samples=2301 degree=2 alpha=0.0 val_mse=0.006975
[system_20260217_180837.log] 2026-02-17 18:12:02,378 - PhysicalMLTrainer_Drone3 - INFO - Physical ML model trained drone=3 samples=2301 degree=2 alpha=1.0 val_mse=0.002471
[system_20260217_180837.log] 2026-02-17 18:12:02,378 - PhysicalMLTrainer_Drone5 - INFO - Physical ML model trained drone=5 samples=2301 degree=2 alpha=1.0 val_mse=0.002224
[swarm_manager.log] 2026-02-17 18:12:04,913 - SwarmManager - ERROR - Drone 1 heartbeat timeout
[swarm_manager.log] 2026-02-17 18:12:04,914 - SwarmManager - ERROR - Handling failure of drone 1: Heartbeat timeout
[swarm_manager.log] 2026-02-17 18:12:05,922 - SwarmManager - ERROR - Drone 1 heartbeat timeout
[swarm_manager.log] 2026-02-17 18:12:05,923 - SwarmManager - ERROR - Handling failure of drone 1: Heartbeat timeout
[swarm_manager.log] 2026-02-17 18:12:06,942 - SwarmManager - ERROR - Drone 1 heartbeat timeout
[swarm_manager.log] 2026-02-17 18:12:06,942 - SwarmManager - ERROR - Handling failure of drone 1: Heartbeat timeout
[swarm_manager.log] 2026-02-17 18:12:07,946 - SwarmManager - ERROR - Drone 1 heartbeat timeout
[swarm_manager.log] 2026-02-17 18:12:07,947 - SwarmManager - ERROR - Handling failure of drone 1: Heartbeat timeout
[swarm_manager.log] 2026-02-17 18:12:08,975 - SwarmManager - ERROR - Drone 1 heartbeat timeout
[swarm_manager.log] 2026-02-17 18:12:08,976 - SwarmManager - ERROR - Handling failure of drone 1: Heartbeat timeout
[swarm_manager.log] 2026-02-17 18:12:09,983 - SwarmManager - ERROR - Drone 1 heartbeat timeout
[swarm_manager.log] 2026-02-17 18:12:09,984 - SwarmManager - ERROR - Handling failure of drone 1: Heartbeat timeout
[swarm_manager.log] 2026-02-17 18:12:10,998 - SwarmManager - ERROR - Drone 1 heartbeat timeout
[swarm_manager.log] 2026-02-17 18:12:10,999 - SwarmManager - ERROR - Handling failure of drone 1: Heartbeat timeout
[swarm_manager.log] 2026-02-17 18:12:12,007 - SwarmManager - ERROR - Drone 1 heartbeat timeout
[swarm_manager.log] 2026-02-17 18:12:12,008 - SwarmManager - ERROR - Handling failure of drone 1: Heartbeat timeout
[swarm_manager.log] 2026-02-17 18:12:13,023 - SwarmManager - ERROR - Drone 1 heartbeat timeout
[swarm_manager.log] 2026-02-17 18:12:13,024 - SwarmManager - ERROR - Handling failure of drone 1: Heartbeat timeout
[swarm_manager.log] 2026-02-17 18:12:14,029 - SwarmManager - ERROR - Drone 1 heartbeat timeout
[swarm_manager.log] 2026-02-17 18:12:14,031 - SwarmManager - ERROR - Handling failure of drone 1: Heartbeat timeout
[swarm_manager.log] 2026-02-17 18:12:15,047 - SwarmManager - ERROR - Drone 1 heartbeat timeout
[swarm_manager.log] 2026-02-17 18:12:15,048 - SwarmManager - ERROR - Handling failure of drone 1: Heartbeat timeout
[swarm_manager.log] 2026-02-17 18:12:16,055 - SwarmManager - ERROR - Drone 1 heartbeat timeout
[swarm_manager.log] 2026-02-17 18:12:16,055 - SwarmManager - ERROR - Handling failure of drone 1: Heartbeat timeout
[swarm_manager.log] 2026-02-17 18:12:17,077 - SwarmManager - ERROR - Drone 1 heartbeat timeout
[swarm_manager.log] 2026-02-17 18:12:17,077 - SwarmManager - ERROR - Handling failure of drone 1: Heartbeat timeout
[swarm_manager.log] 2026-02-17 18:12:18,086 - SwarmManager - ERROR - Drone 1 heartbeat timeout
[swarm_manager.log] 2026-02-17 18:12:18,087 - SwarmManager - ERROR - Handling failure of drone 1: Heartbeat timeout
[swarm_manager.log] 2026-02-17 18:12:19,100 - SwarmManager - ERROR - Drone 1 heartbeat timeout
[swarm_manager.log] 2026-02-17 18:12:19,100 - SwarmManager - ERROR - Handling failure of drone 1: Heartbeat timeout
[swarm_manager.log] 2026-02-17 18:12:20,107 - SwarmManager - ERROR - Drone 1 heartbeat timeout
[swarm_manager.log] 2026-02-17 18:12:20,108 - SwarmManager - ERROR - Handling failure of drone 1: Heartbeat timeout
[swarm_manager.log] 2026-02-17 18:12:21,148 - SwarmManager - ERROR - Drone 1 heartbeat timeout
[swarm_manager.log] 2026-02-17 18:12:21,148 - SwarmManager - ERROR - Handling failure of drone 1: Heartbeat timeout
[swarm_manager.log] 2026-02-17 18:12:22,154 - SwarmManager - ERROR - Drone 1 heartbeat timeout
[swarm_manager.log] 2026-02-17 18:12:22,154 - SwarmManager - ERROR - Handling failure of drone 1: Heartbeat timeout
[swarm_manager.log] 2026-02-17 18:12:23,168 - SwarmManager - ERROR - Drone 1 heartbeat timeout
[swarm_manager.log] 2026-02-17 18:12:23,169 - SwarmManager - ERROR - Handling failure of drone 1: Heartbeat timeout
[swarm_manager.log] 2026-02-17 18:12:24,174 - SwarmManager - ERROR - Drone 1 heartbeat timeout
[swarm_manager.log] 2026-02-17 18:12:24,175 - SwarmManager - ERROR - Handling failure of drone 1: Heartbeat timeout
[ml_system.log] 2026-02-17 18:12:22,704 - PhysicalMLTrainer_Drone4 - INFO - Physical ML model trained drone=4 samples=2501 degree=2 alpha=1.0 val_mse=0.001754
[ml_system.log] 2026-02-17 18:12:22,962 - PhysicalMLTrainer_Drone5 - INFO - Physical ML model trained drone=5 samples=2501 degree=2 alpha=1.0 val_mse=0.001596
[ml_system.log] 2026-02-17 18:12:22,964 - PhysicalMLTrainer_Drone2 - INFO - Physical ML model trained drone=2 samples=2501 degree=2 alpha=1.0 val_mse=0.001720
[system_20260217_180837.log] 2026-02-17 18:12:22,704 - PhysicalMLTrainer_Drone4 - INFO - Physical ML model trained drone=4 samples=2501 degree=2 alpha=1.0 val_mse=0.001754
[system_20260217_180837.log] 2026-02-17 18:12:22,962 - PhysicalMLTrainer_Drone3 - INFO - Physical ML model trained drone=3 samples=2501 degree=2 alpha=1.0 val_mse=0.001983
[system_20260217_180837.log] 2026-02-17 18:12:22,962 - PhysicalMLTrainer_Drone5 - INFO - Physical ML model trained drone=5 samples=2501 degree=2 alpha=1.0 val_mse=0.001596
[system_20260217_180837.log] 2026-02-17 18:12:22,964 - PhysicalMLTrainer_Drone2 - INFO - Physical ML model trained drone=2 samples=2501 degree=2 alpha=1.0 val_mse=0.001720
[swarm_manager.log] 2026-02-17 18:12:25,185 - SwarmManager - ERROR - Drone 1 heartbeat timeout
[swarm_manager.log] 2026-02-17 18:12:25,185 - SwarmManager - ERROR - Handling failure of drone 1: Heartbeat timeout
[swarm_manager.log] 2026-02-17 18:12:26,198 - SwarmManager - ERROR - Drone 1 heartbeat timeout
[swarm_manager.log] 2026-02-17 18:12:26,198 - SwarmManager - ERROR - Handling failure of drone 1: Heartbeat timeout
[swarm_manager.log] 2026-02-17 18:12:27,218 - SwarmManager - ERROR - Drone 1 heartbeat timeout
[swarm_manager.log] 2026-02-17 18:12:27,218 - SwarmManager - ERROR - Handling failure of drone 1: Heartbeat timeout
[swarm_manager.log] 2026-02-17 18:12:28,221 - SwarmManager - ERROR - Drone 1 heartbeat timeout
[swarm_manager.log] 2026-02-17 18:12:28,222 - SwarmManager - ERROR - Handling failure of drone 1: Heartbeat timeout
[swarm_manager.log] 2026-02-17 18:12:29,236 - SwarmManager - ERROR - Drone 1 heartbeat timeout
[swarm_manager.log] 2026-02-17 18:12:29,236 - SwarmManager - ERROR - Handling failure of drone 1: Heartbeat timeout
[swarm_manager.log] 2026-02-17 18:12:30,245 - SwarmManager - ERROR - Drone 1 heartbeat timeout
[swarm_manager.log] 2026-02-17 18:12:30,245 - SwarmManager - ERROR - Handling failure of drone 1: Heartbeat timeout
[swarm_manager.log] 2026-02-17 18:12:31,281 - SwarmManager - ERROR - Drone 1 heartbeat timeout
[swarm_manager.log] 2026-02-17 18:12:31,282 - SwarmManager - ERROR - Handling failure of drone 1: Heartbeat timeout
[swarm_manager.log] 2026-02-17 18:12:32,290 - SwarmManager - ERROR - Drone 1 heartbeat timeout
[swarm_manager.log] 2026-02-17 18:12:32,292 - SwarmManager - ERROR - Handling failure of drone 1: Heartbeat timeout
[swarm_manager.log] 2026-02-17 18:12:33,318 - SwarmManager - ERROR - Drone 1 heartbeat timeout
[swarm_manager.log] 2026-02-17 18:12:33,319 - SwarmManager - ERROR - Handling failure of drone 1: Heartbeat timeout
[swarm_manager.log] 2026-02-17 18:12:34,328 - SwarmManager - ERROR - Drone 1 heartbeat timeout
[swarm_manager.log] 2026-02-17 18:12:34,328 - SwarmManager - ERROR - Handling failure of drone 1: Heartbeat timeout
[swarm_manager.log] 2026-02-17 18:12:35,343 - SwarmManager - ERROR - Drone 1 heartbeat timeout
[swarm_manager.log] 2026-02-17 18:12:35,344 - SwarmManager - ERROR - Handling failure of drone 1: Heartbeat timeout
[swarm_manager.log] 2026-02-17 18:12:36,352 - SwarmManager - ERROR - Drone 1 heartbeat timeout
[swarm_manager.log] 2026-02-17 18:12:36,354 - SwarmManager - ERROR - Handling failure of drone 1: Heartbeat timeout
[swarm_manager.log] 2026-02-17 18:12:37,400 - SwarmManager - ERROR - Drone 1 heartbeat timeout
[swarm_manager.log] 2026-02-17 18:12:37,402 - SwarmManager - ERROR - Handling failure of drone 1: Heartbeat timeout
[swarm_manager.log] 2026-02-17 18:12:38,410 - SwarmManager - ERROR - Drone 1 heartbeat timeout
[swarm_manager.log] 2026-02-17 18:12:38,411 - SwarmManager - ERROR - Handling failure of drone 1: Heartbeat timeout
[swarm_manager.log] 2026-02-17 18:12:39,426 - SwarmManager - ERROR - Drone 1 heartbeat timeout
[swarm_manager.log] 2026-02-17 18:12:39,426 - SwarmManager - ERROR - Handling failure of drone 1: Heartbeat timeout
[swarm_manager.log] 2026-02-17 18:12:40,443 - SwarmManager - ERROR - Drone 1 heartbeat timeout
[swarm_manager.log] 2026-02-17 18:12:40,444 - SwarmManager - ERROR - Handling failure of drone 1: Heartbeat timeout
[swarm_manager.log] 2026-02-17 18:12:41,476 - SwarmManager - ERROR - Drone 1 heartbeat timeout
[swarm_manager.log] 2026-02-17 18:12:41,477 - SwarmManager - ERROR - Handling failure of drone 1: Heartbeat timeout
[swarm_manager.log] 2026-02-17 18:12:42,485 - SwarmManager - ERROR - Drone 1 heartbeat timeout
[swarm_manager.log] 2026-02-17 18:12:42,486 - SwarmManager - ERROR - Handling failure of drone 1: Heartbeat timeout
[swarm_manager.log] 2026-02-17 18:12:43,501 - SwarmManager - ERROR - Drone 1 heartbeat timeout
[swarm_manager.log] 2026-02-17 18:12:43,502 - SwarmManager - ERROR - Handling failure of drone 1: Heartbeat timeout
[swarm_manager.log] 2026-02-17 18:12:44,507 - SwarmManager - ERROR - Drone 1 heartbeat timeout
[swarm_manager.log] 2026-02-17 18:12:44,508 - SwarmManager - ERROR - Handling failure of drone 1: Heartbeat timeout
[ml_system.log] 2026-02-17 18:12:43,247 - PhysicalMLTrainer_Drone4 - INFO - Physical ML model trained drone=4 samples=2701 degree=2 alpha=1.0 val_mse=0.001308
[ml_system.log] 2026-02-17 18:12:43,476 - PhysicalMLTrainer_Drone3 - INFO - Physical ML model trained drone=3 samples=2701 degree=2 alpha=1.0 val_mse=0.001509
[ml_system.log] 2026-02-17 18:12:43,480 - PhysicalMLTrainer_Drone2 - INFO - Physical ML model trained drone=2 samples=2701 degree=2 alpha=1.0 val_mse=0.002492
[ml_system.log] 2026-02-17 18:12:43,481 - PhysicalMLTrainer_Drone5 - INFO - Physical ML model trained drone=5 samples=2701 degree=2 alpha=1.0 val_mse=0.001210
[system_20260217_180837.log] 2026-02-17 18:12:43,247 - PhysicalMLTrainer_Drone4 - INFO - Physical ML model trained drone=4 samples=2701 degree=2 alpha=1.0 val_mse=0.001308
[system_20260217_180837.log] 2026-02-17 18:12:43,476 - PhysicalMLTrainer_Drone3 - INFO - Physical ML model trained drone=3 samples=2701 degree=2 alpha=1.0 val_mse=0.001509
[system_20260217_180837.log] 2026-02-17 18:12:43,480 - PhysicalMLTrainer_Drone2 - INFO - Physical ML model trained drone=2 samples=2701 degree=2 alpha=1.0 val_mse=0.002492
[system_20260217_180837.log] 2026-02-17 18:12:43,481 - PhysicalMLTrainer_Drone5 - INFO - Physical ML model trained drone=5 samples=2701 degree=2 alpha=1.0 val_mse=0.001210
[swarm_manager.log] 2026-02-17 18:12:45,524 - SwarmManager - ERROR - Drone 1 heartbeat timeout
[swarm_manager.log] 2026-02-17 18:12:45,525 - SwarmManager - ERROR - Handling failure of drone 1: Heartbeat timeout
[swarm_manager.log] 2026-02-17 18:12:46,532 - SwarmManager - ERROR - Drone 1 heartbeat timeout
[swarm_manager.log] 2026-02-17 18:12:46,532 - SwarmManager - ERROR - Handling failure of drone 1: Heartbeat timeout
[swarm_manager.log] 2026-02-17 18:12:47,541 - SwarmManager - ERROR - Drone 1 heartbeat timeout
[swarm_manager.log] 2026-02-17 18:12:47,542 - SwarmManager - ERROR - Handling failure of drone 1: Heartbeat timeout
[swarm_manager.log] 2026-02-17 18:12:48,545 - SwarmManager - ERROR - Drone 1 heartbeat timeout
[swarm_manager.log] 2026-02-17 18:12:48,546 - SwarmManager - ERROR - Handling failure of drone 1: Heartbeat timeout
[swarm_manager.log] 2026-02-17 18:12:49,586 - SwarmManager - ERROR - Drone 1 heartbeat timeout
[swarm_manager.log] 2026-02-17 18:12:49,587 - SwarmManager - ERROR - Handling failure of drone 1: Heartbeat timeout
[swarm_manager.log] 2026-02-17 18:12:50,595 - SwarmManager - ERROR - Drone 1 heartbeat timeout
[swarm_manager.log] 2026-02-17 18:12:50,596 - SwarmManager - ERROR - Handling failure of drone 1: Heartbeat timeout
[swarm_manager.log] 2026-02-17 18:12:51,611 - SwarmManager - ERROR - Drone 1 heartbeat timeout
[swarm_manager.log] 2026-02-17 18:12:51,612 - SwarmManager - ERROR - Handling failure of drone 1: Heartbeat timeout
[swarm_manager.log] 2026-02-17 18:12:52,629 - SwarmManager - ERROR - Drone 1 heartbeat timeout
[swarm_manager.log] 2026-02-17 18:12:52,629 - SwarmManager - ERROR - Handling failure of drone 1: Heartbeat timeout
[swarm_manager.log] 2026-02-17 18:12:53,661 - SwarmManager - ERROR - Drone 1 heartbeat timeout
[swarm_manager.log] 2026-02-17 18:12:53,661 - SwarmManager - ERROR - Handling failure of drone 1: Heartbeat timeout
[swarm_manager.log] 2026-02-17 18:12:54,668 - SwarmManager - ERROR - Drone 1 heartbeat timeout
[swarm_manager.log] 2026-02-17 18:12:54,669 - SwarmManager - ERROR - Handling failure of drone 1: Heartbeat timeout
[swarm_manager.log] 2026-02-17 18:12:55,684 - SwarmManager - ERROR - Drone 1 heartbeat timeout
[swarm_manager.log] 2026-02-17 18:12:55,686 - SwarmManager - ERROR - Handling failure of drone 1: Heartbeat timeout
[swarm_manager.log] 2026-02-17 18:12:56,697 - SwarmManager - ERROR - Drone 1 heartbeat timeout
[swarm_manager.log] 2026-02-17 18:12:56,699 - SwarmManager - ERROR - Handling failure of drone 1: Heartbeat timeout
[swarm_manager.log] 2026-02-17 18:12:57,727 - SwarmManager - ERROR - Drone 1 heartbeat timeout
[swarm_manager.log] 2026-02-17 18:12:57,728 - SwarmManager - ERROR - Handling failure of drone 1: Heartbeat timeout
[swarm_manager.log] 2026-02-17 18:12:58,735 - SwarmManager - ERROR - Drone 1 heartbeat timeout
[swarm_manager.log] 2026-02-17 18:12:58,736 - SwarmManager - ERROR - Handling failure of drone 1: Heartbeat timeout
[swarm_manager.log] 2026-02-17 18:12:59,752 - SwarmManager - ERROR - Drone 1 heartbeat timeout
[swarm_manager.log] 2026-02-17 18:12:59,753 - SwarmManager - ERROR - Handling failure of drone 1: Heartbeat timeout
[swarm_manager.log] 2026-02-17 18:13:00,762 - SwarmManager - ERROR - Drone 1 heartbeat timeout
[swarm_manager.log] 2026-02-17 18:13:00,763 - SwarmManager - ERROR - Handling failure of drone 1: Heartbeat timeout
[swarm_manager.log] 2026-02-17 18:13:01,799 - SwarmManager - ERROR - Drone 1 heartbeat timeout
[swarm_manager.log] 2026-02-17 18:13:01,800 - SwarmManager - ERROR - Handling failure of drone 1: Heartbeat timeout
[swarm_manager.log] 2026-02-17 18:13:02,808 - SwarmManager - ERROR - Drone 1 heartbeat timeout
[swarm_manager.log] 2026-02-17 18:13:02,809 - SwarmManager - ERROR - Handling failure of drone 1: Heartbeat timeout
[swarm_manager.log] 2026-02-17 18:13:03,824 - SwarmManager - ERROR - Drone 1 heartbeat timeout
[swarm_manager.log] 2026-02-17 18:13:03,825 - SwarmManager - ERROR - Handling failure of drone 1: Heartbeat timeout
[swarm_manager.log] 2026-02-17 18:13:04,833 - SwarmManager - ERROR - Drone 1 heartbeat timeout
[swarm_manager.log] 2026-02-17 18:13:04,835 - SwarmManager - ERROR - Handling failure of drone 1: Heartbeat timeout
[ml_system.log] 2026-02-17 18:13:03,694 - PhysicalMLTrainer_Drone4 - INFO - Physical ML model trained drone=4 samples=2901 degree=2 alpha=1.0 val_mse=0.001020
[ml_system.log] 2026-02-17 18:13:03,901 - PhysicalMLTrainer_Drone2 - INFO - Physical ML model trained drone=2 samples=2901 degree=2 alpha=1.0 val_mse=0.002000
[ml_system.log] 2026-02-17 18:13:04,035 - PhysicalMLTrainer_Drone3 - INFO - Physical ML model trained drone=3 samples=2901 degree=2 alpha=1.0 val_mse=0.001157
[ml_system.log] 2026-02-17 18:13:04,037 - PhysicalMLTrainer_Drone5 - INFO - Physical ML model trained drone=5 samples=2901 degree=2 alpha=1.0 val_mse=0.001011
[system_20260217_180837.log] 2026-02-17 18:13:03,694 - PhysicalMLTrainer_Drone4 - INFO - Physical ML model trained drone=4 samples=2901 degree=2 alpha=1.0 val_mse=0.001020
[system_20260217_180837.log] 2026-02-17 18:13:03,901 - PhysicalMLTrainer_Drone2 - INFO - Physical ML model trained drone=2 samples=2901 degree=2 alpha=1.0 val_mse=0.002000
[system_20260217_180837.log] 2026-02-17 18:13:04,035 - PhysicalMLTrainer_Drone3 - INFO - Physical ML model trained drone=3 samples=2901 degree=2 alpha=1.0 val_mse=0.001157
[system_20260217_180837.log] 2026-02-17 18:13:04,037 - PhysicalMLTrainer_Drone5 - INFO - Physical ML model trained drone=5 samples=2901 degree=2 alpha=1.0 val_mse=0.001011
[swarm_manager.log] 2026-02-17 18:13:05,873 - SwarmManager - ERROR - Drone 1 heartbeat timeout
[swarm_manager.log] 2026-02-17 18:13:05,874 - SwarmManager - ERROR - Handling failure of drone 1: Heartbeat timeout
[swarm_manager.log] 2026-02-17 18:13:06,882 - SwarmManager - ERROR - Drone 1 heartbeat timeout
[swarm_manager.log] 2026-02-17 18:13:06,883 - SwarmManager - ERROR - Handling failure of drone 1: Heartbeat timeout
[swarm_manager.log] 2026-02-17 18:13:07,898 - SwarmManager - ERROR - Drone 1 heartbeat timeout
[swarm_manager.log] 2026-02-17 18:13:07,898 - SwarmManager - ERROR - Handling failure of drone 1: Heartbeat timeout
[swarm_manager.log] 2026-02-17 18:13:08,906 - SwarmManager - ERROR - Drone 1 heartbeat timeout
[swarm_manager.log] 2026-02-17 18:13:08,907 - SwarmManager - ERROR - Handling failure of drone 1: Heartbeat timeout
[swarm_manager.log] 2026-02-17 18:13:09,934 - SwarmManager - ERROR - Drone 1 heartbeat timeout
[swarm_manager.log] 2026-02-17 18:13:09,935 - SwarmManager - ERROR - Handling failure of drone 1: Heartbeat timeout
[swarm_manager.log] 2026-02-17 18:13:10,940 - SwarmManager - ERROR - Drone 1 heartbeat timeout
[swarm_manager.log] 2026-02-17 18:13:10,940 - SwarmManager - ERROR - Handling failure of drone 1: Heartbeat timeout
[swarm_manager.log] 2026-02-17 18:13:11,952 - SwarmManager - ERROR - Drone 1 heartbeat timeout
[swarm_manager.log] 2026-02-17 18:13:11,953 - SwarmManager - ERROR - Handling failure of drone 1: Heartbeat timeout
[swarm_manager.log] 2026-02-17 18:13:12,960 - SwarmManager - ERROR - Drone 1 heartbeat timeout
[swarm_manager.log] 2026-02-17 18:13:12,961 - SwarmManager - ERROR - Handling failure of drone 1: Heartbeat timeout
[swarm_manager.log] 2026-02-17 18:13:13,979 - SwarmManager - ERROR - Drone 1 heartbeat timeout
[swarm_manager.log] 2026-02-17 18:13:13,987 - SwarmManager - ERROR - Handling failure of drone 1: Heartbeat timeout
[swarm_manager.log] 2026-02-17 18:13:15,014 - SwarmManager - ERROR - Drone 1 heartbeat timeout
[swarm_manager.log] 2026-02-17 18:13:15,015 - SwarmManager - ERROR - Handling failure of drone 1: Heartbeat timeout
[system_20260217_180837.log] 2026-02-17 18:13:12,977 - Drone_2 - INFO - Drone 2: Reached home position
[system_20260217_180837.log] 2026-02-17 18:13:13,381 - Drone_2 - INFO - Drone 2: Landed safely
[system_20260217_180837.log] 2026-02-17 18:13:13,992 - DroneStateManager - INFO - Drone 2 state transition RETURNING_HOME -> IDLE
[swarm_manager.log] 2026-02-17 18:13:16,030 - SwarmManager - ERROR - Drone 1 heartbeat timeout
[swarm_manager.log] 2026-02-17 18:13:16,031 - SwarmManager - ERROR - Handling failure of drone 1: Heartbeat timeout
[swarm_manager.log] 2026-02-17 18:13:17,042 - SwarmManager - ERROR - Drone 1 heartbeat timeout
[swarm_manager.log] 2026-02-17 18:13:17,043 - SwarmManager - ERROR - Handling failure of drone 1: Heartbeat timeout
[swarm_manager.log] 2026-02-17 18:13:18,074 - SwarmManager - ERROR - Drone 1 heartbeat timeout
[swarm_manager.log] 2026-02-17 18:13:18,075 - SwarmManager - ERROR - Handling failure of drone 1: Heartbeat timeout
[swarm_manager.log] 2026-02-17 18:13:19,081 - SwarmManager - ERROR - Drone 1 heartbeat timeout
[swarm_manager.log] 2026-02-17 18:13:19,082 - SwarmManager - ERROR - Handling failure of drone 1: Heartbeat timeout
[swarm_manager.log] 2026-02-17 18:13:20,109 - SwarmManager - ERROR - Drone 1 heartbeat timeout
[swarm_manager.log] 2026-02-17 18:13:20,110 - SwarmManager - ERROR - Handling failure of drone 1: Heartbeat timeout
[swarm_manager.log] 2026-02-17 18:13:21,118 - SwarmManager - ERROR - Drone 1 heartbeat timeout
[swarm_manager.log] 2026-02-17 18:13:21,119 - SwarmManager - ERROR - Handling failure of drone 1: Heartbeat timeout
[swarm_manager.log] 2026-02-17 18:13:22,132 - SwarmManager - ERROR - Drone 1 heartbeat timeout
[swarm_manager.log] 2026-02-17 18:13:22,133 - SwarmManager - ERROR - Handling failure of drone 1: Heartbeat timeout
[swarm_manager.log] 2026-02-17 18:13:23,141 - SwarmManager - ERROR - Drone 1 heartbeat timeout
[swarm_manager.log] 2026-02-17 18:13:23,143 - SwarmManager - ERROR - Handling failure of drone 1: Heartbeat timeout
[swarm_manager.log] 2026-02-17 18:13:24,159 - SwarmManager - ERROR - Drone 1 heartbeat timeout
[swarm_manager.log] 2026-02-17 18:13:24,159 - SwarmManager - ERROR - Handling failure of drone 1: Heartbeat timeout
[swarm_manager.log] 2026-02-17 18:13:25,172 - SwarmManager - ERROR - Drone 1 heartbeat timeout
[swarm_manager.log] 2026-02-17 18:13:25,173 - SwarmManager - ERROR - Handling failure of drone 1: Heartbeat timeout
[ml_system.log] 2026-02-17 18:13:24,140 - PhysicalMLTrainer_Drone4 - INFO - Physical ML model trained drone=4 samples=3101 degree=2 alpha=0.0 val_mse=0.000809
[ml_system.log] 2026-02-17 18:13:24,387 - PhysicalMLTrainer_Drone2 - INFO - Physical ML model trained drone=2 samples=3101 degree=2 alpha=0.0 val_mse=0.001033
[ml_system.log] 2026-02-17 18:13:24,587 - PhysicalMLTrainer_Drone3 - INFO - Physical ML model trained drone=3 samples=3101 degree=2 alpha=0.0 val_mse=0.000921
[ml_system.log] 2026-02-17 18:13:24,587 - PhysicalMLTrainer_Drone5 - INFO - Physical ML model trained drone=5 samples=3101 degree=2 alpha=0.0 val_mse=0.000912
[system_20260217_180837.log] 2026-02-17 18:13:24,140 - PhysicalMLTrainer_Drone4 - INFO - Physical ML model trained drone=4 samples=3101 degree=2 alpha=0.0 val_mse=0.000809
[system_20260217_180837.log] 2026-02-17 18:13:24,387 - PhysicalMLTrainer_Drone2 - INFO - Physical ML model trained drone=2 samples=3101 degree=2 alpha=0.0 val_mse=0.001033
[system_20260217_180837.log] 2026-02-17 18:13:24,587 - PhysicalMLTrainer_Drone3 - INFO - Physical ML model trained drone=3 samples=3101 degree=2 alpha=0.0 val_mse=0.000921
[system_20260217_180837.log] 2026-02-17 18:13:24,587 - PhysicalMLTrainer_Drone5 - INFO - Physical ML model trained drone=5 samples=3101 degree=2 alpha=0.0 val_mse=0.000912
[swarm_manager.log] 2026-02-17 18:13:26,212 - SwarmManager - ERROR - Drone 1 heartbeat timeout
[swarm_manager.log] 2026-02-17 18:13:26,213 - SwarmManager - ERROR - Handling failure of drone 1: Heartbeat timeout
[swarm_manager.log] 2026-02-17 18:13:27,221 - SwarmManager - ERROR - Drone 1 heartbeat timeout
[swarm_manager.log] 2026-02-17 18:13:27,222 - SwarmManager - ERROR - Handling failure of drone 1: Heartbeat timeout
[swarm_manager.log] 2026-02-17 18:13:28,244 - SwarmManager - ERROR - Drone 1 heartbeat timeout
[swarm_manager.log] 2026-02-17 18:13:28,244 - SwarmManager - ERROR - Handling failure of drone 1: Heartbeat timeout
[swarm_manager.log] 2026-02-17 18:13:29,249 - SwarmManager - ERROR - Drone 1 heartbeat timeout
[swarm_manager.log] 2026-02-17 18:13:29,249 - SwarmManager - ERROR - Handling failure of drone 1: Heartbeat timeout
[swarm_manager.log] 2026-02-17 18:13:30,263 - SwarmManager - ERROR - Drone 1 heartbeat timeout
[swarm_manager.log] 2026-02-17 18:13:30,264 - SwarmManager - ERROR - Handling failure of drone 1: Heartbeat timeout
[swarm_manager.log] 2026-02-17 18:13:31,269 - SwarmManager - ERROR - Drone 1 heartbeat timeout
[swarm_manager.log] 2026-02-17 18:13:31,270 - SwarmManager - ERROR - Handling failure of drone 1: Heartbeat timeout
[swarm_manager.log] 2026-02-17 18:13:32,303 - SwarmManager - ERROR - Drone 1 heartbeat timeout
[swarm_manager.log] 2026-02-17 18:13:32,303 - SwarmManager - ERROR - Handling failure of drone 1: Heartbeat timeout
[swarm_manager.log] 2026-02-17 18:13:33,306 - SwarmManager - ERROR - Drone 1 heartbeat timeout
[swarm_manager.log] 2026-02-17 18:13:33,307 - SwarmManager - ERROR - Handling failure of drone 1: Heartbeat timeout
[swarm_manager.log] 2026-02-17 18:13:34,323 - SwarmManager - ERROR - Drone 1 heartbeat timeout
[swarm_manager.log] 2026-02-17 18:13:34,324 - SwarmManager - ERROR - Handling failure of drone 1: Heartbeat timeout
[swarm_manager.log] 2026-02-17 18:13:35,332 - SwarmManager - ERROR - Drone 1 heartbeat timeout
[swarm_manager.log] 2026-02-17 18:13:35,332 - SwarmManager - ERROR - Handling failure of drone 1: Heartbeat timeout
[swarm_manager.log] 2026-02-17 18:13:36,349 - SwarmManager - ERROR - Drone 1 heartbeat timeout
[swarm_manager.log] 2026-02-17 18:13:36,350 - SwarmManager - ERROR - Handling failure of drone 1: Heartbeat timeout
[swarm_manager.log] 2026-02-17 18:13:37,354 - SwarmManager - ERROR - Drone 1 heartbeat timeout
[swarm_manager.log] 2026-02-17 18:13:37,355 - SwarmManager - ERROR - Handling failure of drone 1: Heartbeat timeout
[swarm_manager.log] 2026-02-17 18:13:38,365 - SwarmManager - ERROR - Drone 1 heartbeat timeout
[swarm_manager.log] 2026-02-17 18:13:38,366 - SwarmManager - ERROR - Handling failure of drone 1: Heartbeat timeout
[swarm_manager.log] 2026-02-17 18:13:39,373 - SwarmManager - ERROR - Drone 1 heartbeat timeout
[swarm_manager.log] 2026-02-17 18:13:39,374 - SwarmManager - ERROR - Handling failure of drone 1: Heartbeat timeout
[swarm_manager.log] 2026-02-17 18:13:40,407 - SwarmManager - ERROR - Drone 1 heartbeat timeout
[swarm_manager.log] 2026-02-17 18:13:40,410 - SwarmManager - ERROR - Handling failure of drone 1: Heartbeat timeout
[swarm_manager.log] 2026-02-17 18:13:41,417 - SwarmManager - ERROR - Drone 1 heartbeat timeout
[swarm_manager.log] 2026-02-17 18:13:41,417 - SwarmManager - ERROR - Handling failure of drone 1: Heartbeat timeout
[swarm_manager.log] 2026-02-17 18:13:42,432 - SwarmManager - ERROR - Drone 1 heartbeat timeout
[swarm_manager.log] 2026-02-17 18:13:42,433 - SwarmManager - ERROR - Handling failure of drone 1: Heartbeat timeout
[swarm_manager.log] 2026-02-17 18:13:43,439 - SwarmManager - ERROR - Drone 1 heartbeat timeout
[swarm_manager.log] 2026-02-17 18:13:43,440 - SwarmManager - ERROR - Handling failure of drone 1: Heartbeat timeout
[swarm_manager.log] 2026-02-17 18:13:44,473 - SwarmManager - ERROR - Drone 1 heartbeat timeout
[swarm_manager.log] 2026-02-17 18:13:44,474 - SwarmManager - ERROR - Handling failure of drone 1: Heartbeat timeout
[swarm_manager.log] 2026-02-17 18:13:45,482 - SwarmManager - ERROR - Drone 1 heartbeat timeout
[swarm_manager.log] 2026-02-17 18:13:45,484 - SwarmManager - ERROR - Handling failure of drone 1: Heartbeat timeout
[ml_system.log] 2026-02-17 18:13:44,607 - PhysicalMLTrainer_Drone4 - INFO - Physical ML model trained drone=4 samples=3301 degree=2 alpha=0.0 val_mse=0.000655
[ml_system.log] 2026-02-17 18:13:44,924 - PhysicalMLTrainer_Drone2 - INFO - Physical ML model trained drone=2 samples=3301 degree=2 alpha=0.0 val_mse=0.000418
[ml_system.log] 2026-02-17 18:13:45,149 - PhysicalMLTrainer_Drone3 - INFO - Physical ML model trained drone=3 samples=3301 degree=2 alpha=0.0 val_mse=0.000747
[ml_system.log] 2026-02-17 18:13:45,154 - PhysicalMLTrainer_Drone5 - INFO - Physical ML model trained drone=5 samples=3301 degree=2 alpha=0.0 val_mse=0.000817
[system_20260217_180837.log] 2026-02-17 18:13:44,607 - PhysicalMLTrainer_Drone4 - INFO - Physical ML model trained drone=4 samples=3301 degree=2 alpha=0.0 val_mse=0.000655
[system_20260217_180837.log] 2026-02-17 18:13:44,924 - PhysicalMLTrainer_Drone2 - INFO - Physical ML model trained drone=2 samples=3301 degree=2 alpha=0.0 val_mse=0.000418
[system_20260217_180837.log] 2026-02-17 18:13:45,149 - PhysicalMLTrainer_Drone3 - INFO - Physical ML model trained drone=3 samples=3301 degree=2 alpha=0.0 val_mse=0.000747
[system_20260217_180837.log] 2026-02-17 18:13:45,154 - PhysicalMLTrainer_Drone5 - INFO - Physical ML model trained drone=5 samples=3301 degree=2 alpha=0.0 val_mse=0.000817
[swarm_manager.log] 2026-02-17 18:13:46,500 - SwarmManager - ERROR - Drone 1 heartbeat timeout
[swarm_manager.log] 2026-02-17 18:13:46,500 - SwarmManager - ERROR - Handling failure of drone 1: Heartbeat timeout
[swarm_manager.log] 2026-02-17 18:13:47,512 - SwarmManager - ERROR - Drone 1 heartbeat timeout
[swarm_manager.log] 2026-02-17 18:13:47,513 - SwarmManager - ERROR - Handling failure of drone 1: Heartbeat timeout
[swarm_manager.log] 2026-02-17 18:13:48,530 - SwarmManager - ERROR - Drone 1 heartbeat timeout
[swarm_manager.log] 2026-02-17 18:13:48,531 - SwarmManager - ERROR - Handling failure of drone 1: Heartbeat timeout
[swarm_manager.log] 2026-02-17 18:13:49,537 - SwarmManager - ERROR - Drone 1 heartbeat timeout
[swarm_manager.log] 2026-02-17 18:13:49,538 - SwarmManager - ERROR - Handling failure of drone 1: Heartbeat timeout
[swarm_manager.log] 2026-02-17 18:13:50,555 - SwarmManager - ERROR - Drone 1 heartbeat timeout
[swarm_manager.log] 2026-02-17 18:13:50,556 - SwarmManager - ERROR - Handling failure of drone 1: Heartbeat timeout
[swarm_manager.log] 2026-02-17 18:13:51,560 - SwarmManager - ERROR - Drone 1 heartbeat timeout
[swarm_manager.log] 2026-02-17 18:13:51,561 - SwarmManager - ERROR - Handling failure of drone 1: Heartbeat timeout
[swarm_manager.log] 2026-02-17 18:13:52,600 - SwarmManager - ERROR - Drone 1 heartbeat timeout
[swarm_manager.log] 2026-02-17 18:13:52,601 - SwarmManager - ERROR - Handling failure of drone 1: Heartbeat timeout
[swarm_manager.log] 2026-02-17 18:13:53,607 - SwarmManager - ERROR - Drone 1 heartbeat timeout
[swarm_manager.log] 2026-02-17 18:13:53,607 - SwarmManager - ERROR - Handling failure of drone 1: Heartbeat timeout
[swarm_manager.log] 2026-02-17 18:13:54,623 - SwarmManager - ERROR - Drone 1 heartbeat timeout
[swarm_manager.log] 2026-02-17 18:13:54,638 - SwarmManager - ERROR - Handling failure of drone 1: Heartbeat timeout
[swarm_manager.log] 2026-02-17 18:13:55,655 - SwarmManager - ERROR - Drone 1 heartbeat timeout
[swarm_manager.log] 2026-02-17 18:13:55,655 - SwarmManager - ERROR - Handling failure of drone 1: Heartbeat timeout
[swarm_manager.log] 2026-02-17 18:13:56,669 - SwarmManager - ERROR - Drone 1 heartbeat timeout
[swarm_manager.log] 2026-02-17 18:13:56,670 - SwarmManager - ERROR - Handling failure of drone 1: Heartbeat timeout
[swarm_manager.log] 2026-02-17 18:13:57,675 - SwarmManager - ERROR - Drone 1 heartbeat timeout
[swarm_manager.log] 2026-02-17 18:13:57,676 - SwarmManager - ERROR - Handling failure of drone 1: Heartbeat timeout
[swarm_manager.log] 2026-02-17 18:13:58,700 - SwarmManager - ERROR - Drone 1 heartbeat timeout
[swarm_manager.log] 2026-02-17 18:13:58,700 - SwarmManager - ERROR - Handling failure of drone 1: Heartbeat timeout
[swarm_manager.log] 2026-02-17 18:13:59,707 - SwarmManager - ERROR - Drone 1 heartbeat timeout
[swarm_manager.log] 2026-02-17 18:13:59,708 - SwarmManager - ERROR - Handling failure of drone 1: Heartbeat timeout
[swarm_manager.log] 2026-02-17 18:14:00,724 - SwarmManager - ERROR - Drone 1 heartbeat timeout
[swarm_manager.log] 2026-02-17 18:14:00,725 - SwarmManager - ERROR - Handling failure of drone 1: Heartbeat timeout
[swarm_manager.log] 2026-02-17 18:14:01,732 - SwarmManager - ERROR - Drone 1 heartbeat timeout
[swarm_manager.log] 2026-02-17 18:14:01,732 - SwarmManager - ERROR - Handling failure of drone 1: Heartbeat timeout
[swarm_manager.log] 2026-02-17 18:14:02,763 - SwarmManager - ERROR - Drone 1 heartbeat timeout
[swarm_manager.log] 2026-02-17 18:14:02,764 - SwarmManager - ERROR - Handling failure of drone 1: Heartbeat timeout
[swarm_manager.log] 2026-02-17 18:14:03,770 - SwarmManager - ERROR - Drone 1 heartbeat timeout
[swarm_manager.log] 2026-02-17 18:14:03,772 - SwarmManager - ERROR - Handling failure of drone 1: Heartbeat timeout
[swarm_manager.log] 2026-02-17 18:14:04,790 - SwarmManager - ERROR - Drone 1 heartbeat timeout
[swarm_manager.log] 2026-02-17 18:14:04,791 - SwarmManager - ERROR - Handling failure of drone 1: Heartbeat timeout
[swarm_manager.log] 2026-02-17 18:14:05,799 - SwarmManager - ERROR - Drone 1 heartbeat timeout
[swarm_manager.log] 2026-02-17 18:14:05,800 - SwarmManager - ERROR - Handling failure of drone 1: Heartbeat timeout
[ml_system.log] 2026-02-17 18:14:05,068 - PhysicalMLTrainer_Drone4 - INFO - Physical ML model trained drone=4 samples=3501 degree=2 alpha=0.0 val_mse=0.000564
[ml_system.log] 2026-02-17 18:14:05,349 - PhysicalMLTrainer_Drone2 - INFO - Physical ML model trained drone=2 samples=3501 degree=2 alpha=0.0 val_mse=0.000248
[ml_system.log] 2026-02-17 18:14:05,661 - PhysicalMLTrainer_Drone5 - INFO - Physical ML model trained drone=5 samples=3501 degree=2 alpha=0.0 val_mse=0.000771
[ml_system.log] 2026-02-17 18:14:05,665 - PhysicalMLTrainer_Drone3 - INFO - Physical ML model trained drone=3 samples=3501 degree=2 alpha=0.0 val_mse=0.000640
[system_20260217_180837.log] 2026-02-17 18:14:05,068 - PhysicalMLTrainer_Drone4 - INFO - Physical ML model trained drone=4 samples=3501 degree=2 alpha=0.0 val_mse=0.000564
[system_20260217_180837.log] 2026-02-17 18:14:05,349 - PhysicalMLTrainer_Drone2 - INFO - Physical ML model trained drone=2 samples=3501 degree=2 alpha=0.0 val_mse=0.000248
[system_20260217_180837.log] 2026-02-17 18:14:05,661 - PhysicalMLTrainer_Drone5 - INFO - Physical ML model trained drone=5 samples=3501 degree=2 alpha=0.0 val_mse=0.000771
[system_20260217_180837.log] 2026-02-17 18:14:05,665 - PhysicalMLTrainer_Drone3 - INFO - Physical ML model trained drone=3 samples=3501 degree=2 alpha=0.0 val_mse=0.000640
[swarm_manager.log] 2026-02-17 18:14:06,830 - SwarmManager - ERROR - Drone 1 heartbeat timeout
[swarm_manager.log] 2026-02-17 18:14:06,831 - SwarmManager - ERROR - Handling failure of drone 1: Heartbeat timeout
[swarm_manager.log] 2026-02-17 18:14:06,840 - SwarmManager - INFO - MISSION_COMPLETE: Drone 5 reached destination (x=2553.9, y=2537.2, z=60.0)
[swarm_manager.log] 2026-02-17 18:14:06,843 - SwarmManager - INFO - MISSION_COMPLETE received from Drone 5 target={'x': 2553.9057647468726, 'y': 2537.202456766718, 'z': 60.0} -> leader broadcasting RETURN_TO_HOME
[swarm_manager.log] 2026-02-17 18:14:06,844 - SwarmManager - INFO - Leader command received: RETURN_TO_HOME by drone=5
[swarm_manager.log] 2026-02-17 18:14:07,844 - SwarmManager - ERROR - Drone 1 heartbeat timeout
[swarm_manager.log] 2026-02-17 18:14:07,844 - SwarmManager - ERROR - Handling failure of drone 1: Heartbeat timeout
[system_20260217_180837.log] 2026-02-17 18:14:06,836 - DroneStateManager - INFO - Drone 5 state transition MOVING_TO_TARGET -> MISSION_COMPLETE
[system_20260217_180837.log] 2026-02-17 18:14:06,844 - Drone_1 - INFO - Drone 1: Returning to home - Leader broadcast RETURN_TO_HOME
[system_20260217_180837.log] 2026-02-17 18:14:06,846 - DroneStateManager - INFO - Drone 1 state transition MOVING_TO_TARGET -> RETURNING_HOME
[system_20260217_180837.log] 2026-02-17 18:14:06,848 - DroneStateManager - INFO - Drone 2 state transition IDLE -> RETURNING_HOME
[system_20260217_180837.log] 2026-02-17 18:14:06,850 - Drone_3 - INFO - Drone 3: Returning to home - Leader broadcast RETURN_TO_HOME
[system_20260217_180837.log] 2026-02-17 18:14:06,851 - DroneStateManager - INFO - Drone 3 state transition MOVING_TO_TARGET -> RETURNING_HOME
[system_20260217_180837.log] 2026-02-17 18:14:06,854 - Drone_4 - INFO - Drone 4: Returning to home - Leader broadcast RETURN_TO_HOME
[system_20260217_180837.log] 2026-02-17 18:14:06,856 - DroneStateManager - INFO - Drone 4 state transition MOVING_TO_TARGET -> RETURNING_HOME
[system_20260217_180837.log] 2026-02-17 18:14:06,858 - Drone_5 - INFO - Drone 5: Returning to home - Leader broadcast RETURN_TO_HOME
[system_20260217_180837.log] 2026-02-17 18:14:06,860 - DroneStateManager - INFO - Drone 5 state transition MISSION_COMPLETE -> RETURNING_HOME
[swarm_manager.log] 2026-02-17 18:14:08,856 - SwarmManager - ERROR - Drone 1 heartbeat timeout
[swarm_manager.log] 2026-02-17 18:14:08,857 - SwarmManager - ERROR - Handling failure of drone 1: Heartbeat timeout
[swarm_manager.log] 2026-02-17 18:14:09,860 - SwarmManager - ERROR - Drone 1 heartbeat timeout
[swarm_manager.log] 2026-02-17 18:14:09,877 - SwarmManager - ERROR - Handling failure of drone 1: Heartbeat timeout
[system_20260217_180837.log] 2026-02-17 18:14:07,853 - DroneStateManager - INFO - Drone 2 state transition RETURNING_HOME -> IDLE
[swarm_manager.log] 2026-02-17 18:14:10,914 - SwarmManager - ERROR - Drone 1 heartbeat timeout
[swarm_manager.log] 2026-02-17 18:14:10,915 - SwarmManager - ERROR - Handling failure of drone 1: Heartbeat timeout
[swarm_manager.log] 2026-02-17 18:14:11,919 - SwarmManager - ERROR - Drone 1 heartbeat timeout
[swarm_manager.log] 2026-02-17 18:14:11,920 - SwarmManager - ERROR - Handling failure of drone 1: Heartbeat timeout
[swarm_manager.log] 2026-02-17 18:14:12,930 - SwarmManager - ERROR - Drone 1 heartbeat timeout
[swarm_manager.log] 2026-02-17 18:14:12,931 - SwarmManager - ERROR - Handling failure of drone 1: Heartbeat timeout
[swarm_manager.log] 2026-02-17 18:14:13,934 - SwarmManager - ERROR - Drone 1 heartbeat timeout
[swarm_manager.log] 2026-02-17 18:14:13,954 - SwarmManager - ERROR - Handling failure of drone 1: Heartbeat timeout
[swarm_manager.log] 2026-02-17 18:14:14,965 - SwarmManager - ERROR - Drone 1 heartbeat timeout
[swarm_manager.log] 2026-02-17 18:14:14,967 - SwarmManager - ERROR - Handling failure of drone 1: Heartbeat timeout
[swarm_manager.log] 2026-02-17 18:14:15,978 - SwarmManager - ERROR - Drone 1 heartbeat timeout
[swarm_manager.log] 2026-02-17 18:14:15,980 - SwarmManager - ERROR - Handling failure of drone 1: Heartbeat timeout
[swarm_manager.log] 2026-02-17 18:14:16,996 - SwarmManager - ERROR - Drone 1 heartbeat timeout
[swarm_manager.log] 2026-02-17 18:14:16,998 - SwarmManager - ERROR - Handling failure of drone 1: Heartbeat timeout
[swarm_manager.log] 2026-02-17 18:14:18,002 - SwarmManager - ERROR - Drone 1 heartbeat timeout
[swarm_manager.log] 2026-02-17 18:14:18,004 - SwarmManager - ERROR - Handling failure of drone 1: Heartbeat timeout
[swarm_manager.log] 2026-02-17 18:14:19,067 - SwarmManager - ERROR - Drone 1 heartbeat timeout
[swarm_manager.log] 2026-02-17 18:14:19,068 - SwarmManager - ERROR - Handling failure of drone 1: Heartbeat timeout
[swarm_manager.log] 2026-02-17 18:14:20,073 - SwarmManager - ERROR - Drone 1 heartbeat timeout
[swarm_manager.log] 2026-02-17 18:14:20,082 - SwarmManager - ERROR - Handling failure of drone 1: Heartbeat timeout
[swarm_manager.log] 2026-02-17 18:14:21,101 - SwarmManager - ERROR - Drone 1 heartbeat timeout
[swarm_manager.log] 2026-02-17 18:14:21,109 - SwarmManager - ERROR - Handling failure of drone 1: Heartbeat timeout
[swarm_manager.log] 2026-02-17 18:14:22,115 - SwarmManager - ERROR - Drone 1 heartbeat timeout
[swarm_manager.log] 2026-02-17 18:14:22,116 - SwarmManager - ERROR - Handling failure of drone 1: Heartbeat timeout
[swarm_manager.log] 2026-02-17 18:14:23,151 - SwarmManager - ERROR - Drone 1 heartbeat timeout
[swarm_manager.log] 2026-02-17 18:14:23,153 - SwarmManager - ERROR - Handling failure of drone 1: Heartbeat timeout
[swarm_manager.log] 2026-02-17 18:14:24,157 - SwarmManager - ERROR - Drone 1 heartbeat timeout
[swarm_manager.log] 2026-02-17 18:14:24,158 - SwarmManager - ERROR - Handling failure of drone 1: Heartbeat timeout
[swarm_manager.log] 2026-02-17 18:14:25,177 - SwarmManager - ERROR - Drone 1 heartbeat timeout
[swarm_manager.log] 2026-02-17 18:14:25,178 - SwarmManager - ERROR - Handling failure of drone 1: Heartbeat timeout
[swarm_manager.log] 2026-02-17 18:14:26,183 - SwarmManager - ERROR - Drone 1 heartbeat timeout
[swarm_manager.log] 2026-02-17 18:14:26,183 - SwarmManager - ERROR - Handling failure of drone 1: Heartbeat timeout
[ml_system.log] 2026-02-17 18:14:25,534 - PhysicalMLTrainer_Drone4 - INFO - Physical ML model trained drone=4 samples=3701 degree=2 alpha=1.0 val_mse=0.177415
[ml_system.log] 2026-02-17 18:14:25,786 - PhysicalMLTrainer_Drone2 - INFO - Physical ML model trained drone=2 samples=3701 degree=2 alpha=0.0 val_mse=0.000107
[ml_system.log] 2026-02-17 18:14:26,100 - PhysicalMLTrainer_Drone5 - INFO - Physical ML model trained drone=5 samples=3701 degree=2 alpha=1.0 val_mse=0.230345
[ml_system.log] 2026-02-17 18:14:26,132 - PhysicalMLTrainer_Drone3 - INFO - Physical ML model trained drone=3 samples=3701 degree=2 alpha=1.0 val_mse=0.233482
[system_20260217_180837.log] 2026-02-17 18:14:25,534 - PhysicalMLTrainer_Drone4 - INFO - Physical ML model trained drone=4 samples=3701 degree=2 alpha=1.0 val_mse=0.177415
[system_20260217_180837.log] 2026-02-17 18:14:25,786 - PhysicalMLTrainer_Drone2 - INFO - Physical ML model trained drone=2 samples=3701 degree=2 alpha=0.0 val_mse=0.000107
[system_20260217_180837.log] 2026-02-17 18:14:26,100 - PhysicalMLTrainer_Drone5 - INFO - Physical ML model trained drone=5 samples=3701 degree=2 alpha=1.0 val_mse=0.230345
[system_20260217_180837.log] 2026-02-17 18:14:26,132 - PhysicalMLTrainer_Drone3 - INFO - Physical ML model trained drone=3 samples=3701 degree=2 alpha=1.0 val_mse=0.233482
[swarm_manager.log] 2026-02-17 18:14:27,224 - SwarmManager - ERROR - Drone 1 heartbeat timeout
[swarm_manager.log] 2026-02-17 18:14:27,224 - SwarmManager - ERROR - Handling failure of drone 1: Heartbeat timeout
[swarm_manager.log] 2026-02-17 18:14:28,242 - SwarmManager - ERROR - Drone 1 heartbeat timeout
[swarm_manager.log] 2026-02-17 18:14:28,243 - SwarmManager - ERROR - Handling failure of drone 1: Heartbeat timeout
[swarm_manager.log] 2026-02-17 18:14:29,278 - SwarmManager - ERROR - Drone 1 heartbeat timeout
[swarm_manager.log] 2026-02-17 18:14:29,279 - SwarmManager - ERROR - Handling failure of drone 1: Heartbeat timeout
[swarm_manager.log] 2026-02-17 18:14:30,284 - SwarmManager - ERROR - Drone 1 heartbeat timeout
[swarm_manager.log] 2026-02-17 18:14:30,285 - SwarmManager - ERROR - Handling failure of drone 1: Heartbeat timeout
[swarm_manager.log] 2026-02-17 18:14:31,315 - SwarmManager - ERROR - Drone 1 heartbeat timeout
[swarm_manager.log] 2026-02-17 18:14:31,316 - SwarmManager - ERROR - Handling failure of drone 1: Heartbeat timeout
[swarm_manager.log] 2026-02-17 18:14:32,333 - SwarmManager - ERROR - Drone 1 heartbeat timeout
[swarm_manager.log] 2026-02-17 18:14:32,334 - SwarmManager - ERROR - Handling failure of drone 1: Heartbeat timeout
[swarm_manager.log] 2026-02-17 18:14:33,348 - SwarmManager - ERROR - Drone 1 heartbeat timeout
[swarm_manager.log] 2026-02-17 18:14:33,349 - SwarmManager - ERROR - Handling failure of drone 1: Heartbeat timeout
[swarm_manager.log] 2026-02-17 18:14:34,354 - SwarmManager - ERROR - Drone 1 heartbeat timeout
[swarm_manager.log] 2026-02-17 18:14:34,355 - SwarmManager - ERROR - Handling failure of drone 1: Heartbeat timeout
[swarm_manager.log] 2026-02-17 18:14:35,370 - SwarmManager - ERROR - Drone 1 heartbeat timeout
[swarm_manager.log] 2026-02-17 18:14:35,370 - SwarmManager - ERROR - Handling failure of drone 1: Heartbeat timeout
[swarm_manager.log] 2026-02-17 18:14:36,375 - SwarmManager - ERROR - Drone 1 heartbeat timeout
[swarm_manager.log] 2026-02-17 18:14:36,393 - SwarmManager - ERROR - Handling failure of drone 1: Heartbeat timeout
[swarm_manager.log] 2026-02-17 18:14:37,410 - SwarmManager - ERROR - Drone 1 heartbeat timeout
[swarm_manager.log] 2026-02-17 18:14:37,410 - SwarmManager - ERROR - Handling failure of drone 1: Heartbeat timeout
[swarm_manager.log] 2026-02-17 18:14:38,414 - SwarmManager - ERROR - Drone 1 heartbeat timeout
[swarm_manager.log] 2026-02-17 18:14:38,415 - SwarmManager - ERROR - Handling failure of drone 1: Heartbeat timeout
[swarm_manager.log] 2026-02-17 18:14:39,423 - SwarmManager - ERROR - Drone 1 heartbeat timeout
[swarm_manager.log] 2026-02-17 18:14:39,424 - SwarmManager - ERROR - Handling failure of drone 1: Heartbeat timeout
[swarm_manager.log] 2026-02-17 18:14:40,428 - SwarmManager - ERROR - Drone 1 heartbeat timeout
[swarm_manager.log] 2026-02-17 18:14:40,430 - SwarmManager - ERROR - Handling failure of drone 1: Heartbeat timeout
[swarm_manager.log] 2026-02-17 18:14:41,442 - SwarmManager - ERROR - Drone 1 heartbeat timeout
[swarm_manager.log] 2026-02-17 18:14:41,443 - SwarmManager - ERROR - Handling failure of drone 1: Heartbeat timeout
[swarm_manager.log] 2026-02-17 18:14:42,455 - SwarmManager - ERROR - Drone 1 heartbeat timeout
[swarm_manager.log] 2026-02-17 18:14:42,456 - SwarmManager - ERROR - Handling failure of drone 1: Heartbeat timeout
[swarm_manager.log] 2026-02-17 18:14:43,469 - SwarmManager - ERROR - Drone 1 heartbeat timeout
[swarm_manager.log] 2026-02-17 18:14:43,469 - SwarmManager - ERROR - Handling failure of drone 1: Heartbeat timeout
[swarm_manager.log] 2026-02-17 18:14:44,473 - SwarmManager - ERROR - Drone 1 heartbeat timeout
[swarm_manager.log] 2026-02-17 18:14:44,473 - SwarmManager - ERROR - Handling failure of drone 1: Heartbeat timeout
[swarm_manager.log] 2026-02-17 18:14:45,483 - SwarmManager - ERROR - Drone 1 heartbeat timeout
[swarm_manager.log] 2026-02-17 18:14:45,484 - SwarmManager - ERROR - Handling failure of drone 1: Heartbeat timeout
[swarm_manager.log] 2026-02-17 18:14:46,491 - SwarmManager - ERROR - Drone 1 heartbeat timeout
[swarm_manager.log] 2026-02-17 18:14:46,493 - SwarmManager - ERROR - Handling failure of drone 1: Heartbeat timeout
[ml_system.log] 2026-02-17 18:14:45,973 - PhysicalMLTrainer_Drone4 - INFO - Physical ML model trained drone=4 samples=3901 degree=2 alpha=1.0 val_mse=0.307768
[ml_system.log] 2026-02-17 18:14:46,291 - PhysicalMLTrainer_Drone2 - INFO - Physical ML model trained drone=2 samples=3901 degree=2 alpha=0.0 val_mse=0.000009
[system_20260217_180837.log] 2026-02-17 18:14:45,973 - PhysicalMLTrainer_Drone4 - INFO - Physical ML model trained drone=4 samples=3901 degree=2 alpha=1.0 val_mse=0.307768
[system_20260217_180837.log] 2026-02-17 18:14:46,291 - PhysicalMLTrainer_Drone2 - INFO - Physical ML model trained drone=2 samples=3901 degree=2 alpha=0.0 val_mse=0.000009
[swarm_manager.log] 2026-02-17 18:14:47,507 - SwarmManager - ERROR - Drone 1 heartbeat timeout
[swarm_manager.log] 2026-02-17 18:14:47,507 - SwarmManager - ERROR - Handling failure of drone 1: Heartbeat timeout
[swarm_manager.log] 2026-02-17 18:14:48,511 - SwarmManager - ERROR - Drone 1 heartbeat timeout
[swarm_manager.log] 2026-02-17 18:14:48,511 - SwarmManager - ERROR - Handling failure of drone 1: Heartbeat timeout
[ml_system.log] 2026-02-17 18:14:46,634 - PhysicalMLTrainer_Drone3 - INFO - Physical ML model trained drone=3 samples=3901 degree=2 alpha=1.0 val_mse=0.415231
[ml_system.log] 2026-02-17 18:14:46,639 - PhysicalMLTrainer_Drone5 - INFO - Physical ML model trained drone=5 samples=3901 degree=2 alpha=1.0 val_mse=0.398722
[system_20260217_180837.log] 2026-02-17 18:14:46,634 - PhysicalMLTrainer_Drone3 - INFO - Physical ML model trained drone=3 samples=3901 degree=2 alpha=1.0 val_mse=0.415231
[system_20260217_180837.log] 2026-02-17 18:14:46,639 - PhysicalMLTrainer_Drone5 - INFO - Physical ML model trained drone=5 samples=3901 degree=2 alpha=1.0 val_mse=0.398722
[swarm_manager.log] 2026-02-17 18:14:49,531 - SwarmManager - ERROR - Drone 1 heartbeat timeout
[swarm_manager.log] 2026-02-17 18:14:49,532 - SwarmManager - ERROR - Handling failure of drone 1: Heartbeat timeout
[swarm_manager.log] 2026-02-17 18:14:50,536 - SwarmManager - ERROR - Drone 1 heartbeat timeout
[swarm_manager.log] 2026-02-17 18:14:50,536 - SwarmManager - ERROR - Handling failure of drone 1: Heartbeat timeout
[swarm_manager.log] 2026-02-17 18:14:51,544 - SwarmManager - ERROR - Drone 1 heartbeat timeout
[swarm_manager.log] 2026-02-17 18:14:51,545 - SwarmManager - ERROR - Handling failure of drone 1: Heartbeat timeout
[swarm_manager.log] 2026-02-17 18:14:52,550 - SwarmManager - ERROR - Drone 1 heartbeat timeout
[swarm_manager.log] 2026-02-17 18:14:52,551 - SwarmManager - ERROR - Handling failure of drone 1: Heartbeat timeout
[swarm_manager.log] 2026-02-17 18:14:53,575 - SwarmManager - ERROR - Drone 1 heartbeat timeout
[swarm_manager.log] 2026-02-17 18:14:53,577 - SwarmManager - ERROR - Handling failure of drone 1: Heartbeat timeout
[swarm_manager.log] 2026-02-17 18:14:54,584 - SwarmManager - ERROR - Drone 1 heartbeat timeout
[swarm_manager.log] 2026-02-17 18:14:54,586 - SwarmManager - ERROR - Handling failure of drone 1: Heartbeat timeout
[swarm_manager.log] 2026-02-17 18:14:55,601 - SwarmManager - ERROR - Drone 1 heartbeat timeout
[swarm_manager.log] 2026-02-17 18:14:55,602 - SwarmManager - ERROR - Handling failure of drone 1: Heartbeat timeout
[swarm_manager.log] 2026-02-17 18:14:56,606 - SwarmManager - ERROR - Drone 1 heartbeat timeout
[swarm_manager.log] 2026-02-17 18:14:56,607 - SwarmManager - ERROR - Handling failure of drone 1: Heartbeat timeout
[swarm_manager.log] 2026-02-17 18:14:57,633 - SwarmManager - ERROR - Drone 1 heartbeat timeout
[swarm_manager.log] 2026-02-17 18:14:57,634 - SwarmManager - ERROR - Handling failure of drone 1: Heartbeat timeout
[swarm_manager.log] 2026-02-17 18:14:58,637 - SwarmManager - ERROR - Drone 1 heartbeat timeout
[swarm_manager.log] 2026-02-17 18:14:58,638 - SwarmManager - ERROR - Handling failure of drone 1: Heartbeat timeout
[swarm_manager.log] 2026-02-17 18:14:59,669 - SwarmManager - ERROR - Drone 1 heartbeat timeout
[swarm_manager.log] 2026-02-17 18:14:59,670 - SwarmManager - ERROR - Handling failure of drone 1: Heartbeat timeout
[swarm_manager.log] 2026-02-17 18:15:00,674 - SwarmManager - ERROR - Drone 1 heartbeat timeout
[swarm_manager.log] 2026-02-17 18:15:00,674 - SwarmManager - ERROR - Handling failure of drone 1: Heartbeat timeout
[swarm_manager.log] 2026-02-17 18:15:01,706 - SwarmManager - ERROR - Drone 1 heartbeat timeout
[swarm_manager.log] 2026-02-17 18:15:01,707 - SwarmManager - ERROR - Handling failure of drone 1: Heartbeat timeout
[swarm_manager.log] 2026-02-17 18:15:02,719 - SwarmManager - ERROR - Drone 1 heartbeat timeout
[swarm_manager.log] 2026-02-17 18:15:02,722 - SwarmManager - ERROR - Handling failure of drone 1: Heartbeat timeout
[swarm_manager.log] 2026-02-17 18:15:03,738 - SwarmManager - ERROR - Drone 1 heartbeat timeout
[swarm_manager.log] 2026-02-17 18:15:03,739 - SwarmManager - ERROR - Handling failure of drone 1: Heartbeat timeout
[swarm_manager.log] 2026-02-17 18:15:04,742 - SwarmManager - ERROR - Drone 1 heartbeat timeout
[swarm_manager.log] 2026-02-17 18:15:04,743 - SwarmManager - ERROR - Handling failure of drone 1: Heartbeat timeout
[swarm_manager.log] 2026-02-17 18:15:05,758 - SwarmManager - ERROR - Drone 1 heartbeat timeout
[swarm_manager.log] 2026-02-17 18:15:05,759 - SwarmManager - ERROR - Handling failure of drone 1: Heartbeat timeout
[swarm_manager.log] 2026-02-17 18:15:06,764 - SwarmManager - ERROR - Drone 1 heartbeat timeout
[swarm_manager.log] 2026-02-17 18:15:06,777 - SwarmManager - ERROR - Handling failure of drone 1: Heartbeat timeout
[swarm_manager.log] 2026-02-17 18:15:07,801 - SwarmManager - ERROR - Drone 1 heartbeat timeout
[swarm_manager.log] 2026-02-17 18:15:07,801 - SwarmManager - ERROR - Handling failure of drone 1: Heartbeat timeout
[swarm_manager.log] 2026-02-17 18:15:08,805 - SwarmManager - ERROR - Drone 1 heartbeat timeout
[swarm_manager.log] 2026-02-17 18:15:08,806 - SwarmManager - ERROR - Handling failure of drone 1: Heartbeat timeout
[ml_system.log] 2026-02-17 18:15:06,813 - PhysicalMLTrainer_Drone4 - INFO - Physical ML model trained drone=4 samples=4101 degree=2 alpha=1.0 val_mse=0.389917
[ml_system.log] 2026-02-17 18:15:07,042 - PhysicalMLTrainer_Drone2 - INFO - Physical ML model trained drone=2 samples=4101 degree=2 alpha=0.0 val_mse=0.000005
[ml_system.log] 2026-02-17 18:15:07,348 - PhysicalMLTrainer_Drone3 - INFO - Physical ML model trained drone=3 samples=4101 degree=2 alpha=1.0 val_mse=0.544246
[ml_system.log] 2026-02-17 18:15:07,388 - PhysicalMLTrainer_Drone5 - INFO - Physical ML model trained drone=5 samples=4101 degree=2 alpha=1.0 val_mse=0.509684
[system_20260217_180837.log] 2026-02-17 18:15:06,813 - PhysicalMLTrainer_Drone4 - INFO - Physical ML model trained drone=4 samples=4101 degree=2 alpha=1.0 val_mse=0.389917
[system_20260217_180837.log] 2026-02-17 18:15:07,042 - PhysicalMLTrainer_Drone2 - INFO - Physical ML model trained drone=2 samples=4101 degree=2 alpha=0.0 val_mse=0.000005
[system_20260217_180837.log] 2026-02-17 18:15:07,348 - PhysicalMLTrainer_Drone3 - INFO - Physical ML model trained drone=3 samples=4101 degree=2 alpha=1.0 val_mse=0.544246
[system_20260217_180837.log] 2026-02-17 18:15:07,388 - PhysicalMLTrainer_Drone5 - INFO - Physical ML model trained drone=5 samples=4101 degree=2 alpha=1.0 val_mse=0.509684
[swarm_manager.log] 2026-02-17 18:15:09,823 - SwarmManager - ERROR - Drone 1 heartbeat timeout
[swarm_manager.log] 2026-02-17 18:15:09,824 - SwarmManager - ERROR - Handling failure of drone 1: Heartbeat timeout
[swarm_manager.log] 2026-02-17 18:15:10,828 - SwarmManager - ERROR - Drone 1 heartbeat timeout
[swarm_manager.log] 2026-02-17 18:15:10,829 - SwarmManager - ERROR - Handling failure of drone 1: Heartbeat timeout
[swarm_manager.log] 2026-02-17 18:15:11,841 - SwarmManager - ERROR - Drone 1 heartbeat timeout
[swarm_manager.log] 2026-02-17 18:15:11,842 - SwarmManager - ERROR - Handling failure of drone 1: Heartbeat timeout
[swarm_manager.log] 2026-02-17 18:15:12,847 - SwarmManager - ERROR - Drone 1 heartbeat timeout
[swarm_manager.log] 2026-02-17 18:15:12,848 - SwarmManager - ERROR - Handling failure of drone 1: Heartbeat timeout
[swarm_manager.log] 2026-02-17 18:15:13,862 - SwarmManager - ERROR - Drone 1 heartbeat timeout
[swarm_manager.log] 2026-02-17 18:15:13,863 - SwarmManager - ERROR - Handling failure of drone 1: Heartbeat timeout
[swarm_manager.log] 2026-02-17 18:15:14,868 - SwarmManager - ERROR - Drone 1 heartbeat timeout
[swarm_manager.log] 2026-02-17 18:15:14,884 - SwarmManager - ERROR - Handling failure of drone 1: Heartbeat timeout
[swarm_manager.log] 2026-02-17 18:15:15,905 - SwarmManager - ERROR - Drone 1 heartbeat timeout
[swarm_manager.log] 2026-02-17 18:15:15,907 - SwarmManager - ERROR - Handling failure of drone 1: Heartbeat timeout
[swarm_manager.log] 2026-02-17 18:15:16,911 - SwarmManager - ERROR - Drone 1 heartbeat timeout
[swarm_manager.log] 2026-02-17 18:15:16,913 - SwarmManager - ERROR - Handling failure of drone 1: Heartbeat timeout
[swarm_manager.log] 2026-02-17 18:15:17,928 - SwarmManager - ERROR - Drone 1 heartbeat timeout
[swarm_manager.log] 2026-02-17 18:15:17,929 - SwarmManager - ERROR - Handling failure of drone 1: Heartbeat timeout
[swarm_manager.log] 2026-02-17 18:15:18,936 - SwarmManager - ERROR - Drone 1 heartbeat timeout
[swarm_manager.log] 2026-02-17 18:15:18,937 - SwarmManager - ERROR - Handling failure of drone 1: Heartbeat timeout
[swarm_manager.log] 2026-02-17 18:15:19,950 - SwarmManager - ERROR - Drone 1 heartbeat timeout
[swarm_manager.log] 2026-02-17 18:15:19,951 - SwarmManager - ERROR - Handling failure of drone 1: Heartbeat timeout
[swarm_manager.log] 2026-02-17 18:15:20,954 - SwarmManager - ERROR - Drone 1 heartbeat timeout
[swarm_manager.log] 2026-02-17 18:15:20,955 - SwarmManager - ERROR - Handling failure of drone 1: Heartbeat timeout
[swarm_manager.log] 2026-02-17 18:15:21,970 - SwarmManager - ERROR - Drone 1 heartbeat timeout
[swarm_manager.log] 2026-02-17 18:15:21,971 - SwarmManager - ERROR - Handling failure of drone 1: Heartbeat timeout
[swarm_manager.log] 2026-02-17 18:15:22,975 - SwarmManager - ERROR - Drone 1 heartbeat timeout
[swarm_manager.log] 2026-02-17 18:15:22,976 - SwarmManager - ERROR - Handling failure of drone 1: Heartbeat timeout
[swarm_manager.log] 2026-02-17 18:15:24,000 - SwarmManager - ERROR - Drone 1 heartbeat timeout
[swarm_manager.log] 2026-02-17 18:15:24,001 - SwarmManager - ERROR - Handling failure of drone 1: Heartbeat timeout
[swarm_manager.log] 2026-02-17 18:15:25,004 - SwarmManager - ERROR - Drone 1 heartbeat timeout
[swarm_manager.log] 2026-02-17 18:15:25,005 - SwarmManager - ERROR - Handling failure of drone 1: Heartbeat timeout
[swarm_manager.log] 2026-02-17 18:15:26,018 - SwarmManager - ERROR - Drone 1 heartbeat timeout
[swarm_manager.log] 2026-02-17 18:15:26,019 - SwarmManager - ERROR - Handling failure of drone 1: Heartbeat timeout
[swarm_manager.log] 2026-02-17 18:15:27,022 - SwarmManager - ERROR - Drone 1 heartbeat timeout
[swarm_manager.log] 2026-02-17 18:15:27,023 - SwarmManager - ERROR - Handling failure of drone 1: Heartbeat timeout
[swarm_manager.log] 2026-02-17 18:15:28,042 - SwarmManager - ERROR - Drone 1 heartbeat timeout
[swarm_manager.log] 2026-02-17 18:15:28,045 - SwarmManager - ERROR - Handling failure of drone 1: Heartbeat timeout
[swarm_manager.log] 2026-02-17 18:15:29,050 - SwarmManager - ERROR - Drone 1 heartbeat timeout
[swarm_manager.log] 2026-02-17 18:15:29,051 - SwarmManager - ERROR - Handling failure of drone 1: Heartbeat timeout
[ml_system.log] 2026-02-17 18:15:27,402 - PhysicalMLTrainer_Drone4 - INFO - Physical ML model trained drone=4 samples=4301 degree=2 alpha=1.0 val_mse=0.437806
[ml_system.log] 2026-02-17 18:15:27,721 - PhysicalMLTrainer_Drone2 - INFO - Physical ML model trained drone=2 samples=4301 degree=2 alpha=0.0 val_mse=0.000004
[ml_system.log] 2026-02-17 18:15:28,093 - PhysicalMLTrainer_Drone5 - INFO - Physical ML model trained drone=5 samples=4301 degree=2 alpha=1.0 val_mse=0.578440
[ml_system.log] 2026-02-17 18:15:28,094 - PhysicalMLTrainer_Drone3 - INFO - Physical ML model trained drone=3 samples=4301 degree=2 alpha=1.0 val_mse=0.632336
[system_20260217_180837.log] 2026-02-17 18:15:27,402 - PhysicalMLTrainer_Drone4 - INFO - Physical ML model trained drone=4 samples=4301 degree=2 alpha=1.0 val_mse=0.437806
[system_20260217_180837.log] 2026-02-17 18:15:27,721 - PhysicalMLTrainer_Drone2 - INFO - Physical ML model trained drone=2 samples=4301 degree=2 alpha=0.0 val_mse=0.000004
[system_20260217_180837.log] 2026-02-17 18:15:28,093 - PhysicalMLTrainer_Drone5 - INFO - Physical ML model trained drone=5 samples=4301 degree=2 alpha=1.0 val_mse=0.578440
[system_20260217_180837.log] 2026-02-17 18:15:28,094 - PhysicalMLTrainer_Drone3 - INFO - Physical ML model trained drone=3 samples=4301 degree=2 alpha=1.0 val_mse=0.632336
[swarm_manager.log] 2026-02-17 18:15:30,067 - SwarmManager - ERROR - Drone 1 heartbeat timeout
[swarm_manager.log] 2026-02-17 18:15:30,068 - SwarmManager - ERROR - Handling failure of drone 1: Heartbeat timeout
[swarm_manager.log] 2026-02-17 18:15:31,070 - SwarmManager - ERROR - Drone 1 heartbeat timeout
[swarm_manager.log] 2026-02-17 18:15:31,071 - SwarmManager - ERROR - Handling failure of drone 1: Heartbeat timeout
[swarm_manager.log] 2026-02-17 18:15:32,099 - SwarmManager - ERROR - Drone 1 heartbeat timeout
[swarm_manager.log] 2026-02-17 18:15:32,100 - SwarmManager - ERROR - Handling failure of drone 1: Heartbeat timeout
[swarm_manager.log] 2026-02-17 18:15:33,104 - SwarmManager - ERROR - Drone 1 heartbeat timeout
[swarm_manager.log] 2026-02-17 18:15:33,105 - SwarmManager - ERROR - Handling failure of drone 1: Heartbeat timeout
[swarm_manager.log] 2026-02-17 18:15:34,122 - SwarmManager - ERROR - Drone 1 heartbeat timeout
[swarm_manager.log] 2026-02-17 18:15:34,123 - SwarmManager - ERROR - Handling failure of drone 1: Heartbeat timeout
[swarm_manager.log] 2026-02-17 18:15:35,127 - SwarmManager - ERROR - Drone 1 heartbeat timeout
[swarm_manager.log] 2026-02-17 18:15:35,128 - SwarmManager - ERROR - Handling failure of drone 1: Heartbeat timeout
[swarm_manager.log] 2026-02-17 18:15:36,139 - SwarmManager - ERROR - Drone 1 heartbeat timeout
[swarm_manager.log] 2026-02-17 18:15:36,140 - SwarmManager - ERROR - Handling failure of drone 1: Heartbeat timeout
[swarm_manager.log] 2026-02-17 18:15:37,151 - SwarmManager - ERROR - Drone 1 heartbeat timeout
[swarm_manager.log] 2026-02-17 18:15:37,152 - SwarmManager - ERROR - Handling failure of drone 1: Heartbeat timeout
